******************************************************************************
                  TI ARM Linker PC v18.1.4                     
******************************************************************************
>> Linked Tue Dec  4 00:44:59 2018

OUTPUT FILE NAME:   <Final Project.out>
ENTRY POINT SYMBOL: "_c_int00_noargs"  address: 0000321d


MEMORY CONFIGURATION

         name            origin    length      used     unused   attr    fill
----------------------  --------  ---------  --------  --------  ----  --------
  MAIN                  00000000   00040000  000034c9  0003cb37  R  X
  INFO                  00200000   00004000  00000000  00004000  R  X
  SRAM_CODE             01000000   00010000  00000259  0000fda7  RW X
  SRAM_DATA             20000000   00010000  00000259  0000fda7  RW  


SEGMENT ALLOCATION MAP

run origin  load origin   length   init length attrs members
----------  ----------- ---------- ----------- ----- -------
00000000    00000000    000034d0   000034d0    r-x
  00000000    00000000    000000e4   000000e4    r-- .intvecs
  000000e4    000000e4    000032a4   000032a4    r-x .text
  00003388    00003388    00000101   00000101    r-- .const
  00003490    00003490    00000040   00000040    r-- .cinit
20000000    20000000    00000059   00000000    rw-
  20000000    20000000    0000004c   00000000    rw- .data
  2000004c    2000004c    0000000d   00000000    rw- .bss
2000fe00    2000fe00    00000200   00000000    rw-
  2000fe00    2000fe00    00000200   00000000    rw- .stack


SECTION ALLOCATION MAP

 output                                  attributes/
section   page    origin      length       input sections
--------  ----  ----------  ----------   ----------------
.intvecs   0    00000000    000000e4     
                  00000000    000000e4     startup_msp432p401r_ccs.obj (.intvecs:retain)

.text      0    000000e4    000032a4     
                  000000e4    000010a0     main.obj (.text)
                  00001184    00000a5e     rtsv7M4_T_le_v4SPD16_eabi.lib : _printfi.c.obj (.text:__TI_printfi)
                  00001be2    00000002                                   : div0.asm.obj (.text)
                  00001be4    00000334     system_msp432p401r.obj (.text)
                  00001f18    00000270     rtsv7M4_T_le_v4SPD16_eabi.lib : _printfi.c.obj (.text:_pconv_a)
                  00002188    000001d0                                   : _printfi.c.obj (.text:_pconv_g)
                  00002358    000001b6                                   : fd_add_t2.asm.obj (.text)
                  0000250e    00000002     --HOLE-- [fill = 0]
                  00002510    0000013c                                   : _printfi.c.obj (.text:_pconv_e)
                  0000264c    00000136                                   : fd_div_t2.asm.obj (.text)
                  00002782    00000002     --HOLE-- [fill = 0]
                  00002784    00000124                                   : _printfi.c.obj (.text:fcvt)
                  000028a8    00000110                                   : s_scalbn.c.obj (.text:scalbn)
                  000029b8    000000fc                                   : fd_mul_t2.asm.obj (.text)
                  00002ab4    000000b1                                   : _printfi.c.obj (.text:_ltostr)
                  00002b65    00000001     --HOLE-- [fill = 0]
                  00002b66    0000009c                                   : memcpy_t2.asm.obj (.text)
                  00002c02    00000096                                   : ull_div_t2.asm.obj (.text)
                  00002c98    00000086                                   : fd_cmp_t2.asm.obj (.text:__aeabi_cdcmple)
                  00002d1e    00000086                                   : fd_cmp_t2.asm.obj (.text:__aeabi_cdrcmple)
                  00002da4    0000007a                                   : memset_t2.asm.obj (.text)
                  00002e1e    0000006e                                   : _printfi.c.obj (.text:_mcpy)
                  00002e8c    0000006e                                   : fd_tos_t2.asm.obj (.text)
                  00002efa    00000068                                   : copy_decompress_lzss.c.obj (.text:decompress:lzss:__TI_decompress_lzss)
                  00002f62    00000002     --HOLE-- [fill = 0]
                  00002f64    00000064                                   : s_frexp.c.obj (.text:frexp)
                  00002fc8    00000056                                   : _printfi.c.obj (.text:_pconv_f)
                  0000301e    00000054                                   : ltoa.c.obj (.text:ltoa)
                  00003072    00000052                                   : _printfi.c.obj (.text:_ecpy)
                  000030c4    0000004c                                   : atoi.c.obj (.text:atoi)
                  00003110    00000048                                   : fd_toi_t2.asm.obj (.text)
                  00003158    00000044                                   : autoinit.c.obj (.text:__TI_auto_init_nobinit_nopinit:__TI_auto_init_nobinit_nopinit)
                  0000319c    00000040                                   : sprintf.c.obj (.text:sprintf)
                  000031dc    0000003e                                   : _printfi.c.obj (.text:_fcpy)
                  0000321a    00000002     --HOLE-- [fill = 0]
                  0000321c    00000038                                   : boot_cortex_m.c.obj (.text:_c_int00_noargs:_c_int00_noargs)
                  00003254    00000038                                   : fs_tod_t2.asm.obj (.text)
                  0000328c    0000002e                                   : i_tofd_t2.asm.obj (.text)
                  000032ba    0000001c                                   : memccpy.c.obj (.text:memccpy)
                  000032d6    00000018                                   : sprintf.c.obj (.text:_outs)
                  000032ee    00000016                                   : strchr.c.obj (.text:strchr)
                  00003304    00000014                                   : s_copysign.c.obj (.text:copysign)
                  00003318    00000014                                   : strlen.c.obj (.text:strlen)
                  0000332c    00000012                                   : copy_zero_init.c.obj (.text:decompress:ZI:__TI_zero_init_nomemset:__TI_zero_init_nomemset)
                  0000333e    00000012                                   : wcslen.c.obj (.text:wcslen)
                  00003350    0000000e                                   : copy_decompress_none.c.obj (.text:decompress:none:__TI_decompress_none)
                  0000335e    0000000e     startup_msp432p401r_ccs.obj (.text)
                  0000336c    0000000a     rtsv7M4_T_le_v4SPD16_eabi.lib : sprintf.c.obj (.text:_outc)
                  00003376    00000002     --HOLE-- [fill = 0]
                  00003378    00000008                                   : errno.c.obj (.text:__aeabi_errno_addr)
                  00003380    00000004                                   : pre_init.c.obj (.text:_system_pre_init)
                  00003384    00000004                                   : exit.c.obj (.text:abort:abort)

.const     0    00003388    00000101     
                  00003388    00000101     rtsv7M4_T_le_v4SPD16_eabi.lib : ctype.c.obj (.const:.string:_ctypes_)

.cinit     0    00003490    00000040     
                  00003490    00000016     (.cinit..data.load) [load image, compression = lzss]
                  000034a6    00000002     --HOLE-- [fill = 0]
                  000034a8    0000000c     (__TI_handler_table)
                  000034b4    00000004     --HOLE-- [fill = 0]
                  000034b8    00000008     (.cinit..bss.load) [load image, compression = zero_init]
                  000034c0    00000010     (__TI_cinit_table)

.init_array 
*          0    00000000    00000000     UNINITIALIZED

.binit     0    00000000    00000000     

.data      0    20000000    0000004c     UNINITIALIZED
                  20000000    00000044     main.obj (.data)
                  20000044    00000004     rtsv7M4_T_le_v4SPD16_eabi.lib : errno.c.obj (.data)
                  20000048    00000004     system_msp432p401r.obj (.data)

.bss       0    2000004c    0000000d     UNINITIALIZED
                  2000004c    00000004     (.common:tempAr)
                  20000050    00000004     (.common:time)
                  20000054    00000003     (.common:now)
                  20000057    00000002     (.common:alarm)

.stack     0    2000fe00    00000200     UNINITIALIZED
                  2000fe00    00000004     rtsv7M4_T_le_v4SPD16_eabi.lib : boot_cortex_m.c.obj (.stack)
                  2000fe04    000001fc     --HOLE--

MODULE SUMMARY

       Module                        code    ro data   rw data
       ------                        ----    -------   -------
    .\
       main.obj                      4256    0         162    
       system_msp432p401r.obj        820     0         8      
       startup_msp432p401r_ccs.obj   14      228       0      
    +--+-----------------------------+-------+---------+---------+
       Total:                        5090    228       170    
                                                              
    C:\ti\ccs820\ccsv8\tools\compiler\ti-cgt-arm_18.1.4.LTS\lib\rtsv7M4_T_le_v4SPD16_eabi.lib
       _printfi.c.obj                4867    0         0      
       fd_add_t2.asm.obj             438     0         0      
       fd_div_t2.asm.obj             310     0         0      
       s_scalbn.c.obj                272     0         0      
       fd_cmp_t2.asm.obj             268     0         0      
       ctype.c.obj                   0       257       0      
       fd_mul_t2.asm.obj             252     0         0      
       memcpy_t2.asm.obj             156     0         0      
       ull_div_t2.asm.obj            150     0         0      
       memset_t2.asm.obj             122     0         0      
       fd_tos_t2.asm.obj             110     0         0      
       copy_decompress_lzss.c.obj    104     0         0      
       s_frexp.c.obj                 100     0         0      
       sprintf.c.obj                 98      0         0      
       ltoa.c.obj                    84      0         0      
       atoi.c.obj                    76      0         0      
       fd_toi_t2.asm.obj             72      0         0      
       autoinit.c.obj                68      0         0      
       boot_cortex_m.c.obj           56      0         0      
       fs_tod_t2.asm.obj             56      0         0      
       i_tofd_t2.asm.obj             46      0         0      
       memccpy.c.obj                 28      0         0      
       strchr.c.obj                  22      0         0      
       s_copysign.c.obj              20      0         0      
       strlen.c.obj                  20      0         0      
       copy_zero_init.c.obj          18      0         0      
       wcslen.c.obj                  18      0         0      
       errno.c.obj                   8       0         8      
       copy_decompress_none.c.obj    14      0         0      
       exit.c.obj                    4       0         0      
       pre_init.c.obj                4       0         0      
       div0.asm.obj                  2       0         0      
    +--+-----------------------------+-------+---------+---------+
       Total:                        7863    257       8      
                                                              
       Stack:                        0       0         1024   
       Linker Generated:             0       58        0      
    +--+-----------------------------+-------+---------+---------+
       Grand Total:                  12953   543       1202   


LINKER GENERATED COPY TABLES

__TI_cinit_table @ 000034c0 records: 2, size/record: 8, table size: 16
	.data: load addr=00003490, load size=00000016 bytes, run addr=20000000, run size=0000004c bytes, compression=lzss
	.bss: load addr=000034b8, load size=00000008 bytes, run addr=2000004c, run size=0000000d bytes, compression=zero_init


LINKER GENERATED HANDLER TABLE

__TI_handler_table @ 000034a8 records: 3, size/record: 4, table size: 12
	index: 0, handler: __TI_decompress_lzss
	index: 1, handler: __TI_decompress_none
	index: 2, handler: __TI_zero_init


GLOBAL SYMBOLS: SORTED ALPHABETICALLY BY Name 

address   name                          
-------   ----                          
00000775  ADC14_IRQHandler              
00000775  ADC14_IRQHandler              
00000cd5  ADC14init                     
0000336b  AES256_IRQHandler             
2000002c  AMPM                          
20000030  AMPM2                         
0000336b  BusFault_Handler              
00003385  C$$EXIT                       
0000336b  COMP_E0_IRQHandler            
0000336b  COMP_E1_IRQHandler            
0000336b  CS_IRQHandler                 
0000336b  DMA_ERR_IRQHandler            
0000336b  DMA_INT0_IRQHandler           
0000336b  DMA_INT1_IRQHandler           
0000336b  DMA_INT2_IRQHandler           
0000336b  DMA_INT3_IRQHandler           
0000336b  DebugMon_Handler              
0000336b  Default_Handler               
0000336b  EUSCIA0_IRQHandler            
0000336b  EUSCIA1_IRQHandler            
0000336b  EUSCIA2_IRQHandler            
0000336b  EUSCIA3_IRQHandler            
0000336b  EUSCIB0_IRQHandler            
0000336b  EUSCIB1_IRQHandler            
0000336b  EUSCIB2_IRQHandler            
0000336b  EUSCIB3_IRQHandler            
0000336b  FLCTL_IRQHandler              
0000336b  FPU_IRQHandler                
0000336b  HardFault_Handler             
00000ee9  LCD_init                      
2000003c  LCDbrightness                 
00000d3d  LEDT32interrupt               
00000d59  LED_init                      
0000336b  MemManage_Handler             
0000336b  NMI_Handler                   
0000336b  PCM_IRQHandler                
00000363  PORT1_IRQHandler              
00000363  PORT1_IRQHandler              
0000336b  PORT2_IRQHandler              
0000336b  PORT3_IRQHandler              
0000040d  PORT4_IRQHandler              
0000040d  PORT4_IRQHandler              
0000336b  PORT5_IRQHandler              
0000336b  PORT6_IRQHandler              
0000336b  PSS_IRQHandler                
0000336b  PendSV_Handler                
00000641  RTC_C_IRQHandler              
00000641  RTC_C_IRQHandler              
20000018  RTC_flag                      
0000335f  Reset_Handler                 
0000336b  SVC_Handler                   
0000336b  SysTick_Handler               
00001101  SysTick_Init                  
20000048  SystemCoreClock               
00001be5  SystemCoreClockUpdate         
00001e5d  SystemInit                    
0000030b  T32_INT1_IRQHandler           
0000030b  T32_INT1_IRQHandler           
0000031d  T32_INT2_IRQHandler           
0000031d  T32_INT2_IRQHandler           
0000336b  T32_INTC_IRQHandler           
0000336b  TA0_0_IRQHandler              
0000336b  TA0_N_IRQHandler              
0000336b  TA1_0_IRQHandler              
0000336b  TA1_N_IRQHandler              
0000336b  TA2_0_IRQHandler              
0000336b  TA2_N_IRQHandler              
0000336b  TA3_0_IRQHandler              
00000939  TA3_N_IRQHandler              
00000939  TA3_N_IRQHandler              
0000336b  UsageFault_Handler            
4000480c  WDTCTL_SYM                    
0000336b  WDT_A_IRQHandler              
20010000  __STACK_END                   
00000200  __STACK_SIZE                  
000034c0  __TI_CINIT_Base               
000034d0  __TI_CINIT_Limit              
000034a8  __TI_Handler_Table_Base       
000034b4  __TI_Handler_Table_Limit      
00003159  __TI_auto_init_nobinit_nopinit
00002efb  __TI_decompress_lzss          
00003351  __TI_decompress_none          
ffffffff  __TI_pprof_out_hndl           
00001185  __TI_printfi                  
ffffffff  __TI_prof_data_size           
ffffffff  __TI_prof_data_start          
00000000  __TI_static_base__            
0000332d  __TI_zero_init_nomemset       
00002c99  __aeabi_cdcmpeq               
00002c99  __aeabi_cdcmple               
00002d1f  __aeabi_cdrcmple              
00002e8d  __aeabi_d2f                   
00003111  __aeabi_d2iz                  
00002363  __aeabi_dadd                  
0000264d  __aeabi_ddiv                  
000029b9  __aeabi_dmul                  
00002359  __aeabi_dsub                  
00003379  __aeabi_errno_addr            
00003255  __aeabi_f2d                   
0000328d  __aeabi_i2d                   
00001be3  __aeabi_idiv0                 
00001be3  __aeabi_ldiv0                 
00002da5  __aeabi_memclr                
00002da5  __aeabi_memclr4               
00002da5  __aeabi_memclr8               
00002b67  __aeabi_memcpy                
00002b67  __aeabi_memcpy4               
00002b67  __aeabi_memcpy8               
00002da7  __aeabi_memset                
00002da7  __aeabi_memset4               
00002da7  __aeabi_memset8               
00002c03  __aeabi_uldivmod              
ffffffff  __binit__                     
ffffffff  __c_args__                    
UNDEFED   __mpu_init                    
2000fe00  __stack                       
0000321d  _c_int00_noargs               
00003388  _ctypes_                      
UNDEFED   _system_post_cinit            
00003381  _system_pre_init              
00003385  abort                         
20000057  alarm                         
20000020  alarmFlag                     
20000024  alarmPresses                  
000030c5  atoi                          
ffffffff  binit                         
20000040  blinkFlag                     
00000fa5  commandWrite                  
00000c89  configRTC                     
00003305  copysign                      
00003305  copysignl                     
00000ff5  dataWrite                     
00000281  displayAMPM                   
000001ef  displayAlarm                  
00000db9  displayAt                     
000002d1  displayHour                   
000002b7  displayMin                    
20000044  errno                         
00002f65  frexp                         
00002f65  frexpl                        
00000ba1  intAlarm                      
00000afd  intBlinkTimerA                
00000c35  intButtons                    
00000b5d  intLCDBrightness              
00000bd5  intSpeedButton                
00000000  interruptVectors              
000028a9  ldexp                         
000028a9  ldexpl                        
20000038  lightBrightness               
20000034  lightsOn                      
0000301f  ltoa                          
00000111  main                          
000032bb  memccpy                       
00002b67  memcpy                        
00002dad  memset                        
20000054  now                           
000010cd  pulseEnablePin                
0000104d  pushByte                      
00001095  pushNibble                    
2000000c  raw                           
20000010  raw1                          
000028a9  scalbn                        
000028a9  scalbnl                       
20000028  speed                         
0000319d  sprintf                       
000032ef  strchr                        
00003319  strlen                        
0000111d  sysTickDelay_ms               
00001143  sysTickDelay_us               
2000004c  tempAr                        
20000000  tempC                         
20000004  tempF                         
00000d27  tempT32interrupt              
20000050  time                          
2000001c  timePresses                   
0000026b  toggleAMPM                    
0000023f  toggleAMPM2                   
0000019d  toggleAlarm                   
20000008  voltage                       
20000014  voltage1                      
00000191  wakeUpLights                  
0000333f  wcslen                        


GLOBAL SYMBOLS: SORTED BY Symbol Address 

address   name                          
-------   ----                          
00000000  __TI_static_base__            
00000000  interruptVectors              
00000111  main                          
00000191  wakeUpLights                  
0000019d  toggleAlarm                   
000001ef  displayAlarm                  
00000200  __STACK_SIZE                  
0000023f  toggleAMPM2                   
0000026b  toggleAMPM                    
00000281  displayAMPM                   
000002b7  displayMin                    
000002d1  displayHour                   
0000030b  T32_INT1_IRQHandler           
0000030b  T32_INT1_IRQHandler           
0000031d  T32_INT2_IRQHandler           
0000031d  T32_INT2_IRQHandler           
00000363  PORT1_IRQHandler              
00000363  PORT1_IRQHandler              
0000040d  PORT4_IRQHandler              
0000040d  PORT4_IRQHandler              
00000641  RTC_C_IRQHandler              
00000641  RTC_C_IRQHandler              
00000775  ADC14_IRQHandler              
00000775  ADC14_IRQHandler              
00000939  TA3_N_IRQHandler              
00000939  TA3_N_IRQHandler              
00000afd  intBlinkTimerA                
00000b5d  intLCDBrightness              
00000ba1  intAlarm                      
00000bd5  intSpeedButton                
00000c35  intButtons                    
00000c89  configRTC                     
00000cd5  ADC14init                     
00000d27  tempT32interrupt              
00000d3d  LEDT32interrupt               
00000d59  LED_init                      
00000db9  displayAt                     
00000ee9  LCD_init                      
00000fa5  commandWrite                  
00000ff5  dataWrite                     
0000104d  pushByte                      
00001095  pushNibble                    
000010cd  pulseEnablePin                
00001101  SysTick_Init                  
0000111d  sysTickDelay_ms               
00001143  sysTickDelay_us               
00001185  __TI_printfi                  
00001be3  __aeabi_idiv0                 
00001be3  __aeabi_ldiv0                 
00001be5  SystemCoreClockUpdate         
00001e5d  SystemInit                    
00002359  __aeabi_dsub                  
00002363  __aeabi_dadd                  
0000264d  __aeabi_ddiv                  
000028a9  ldexp                         
000028a9  ldexpl                        
000028a9  scalbn                        
000028a9  scalbnl                       
000029b9  __aeabi_dmul                  
00002b67  __aeabi_memcpy                
00002b67  __aeabi_memcpy4               
00002b67  __aeabi_memcpy8               
00002b67  memcpy                        
00002c03  __aeabi_uldivmod              
00002c99  __aeabi_cdcmpeq               
00002c99  __aeabi_cdcmple               
00002d1f  __aeabi_cdrcmple              
00002da5  __aeabi_memclr                
00002da5  __aeabi_memclr4               
00002da5  __aeabi_memclr8               
00002da7  __aeabi_memset                
00002da7  __aeabi_memset4               
00002da7  __aeabi_memset8               
00002dad  memset                        
00002e8d  __aeabi_d2f                   
00002efb  __TI_decompress_lzss          
00002f65  frexp                         
00002f65  frexpl                        
0000301f  ltoa                          
000030c5  atoi                          
00003111  __aeabi_d2iz                  
00003159  __TI_auto_init_nobinit_nopinit
0000319d  sprintf                       
0000321d  _c_int00_noargs               
00003255  __aeabi_f2d                   
0000328d  __aeabi_i2d                   
000032bb  memccpy                       
000032ef  strchr                        
00003305  copysign                      
00003305  copysignl                     
00003319  strlen                        
0000332d  __TI_zero_init_nomemset       
0000333f  wcslen                        
00003351  __TI_decompress_none          
0000335f  Reset_Handler                 
0000336b  AES256_IRQHandler             
0000336b  BusFault_Handler              
0000336b  COMP_E0_IRQHandler            
0000336b  COMP_E1_IRQHandler            
0000336b  CS_IRQHandler                 
0000336b  DMA_ERR_IRQHandler            
0000336b  DMA_INT0_IRQHandler           
0000336b  DMA_INT1_IRQHandler           
0000336b  DMA_INT2_IRQHandler           
0000336b  DMA_INT3_IRQHandler           
0000336b  DebugMon_Handler              
0000336b  Default_Handler               
0000336b  EUSCIA0_IRQHandler            
0000336b  EUSCIA1_IRQHandler            
0000336b  EUSCIA2_IRQHandler            
0000336b  EUSCIA3_IRQHandler            
0000336b  EUSCIB0_IRQHandler            
0000336b  EUSCIB1_IRQHandler            
0000336b  EUSCIB2_IRQHandler            
0000336b  EUSCIB3_IRQHandler            
0000336b  FLCTL_IRQHandler              
0000336b  FPU_IRQHandler                
0000336b  HardFault_Handler             
0000336b  MemManage_Handler             
0000336b  NMI_Handler                   
0000336b  PCM_IRQHandler                
0000336b  PORT2_IRQHandler              
0000336b  PORT3_IRQHandler              
0000336b  PORT5_IRQHandler              
0000336b  PORT6_IRQHandler              
0000336b  PSS_IRQHandler                
0000336b  PendSV_Handler                
0000336b  SVC_Handler                   
0000336b  SysTick_Handler               
0000336b  T32_INTC_IRQHandler           
0000336b  TA0_0_IRQHandler              
0000336b  TA0_N_IRQHandler              
0000336b  TA1_0_IRQHandler              
0000336b  TA1_N_IRQHandler              
0000336b  TA2_0_IRQHandler              
0000336b  TA2_N_IRQHandler              
0000336b  TA3_0_IRQHandler              
0000336b  UsageFault_Handler            
0000336b  WDT_A_IRQHandler              
00003379  __aeabi_errno_addr            
00003381  _system_pre_init              
00003385  C$$EXIT                       
00003385  abort                         
00003388  _ctypes_                      
000034a8  __TI_Handler_Table_Base       
000034b4  __TI_Handler_Table_Limit      
000034c0  __TI_CINIT_Base               
000034d0  __TI_CINIT_Limit              
20000000  tempC                         
20000004  tempF                         
20000008  voltage                       
2000000c  raw                           
20000010  raw1                          
20000014  voltage1                      
20000018  RTC_flag                      
2000001c  timePresses                   
20000020  alarmFlag                     
20000024  alarmPresses                  
20000028  speed                         
2000002c  AMPM                          
20000030  AMPM2                         
20000034  lightsOn                      
20000038  lightBrightness               
2000003c  LCDbrightness                 
20000040  blinkFlag                     
20000044  errno                         
20000048  SystemCoreClock               
2000004c  tempAr                        
20000050  time                          
20000054  now                           
20000057  alarm                         
2000fe00  __stack                       
20010000  __STACK_END                   
4000480c  WDTCTL_SYM                    
ffffffff  __TI_pprof_out_hndl           
ffffffff  __TI_prof_data_size           
ffffffff  __TI_prof_data_start          
ffffffff  __binit__                     
ffffffff  __c_args__                    
ffffffff  binit                         
UNDEFED   __mpu_init                    
UNDEFED   _system_post_cinit            

[182 symbols]
