******************************************************************************
                  TI ARM Linker PC v18.1.4                     
******************************************************************************
>> Linked Wed Dec  5 19:36:15 2018

OUTPUT FILE NAME:   <Final Project.out>
ENTRY POINT SYMBOL: "_c_int00_noargs"  address: 00003b49


MEMORY CONFIGURATION

         name            origin    length      used     unused   attr    fill
----------------------  --------  ---------  --------  --------  ----  --------
  MAIN                  00000000   00040000  00003e49  0003c1b7  R  X
  INFO                  00200000   00004000  00000000  00004000  R  X
  SRAM_CODE             01000000   00010000  000002d7  0000fd29  RW X
  SRAM_DATA             20000000   00010000  000002d7  0000fd29  RW  


SEGMENT ALLOCATION MAP

run origin  load origin   length   init length attrs members
----------  ----------- ---------- ----------- ----- -------
00000000    00000000    00003e50   00003e50    r-x
  00000000    00000000    000000e4   000000e4    r-- .intvecs
  000000e4    000000e4    00003c1c   00003c1c    r-x .text
  00003d00    00003d00    00000101   00000101    r-- .const
  00003e08    00003e08    00000048   00000048    r-- .cinit
20000000    20000000    000000d8   00000000    rw-
  20000000    20000000    00000073   00000000    rw- .bss
  20000074    20000074    00000064   00000000    rw- .data
2000fe00    2000fe00    00000200   00000000    rw-
  2000fe00    2000fe00    00000200   00000000    rw- .stack


SECTION ALLOCATION MAP

 output                                  attributes/
section   page    origin      length       input sections
--------  ----  ----------  ----------   ----------------
.intvecs   0    00000000    000000e4     
                  00000000    000000e4     startup_msp432p401r_ccs.obj (.intvecs:retain)

.text      0    000000e4    00003c1c     
                  000000e4    00001988     main.obj (.text)
                  00001a6c    00000a5e     rtsv7M4_T_le_v4SPD16_eabi.lib : _printfi.c.obj (.text:__TI_printfi)
                  000024ca    00000002                                   : div0.asm.obj (.text)
                  000024cc    00000334     system_msp432p401r.obj (.text)
                  00002800    00000270     rtsv7M4_T_le_v4SPD16_eabi.lib : _printfi.c.obj (.text:_pconv_a)
                  00002a70    000001d0                                   : _printfi.c.obj (.text:_pconv_g)
                  00002c40    000001b6                                   : fd_add_t2.asm.obj (.text)
                  00002df6    00000002     --HOLE-- [fill = 0]
                  00002df8    0000013c                                   : _printfi.c.obj (.text:_pconv_e)
                  00002f34    00000136                                   : fd_div_t2.asm.obj (.text)
                  0000306a    00000002     --HOLE-- [fill = 0]
                  0000306c    00000124                                   : _printfi.c.obj (.text:fcvt)
                  00003190    00000110                                   : s_scalbn.c.obj (.text:scalbn)
                  000032a0    000000fc                                   : fd_mul_t2.asm.obj (.text)
                  0000339c    000000b1                                   : _printfi.c.obj (.text:_ltostr)
                  0000344d    00000001     --HOLE-- [fill = 0]
                  0000344e    0000009c                                   : memcpy_t2.asm.obj (.text)
                  000034ea    00000096                                   : ull_div_t2.asm.obj (.text)
                  00003580    00000086                                   : fd_cmp_t2.asm.obj (.text:__aeabi_cdcmple)
                  00003606    00000086                                   : fd_cmp_t2.asm.obj (.text:__aeabi_cdrcmple)
                  0000368c    0000007a                                   : memset_t2.asm.obj (.text)
                  00003706    0000006e                                   : _printfi.c.obj (.text:_mcpy)
                  00003774    0000006e                                   : fd_tos_t2.asm.obj (.text)
                  000037e2    00000068                                   : copy_decompress_lzss.c.obj (.text:decompress:lzss:__TI_decompress_lzss)
                  0000384a    00000002     --HOLE-- [fill = 0]
                  0000384c    00000064                                   : s_frexp.c.obj (.text:frexp)
                  000038b0    00000056                                   : _printfi.c.obj (.text:_pconv_f)
                  00003906    00000054                                   : ltoa.c.obj (.text:ltoa)
                  0000395a    00000052                                   : _printfi.c.obj (.text:_ecpy)
                  000039ac    0000004c                                   : atoi.c.obj (.text:atoi)
                  000039f8    00000048                                   : fd_toi_t2.asm.obj (.text)
                  00003a40    00000044                                   : autoinit.c.obj (.text:__TI_auto_init_nobinit_nopinit:__TI_auto_init_nobinit_nopinit)
                  00003a84    00000044                                   : fd_tou_t2.asm.obj (.text)
                  00003ac8    00000040                                   : sprintf.c.obj (.text:sprintf)
                  00003b08    0000003e                                   : _printfi.c.obj (.text:_fcpy)
                  00003b46    00000002     --HOLE-- [fill = 0]
                  00003b48    00000038                                   : boot_cortex_m.c.obj (.text:_c_int00_noargs:_c_int00_noargs)
                  00003b80    00000038                                   : fs_tod_t2.asm.obj (.text)
                  00003bb8    0000002e                                   : i_tofd_t2.asm.obj (.text)
                  00003be6    0000002c                                   : strncmp.c.obj (.text:strncmp)
                  00003c12    00000020                                   : u_tofd_t2.asm.obj (.text)
                  00003c32    0000001c                                   : memccpy.c.obj (.text:memccpy)
                  00003c4e    00000018                                   : sprintf.c.obj (.text:_outs)
                  00003c66    00000016                                   : strchr.c.obj (.text:strchr)
                  00003c7c    00000014                                   : s_copysign.c.obj (.text:copysign)
                  00003c90    00000014                                   : strlen.c.obj (.text:strlen)
                  00003ca4    00000012                                   : copy_zero_init.c.obj (.text:decompress:ZI:__TI_zero_init_nomemset:__TI_zero_init_nomemset)
                  00003cb6    00000012                                   : wcslen.c.obj (.text:wcslen)
                  00003cc8    0000000e                                   : copy_decompress_none.c.obj (.text:decompress:none:__TI_decompress_none)
                  00003cd6    0000000e     startup_msp432p401r_ccs.obj (.text)
                  00003ce4    0000000a     rtsv7M4_T_le_v4SPD16_eabi.lib : sprintf.c.obj (.text:_outc)
                  00003cee    00000002     --HOLE-- [fill = 0]
                  00003cf0    00000008                                   : errno.c.obj (.text:__aeabi_errno_addr)
                  00003cf8    00000004                                   : pre_init.c.obj (.text:_system_pre_init)
                  00003cfc    00000004                                   : exit.c.obj (.text:abort:abort)

.const     0    00003d00    00000101     
                  00003d00    00000101     rtsv7M4_T_le_v4SPD16_eabi.lib : ctype.c.obj (.const:.string:_ctypes_)

.cinit     0    00003e08    00000048     
                  00003e08    0000001e     (.cinit..data.load) [load image, compression = lzss]
                  00003e26    00000002     --HOLE-- [fill = 0]
                  00003e28    0000000c     (__TI_handler_table)
                  00003e34    00000004     --HOLE-- [fill = 0]
                  00003e38    00000008     (.cinit..bss.load) [load image, compression = zero_init]
                  00003e40    00000010     (__TI_cinit_table)

.init_array 
*          0    00000000    00000000     UNINITIALIZED

.binit     0    00000000    00000000     

.bss       0    20000000    00000073     UNINITIALIZED
                  20000000    00000064     (.common:INPUT_BUFFER)
                  20000064    00000004     (.common:tempAr)
                  20000068    00000004     (.common:time)
                  2000006c    00000003     (.common:now)
                  2000006f    00000002     (.common:alarm)
                  20000071    00000002     (.common:master)

.data      0    20000074    00000064     UNINITIALIZED
                  20000074    00000059     main.obj (.data)
                  200000cd    00000003     --HOLE--
                  200000d0    00000004     rtsv7M4_T_le_v4SPD16_eabi.lib : errno.c.obj (.data)
                  200000d4    00000004     system_msp432p401r.obj (.data)

.stack     0    2000fe00    00000200     UNINITIALIZED
                  2000fe00    00000004     rtsv7M4_T_le_v4SPD16_eabi.lib : boot_cortex_m.c.obj (.stack)
                  2000fe04    000001fc     --HOLE--

MODULE SUMMARY

       Module                        code    ro data   rw data
       ------                        ----    -------   -------
    .\
       main.obj                      6536    0         408    
       system_msp432p401r.obj        820     0         8      
       startup_msp432p401r_ccs.obj   14      228       0      
    +--+-----------------------------+-------+---------+---------+
       Total:                        7370    228       416    
                                                              
    C:\ti\ccsv8\tools\compiler\ti-cgt-arm_18.1.4.LTS\lib\rtsv7M4_T_le_v4SPD16_eabi.lib
       _printfi.c.obj                4867    0         0      
       fd_add_t2.asm.obj             438     0         0      
       fd_div_t2.asm.obj             310     0         0      
       s_scalbn.c.obj                272     0         0      
       fd_cmp_t2.asm.obj             268     0         0      
       ctype.c.obj                   0       257       0      
       fd_mul_t2.asm.obj             252     0         0      
       memcpy_t2.asm.obj             156     0         0      
       ull_div_t2.asm.obj            150     0         0      
       memset_t2.asm.obj             122     0         0      
       fd_tos_t2.asm.obj             110     0         0      
       copy_decompress_lzss.c.obj    104     0         0      
       s_frexp.c.obj                 100     0         0      
       sprintf.c.obj                 98      0         0      
       ltoa.c.obj                    84      0         0      
       atoi.c.obj                    76      0         0      
       fd_toi_t2.asm.obj             72      0         0      
       autoinit.c.obj                68      0         0      
       fd_tou_t2.asm.obj             68      0         0      
       boot_cortex_m.c.obj           56      0         0      
       fs_tod_t2.asm.obj             56      0         0      
       i_tofd_t2.asm.obj             46      0         0      
       strncmp.c.obj                 44      0         0      
       u_tofd_t2.asm.obj             32      0         0      
       memccpy.c.obj                 28      0         0      
       strchr.c.obj                  22      0         0      
       s_copysign.c.obj              20      0         0      
       strlen.c.obj                  20      0         0      
       copy_zero_init.c.obj          18      0         0      
       wcslen.c.obj                  18      0         0      
       errno.c.obj                   8       0         8      
       copy_decompress_none.c.obj    14      0         0      
       exit.c.obj                    4       0         0      
       pre_init.c.obj                4       0         0      
       div0.asm.obj                  2       0         0      
    +--+-----------------------------+-------+---------+---------+
       Total:                        8007    257       8      
                                                              
       Stack:                        0       0         1024   
       Linker Generated:             0       66        0      
    +--+-----------------------------+-------+---------+---------+
       Grand Total:                  15377   551       1448   


LINKER GENERATED COPY TABLES

__TI_cinit_table @ 00003e40 records: 2, size/record: 8, table size: 16
	.data: load addr=00003e08, load size=0000001e bytes, run addr=20000074, run size=00000064 bytes, compression=lzss
	.bss: load addr=00003e38, load size=00000008 bytes, run addr=20000000, run size=00000073 bytes, compression=zero_init


LINKER GENERATED HANDLER TABLE

__TI_handler_table @ 00003e28 records: 3, size/record: 4, table size: 12
	index: 0, handler: __TI_decompress_lzss
	index: 1, handler: __TI_decompress_none
	index: 2, handler: __TI_zero_init


GLOBAL SYMBOLS: SORTED ALPHABETICALLY BY Name 

address   name                          
-------   ----                          
00000e65  ADC14_IRQHandler              
00000e65  ADC14_IRQHandler              
00001421  ADC14init                     
00003ce3  AES256_IRQHandler             
200000b4  AMPM                          
200000b8  AMPM2                         
00003ce3  BusFault_Handler              
00003cfd  C$$EXIT                       
00003ce3  COMP_E0_IRQHandler            
00003ce3  COMP_E1_IRQHandler            
00003ce3  CS_IRQHandler                 
00003ce3  DMA_ERR_IRQHandler            
00003ce3  DMA_INT0_IRQHandler           
00003ce3  DMA_INT1_IRQHandler           
00003ce3  DMA_INT2_IRQHandler           
00003ce3  DMA_INT3_IRQHandler           
00003ce3  DebugMon_Handler              
00003ce3  Default_Handler               
00001691  EUSCIA0_IRQHandler            
00001691  EUSCIA0_IRQHandler            
00003ce3  EUSCIA1_IRQHandler            
00003ce3  EUSCIA2_IRQHandler            
00003ce3  EUSCIA3_IRQHandler            
00003ce3  EUSCIB0_IRQHandler            
00003ce3  EUSCIB1_IRQHandler            
00003ce3  EUSCIB2_IRQHandler            
00003ce3  EUSCIB3_IRQHandler            
00003ce3  FLCTL_IRQHandler              
00003ce3  FPU_IRQHandler                
00003ce3  HardFault_Handler             
20000000  INPUT_BUFFER                  
00001839  LCD_init                      
200000c4  LCDbrightness                 
00001489  LEDT32interrupt               
000014ab  LED_init                      
00003ce3  MemManage_Handler             
00003ce3  NMI_Handler                   
00003ce3  PCM_IRQHandler                
000007f5  PORT1_IRQHandler              
000007f5  PORT1_IRQHandler              
00003ce3  PORT2_IRQHandler              
00003ce3  PORT3_IRQHandler              
00000869  PORT4_IRQHandler              
00000869  PORT4_IRQHandler              
00003ce3  PORT5_IRQHandler              
00003ce3  PORT6_IRQHandler              
00003ce3  PSS_IRQHandler                
00003ce3  PendSV_Handler                
00000c01  RTC_C_IRQHandler              
00000c01  RTC_C_IRQHandler              
20000094  RTC_flag                      
00003cd7  Reset_Handler                 
00003ce3  SVC_Handler                   
00003ce3  SysTick_Handler               
000019e9  SysTick_Init                  
200000d4  SystemCoreClock               
000024cd  SystemCoreClockUpdate         
00002745  SystemInit                    
0000068f  T32_INT1_IRQHandler           
0000068f  T32_INT1_IRQHandler           
000006b9  T32_INT2_IRQHandler           
000006b9  T32_INT2_IRQHandler           
00003ce3  T32_INTC_IRQHandler           
00003ce3  TA0_0_IRQHandler              
00003ce3  TA0_N_IRQHandler              
00003ce3  TA1_0_IRQHandler              
00003ce3  TA1_N_IRQHandler              
00003ce3  TA2_0_IRQHandler              
0000066d  TA2_N_IRQHandler              
0000066d  TA2_N_IRQHandler              
00003ce3  TA3_0_IRQHandler              
00001029  TA3_N_IRQHandler              
00001029  TA3_N_IRQHandler              
00003ce3  UsageFault_Handler            
4000480c  WDTCTL_SYM                    
00003ce3  WDT_A_IRQHandler              
20010000  __STACK_END                   
00000200  __STACK_SIZE                  
00003e40  __TI_CINIT_Base               
00003e50  __TI_CINIT_Limit              
00003e28  __TI_Handler_Table_Base       
00003e34  __TI_Handler_Table_Limit      
00003a41  __TI_auto_init_nobinit_nopinit
000037e3  __TI_decompress_lzss          
00003cc9  __TI_decompress_none          
ffffffff  __TI_pprof_out_hndl           
00001a6d  __TI_printfi                  
ffffffff  __TI_prof_data_size           
ffffffff  __TI_prof_data_start          
00000000  __TI_static_base__            
00003ca5  __TI_zero_init_nomemset       
00003581  __aeabi_cdcmpeq               
00003581  __aeabi_cdcmple               
00003607  __aeabi_cdrcmple              
00003775  __aeabi_d2f                   
000039f9  __aeabi_d2iz                  
00003a85  __aeabi_d2uiz                 
00002c4b  __aeabi_dadd                  
00002f35  __aeabi_ddiv                  
000032a1  __aeabi_dmul                  
00002c41  __aeabi_dsub                  
00003cf1  __aeabi_errno_addr            
00003b81  __aeabi_f2d                   
00003bb9  __aeabi_i2d                   
000024cb  __aeabi_idiv0                 
000024cb  __aeabi_ldiv0                 
0000368d  __aeabi_memclr                
0000368d  __aeabi_memclr4               
0000368d  __aeabi_memclr8               
0000344f  __aeabi_memcpy                
0000344f  __aeabi_memcpy4               
0000344f  __aeabi_memcpy8               
0000368f  __aeabi_memset                
0000368f  __aeabi_memset4               
0000368f  __aeabi_memset8               
00003c13  __aeabi_ui2d                  
000034eb  __aeabi_uldivmod              
ffffffff  __binit__                     
ffffffff  __c_args__                    
UNDEFED   __mpu_init                    
2000fe00  __stack                       
00003b49  _c_int00_noargs               
00003d00  _ctypes_                      
UNDEFED   _system_post_cinit            
00003cf9  _system_pre_init              
00003cfd  abort                         
2000006f  alarm                         
2000009c  alarmFlag                     
200000a4  alarmPresses                  
200000a0  alarmSoundFlag                
000039ad  atoi                          
ffffffff  binit                         
200000c8  blinkFlag                     
000018d9  commandWrite                  
000013cd  configRTC                     
00003c7d  copysign                      
00003c7d  copysignl                     
0000191d  dataWrite                     
000005d1  displayAMPM                   
0000050d  displayAlarm                  
00001745  displayAt                     
00000633  displayHour                   
00000619  displayMin                    
20000078  duty                          
200000d0  errno                         
00000311  extractTimeSerial             
0000384d  frexp                         
0000384d  frexpl                        
000011e1  initTASpeaker                 
000012dd  intAlarm                      
00001231  intBlinkTimerA                
0000137d  intButtons                    
00001299  intLCDBrightness              
00001329  intSpeedButton                
00000000  interruptVectors              
00003191  ldexp                         
00003191  ldexpl                        
200000c0  lightBrightness               
200000ac  lightOn                       
200000bc  lightsOn                      
00003907  ltoa                          
00000111  main                          
20000071  master                        
00003c33  memccpy                       
0000344f  memcpy                        
00003695  memset                        
2000006c  now                           
000019af  pulseEnablePin                
00001953  pushByte                      
0000197d  pushNibble                    
20000088  raw                           
2000008c  raw1                          
00001601  readInput                     
20000075  read_location                 
200000b0  resetNeeded                   
00003191  scalbn                        
00003191  scalbnl                       
000014e3  setupSerial                   
200000a8  speed                         
00003ac9  sprintf                       
200000cc  state                         
20000074  storage_location              
00003c67  strchr                        
00003c91  strlen                        
00003be7  strncmp                       
00001a05  sysTickDelay_ms               
00001a2b  sysTickDelay_us               
20000064  tempAr                        
2000007c  tempC                         
20000080  tempF                         
00001473  tempT32interrupt              
20000068  time                          
20000098  timePresses                   
000005bb  toggleAMPM                    
00000583  toggleAMPM2                   
000004b1  toggleAlarm                   
20000084  voltage                       
20000090  voltage1                      
0000046d  wakeUpLights                  
00003cb7  wcslen                        
00001565  writeOutput                   


GLOBAL SYMBOLS: SORTED BY Symbol Address 

address   name                          
-------   ----                          
00000000  __TI_static_base__            
00000000  interruptVectors              
00000111  main                          
00000200  __STACK_SIZE                  
00000311  extractTimeSerial             
0000046d  wakeUpLights                  
000004b1  toggleAlarm                   
0000050d  displayAlarm                  
00000583  toggleAMPM2                   
000005bb  toggleAMPM                    
000005d1  displayAMPM                   
00000619  displayMin                    
00000633  displayHour                   
0000066d  TA2_N_IRQHandler              
0000066d  TA2_N_IRQHandler              
0000068f  T32_INT1_IRQHandler           
0000068f  T32_INT1_IRQHandler           
000006b9  T32_INT2_IRQHandler           
000006b9  T32_INT2_IRQHandler           
000007f5  PORT1_IRQHandler              
000007f5  PORT1_IRQHandler              
00000869  PORT4_IRQHandler              
00000869  PORT4_IRQHandler              
00000c01  RTC_C_IRQHandler              
00000c01  RTC_C_IRQHandler              
00000e65  ADC14_IRQHandler              
00000e65  ADC14_IRQHandler              
00001029  TA3_N_IRQHandler              
00001029  TA3_N_IRQHandler              
000011e1  initTASpeaker                 
00001231  intBlinkTimerA                
00001299  intLCDBrightness              
000012dd  intAlarm                      
00001329  intSpeedButton                
0000137d  intButtons                    
000013cd  configRTC                     
00001421  ADC14init                     
00001473  tempT32interrupt              
00001489  LEDT32interrupt               
000014ab  LED_init                      
000014e3  setupSerial                   
00001565  writeOutput                   
00001601  readInput                     
00001691  EUSCIA0_IRQHandler            
00001691  EUSCIA0_IRQHandler            
00001745  displayAt                     
00001839  LCD_init                      
000018d9  commandWrite                  
0000191d  dataWrite                     
00001953  pushByte                      
0000197d  pushNibble                    
000019af  pulseEnablePin                
000019e9  SysTick_Init                  
00001a05  sysTickDelay_ms               
00001a2b  sysTickDelay_us               
00001a6d  __TI_printfi                  
000024cb  __aeabi_idiv0                 
000024cb  __aeabi_ldiv0                 
000024cd  SystemCoreClockUpdate         
00002745  SystemInit                    
00002c41  __aeabi_dsub                  
00002c4b  __aeabi_dadd                  
00002f35  __aeabi_ddiv                  
00003191  ldexp                         
00003191  ldexpl                        
00003191  scalbn                        
00003191  scalbnl                       
000032a1  __aeabi_dmul                  
0000344f  __aeabi_memcpy                
0000344f  __aeabi_memcpy4               
0000344f  __aeabi_memcpy8               
0000344f  memcpy                        
000034eb  __aeabi_uldivmod              
00003581  __aeabi_cdcmpeq               
00003581  __aeabi_cdcmple               
00003607  __aeabi_cdrcmple              
0000368d  __aeabi_memclr                
0000368d  __aeabi_memclr4               
0000368d  __aeabi_memclr8               
0000368f  __aeabi_memset                
0000368f  __aeabi_memset4               
0000368f  __aeabi_memset8               
00003695  memset                        
00003775  __aeabi_d2f                   
000037e3  __TI_decompress_lzss          
0000384d  frexp                         
0000384d  frexpl                        
00003907  ltoa                          
000039ad  atoi                          
000039f9  __aeabi_d2iz                  
00003a41  __TI_auto_init_nobinit_nopinit
00003a85  __aeabi_d2uiz                 
00003ac9  sprintf                       
00003b49  _c_int00_noargs               
00003b81  __aeabi_f2d                   
00003bb9  __aeabi_i2d                   
00003be7  strncmp                       
00003c13  __aeabi_ui2d                  
00003c33  memccpy                       
00003c67  strchr                        
00003c7d  copysign                      
00003c7d  copysignl                     
00003c91  strlen                        
00003ca5  __TI_zero_init_nomemset       
00003cb7  wcslen                        
00003cc9  __TI_decompress_none          
00003cd7  Reset_Handler                 
00003ce3  AES256_IRQHandler             
00003ce3  BusFault_Handler              
00003ce3  COMP_E0_IRQHandler            
00003ce3  COMP_E1_IRQHandler            
00003ce3  CS_IRQHandler                 
00003ce3  DMA_ERR_IRQHandler            
00003ce3  DMA_INT0_IRQHandler           
00003ce3  DMA_INT1_IRQHandler           
00003ce3  DMA_INT2_IRQHandler           
00003ce3  DMA_INT3_IRQHandler           
00003ce3  DebugMon_Handler              
00003ce3  Default_Handler               
00003ce3  EUSCIA1_IRQHandler            
00003ce3  EUSCIA2_IRQHandler            
00003ce3  EUSCIA3_IRQHandler            
00003ce3  EUSCIB0_IRQHandler            
00003ce3  EUSCIB1_IRQHandler            
00003ce3  EUSCIB2_IRQHandler            
00003ce3  EUSCIB3_IRQHandler            
00003ce3  FLCTL_IRQHandler              
00003ce3  FPU_IRQHandler                
00003ce3  HardFault_Handler             
00003ce3  MemManage_Handler             
00003ce3  NMI_Handler                   
00003ce3  PCM_IRQHandler                
00003ce3  PORT2_IRQHandler              
00003ce3  PORT3_IRQHandler              
00003ce3  PORT5_IRQHandler              
00003ce3  PORT6_IRQHandler              
00003ce3  PSS_IRQHandler                
00003ce3  PendSV_Handler                
00003ce3  SVC_Handler                   
00003ce3  SysTick_Handler               
00003ce3  T32_INTC_IRQHandler           
00003ce3  TA0_0_IRQHandler              
00003ce3  TA0_N_IRQHandler              
00003ce3  TA1_0_IRQHandler              
00003ce3  TA1_N_IRQHandler              
00003ce3  TA2_0_IRQHandler              
00003ce3  TA3_0_IRQHandler              
00003ce3  UsageFault_Handler            
00003ce3  WDT_A_IRQHandler              
00003cf1  __aeabi_errno_addr            
00003cf9  _system_pre_init              
00003cfd  C$$EXIT                       
00003cfd  abort                         
00003d00  _ctypes_                      
00003e28  __TI_Handler_Table_Base       
00003e34  __TI_Handler_Table_Limit      
00003e40  __TI_CINIT_Base               
00003e50  __TI_CINIT_Limit              
20000000  INPUT_BUFFER                  
20000064  tempAr                        
20000068  time                          
2000006c  now                           
2000006f  alarm                         
20000071  master                        
20000074  storage_location              
20000075  read_location                 
20000078  duty                          
2000007c  tempC                         
20000080  tempF                         
20000084  voltage                       
20000088  raw                           
2000008c  raw1                          
20000090  voltage1                      
20000094  RTC_flag                      
20000098  timePresses                   
2000009c  alarmFlag                     
200000a0  alarmSoundFlag                
200000a4  alarmPresses                  
200000a8  speed                         
200000ac  lightOn                       
200000b0  resetNeeded                   
200000b4  AMPM                          
200000b8  AMPM2                         
200000bc  lightsOn                      
200000c0  lightBrightness               
200000c4  LCDbrightness                 
200000c8  blinkFlag                     
200000cc  state                         
200000d0  errno                         
200000d4  SystemCoreClock               
2000fe00  __stack                       
20010000  __STACK_END                   
4000480c  WDTCTL_SYM                    
ffffffff  __TI_pprof_out_hndl           
ffffffff  __TI_prof_data_size           
ffffffff  __TI_prof_data_start          
ffffffff  __binit__                     
ffffffff  __c_args__                    
ffffffff  binit                         
UNDEFED   __mpu_init                    
UNDEFED   _system_post_cinit            

[201 symbols]
