******************************************************************************
                  TI ARM Linker Unix v18.1.4                   
******************************************************************************
>> Linked Fri Nov 30 13:53:10 2018

OUTPUT FILE NAME:   <Final Project.out>
ENTRY POINT SYMBOL: "_c_int00_noargs"  address: 000027cd


MEMORY CONFIGURATION

         name            origin    length      used     unused   attr    fill
----------------------  --------  ---------  --------  --------  ----  --------
  MAIN                  00000000   00040000  00002a31  0003d5cf  R  X
  INFO                  00200000   00004000  00000000  00004000  R  X
  SRAM_CODE             01000000   00010000  0000021b  0000fde5  RW X
  SRAM_DATA             20000000   00010000  0000021b  0000fde5  RW  


SEGMENT ALLOCATION MAP

run origin  load origin   length   init length attrs members
----------  ----------- ---------- ----------- ----- -------
00000000    00000000    00002a38   00002a38    r-x
  00000000    00000000    000000e4   000000e4    r-- .intvecs
  000000e4    000000e4    0000281c   0000281c    r-x .text
  00002900    00002900    00000101   00000101    r-- .const
  00002a08    00002a08    00000030   00000030    r-- .cinit
20000000    20000000    0000001b   00000000    rw-
  20000000    20000000    00000018   00000000    rw- .data
  20000018    20000018    00000003   00000000    rw- .bss
2000fe00    2000fe00    00000200   00000000    rw-
  2000fe00    2000fe00    00000200   00000000    rw- .stack


SECTION ALLOCATION MAP

 output                                  attributes/
section   page    origin      length       input sections
--------  ----  ----------  ----------   ----------------
.intvecs   0    00000000    000000e4     
                  00000000    000000e4     startup_msp432p401r_ccs.obj (.intvecs:retain)

.text      0    000000e4    0000281c     
                  000000e4    00000a5e     rtsv7M4_T_le_v4SPD16_eabi.lib : _printfi.c.obj (.text:__TI_printfi)
                  00000b42    00000002                                   : div0.asm.obj (.text)
                  00000b44    000006c0     main.obj (.text)
                  00001204    00000334     system_msp432p401r.obj (.text)
                  00001538    00000270     rtsv7M4_T_le_v4SPD16_eabi.lib : _printfi.c.obj (.text:_pconv_a)
                  000017a8    000001d0                                   : _printfi.c.obj (.text:_pconv_g)
                  00001978    000001b6                                   : fd_add_t2.asm.obj (.text)
                  00001b2e    00000002     --HOLE-- [fill = 0]
                  00001b30    0000013c                                   : _printfi.c.obj (.text:_pconv_e)
                  00001c6c    00000136                                   : fd_div_t2.asm.obj (.text)
                  00001da2    00000002     --HOLE-- [fill = 0]
                  00001da4    00000124                                   : _printfi.c.obj (.text:fcvt)
                  00001ec8    00000110                                   : s_scalbn.c.obj (.text:scalbn)
                  00001fd8    000000fc                                   : fd_mul_t2.asm.obj (.text)
                  000020d4    000000b1                                   : _printfi.c.obj (.text:_ltostr)
                  00002185    00000001     --HOLE-- [fill = 0]
                  00002186    0000009c                                   : memcpy_t2.asm.obj (.text)
                  00002222    00000096                                   : ull_div_t2.asm.obj (.text)
                  000022b8    00000086                                   : fd_cmp_t2.asm.obj (.text:__aeabi_cdcmple)
                  0000233e    00000086                                   : fd_cmp_t2.asm.obj (.text:__aeabi_cdrcmple)
                  000023c4    0000007a                                   : memset_t2.asm.obj (.text)
                  0000243e    0000006e                                   : _printfi.c.obj (.text:_mcpy)
                  000024ac    00000068                                   : copy_decompress_lzss.c.obj (.text:decompress:lzss:__TI_decompress_lzss)
                  00002514    00000064                                   : s_frexp.c.obj (.text:frexp)
                  00002578    00000056                                   : _printfi.c.obj (.text:_pconv_f)
                  000025ce    00000054                                   : ltoa.c.obj (.text:ltoa)
                  00002622    00000052                                   : _printfi.c.obj (.text:_ecpy)
                  00002674    0000004c                                   : atoi.c.obj (.text:atoi)
                  000026c0    00000048                                   : fd_toi_t2.asm.obj (.text)
                  00002708    00000044                                   : autoinit.c.obj (.text:__TI_auto_init_nobinit_nopinit:__TI_auto_init_nobinit_nopinit)
                  0000274c    00000040                                   : sprintf.c.obj (.text:sprintf)
                  0000278c    0000003e                                   : _printfi.c.obj (.text:_fcpy)
                  000027ca    00000002     --HOLE-- [fill = 0]
                  000027cc    00000038                                   : boot_cortex_m.c.obj (.text:_c_int00_noargs:_c_int00_noargs)
                  00002804    0000002e                                   : i_tofd_t2.asm.obj (.text)
                  00002832    0000001c                                   : memccpy.c.obj (.text:memccpy)
                  0000284e    00000018                                   : sprintf.c.obj (.text:_outs)
                  00002866    00000016                                   : strchr.c.obj (.text:strchr)
                  0000287c    00000014                                   : s_copysign.c.obj (.text:copysign)
                  00002890    00000014                                   : strlen.c.obj (.text:strlen)
                  000028a4    00000012                                   : copy_zero_init.c.obj (.text:decompress:ZI:__TI_zero_init_nomemset:__TI_zero_init_nomemset)
                  000028b6    00000012                                   : wcslen.c.obj (.text:wcslen)
                  000028c8    0000000e                                   : copy_decompress_none.c.obj (.text:decompress:none:__TI_decompress_none)
                  000028d6    0000000e     startup_msp432p401r_ccs.obj (.text)
                  000028e4    0000000a     rtsv7M4_T_le_v4SPD16_eabi.lib : sprintf.c.obj (.text:_outc)
                  000028ee    00000002     --HOLE-- [fill = 0]
                  000028f0    00000008                                   : errno.c.obj (.text:__aeabi_errno_addr)
                  000028f8    00000004                                   : pre_init.c.obj (.text:_system_pre_init)
                  000028fc    00000004                                   : exit.c.obj (.text:abort:abort)

.const     0    00002900    00000101     
                  00002900    00000101     rtsv7M4_T_le_v4SPD16_eabi.lib : ctype.c.obj (.const:.string:_ctypes_)

.cinit     0    00002a08    00000030     
                  00002a08    0000000c     (.cinit..data.load) [load image, compression = lzss]
                  00002a14    0000000c     (__TI_handler_table)
                  00002a20    00000008     (.cinit..bss.load) [load image, compression = zero_init]
                  00002a28    00000010     (__TI_cinit_table)

.init_array 
*          0    00000000    00000000     UNINITIALIZED

.binit     0    00000000    00000000     

.data      0    20000000    00000018     UNINITIALIZED
                  20000000    00000010     main.obj (.data)
                  20000010    00000004     rtsv7M4_T_le_v4SPD16_eabi.lib : errno.c.obj (.data)
                  20000014    00000004     system_msp432p401r.obj (.data)

.bss       0    20000018    00000003     UNINITIALIZED
                  20000018    00000003     (.common:now)

.stack     0    2000fe00    00000200     UNINITIALIZED
                  2000fe00    00000004     rtsv7M4_T_le_v4SPD16_eabi.lib : boot_cortex_m.c.obj (.stack)
                  2000fe04    000001fc     --HOLE--

MODULE SUMMARY

       Module                        code    ro data   rw data
       ------                        ----    -------   -------
    ./
       main.obj                      1728    0         38     
       system_msp432p401r.obj        820     0         8      
       startup_msp432p401r_ccs.obj   14      228       0      
    +--+-----------------------------+-------+---------+---------+
       Total:                        2562    228       46     
                                                              
    /Applications/ti/ccsv8/tools/compiler/ti-cgt-arm_18.1.4.LTS/lib/rtsv7M4_T_le_v4SPD16_eabi.lib
       _printfi.c.obj                4867    0         0      
       fd_add_t2.asm.obj             438     0         0      
       fd_div_t2.asm.obj             310     0         0      
       s_scalbn.c.obj                272     0         0      
       fd_cmp_t2.asm.obj             268     0         0      
       ctype.c.obj                   0       257       0      
       fd_mul_t2.asm.obj             252     0         0      
       memcpy_t2.asm.obj             156     0         0      
       ull_div_t2.asm.obj            150     0         0      
       memset_t2.asm.obj             122     0         0      
       copy_decompress_lzss.c.obj    104     0         0      
       s_frexp.c.obj                 100     0         0      
       sprintf.c.obj                 98      0         0      
       ltoa.c.obj                    84      0         0      
       atoi.c.obj                    76      0         0      
       fd_toi_t2.asm.obj             72      0         0      
       autoinit.c.obj                68      0         0      
       boot_cortex_m.c.obj           56      0         0      
       i_tofd_t2.asm.obj             46      0         0      
       memccpy.c.obj                 28      0         0      
       strchr.c.obj                  22      0         0      
       s_copysign.c.obj              20      0         0      
       strlen.c.obj                  20      0         0      
       copy_zero_init.c.obj          18      0         0      
       wcslen.c.obj                  18      0         0      
       errno.c.obj                   8       0         8      
       copy_decompress_none.c.obj    14      0         0      
       exit.c.obj                    4       0         0      
       pre_init.c.obj                4       0         0      
       div0.asm.obj                  2       0         0      
    +--+-----------------------------+-------+---------+---------+
       Total:                        7697    257       8      
                                                              
       Stack:                        0       0         1024   
       Linker Generated:             0       48        0      
    +--+-----------------------------+-------+---------+---------+
       Grand Total:                  10259   533       1078   


LINKER GENERATED COPY TABLES

__TI_cinit_table @ 00002a28 records: 2, size/record: 8, table size: 16
	.data: load addr=00002a08, load size=0000000c bytes, run addr=20000000, run size=00000018 bytes, compression=lzss
	.bss: load addr=00002a20, load size=00000008 bytes, run addr=20000018, run size=00000003 bytes, compression=zero_init


LINKER GENERATED HANDLER TABLE

__TI_handler_table @ 00002a14 records: 3, size/record: 4, table size: 12
	index: 0, handler: __TI_decompress_lzss
	index: 1, handler: __TI_decompress_none
	index: 2, handler: __TI_zero_init


GLOBAL SYMBOLS: SORTED ALPHABETICALLY BY Name 

address   name                          
-------   ----                          
000028e3  ADC14_IRQHandler              
000028e3  AES256_IRQHandler             
000028e3  BusFault_Handler              
000028fd  C$$EXIT                       
000028e3  COMP_E0_IRQHandler            
000028e3  COMP_E1_IRQHandler            
000028e3  CS_IRQHandler                 
000028e3  DMA_ERR_IRQHandler            
000028e3  DMA_INT0_IRQHandler           
000028e3  DMA_INT1_IRQHandler           
000028e3  DMA_INT2_IRQHandler           
000028e3  DMA_INT3_IRQHandler           
000028e3  DebugMon_Handler              
000028e3  Default_Handler               
000028e3  EUSCIA0_IRQHandler            
000028e3  EUSCIA1_IRQHandler            
000028e3  EUSCIA2_IRQHandler            
000028e3  EUSCIA3_IRQHandler            
000028e3  EUSCIB0_IRQHandler            
000028e3  EUSCIB1_IRQHandler            
000028e3  EUSCIB2_IRQHandler            
000028e3  EUSCIB3_IRQHandler            
000028e3  FLCTL_IRQHandler              
000028e3  FPU_IRQHandler                
000028e3  HardFault_Handler             
00000fa5  LCD_init                      
000028e3  MemManage_Handler             
000028e3  NMI_Handler                   
000028e3  PCM_IRQHandler                
000028e3  PORT1_IRQHandler              
000028e3  PORT2_IRQHandler              
000028e3  PORT3_IRQHandler              
00000e55  PORT4_IRQHandler              
00000e55  PORT4_IRQHandler              
000028e3  PORT5_IRQHandler              
000028e3  PORT6_IRQHandler              
000028e3  PSS_IRQHandler                
000028e3  PendSV_Handler                
00000d87  RTC_C_IRQHandler              
00000d87  RTC_C_IRQHandler              
20000004  RTC_alarm                     
20000000  RTC_flag                      
000028d7  Reset_Handler                 
000028e3  SVC_Handler                   
000028e3  SysTick_Handler               
0000117d  SysTick_Init                  
20000014  SystemCoreClock               
00001205  SystemCoreClockUpdate         
0000147d  SystemInit                    
000028e3  T32_INT1_IRQHandler           
000028e3  T32_INT2_IRQHandler           
000028e3  T32_INTC_IRQHandler           
000028e3  TA0_0_IRQHandler              
000028e3  TA0_N_IRQHandler              
000028e3  TA1_0_IRQHandler              
000028e3  TA1_N_IRQHandler              
000028e3  TA2_0_IRQHandler              
000028e3  TA2_N_IRQHandler              
000028e3  TA3_0_IRQHandler              
000028e3  TA3_N_IRQHandler              
000028e3  UsageFault_Handler            
4000480c  WDTCTL_SYM                    
000028e3  WDT_A_IRQHandler              
20010000  __STACK_END                   
00000200  __STACK_SIZE                  
00002a28  __TI_CINIT_Base               
00002a38  __TI_CINIT_Limit              
00002a14  __TI_Handler_Table_Base       
00002a20  __TI_Handler_Table_Limit      
00002709  __TI_auto_init_nobinit_nopinit
000024ad  __TI_decompress_lzss          
000028c9  __TI_decompress_none          
ffffffff  __TI_pprof_out_hndl           
000000e5  __TI_printfi                  
ffffffff  __TI_prof_data_size           
ffffffff  __TI_prof_data_start          
00000000  __TI_static_base__            
000028a5  __TI_zero_init_nomemset       
000022b9  __aeabi_cdcmpeq               
000022b9  __aeabi_cdcmple               
0000233f  __aeabi_cdrcmple              
000026c1  __aeabi_d2iz                  
00001983  __aeabi_dadd                  
00001c6d  __aeabi_ddiv                  
00001fd9  __aeabi_dmul                  
00001979  __aeabi_dsub                  
000028f1  __aeabi_errno_addr            
00002805  __aeabi_i2d                   
00000b43  __aeabi_idiv0                 
00000b43  __aeabi_ldiv0                 
000023c5  __aeabi_memclr                
000023c5  __aeabi_memclr4               
000023c5  __aeabi_memclr8               
00002187  __aeabi_memcpy                
00002187  __aeabi_memcpy4               
00002187  __aeabi_memcpy8               
000023c7  __aeabi_memset                
000023c7  __aeabi_memset4               
000023c7  __aeabi_memset8               
00002223  __aeabi_uldivmod              
ffffffff  __binit__                     
ffffffff  __c_args__                    
UNDEFED   __mpu_init                    
2000fe00  __stack                       
000027cd  _c_int00_noargs               
00002900  _ctypes_                      
UNDEFED   _system_post_cinit            
000028f9  _system_pre_init              
000028fd  abort                         
00002675  atoi                          
ffffffff  binit                         
00001039  commandWrite                  
00000d45  configRTC                     
0000287d  copysign                      
0000287d  copysignl                     
0000107d  dataWrite                     
00000ed1  displayText                   
20000010  errno                         
00002515  frexp                         
00002515  frexpl                        
2000000c  incFlag                       
00000de1  intButt                       
00000000  interruptVectors              
00001ec9  ldexp                         
00001ec9  ldexpl                        
000025cf  ltoa                          
00000b71  main                          
00002833  memccpy                       
00002187  memcpy                        
000023cd  memset                        
20000018  now                           
00001135  pulseEnablePin                
000010c5  pushByte                      
000010ef  pushNibble                    
00001ec9  scalbn                        
00001ec9  scalbnl                       
20000008  setTimeFlag                   
0000274d  sprintf                       
00002867  strchr                        
00002891  strlen                        
0000119d  sysTickDelay_ms               
000011c3  sysTickDelay_us               
000028b7  wcslen                        


GLOBAL SYMBOLS: SORTED BY Symbol Address 

address   name                          
-------   ----                          
00000000  __TI_static_base__            
00000000  interruptVectors              
000000e5  __TI_printfi                  
00000200  __STACK_SIZE                  
00000b43  __aeabi_idiv0                 
00000b43  __aeabi_ldiv0                 
00000b71  main                          
00000d45  configRTC                     
00000d87  RTC_C_IRQHandler              
00000d87  RTC_C_IRQHandler              
00000de1  intButt                       
00000e55  PORT4_IRQHandler              
00000e55  PORT4_IRQHandler              
00000ed1  displayText                   
00000fa5  LCD_init                      
00001039  commandWrite                  
0000107d  dataWrite                     
000010c5  pushByte                      
000010ef  pushNibble                    
00001135  pulseEnablePin                
0000117d  SysTick_Init                  
0000119d  sysTickDelay_ms               
000011c3  sysTickDelay_us               
00001205  SystemCoreClockUpdate         
0000147d  SystemInit                    
00001979  __aeabi_dsub                  
00001983  __aeabi_dadd                  
00001c6d  __aeabi_ddiv                  
00001ec9  ldexp                         
00001ec9  ldexpl                        
00001ec9  scalbn                        
00001ec9  scalbnl                       
00001fd9  __aeabi_dmul                  
00002187  __aeabi_memcpy                
00002187  __aeabi_memcpy4               
00002187  __aeabi_memcpy8               
00002187  memcpy                        
00002223  __aeabi_uldivmod              
000022b9  __aeabi_cdcmpeq               
000022b9  __aeabi_cdcmple               
0000233f  __aeabi_cdrcmple              
000023c5  __aeabi_memclr                
000023c5  __aeabi_memclr4               
000023c5  __aeabi_memclr8               
000023c7  __aeabi_memset                
000023c7  __aeabi_memset4               
000023c7  __aeabi_memset8               
000023cd  memset                        
000024ad  __TI_decompress_lzss          
00002515  frexp                         
00002515  frexpl                        
000025cf  ltoa                          
00002675  atoi                          
000026c1  __aeabi_d2iz                  
00002709  __TI_auto_init_nobinit_nopinit
0000274d  sprintf                       
000027cd  _c_int00_noargs               
00002805  __aeabi_i2d                   
00002833  memccpy                       
00002867  strchr                        
0000287d  copysign                      
0000287d  copysignl                     
00002891  strlen                        
000028a5  __TI_zero_init_nomemset       
000028b7  wcslen                        
000028c9  __TI_decompress_none          
000028d7  Reset_Handler                 
000028e3  ADC14_IRQHandler              
000028e3  AES256_IRQHandler             
000028e3  BusFault_Handler              
000028e3  COMP_E0_IRQHandler            
000028e3  COMP_E1_IRQHandler            
000028e3  CS_IRQHandler                 
000028e3  DMA_ERR_IRQHandler            
000028e3  DMA_INT0_IRQHandler           
000028e3  DMA_INT1_IRQHandler           
000028e3  DMA_INT2_IRQHandler           
000028e3  DMA_INT3_IRQHandler           
000028e3  DebugMon_Handler              
000028e3  Default_Handler               
000028e3  EUSCIA0_IRQHandler            
000028e3  EUSCIA1_IRQHandler            
000028e3  EUSCIA2_IRQHandler            
000028e3  EUSCIA3_IRQHandler            
000028e3  EUSCIB0_IRQHandler            
000028e3  EUSCIB1_IRQHandler            
000028e3  EUSCIB2_IRQHandler            
000028e3  EUSCIB3_IRQHandler            
000028e3  FLCTL_IRQHandler              
000028e3  FPU_IRQHandler                
000028e3  HardFault_Handler             
000028e3  MemManage_Handler             
000028e3  NMI_Handler                   
000028e3  PCM_IRQHandler                
000028e3  PORT1_IRQHandler              
000028e3  PORT2_IRQHandler              
000028e3  PORT3_IRQHandler              
000028e3  PORT5_IRQHandler              
000028e3  PORT6_IRQHandler              
000028e3  PSS_IRQHandler                
000028e3  PendSV_Handler                
000028e3  SVC_Handler                   
000028e3  SysTick_Handler               
000028e3  T32_INT1_IRQHandler           
000028e3  T32_INT2_IRQHandler           
000028e3  T32_INTC_IRQHandler           
000028e3  TA0_0_IRQHandler              
000028e3  TA0_N_IRQHandler              
000028e3  TA1_0_IRQHandler              
000028e3  TA1_N_IRQHandler              
000028e3  TA2_0_IRQHandler              
000028e3  TA2_N_IRQHandler              
000028e3  TA3_0_IRQHandler              
000028e3  TA3_N_IRQHandler              
000028e3  UsageFault_Handler            
000028e3  WDT_A_IRQHandler              
000028f1  __aeabi_errno_addr            
000028f9  _system_pre_init              
000028fd  C$$EXIT                       
000028fd  abort                         
00002900  _ctypes_                      
00002a14  __TI_Handler_Table_Base       
00002a20  __TI_Handler_Table_Limit      
00002a28  __TI_CINIT_Base               
00002a38  __TI_CINIT_Limit              
20000000  RTC_flag                      
20000004  RTC_alarm                     
20000008  setTimeFlag                   
2000000c  incFlag                       
20000010  errno                         
20000014  SystemCoreClock               
20000018  now                           
2000fe00  __stack                       
20010000  __STACK_END                   
4000480c  WDTCTL_SYM                    
ffffffff  __TI_pprof_out_hndl           
ffffffff  __TI_prof_data_size           
ffffffff  __TI_prof_data_start          
ffffffff  __binit__                     
ffffffff  __c_args__                    
ffffffff  binit                         
UNDEFED   __mpu_init                    
UNDEFED   _system_post_cinit            

[143 symbols]
