******************************************************************************
                  TI ARM Linker PC v18.1.4                     
******************************************************************************
>> Linked Wed Dec  5 02:09:27 2018

OUTPUT FILE NAME:   <Final Project.out>
ENTRY POINT SYMBOL: "_c_int00_noargs"  address: 000038f1


MEMORY CONFIGURATION

         name            origin    length      used     unused   attr    fill
----------------------  --------  ---------  --------  --------  ----  --------
  MAIN                  00000000   00040000  00003bf1  0003c40f  R  X
  INFO                  00200000   00004000  00000000  00004000  R  X
  SRAM_CODE             01000000   00010000  000002c9  0000fd37  RW X
  SRAM_DATA             20000000   00010000  000002c9  0000fd37  RW  


SEGMENT ALLOCATION MAP

run origin  load origin   length   init length attrs members
----------  ----------- ---------- ----------- ----- -------
00000000    00000000    00003bf8   00003bf8    r-x
  00000000    00000000    000000e4   000000e4    r-- .intvecs
  000000e4    000000e4    000039c4   000039c4    r-x .text
  00003aa8    00003aa8    00000101   00000101    r-- .const
  00003bb0    00003bb0    00000048   00000048    r-- .cinit
20000000    20000000    000000cc   00000000    rw-
  20000000    20000000    00000071   00000000    rw- .bss
  20000074    20000074    00000058   00000000    rw- .data
2000fe00    2000fe00    00000200   00000000    rw-
  2000fe00    2000fe00    00000200   00000000    rw- .stack


SECTION ALLOCATION MAP

 output                                  attributes/
section   page    origin      length       input sections
--------  ----  ----------  ----------   ----------------
.intvecs   0    00000000    000000e4     
                  00000000    000000e4     startup_msp432p401r_ccs.obj (.intvecs:retain)

.text      0    000000e4    000039c4     
                  000000e4    00001730     main.obj (.text)
                  00001814    00000a5e     rtsv7M4_T_le_v4SPD16_eabi.lib : _printfi.c.obj (.text:__TI_printfi)
                  00002272    00000002                                   : div0.asm.obj (.text)
                  00002274    00000334     system_msp432p401r.obj (.text)
                  000025a8    00000270     rtsv7M4_T_le_v4SPD16_eabi.lib : _printfi.c.obj (.text:_pconv_a)
                  00002818    000001d0                                   : _printfi.c.obj (.text:_pconv_g)
                  000029e8    000001b6                                   : fd_add_t2.asm.obj (.text)
                  00002b9e    00000002     --HOLE-- [fill = 0]
                  00002ba0    0000013c                                   : _printfi.c.obj (.text:_pconv_e)
                  00002cdc    00000136                                   : fd_div_t2.asm.obj (.text)
                  00002e12    00000002     --HOLE-- [fill = 0]
                  00002e14    00000124                                   : _printfi.c.obj (.text:fcvt)
                  00002f38    00000110                                   : s_scalbn.c.obj (.text:scalbn)
                  00003048    000000fc                                   : fd_mul_t2.asm.obj (.text)
                  00003144    000000b1                                   : _printfi.c.obj (.text:_ltostr)
                  000031f5    00000001     --HOLE-- [fill = 0]
                  000031f6    0000009c                                   : memcpy_t2.asm.obj (.text)
                  00003292    00000096                                   : ull_div_t2.asm.obj (.text)
                  00003328    00000086                                   : fd_cmp_t2.asm.obj (.text:__aeabi_cdcmple)
                  000033ae    00000086                                   : fd_cmp_t2.asm.obj (.text:__aeabi_cdrcmple)
                  00003434    0000007a                                   : memset_t2.asm.obj (.text)
                  000034ae    0000006e                                   : _printfi.c.obj (.text:_mcpy)
                  0000351c    0000006e                                   : fd_tos_t2.asm.obj (.text)
                  0000358a    00000068                                   : copy_decompress_lzss.c.obj (.text:decompress:lzss:__TI_decompress_lzss)
                  000035f2    00000002     --HOLE-- [fill = 0]
                  000035f4    00000064                                   : s_frexp.c.obj (.text:frexp)
                  00003658    00000056                                   : _printfi.c.obj (.text:_pconv_f)
                  000036ae    00000054                                   : ltoa.c.obj (.text:ltoa)
                  00003702    00000052                                   : _printfi.c.obj (.text:_ecpy)
                  00003754    0000004c                                   : atoi.c.obj (.text:atoi)
                  000037a0    00000048                                   : fd_toi_t2.asm.obj (.text)
                  000037e8    00000044                                   : autoinit.c.obj (.text:__TI_auto_init_nobinit_nopinit:__TI_auto_init_nobinit_nopinit)
                  0000382c    00000044                                   : fd_tou_t2.asm.obj (.text)
                  00003870    00000040                                   : sprintf.c.obj (.text:sprintf)
                  000038b0    0000003e                                   : _printfi.c.obj (.text:_fcpy)
                  000038ee    00000002     --HOLE-- [fill = 0]
                  000038f0    00000038                                   : boot_cortex_m.c.obj (.text:_c_int00_noargs:_c_int00_noargs)
                  00003928    00000038                                   : fs_tod_t2.asm.obj (.text)
                  00003960    0000002e                                   : i_tofd_t2.asm.obj (.text)
                  0000398e    0000002c                                   : strncmp.c.obj (.text:strncmp)
                  000039ba    00000020                                   : u_tofd_t2.asm.obj (.text)
                  000039da    0000001c                                   : memccpy.c.obj (.text:memccpy)
                  000039f6    00000018                                   : sprintf.c.obj (.text:_outs)
                  00003a0e    00000016                                   : strchr.c.obj (.text:strchr)
                  00003a24    00000014                                   : s_copysign.c.obj (.text:copysign)
                  00003a38    00000014                                   : strlen.c.obj (.text:strlen)
                  00003a4c    00000012                                   : copy_zero_init.c.obj (.text:decompress:ZI:__TI_zero_init_nomemset:__TI_zero_init_nomemset)
                  00003a5e    00000012                                   : wcslen.c.obj (.text:wcslen)
                  00003a70    0000000e                                   : copy_decompress_none.c.obj (.text:decompress:none:__TI_decompress_none)
                  00003a7e    0000000e     startup_msp432p401r_ccs.obj (.text)
                  00003a8c    0000000a     rtsv7M4_T_le_v4SPD16_eabi.lib : sprintf.c.obj (.text:_outc)
                  00003a96    00000002     --HOLE-- [fill = 0]
                  00003a98    00000008                                   : errno.c.obj (.text:__aeabi_errno_addr)
                  00003aa0    00000004                                   : pre_init.c.obj (.text:_system_pre_init)
                  00003aa4    00000004                                   : exit.c.obj (.text:abort:abort)

.const     0    00003aa8    00000101     
                  00003aa8    00000101     rtsv7M4_T_le_v4SPD16_eabi.lib : ctype.c.obj (.const:.string:_ctypes_)

.cinit     0    00003bb0    00000048     
                  00003bb0    0000001e     (.cinit..data.load) [load image, compression = lzss]
                  00003bce    00000002     --HOLE-- [fill = 0]
                  00003bd0    0000000c     (__TI_handler_table)
                  00003bdc    00000004     --HOLE-- [fill = 0]
                  00003be0    00000008     (.cinit..bss.load) [load image, compression = zero_init]
                  00003be8    00000010     (__TI_cinit_table)

.init_array 
*          0    00000000    00000000     UNINITIALIZED

.binit     0    00000000    00000000     

.bss       0    20000000    00000071     UNINITIALIZED
                  20000000    00000064     (.common:INPUT_BUFFER)
                  20000064    00000004     (.common:tempAr)
                  20000068    00000004     (.common:time)
                  2000006c    00000003     (.common:now)
                  2000006f    00000002     (.common:alarm)

.data      0    20000074    00000058     UNINITIALIZED
                  20000074    0000004d     main.obj (.data)
                  200000c1    00000003     --HOLE--
                  200000c4    00000004     rtsv7M4_T_le_v4SPD16_eabi.lib : errno.c.obj (.data)
                  200000c8    00000004     system_msp432p401r.obj (.data)

.stack     0    2000fe00    00000200     UNINITIALIZED
                  2000fe00    00000004     rtsv7M4_T_le_v4SPD16_eabi.lib : boot_cortex_m.c.obj (.stack)
                  2000fe04    000001fc     --HOLE--

MODULE SUMMARY

       Module                        code    ro data   rw data
       ------                        ----    -------   -------
    .\
       main.obj                      5936    0         380    
       system_msp432p401r.obj        820     0         8      
       startup_msp432p401r_ccs.obj   14      228       0      
    +--+-----------------------------+-------+---------+---------+
       Total:                        6770    228       388    
                                                              
    C:\ti\ccsv8\tools\compiler\ti-cgt-arm_18.1.4.LTS\lib\rtsv7M4_T_le_v4SPD16_eabi.lib
       _printfi.c.obj                4867    0         0      
       fd_add_t2.asm.obj             438     0         0      
       fd_div_t2.asm.obj             310     0         0      
       s_scalbn.c.obj                272     0         0      
       fd_cmp_t2.asm.obj             268     0         0      
       ctype.c.obj                   0       257       0      
       fd_mul_t2.asm.obj             252     0         0      
       memcpy_t2.asm.obj             156     0         0      
       ull_div_t2.asm.obj            150     0         0      
       memset_t2.asm.obj             122     0         0      
       fd_tos_t2.asm.obj             110     0         0      
       copy_decompress_lzss.c.obj    104     0         0      
       s_frexp.c.obj                 100     0         0      
       sprintf.c.obj                 98      0         0      
       ltoa.c.obj                    84      0         0      
       atoi.c.obj                    76      0         0      
       fd_toi_t2.asm.obj             72      0         0      
       autoinit.c.obj                68      0         0      
       fd_tou_t2.asm.obj             68      0         0      
       boot_cortex_m.c.obj           56      0         0      
       fs_tod_t2.asm.obj             56      0         0      
       i_tofd_t2.asm.obj             46      0         0      
       strncmp.c.obj                 44      0         0      
       u_tofd_t2.asm.obj             32      0         0      
       memccpy.c.obj                 28      0         0      
       strchr.c.obj                  22      0         0      
       s_copysign.c.obj              20      0         0      
       strlen.c.obj                  20      0         0      
       copy_zero_init.c.obj          18      0         0      
       wcslen.c.obj                  18      0         0      
       errno.c.obj                   8       0         8      
       copy_decompress_none.c.obj    14      0         0      
       exit.c.obj                    4       0         0      
       pre_init.c.obj                4       0         0      
       div0.asm.obj                  2       0         0      
    +--+-----------------------------+-------+---------+---------+
       Total:                        8007    257       8      
                                                              
       Stack:                        0       0         1024   
       Linker Generated:             0       66        0      
    +--+-----------------------------+-------+---------+---------+
       Grand Total:                  14777   551       1420   


LINKER GENERATED COPY TABLES

__TI_cinit_table @ 00003be8 records: 2, size/record: 8, table size: 16
	.data: load addr=00003bb0, load size=0000001e bytes, run addr=20000074, run size=00000058 bytes, compression=lzss
	.bss: load addr=00003be0, load size=00000008 bytes, run addr=20000000, run size=00000071 bytes, compression=zero_init


LINKER GENERATED HANDLER TABLE

__TI_handler_table @ 00003bd0 records: 3, size/record: 4, table size: 12
	index: 0, handler: __TI_decompress_lzss
	index: 1, handler: __TI_decompress_none
	index: 2, handler: __TI_zero_init


GLOBAL SYMBOLS: SORTED ALPHABETICALLY BY Name 

address   name                          
-------   ----                          
00000c85  ADC14_IRQHandler              
00000c85  ADC14_IRQHandler              
000011eb  ADC14init                     
00003a8b  AES256_IRQHandler             
200000a8  AMPM                          
200000ac  AMPM2                         
00003a8b  BusFault_Handler              
00003aa5  C$$EXIT                       
00003a8b  COMP_E0_IRQHandler            
00003a8b  COMP_E1_IRQHandler            
00003a8b  CS_IRQHandler                 
00003a8b  DMA_ERR_IRQHandler            
00003a8b  DMA_INT0_IRQHandler           
00003a8b  DMA_INT1_IRQHandler           
00003a8b  DMA_INT2_IRQHandler           
00003a8b  DMA_INT3_IRQHandler           
00003a8b  DebugMon_Handler              
00003a8b  Default_Handler               
00001431  EUSCIA0_IRQHandler            
00001431  EUSCIA0_IRQHandler            
00003a8b  EUSCIA1_IRQHandler            
00003a8b  EUSCIA2_IRQHandler            
00003a8b  EUSCIA3_IRQHandler            
00003a8b  EUSCIB0_IRQHandler            
00003a8b  EUSCIB1_IRQHandler            
00003a8b  EUSCIB2_IRQHandler            
00003a8b  EUSCIB3_IRQHandler            
00003a8b  FLCTL_IRQHandler              
00003a8b  FPU_IRQHandler                
00003a8b  HardFault_Handler             
20000000  INPUT_BUFFER                  
000015e1  LCD_init                      
200000b8  LCDbrightness                 
00001253  LEDT32interrupt               
00001279  LED_init                      
00003a8b  MemManage_Handler             
00003a8b  NMI_Handler                   
00003a8b  PCM_IRQHandler                
00000755  PORT1_IRQHandler              
00000755  PORT1_IRQHandler              
00003a8b  PORT2_IRQHandler              
00003a8b  PORT3_IRQHandler              
000007dd  PORT4_IRQHandler              
000007dd  PORT4_IRQHandler              
00003a8b  PORT5_IRQHandler              
00003a8b  PORT6_IRQHandler              
00003a8b  PSS_IRQHandler                
00003a8b  PendSV_Handler                
00000a4d  RTC_C_IRQHandler              
00000a4d  RTC_C_IRQHandler              
20000094  RTC_flag                      
00003a7f  Reset_Handler                 
00003a8b  SVC_Handler                   
00003a8b  SysTick_Handler               
00001791  SysTick_Init                  
200000c8  SystemCoreClock               
00002275  SystemCoreClockUpdate         
000024ed  SystemInit                    
00000647  T32_INT1_IRQHandler           
00000647  T32_INT1_IRQHandler           
00000669  T32_INT2_IRQHandler           
00000669  T32_INT2_IRQHandler           
00003a8b  T32_INTC_IRQHandler           
00003a8b  TA0_0_IRQHandler              
00003a8b  TA0_N_IRQHandler              
00003a8b  TA1_0_IRQHandler              
00003a8b  TA1_N_IRQHandler              
00003a8b  TA2_0_IRQHandler              
00003a8b  TA2_N_IRQHandler              
00003a8b  TA3_0_IRQHandler              
00000e55  TA3_N_IRQHandler              
00000e55  TA3_N_IRQHandler              
00003a8b  UsageFault_Handler            
4000480c  WDTCTL_SYM                    
00003a8b  WDT_A_IRQHandler              
20010000  __STACK_END                   
00000200  __STACK_SIZE                  
00003be8  __TI_CINIT_Base               
00003bf8  __TI_CINIT_Limit              
00003bd0  __TI_Handler_Table_Base       
00003bdc  __TI_Handler_Table_Limit      
000037e9  __TI_auto_init_nobinit_nopinit
0000358b  __TI_decompress_lzss          
00003a71  __TI_decompress_none          
ffffffff  __TI_pprof_out_hndl           
00001815  __TI_printfi                  
ffffffff  __TI_prof_data_size           
ffffffff  __TI_prof_data_start          
00000000  __TI_static_base__            
00003a4d  __TI_zero_init_nomemset       
00003329  __aeabi_cdcmpeq               
00003329  __aeabi_cdcmple               
000033af  __aeabi_cdrcmple              
0000351d  __aeabi_d2f                   
000037a1  __aeabi_d2iz                  
0000382d  __aeabi_d2uiz                 
000029f3  __aeabi_dadd                  
00002cdd  __aeabi_ddiv                  
00003049  __aeabi_dmul                  
000029e9  __aeabi_dsub                  
00003a99  __aeabi_errno_addr            
00003929  __aeabi_f2d                   
00003961  __aeabi_i2d                   
00002273  __aeabi_idiv0                 
00002273  __aeabi_ldiv0                 
00003435  __aeabi_memclr                
00003435  __aeabi_memclr4               
00003435  __aeabi_memclr8               
000031f7  __aeabi_memcpy                
000031f7  __aeabi_memcpy4               
000031f7  __aeabi_memcpy8               
00003437  __aeabi_memset                
00003437  __aeabi_memset4               
00003437  __aeabi_memset8               
000039bb  __aeabi_ui2d                  
00003293  __aeabi_uldivmod              
ffffffff  __binit__                     
ffffffff  __c_args__                    
UNDEFED   __mpu_init                    
2000fe00  __stack                       
000038f1  _c_int00_noargs               
00003aa8  _ctypes_                      
UNDEFED   _system_post_cinit            
00003aa1  _system_pre_init              
00003aa5  abort                         
2000006f  alarm                         
2000009c  alarmFlag                     
200000a0  alarmPresses                  
00003755  atoi                          
ffffffff  binit                         
200000bc  blinkFlag                     
00001681  commandWrite                  
0000119d  configRTC                     
00003a25  copysign                      
00003a25  copysignl                     
000016c5  dataWrite                     
000005ab  displayAMPM                   
00000501  displayAlarm                  
000014e9  displayAt                     
0000060d  displayHour                   
000005e1  displayMin                    
20000078  duty                          
200000c4  errno                         
0000030d  extractTimeSerial             
000035f5  frexp                         
000035f5  frexpl                        
000010b5  intAlarm                      
00001011  intBlinkTimerA                
00001145  intButtons                    
00001071  intLCDBrightness              
000010e9  intSpeedButton                
00000000  interruptVectors              
00002f39  ldexp                         
00002f39  ldexpl                        
200000b4  lightBrightness               
200000b0  lightsOn                      
000036af  ltoa                          
00000111  main                          
000039db  memccpy                       
000031f7  memcpy                        
0000343d  memset                        
2000006c  now                           
00001757  pulseEnablePin                
000016fb  pushByte                      
00001725  pushNibble                    
20000088  raw                           
2000008c  raw1                          
00001391  readInput                     
20000075  read_location                 
00002f39  scalbn                        
00002f39  scalbnl                       
000012b1  setupSerial                   
200000a4  speed                         
00003871  sprintf                       
200000c0  state                         
20000074  storage_location              
00003a0f  strchr                        
00003a39  strlen                        
0000398f  strncmp                       
000017ad  sysTickDelay_ms               
000017d3  sysTickDelay_us               
20000064  tempAr                        
2000007c  tempC                         
20000080  tempF                         
0000123d  tempT32interrupt              
20000068  time                          
20000098  timePresses                   
0000058b  toggleAMPM                    
00000555  toggleAMPM2                   
000004a1  toggleAlarm                   
20000084  voltage                       
20000090  voltage1                      
00000461  wakeUpLights                  
00003a5f  wcslen                        
00001317  writeOutput                   


GLOBAL SYMBOLS: SORTED BY Symbol Address 

address   name                          
-------   ----                          
00000000  __TI_static_base__            
00000000  interruptVectors              
00000111  main                          
00000200  __STACK_SIZE                  
0000030d  extractTimeSerial             
00000461  wakeUpLights                  
000004a1  toggleAlarm                   
00000501  displayAlarm                  
00000555  toggleAMPM2                   
0000058b  toggleAMPM                    
000005ab  displayAMPM                   
000005e1  displayMin                    
0000060d  displayHour                   
00000647  T32_INT1_IRQHandler           
00000647  T32_INT1_IRQHandler           
00000669  T32_INT2_IRQHandler           
00000669  T32_INT2_IRQHandler           
00000755  PORT1_IRQHandler              
00000755  PORT1_IRQHandler              
000007dd  PORT4_IRQHandler              
000007dd  PORT4_IRQHandler              
00000a4d  RTC_C_IRQHandler              
00000a4d  RTC_C_IRQHandler              
00000c85  ADC14_IRQHandler              
00000c85  ADC14_IRQHandler              
00000e55  TA3_N_IRQHandler              
00000e55  TA3_N_IRQHandler              
00001011  intBlinkTimerA                
00001071  intLCDBrightness              
000010b5  intAlarm                      
000010e9  intSpeedButton                
00001145  intButtons                    
0000119d  configRTC                     
000011eb  ADC14init                     
0000123d  tempT32interrupt              
00001253  LEDT32interrupt               
00001279  LED_init                      
000012b1  setupSerial                   
00001317  writeOutput                   
00001391  readInput                     
00001431  EUSCIA0_IRQHandler            
00001431  EUSCIA0_IRQHandler            
000014e9  displayAt                     
000015e1  LCD_init                      
00001681  commandWrite                  
000016c5  dataWrite                     
000016fb  pushByte                      
00001725  pushNibble                    
00001757  pulseEnablePin                
00001791  SysTick_Init                  
000017ad  sysTickDelay_ms               
000017d3  sysTickDelay_us               
00001815  __TI_printfi                  
00002273  __aeabi_idiv0                 
00002273  __aeabi_ldiv0                 
00002275  SystemCoreClockUpdate         
000024ed  SystemInit                    
000029e9  __aeabi_dsub                  
000029f3  __aeabi_dadd                  
00002cdd  __aeabi_ddiv                  
00002f39  ldexp                         
00002f39  ldexpl                        
00002f39  scalbn                        
00002f39  scalbnl                       
00003049  __aeabi_dmul                  
000031f7  __aeabi_memcpy                
000031f7  __aeabi_memcpy4               
000031f7  __aeabi_memcpy8               
000031f7  memcpy                        
00003293  __aeabi_uldivmod              
00003329  __aeabi_cdcmpeq               
00003329  __aeabi_cdcmple               
000033af  __aeabi_cdrcmple              
00003435  __aeabi_memclr                
00003435  __aeabi_memclr4               
00003435  __aeabi_memclr8               
00003437  __aeabi_memset                
00003437  __aeabi_memset4               
00003437  __aeabi_memset8               
0000343d  memset                        
0000351d  __aeabi_d2f                   
0000358b  __TI_decompress_lzss          
000035f5  frexp                         
000035f5  frexpl                        
000036af  ltoa                          
00003755  atoi                          
000037a1  __aeabi_d2iz                  
000037e9  __TI_auto_init_nobinit_nopinit
0000382d  __aeabi_d2uiz                 
00003871  sprintf                       
000038f1  _c_int00_noargs               
00003929  __aeabi_f2d                   
00003961  __aeabi_i2d                   
0000398f  strncmp                       
000039bb  __aeabi_ui2d                  
000039db  memccpy                       
00003a0f  strchr                        
00003a25  copysign                      
00003a25  copysignl                     
00003a39  strlen                        
00003a4d  __TI_zero_init_nomemset       
00003a5f  wcslen                        
00003a71  __TI_decompress_none          
00003a7f  Reset_Handler                 
00003a8b  AES256_IRQHandler             
00003a8b  BusFault_Handler              
00003a8b  COMP_E0_IRQHandler            
00003a8b  COMP_E1_IRQHandler            
00003a8b  CS_IRQHandler                 
00003a8b  DMA_ERR_IRQHandler            
00003a8b  DMA_INT0_IRQHandler           
00003a8b  DMA_INT1_IRQHandler           
00003a8b  DMA_INT2_IRQHandler           
00003a8b  DMA_INT3_IRQHandler           
00003a8b  DebugMon_Handler              
00003a8b  Default_Handler               
00003a8b  EUSCIA1_IRQHandler            
00003a8b  EUSCIA2_IRQHandler            
00003a8b  EUSCIA3_IRQHandler            
00003a8b  EUSCIB0_IRQHandler            
00003a8b  EUSCIB1_IRQHandler            
00003a8b  EUSCIB2_IRQHandler            
00003a8b  EUSCIB3_IRQHandler            
00003a8b  FLCTL_IRQHandler              
00003a8b  FPU_IRQHandler                
00003a8b  HardFault_Handler             
00003a8b  MemManage_Handler             
00003a8b  NMI_Handler                   
00003a8b  PCM_IRQHandler                
00003a8b  PORT2_IRQHandler              
00003a8b  PORT3_IRQHandler              
00003a8b  PORT5_IRQHandler              
00003a8b  PORT6_IRQHandler              
00003a8b  PSS_IRQHandler                
00003a8b  PendSV_Handler                
00003a8b  SVC_Handler                   
00003a8b  SysTick_Handler               
00003a8b  T32_INTC_IRQHandler           
00003a8b  TA0_0_IRQHandler              
00003a8b  TA0_N_IRQHandler              
00003a8b  TA1_0_IRQHandler              
00003a8b  TA1_N_IRQHandler              
00003a8b  TA2_0_IRQHandler              
00003a8b  TA2_N_IRQHandler              
00003a8b  TA3_0_IRQHandler              
00003a8b  UsageFault_Handler            
00003a8b  WDT_A_IRQHandler              
00003a99  __aeabi_errno_addr            
00003aa1  _system_pre_init              
00003aa5  C$$EXIT                       
00003aa5  abort                         
00003aa8  _ctypes_                      
00003bd0  __TI_Handler_Table_Base       
00003bdc  __TI_Handler_Table_Limit      
00003be8  __TI_CINIT_Base               
00003bf8  __TI_CINIT_Limit              
20000000  INPUT_BUFFER                  
20000064  tempAr                        
20000068  time                          
2000006c  now                           
2000006f  alarm                         
20000074  storage_location              
20000075  read_location                 
20000078  duty                          
2000007c  tempC                         
20000080  tempF                         
20000084  voltage                       
20000088  raw                           
2000008c  raw1                          
20000090  voltage1                      
20000094  RTC_flag                      
20000098  timePresses                   
2000009c  alarmFlag                     
200000a0  alarmPresses                  
200000a4  speed                         
200000a8  AMPM                          
200000ac  AMPM2                         
200000b0  lightsOn                      
200000b4  lightBrightness               
200000b8  LCDbrightness                 
200000bc  blinkFlag                     
200000c0  state                         
200000c4  errno                         
200000c8  SystemCoreClock               
2000fe00  __stack                       
20010000  __STACK_END                   
4000480c  WDTCTL_SYM                    
ffffffff  __TI_pprof_out_hndl           
ffffffff  __TI_prof_data_size           
ffffffff  __TI_prof_data_start          
ffffffff  __binit__                     
ffffffff  __c_args__                    
ffffffff  binit                         
UNDEFED   __mpu_init                    
UNDEFED   _system_post_cinit            

[195 symbols]
