******************************************************************************
                  TI ARM Linker PC v18.1.4                     
******************************************************************************
>> Linked Wed Dec  5 16:21:31 2018

OUTPUT FILE NAME:   <Final Project.out>
ENTRY POINT SYMBOL: "_c_int00_noargs"  address: 00003ac5


MEMORY CONFIGURATION

         name            origin    length      used     unused   attr    fill
----------------------  --------  ---------  --------  --------  ----  --------
  MAIN                  00000000   00040000  00003dc5  0003c23b  R  X
  INFO                  00200000   00004000  00000000  00004000  R  X
  SRAM_CODE             01000000   00010000  000002d7  0000fd29  RW X
  SRAM_DATA             20000000   00010000  000002d7  0000fd29  RW  


SEGMENT ALLOCATION MAP

run origin  load origin   length   init length attrs members
----------  ----------- ---------- ----------- ----- -------
00000000    00000000    00003dc8   00003dc8    r-x
  00000000    00000000    000000e4   000000e4    r-- .intvecs
  000000e4    000000e4    00003b98   00003b98    r-x .text
  00003c7c    00003c7c    00000101   00000101    r-- .const
  00003d80    00003d80    00000048   00000048    r-- .cinit
20000000    20000000    000000d8   00000000    rw-
  20000000    20000000    00000073   00000000    rw- .bss
  20000074    20000074    00000064   00000000    rw- .data
2000fe00    2000fe00    00000200   00000000    rw-
  2000fe00    2000fe00    00000200   00000000    rw- .stack


SECTION ALLOCATION MAP

 output                                  attributes/
section   page    origin      length       input sections
--------  ----  ----------  ----------   ----------------
.intvecs   0    00000000    000000e4     
                  00000000    000000e4     startup_msp432p401r_ccs.obj (.intvecs:retain)

.text      0    000000e4    00003b98     
                  000000e4    00001904     main.obj (.text)
                  000019e8    00000a5e     rtsv7M4_T_le_v4SPD16_eabi.lib : _printfi.c.obj (.text:__TI_printfi)
                  00002446    00000002                                   : div0.asm.obj (.text)
                  00002448    00000334     system_msp432p401r.obj (.text)
                  0000277c    00000270     rtsv7M4_T_le_v4SPD16_eabi.lib : _printfi.c.obj (.text:_pconv_a)
                  000029ec    000001d0                                   : _printfi.c.obj (.text:_pconv_g)
                  00002bbc    000001b6                                   : fd_add_t2.asm.obj (.text)
                  00002d72    00000002     --HOLE-- [fill = 0]
                  00002d74    0000013c                                   : _printfi.c.obj (.text:_pconv_e)
                  00002eb0    00000136                                   : fd_div_t2.asm.obj (.text)
                  00002fe6    00000002     --HOLE-- [fill = 0]
                  00002fe8    00000124                                   : _printfi.c.obj (.text:fcvt)
                  0000310c    00000110                                   : s_scalbn.c.obj (.text:scalbn)
                  0000321c    000000fc                                   : fd_mul_t2.asm.obj (.text)
                  00003318    000000b1                                   : _printfi.c.obj (.text:_ltostr)
                  000033c9    00000001     --HOLE-- [fill = 0]
                  000033ca    0000009c                                   : memcpy_t2.asm.obj (.text)
                  00003466    00000096                                   : ull_div_t2.asm.obj (.text)
                  000034fc    00000086                                   : fd_cmp_t2.asm.obj (.text:__aeabi_cdcmple)
                  00003582    00000086                                   : fd_cmp_t2.asm.obj (.text:__aeabi_cdrcmple)
                  00003608    0000007a                                   : memset_t2.asm.obj (.text)
                  00003682    0000006e                                   : _printfi.c.obj (.text:_mcpy)
                  000036f0    0000006e                                   : fd_tos_t2.asm.obj (.text)
                  0000375e    00000068                                   : copy_decompress_lzss.c.obj (.text:decompress:lzss:__TI_decompress_lzss)
                  000037c6    00000002     --HOLE-- [fill = 0]
                  000037c8    00000064                                   : s_frexp.c.obj (.text:frexp)
                  0000382c    00000056                                   : _printfi.c.obj (.text:_pconv_f)
                  00003882    00000054                                   : ltoa.c.obj (.text:ltoa)
                  000038d6    00000052                                   : _printfi.c.obj (.text:_ecpy)
                  00003928    0000004c                                   : atoi.c.obj (.text:atoi)
                  00003974    00000048                                   : fd_toi_t2.asm.obj (.text)
                  000039bc    00000044                                   : autoinit.c.obj (.text:__TI_auto_init_nobinit_nopinit:__TI_auto_init_nobinit_nopinit)
                  00003a00    00000044                                   : fd_tou_t2.asm.obj (.text)
                  00003a44    00000040                                   : sprintf.c.obj (.text:sprintf)
                  00003a84    0000003e                                   : _printfi.c.obj (.text:_fcpy)
                  00003ac2    00000002     --HOLE-- [fill = 0]
                  00003ac4    00000038                                   : boot_cortex_m.c.obj (.text:_c_int00_noargs:_c_int00_noargs)
                  00003afc    00000038                                   : fs_tod_t2.asm.obj (.text)
                  00003b34    0000002e                                   : i_tofd_t2.asm.obj (.text)
                  00003b62    0000002c                                   : strncmp.c.obj (.text:strncmp)
                  00003b8e    00000020                                   : u_tofd_t2.asm.obj (.text)
                  00003bae    0000001c                                   : memccpy.c.obj (.text:memccpy)
                  00003bca    00000018                                   : sprintf.c.obj (.text:_outs)
                  00003be2    00000016                                   : strchr.c.obj (.text:strchr)
                  00003bf8    00000014                                   : s_copysign.c.obj (.text:copysign)
                  00003c0c    00000014                                   : strlen.c.obj (.text:strlen)
                  00003c20    00000012                                   : copy_zero_init.c.obj (.text:decompress:ZI:__TI_zero_init_nomemset:__TI_zero_init_nomemset)
                  00003c32    00000012                                   : wcslen.c.obj (.text:wcslen)
                  00003c44    0000000e                                   : copy_decompress_none.c.obj (.text:decompress:none:__TI_decompress_none)
                  00003c52    0000000e     startup_msp432p401r_ccs.obj (.text)
                  00003c60    0000000a     rtsv7M4_T_le_v4SPD16_eabi.lib : sprintf.c.obj (.text:_outc)
                  00003c6a    00000002     --HOLE-- [fill = 0]
                  00003c6c    00000008                                   : errno.c.obj (.text:__aeabi_errno_addr)
                  00003c74    00000004                                   : pre_init.c.obj (.text:_system_pre_init)
                  00003c78    00000004                                   : exit.c.obj (.text:abort:abort)

.const     0    00003c7c    00000101     
                  00003c7c    00000101     rtsv7M4_T_le_v4SPD16_eabi.lib : ctype.c.obj (.const:.string:_ctypes_)

.cinit     0    00003d80    00000048     
                  00003d80    0000001e     (.cinit..data.load) [load image, compression = lzss]
                  00003d9e    00000002     --HOLE-- [fill = 0]
                  00003da0    0000000c     (__TI_handler_table)
                  00003dac    00000004     --HOLE-- [fill = 0]
                  00003db0    00000008     (.cinit..bss.load) [load image, compression = zero_init]
                  00003db8    00000010     (__TI_cinit_table)

.init_array 
*          0    00000000    00000000     UNINITIALIZED

.binit     0    00000000    00000000     

.bss       0    20000000    00000073     UNINITIALIZED
                  20000000    00000064     (.common:INPUT_BUFFER)
                  20000064    00000004     (.common:tempAr)
                  20000068    00000004     (.common:time)
                  2000006c    00000003     (.common:now)
                  2000006f    00000002     (.common:alarm)
                  20000071    00000002     (.common:master)

.data      0    20000074    00000064     UNINITIALIZED
                  20000074    00000059     main.obj (.data)
                  200000cd    00000003     --HOLE--
                  200000d0    00000004     rtsv7M4_T_le_v4SPD16_eabi.lib : errno.c.obj (.data)
                  200000d4    00000004     system_msp432p401r.obj (.data)

.stack     0    2000fe00    00000200     UNINITIALIZED
                  2000fe00    00000004     rtsv7M4_T_le_v4SPD16_eabi.lib : boot_cortex_m.c.obj (.stack)
                  2000fe04    000001fc     --HOLE--

MODULE SUMMARY

       Module                        code    ro data   rw data
       ------                        ----    -------   -------
    .\
       main.obj                      6404    0         408    
       system_msp432p401r.obj        820     0         8      
       startup_msp432p401r_ccs.obj   14      228       0      
    +--+-----------------------------+-------+---------+---------+
       Total:                        7238    228       416    
                                                              
    C:\ti\ccs820\ccsv8\tools\compiler\ti-cgt-arm_18.1.4.LTS\lib\rtsv7M4_T_le_v4SPD16_eabi.lib
       _printfi.c.obj                4867    0         0      
       fd_add_t2.asm.obj             438     0         0      
       fd_div_t2.asm.obj             310     0         0      
       s_scalbn.c.obj                272     0         0      
       fd_cmp_t2.asm.obj             268     0         0      
       ctype.c.obj                   0       257       0      
       fd_mul_t2.asm.obj             252     0         0      
       memcpy_t2.asm.obj             156     0         0      
       ull_div_t2.asm.obj            150     0         0      
       memset_t2.asm.obj             122     0         0      
       fd_tos_t2.asm.obj             110     0         0      
       copy_decompress_lzss.c.obj    104     0         0      
       s_frexp.c.obj                 100     0         0      
       sprintf.c.obj                 98      0         0      
       ltoa.c.obj                    84      0         0      
       atoi.c.obj                    76      0         0      
       fd_toi_t2.asm.obj             72      0         0      
       autoinit.c.obj                68      0         0      
       fd_tou_t2.asm.obj             68      0         0      
       boot_cortex_m.c.obj           56      0         0      
       fs_tod_t2.asm.obj             56      0         0      
       i_tofd_t2.asm.obj             46      0         0      
       strncmp.c.obj                 44      0         0      
       u_tofd_t2.asm.obj             32      0         0      
       memccpy.c.obj                 28      0         0      
       strchr.c.obj                  22      0         0      
       s_copysign.c.obj              20      0         0      
       strlen.c.obj                  20      0         0      
       copy_zero_init.c.obj          18      0         0      
       wcslen.c.obj                  18      0         0      
       errno.c.obj                   8       0         8      
       copy_decompress_none.c.obj    14      0         0      
       exit.c.obj                    4       0         0      
       pre_init.c.obj                4       0         0      
       div0.asm.obj                  2       0         0      
    +--+-----------------------------+-------+---------+---------+
       Total:                        8007    257       8      
                                                              
       Stack:                        0       0         1024   
       Linker Generated:             0       66        0      
    +--+-----------------------------+-------+---------+---------+
       Grand Total:                  15245   551       1448   


LINKER GENERATED COPY TABLES

__TI_cinit_table @ 00003db8 records: 2, size/record: 8, table size: 16
	.data: load addr=00003d80, load size=0000001e bytes, run addr=20000074, run size=00000064 bytes, compression=lzss
	.bss: load addr=00003db0, load size=00000008 bytes, run addr=20000000, run size=00000073 bytes, compression=zero_init


LINKER GENERATED HANDLER TABLE

__TI_handler_table @ 00003da0 records: 3, size/record: 4, table size: 12
	index: 0, handler: __TI_decompress_lzss
	index: 1, handler: __TI_decompress_none
	index: 2, handler: __TI_zero_init


GLOBAL SYMBOLS: SORTED ALPHABETICALLY BY Name 

address   name                          
-------   ----                          
00000e45  ADC14_IRQHandler              
00000e45  ADC14_IRQHandler              
000013b7  ADC14init                     
00003c5f  AES256_IRQHandler             
200000b4  AMPM                          
200000b8  AMPM2                         
00003c5f  BusFault_Handler              
00003c79  C$$EXIT                       
00003c5f  COMP_E0_IRQHandler            
00003c5f  COMP_E1_IRQHandler            
00003c5f  CS_IRQHandler                 
00003c5f  DMA_ERR_IRQHandler            
00003c5f  DMA_INT0_IRQHandler           
00003c5f  DMA_INT1_IRQHandler           
00003c5f  DMA_INT2_IRQHandler           
00003c5f  DMA_INT3_IRQHandler           
00003c5f  DebugMon_Handler              
00003c5f  Default_Handler               
00001605  EUSCIA0_IRQHandler            
00001605  EUSCIA0_IRQHandler            
00003c5f  EUSCIA1_IRQHandler            
00003c5f  EUSCIA2_IRQHandler            
00003c5f  EUSCIA3_IRQHandler            
00003c5f  EUSCIB0_IRQHandler            
00003c5f  EUSCIB1_IRQHandler            
00003c5f  EUSCIB2_IRQHandler            
00003c5f  EUSCIB3_IRQHandler            
00003c5f  FLCTL_IRQHandler              
00003c5f  FPU_IRQHandler                
00003c5f  HardFault_Handler             
20000000  INPUT_BUFFER                  
000017b5  LCD_init                      
200000c4  LCDbrightness                 
00001425  LEDT32interrupt               
00001447  LED_init                      
00003c5f  MemManage_Handler             
00003c5f  NMI_Handler                   
00003c5f  PCM_IRQHandler                
000007c5  PORT1_IRQHandler              
000007c5  PORT1_IRQHandler              
00003c5f  PORT2_IRQHandler              
00003c5f  PORT3_IRQHandler              
00000841  PORT4_IRQHandler              
00000841  PORT4_IRQHandler              
00003c5f  PORT5_IRQHandler              
00003c5f  PORT6_IRQHandler              
00003c5f  PSS_IRQHandler                
00003c5f  PendSV_Handler                
00000be9  RTC_C_IRQHandler              
00000be9  RTC_C_IRQHandler              
20000094  RTC_flag                      
00003c53  Reset_Handler                 
00003c5f  SVC_Handler                   
00003c5f  SysTick_Handler               
00001965  SysTick_Init                  
200000d4  SystemCoreClock               
00002449  SystemCoreClockUpdate         
000026c1  SystemInit                    
00000669  T32_INT1_IRQHandler           
00000669  T32_INT1_IRQHandler           
00000695  T32_INT2_IRQHandler           
00000695  T32_INT2_IRQHandler           
00003c5f  T32_INTC_IRQHandler           
00003c5f  TA0_0_IRQHandler              
00003c5f  TA0_N_IRQHandler              
00003c5f  TA1_0_IRQHandler              
00003c5f  TA1_N_IRQHandler              
00003c5f  TA2_0_IRQHandler              
00003c5f  TA2_N_IRQHandler              
00003c5f  TA3_0_IRQHandler              
00001009  TA3_N_IRQHandler              
00001009  TA3_N_IRQHandler              
00003c5f  UsageFault_Handler            
4000480c  WDTCTL_SYM                    
00003c5f  WDT_A_IRQHandler              
20010000  __STACK_END                   
00000200  __STACK_SIZE                  
00003db8  __TI_CINIT_Base               
00003dc8  __TI_CINIT_Limit              
00003da0  __TI_Handler_Table_Base       
00003dac  __TI_Handler_Table_Limit      
000039bd  __TI_auto_init_nobinit_nopinit
0000375f  __TI_decompress_lzss          
00003c45  __TI_decompress_none          
ffffffff  __TI_pprof_out_hndl           
000019e9  __TI_printfi                  
ffffffff  __TI_prof_data_size           
ffffffff  __TI_prof_data_start          
00000000  __TI_static_base__            
00003c21  __TI_zero_init_nomemset       
000034fd  __aeabi_cdcmpeq               
000034fd  __aeabi_cdcmple               
00003583  __aeabi_cdrcmple              
000036f1  __aeabi_d2f                   
00003975  __aeabi_d2iz                  
00003a01  __aeabi_d2uiz                 
00002bc7  __aeabi_dadd                  
00002eb1  __aeabi_ddiv                  
0000321d  __aeabi_dmul                  
00002bbd  __aeabi_dsub                  
00003c6d  __aeabi_errno_addr            
00003afd  __aeabi_f2d                   
00003b35  __aeabi_i2d                   
00002447  __aeabi_idiv0                 
00002447  __aeabi_ldiv0                 
00003609  __aeabi_memclr                
00003609  __aeabi_memclr4               
00003609  __aeabi_memclr8               
000033cb  __aeabi_memcpy                
000033cb  __aeabi_memcpy4               
000033cb  __aeabi_memcpy8               
0000360b  __aeabi_memset                
0000360b  __aeabi_memset4               
0000360b  __aeabi_memset8               
00003b8f  __aeabi_ui2d                  
00003467  __aeabi_uldivmod              
ffffffff  __binit__                     
ffffffff  __c_args__                    
UNDEFED   __mpu_init                    
2000fe00  __stack                       
00003ac5  _c_int00_noargs               
00003c7c  _ctypes_                      
UNDEFED   _system_post_cinit            
00003c75  _system_pre_init              
00003c79  abort                         
2000006f  alarm                         
2000009c  alarmFlag                     
200000a4  alarmPresses                  
200000a0  alarmSoundFlag                
00003929  atoi                          
ffffffff  binit                         
200000c8  blinkFlag                     
00001855  commandWrite                  
00001369  configRTC                     
00003bf9  copysign                      
00003bf9  copysignl                     
00001899  dataWrite                     
000005cd  displayAMPM                   
00000509  displayAlarm                  
000016bd  displayAt                     
0000062f  displayHour                   
00000615  displayMin                    
20000078  duty                          
200000d0  errno                         
0000030d  extractTimeSerial             
000037c9  frexp                         
000037c9  frexpl                        
00001279  intAlarm                      
000011cd  intBlinkTimerA                
00001315  intButtons                    
0000122d  intLCDBrightness              
000012b3  intSpeedButton                
00000000  interruptVectors              
0000310d  ldexp                         
0000310d  ldexpl                        
200000c0  lightBrightness               
200000ac  lightOn                       
200000bc  lightsOn                      
00003883  ltoa                          
00000111  main                          
20000071  master                        
00003baf  memccpy                       
000033cb  memcpy                        
00003611  memset                        
2000006c  now                           
0000192b  pulseEnablePin                
000018cf  pushByte                      
000018f9  pushNibble                    
20000088  raw                           
2000008c  raw1                          
0000155d  readInput                     
20000075  read_location                 
200000b0  resetNeeded                   
0000310d  scalbn                        
0000310d  scalbnl                       
0000147f  setupSerial                   
200000a8  speed                         
00003a45  sprintf                       
200000cc  state                         
20000074  storage_location              
00003be3  strchr                        
00003c0d  strlen                        
00003b63  strncmp                       
00001981  sysTickDelay_ms               
000019a7  sysTickDelay_us               
20000064  tempAr                        
2000007c  tempC                         
20000080  tempF                         
00001409  tempT32interrupt              
20000068  time                          
20000098  timePresses                   
000005b7  toggleAMPM                    
0000057f  toggleAMPM2                   
000004ad  toggleAlarm                   
20000084  voltage                       
20000090  voltage1                      
00000469  wakeUpLights                  
00003c33  wcslen                        
000014e3  writeOutput                   


GLOBAL SYMBOLS: SORTED BY Symbol Address 

address   name                          
-------   ----                          
00000000  __TI_static_base__            
00000000  interruptVectors              
00000111  main                          
00000200  __STACK_SIZE                  
0000030d  extractTimeSerial             
00000469  wakeUpLights                  
000004ad  toggleAlarm                   
00000509  displayAlarm                  
0000057f  toggleAMPM2                   
000005b7  toggleAMPM                    
000005cd  displayAMPM                   
00000615  displayMin                    
0000062f  displayHour                   
00000669  T32_INT1_IRQHandler           
00000669  T32_INT1_IRQHandler           
00000695  T32_INT2_IRQHandler           
00000695  T32_INT2_IRQHandler           
000007c5  PORT1_IRQHandler              
000007c5  PORT1_IRQHandler              
00000841  PORT4_IRQHandler              
00000841  PORT4_IRQHandler              
00000be9  RTC_C_IRQHandler              
00000be9  RTC_C_IRQHandler              
00000e45  ADC14_IRQHandler              
00000e45  ADC14_IRQHandler              
00001009  TA3_N_IRQHandler              
00001009  TA3_N_IRQHandler              
000011cd  intBlinkTimerA                
0000122d  intLCDBrightness              
00001279  intAlarm                      
000012b3  intSpeedButton                
00001315  intButtons                    
00001369  configRTC                     
000013b7  ADC14init                     
00001409  tempT32interrupt              
00001425  LEDT32interrupt               
00001447  LED_init                      
0000147f  setupSerial                   
000014e3  writeOutput                   
0000155d  readInput                     
00001605  EUSCIA0_IRQHandler            
00001605  EUSCIA0_IRQHandler            
000016bd  displayAt                     
000017b5  LCD_init                      
00001855  commandWrite                  
00001899  dataWrite                     
000018cf  pushByte                      
000018f9  pushNibble                    
0000192b  pulseEnablePin                
00001965  SysTick_Init                  
00001981  sysTickDelay_ms               
000019a7  sysTickDelay_us               
000019e9  __TI_printfi                  
00002447  __aeabi_idiv0                 
00002447  __aeabi_ldiv0                 
00002449  SystemCoreClockUpdate         
000026c1  SystemInit                    
00002bbd  __aeabi_dsub                  
00002bc7  __aeabi_dadd                  
00002eb1  __aeabi_ddiv                  
0000310d  ldexp                         
0000310d  ldexpl                        
0000310d  scalbn                        
0000310d  scalbnl                       
0000321d  __aeabi_dmul                  
000033cb  __aeabi_memcpy                
000033cb  __aeabi_memcpy4               
000033cb  __aeabi_memcpy8               
000033cb  memcpy                        
00003467  __aeabi_uldivmod              
000034fd  __aeabi_cdcmpeq               
000034fd  __aeabi_cdcmple               
00003583  __aeabi_cdrcmple              
00003609  __aeabi_memclr                
00003609  __aeabi_memclr4               
00003609  __aeabi_memclr8               
0000360b  __aeabi_memset                
0000360b  __aeabi_memset4               
0000360b  __aeabi_memset8               
00003611  memset                        
000036f1  __aeabi_d2f                   
0000375f  __TI_decompress_lzss          
000037c9  frexp                         
000037c9  frexpl                        
00003883  ltoa                          
00003929  atoi                          
00003975  __aeabi_d2iz                  
000039bd  __TI_auto_init_nobinit_nopinit
00003a01  __aeabi_d2uiz                 
00003a45  sprintf                       
00003ac5  _c_int00_noargs               
00003afd  __aeabi_f2d                   
00003b35  __aeabi_i2d                   
00003b63  strncmp                       
00003b8f  __aeabi_ui2d                  
00003baf  memccpy                       
00003be3  strchr                        
00003bf9  copysign                      
00003bf9  copysignl                     
00003c0d  strlen                        
00003c21  __TI_zero_init_nomemset       
00003c33  wcslen                        
00003c45  __TI_decompress_none          
00003c53  Reset_Handler                 
00003c5f  AES256_IRQHandler             
00003c5f  BusFault_Handler              
00003c5f  COMP_E0_IRQHandler            
00003c5f  COMP_E1_IRQHandler            
00003c5f  CS_IRQHandler                 
00003c5f  DMA_ERR_IRQHandler            
00003c5f  DMA_INT0_IRQHandler           
00003c5f  DMA_INT1_IRQHandler           
00003c5f  DMA_INT2_IRQHandler           
00003c5f  DMA_INT3_IRQHandler           
00003c5f  DebugMon_Handler              
00003c5f  Default_Handler               
00003c5f  EUSCIA1_IRQHandler            
00003c5f  EUSCIA2_IRQHandler            
00003c5f  EUSCIA3_IRQHandler            
00003c5f  EUSCIB0_IRQHandler            
00003c5f  EUSCIB1_IRQHandler            
00003c5f  EUSCIB2_IRQHandler            
00003c5f  EUSCIB3_IRQHandler            
00003c5f  FLCTL_IRQHandler              
00003c5f  FPU_IRQHandler                
00003c5f  HardFault_Handler             
00003c5f  MemManage_Handler             
00003c5f  NMI_Handler                   
00003c5f  PCM_IRQHandler                
00003c5f  PORT2_IRQHandler              
00003c5f  PORT3_IRQHandler              
00003c5f  PORT5_IRQHandler              
00003c5f  PORT6_IRQHandler              
00003c5f  PSS_IRQHandler                
00003c5f  PendSV_Handler                
00003c5f  SVC_Handler                   
00003c5f  SysTick_Handler               
00003c5f  T32_INTC_IRQHandler           
00003c5f  TA0_0_IRQHandler              
00003c5f  TA0_N_IRQHandler              
00003c5f  TA1_0_IRQHandler              
00003c5f  TA1_N_IRQHandler              
00003c5f  TA2_0_IRQHandler              
00003c5f  TA2_N_IRQHandler              
00003c5f  TA3_0_IRQHandler              
00003c5f  UsageFault_Handler            
00003c5f  WDT_A_IRQHandler              
00003c6d  __aeabi_errno_addr            
00003c75  _system_pre_init              
00003c79  C$$EXIT                       
00003c79  abort                         
00003c7c  _ctypes_                      
00003da0  __TI_Handler_Table_Base       
00003dac  __TI_Handler_Table_Limit      
00003db8  __TI_CINIT_Base               
00003dc8  __TI_CINIT_Limit              
20000000  INPUT_BUFFER                  
20000064  tempAr                        
20000068  time                          
2000006c  now                           
2000006f  alarm                         
20000071  master                        
20000074  storage_location              
20000075  read_location                 
20000078  duty                          
2000007c  tempC                         
20000080  tempF                         
20000084  voltage                       
20000088  raw                           
2000008c  raw1                          
20000090  voltage1                      
20000094  RTC_flag                      
20000098  timePresses                   
2000009c  alarmFlag                     
200000a0  alarmSoundFlag                
200000a4  alarmPresses                  
200000a8  speed                         
200000ac  lightOn                       
200000b0  resetNeeded                   
200000b4  AMPM                          
200000b8  AMPM2                         
200000bc  lightsOn                      
200000c0  lightBrightness               
200000c4  LCDbrightness                 
200000c8  blinkFlag                     
200000cc  state                         
200000d0  errno                         
200000d4  SystemCoreClock               
2000fe00  __stack                       
20010000  __STACK_END                   
4000480c  WDTCTL_SYM                    
ffffffff  __TI_pprof_out_hndl           
ffffffff  __TI_prof_data_size           
ffffffff  __TI_prof_data_start          
ffffffff  __binit__                     
ffffffff  __c_args__                    
ffffffff  binit                         
UNDEFED   __mpu_init                    
UNDEFED   _system_post_cinit            

[199 symbols]
