******************************************************************************
                  TI ARM Linker PC v18.1.4                     
******************************************************************************
>> Linked Tue Dec  4 00:32:29 2018

OUTPUT FILE NAME:   <Final Project.out>
ENTRY POINT SYMBOL: "_c_int00_noargs"  address: 00003211


MEMORY CONFIGURATION

         name            origin    length      used     unused   attr    fill
----------------------  --------  ---------  --------  --------  ----  --------
  MAIN                  00000000   00040000  000034bd  0003cb43  R  X
  INFO                  00200000   00004000  00000000  00004000  R  X
  SRAM_CODE             01000000   00010000  00000259  0000fda7  RW X
  SRAM_DATA             20000000   00010000  00000259  0000fda7  RW  


SEGMENT ALLOCATION MAP

run origin  load origin   length   init length attrs members
----------  ----------- ---------- ----------- ----- -------
00000000    00000000    000034c0   000034c0    r-x
  00000000    00000000    000000e4   000000e4    r-- .intvecs
  000000e4    000000e4    00003298   00003298    r-x .text
  0000337c    0000337c    00000101   00000101    r-- .const
  00003480    00003480    00000040   00000040    r-- .cinit
20000000    20000000    00000059   00000000    rw-
  20000000    20000000    0000004c   00000000    rw- .data
  2000004c    2000004c    0000000d   00000000    rw- .bss
2000fe00    2000fe00    00000200   00000000    rw-
  2000fe00    2000fe00    00000200   00000000    rw- .stack


SECTION ALLOCATION MAP

 output                                  attributes/
section   page    origin      length       input sections
--------  ----  ----------  ----------   ----------------
.intvecs   0    00000000    000000e4     
                  00000000    000000e4     startup_msp432p401r_ccs.obj (.intvecs:retain)

.text      0    000000e4    00003298     
                  000000e4    00001094     main.obj (.text)
                  00001178    00000a5e     rtsv7M4_T_le_v4SPD16_eabi.lib : _printfi.c.obj (.text:__TI_printfi)
                  00001bd6    00000002                                   : div0.asm.obj (.text)
                  00001bd8    00000334     system_msp432p401r.obj (.text)
                  00001f0c    00000270     rtsv7M4_T_le_v4SPD16_eabi.lib : _printfi.c.obj (.text:_pconv_a)
                  0000217c    000001d0                                   : _printfi.c.obj (.text:_pconv_g)
                  0000234c    000001b6                                   : fd_add_t2.asm.obj (.text)
                  00002502    00000002     --HOLE-- [fill = 0]
                  00002504    0000013c                                   : _printfi.c.obj (.text:_pconv_e)
                  00002640    00000136                                   : fd_div_t2.asm.obj (.text)
                  00002776    00000002     --HOLE-- [fill = 0]
                  00002778    00000124                                   : _printfi.c.obj (.text:fcvt)
                  0000289c    00000110                                   : s_scalbn.c.obj (.text:scalbn)
                  000029ac    000000fc                                   : fd_mul_t2.asm.obj (.text)
                  00002aa8    000000b1                                   : _printfi.c.obj (.text:_ltostr)
                  00002b59    00000001     --HOLE-- [fill = 0]
                  00002b5a    0000009c                                   : memcpy_t2.asm.obj (.text)
                  00002bf6    00000096                                   : ull_div_t2.asm.obj (.text)
                  00002c8c    00000086                                   : fd_cmp_t2.asm.obj (.text:__aeabi_cdcmple)
                  00002d12    00000086                                   : fd_cmp_t2.asm.obj (.text:__aeabi_cdrcmple)
                  00002d98    0000007a                                   : memset_t2.asm.obj (.text)
                  00002e12    0000006e                                   : _printfi.c.obj (.text:_mcpy)
                  00002e80    0000006e                                   : fd_tos_t2.asm.obj (.text)
                  00002eee    00000068                                   : copy_decompress_lzss.c.obj (.text:decompress:lzss:__TI_decompress_lzss)
                  00002f56    00000002     --HOLE-- [fill = 0]
                  00002f58    00000064                                   : s_frexp.c.obj (.text:frexp)
                  00002fbc    00000056                                   : _printfi.c.obj (.text:_pconv_f)
                  00003012    00000054                                   : ltoa.c.obj (.text:ltoa)
                  00003066    00000052                                   : _printfi.c.obj (.text:_ecpy)
                  000030b8    0000004c                                   : atoi.c.obj (.text:atoi)
                  00003104    00000048                                   : fd_toi_t2.asm.obj (.text)
                  0000314c    00000044                                   : autoinit.c.obj (.text:__TI_auto_init_nobinit_nopinit:__TI_auto_init_nobinit_nopinit)
                  00003190    00000040                                   : sprintf.c.obj (.text:sprintf)
                  000031d0    0000003e                                   : _printfi.c.obj (.text:_fcpy)
                  0000320e    00000002     --HOLE-- [fill = 0]
                  00003210    00000038                                   : boot_cortex_m.c.obj (.text:_c_int00_noargs:_c_int00_noargs)
                  00003248    00000038                                   : fs_tod_t2.asm.obj (.text)
                  00003280    0000002e                                   : i_tofd_t2.asm.obj (.text)
                  000032ae    0000001c                                   : memccpy.c.obj (.text:memccpy)
                  000032ca    00000018                                   : sprintf.c.obj (.text:_outs)
                  000032e2    00000016                                   : strchr.c.obj (.text:strchr)
                  000032f8    00000014                                   : s_copysign.c.obj (.text:copysign)
                  0000330c    00000014                                   : strlen.c.obj (.text:strlen)
                  00003320    00000012                                   : copy_zero_init.c.obj (.text:decompress:ZI:__TI_zero_init_nomemset:__TI_zero_init_nomemset)
                  00003332    00000012                                   : wcslen.c.obj (.text:wcslen)
                  00003344    0000000e                                   : copy_decompress_none.c.obj (.text:decompress:none:__TI_decompress_none)
                  00003352    0000000e     startup_msp432p401r_ccs.obj (.text)
                  00003360    0000000a     rtsv7M4_T_le_v4SPD16_eabi.lib : sprintf.c.obj (.text:_outc)
                  0000336a    00000002     --HOLE-- [fill = 0]
                  0000336c    00000008                                   : errno.c.obj (.text:__aeabi_errno_addr)
                  00003374    00000004                                   : pre_init.c.obj (.text:_system_pre_init)
                  00003378    00000004                                   : exit.c.obj (.text:abort:abort)

.const     0    0000337c    00000101     
                  0000337c    00000101     rtsv7M4_T_le_v4SPD16_eabi.lib : ctype.c.obj (.const:.string:_ctypes_)

.cinit     0    00003480    00000040     
                  00003480    00000016     (.cinit..data.load) [load image, compression = lzss]
                  00003496    00000002     --HOLE-- [fill = 0]
                  00003498    0000000c     (__TI_handler_table)
                  000034a4    00000004     --HOLE-- [fill = 0]
                  000034a8    00000008     (.cinit..bss.load) [load image, compression = zero_init]
                  000034b0    00000010     (__TI_cinit_table)

.init_array 
*          0    00000000    00000000     UNINITIALIZED

.binit     0    00000000    00000000     

.data      0    20000000    0000004c     UNINITIALIZED
                  20000000    00000044     main.obj (.data)
                  20000044    00000004     rtsv7M4_T_le_v4SPD16_eabi.lib : errno.c.obj (.data)
                  20000048    00000004     system_msp432p401r.obj (.data)

.bss       0    2000004c    0000000d     UNINITIALIZED
                  2000004c    00000004     (.common:tempAr)
                  20000050    00000004     (.common:time)
                  20000054    00000003     (.common:now)
                  20000057    00000002     (.common:alarm)

.stack     0    2000fe00    00000200     UNINITIALIZED
                  2000fe00    00000004     rtsv7M4_T_le_v4SPD16_eabi.lib : boot_cortex_m.c.obj (.stack)
                  2000fe04    000001fc     --HOLE--

MODULE SUMMARY

       Module                        code    ro data   rw data
       ------                        ----    -------   -------
    .\
       main.obj                      4244    0         162    
       system_msp432p401r.obj        820     0         8      
       startup_msp432p401r_ccs.obj   14      228       0      
    +--+-----------------------------+-------+---------+---------+
       Total:                        5078    228       170    
                                                              
    C:\ti\ccs820\ccsv8\tools\compiler\ti-cgt-arm_18.1.4.LTS\lib\rtsv7M4_T_le_v4SPD16_eabi.lib
       _printfi.c.obj                4867    0         0      
       fd_add_t2.asm.obj             438     0         0      
       fd_div_t2.asm.obj             310     0         0      
       s_scalbn.c.obj                272     0         0      
       fd_cmp_t2.asm.obj             268     0         0      
       ctype.c.obj                   0       257       0      
       fd_mul_t2.asm.obj             252     0         0      
       memcpy_t2.asm.obj             156     0         0      
       ull_div_t2.asm.obj            150     0         0      
       memset_t2.asm.obj             122     0         0      
       fd_tos_t2.asm.obj             110     0         0      
       copy_decompress_lzss.c.obj    104     0         0      
       s_frexp.c.obj                 100     0         0      
       sprintf.c.obj                 98      0         0      
       ltoa.c.obj                    84      0         0      
       atoi.c.obj                    76      0         0      
       fd_toi_t2.asm.obj             72      0         0      
       autoinit.c.obj                68      0         0      
       boot_cortex_m.c.obj           56      0         0      
       fs_tod_t2.asm.obj             56      0         0      
       i_tofd_t2.asm.obj             46      0         0      
       memccpy.c.obj                 28      0         0      
       strchr.c.obj                  22      0         0      
       s_copysign.c.obj              20      0         0      
       strlen.c.obj                  20      0         0      
       copy_zero_init.c.obj          18      0         0      
       wcslen.c.obj                  18      0         0      
       errno.c.obj                   8       0         8      
       copy_decompress_none.c.obj    14      0         0      
       exit.c.obj                    4       0         0      
       pre_init.c.obj                4       0         0      
       div0.asm.obj                  2       0         0      
    +--+-----------------------------+-------+---------+---------+
       Total:                        7863    257       8      
                                                              
       Stack:                        0       0         1024   
       Linker Generated:             0       58        0      
    +--+-----------------------------+-------+---------+---------+
       Grand Total:                  12941   543       1202   


LINKER GENERATED COPY TABLES

__TI_cinit_table @ 000034b0 records: 2, size/record: 8, table size: 16
	.data: load addr=00003480, load size=00000016 bytes, run addr=20000000, run size=0000004c bytes, compression=lzss
	.bss: load addr=000034a8, load size=00000008 bytes, run addr=2000004c, run size=0000000d bytes, compression=zero_init


LINKER GENERATED HANDLER TABLE

__TI_handler_table @ 00003498 records: 3, size/record: 4, table size: 12
	index: 0, handler: __TI_decompress_lzss
	index: 1, handler: __TI_decompress_none
	index: 2, handler: __TI_zero_init


GLOBAL SYMBOLS: SORTED ALPHABETICALLY BY Name 

address   name                          
-------   ----                          
00000761  ADC14_IRQHandler              
00000761  ADC14_IRQHandler              
00000cc9  ADC14init                     
0000335f  AES256_IRQHandler             
2000002c  AMPM                          
20000030  AMPM2                         
0000335f  BusFault_Handler              
00003379  C$$EXIT                       
0000335f  COMP_E0_IRQHandler            
0000335f  COMP_E1_IRQHandler            
0000335f  CS_IRQHandler                 
0000335f  DMA_ERR_IRQHandler            
0000335f  DMA_INT0_IRQHandler           
0000335f  DMA_INT1_IRQHandler           
0000335f  DMA_INT2_IRQHandler           
0000335f  DMA_INT3_IRQHandler           
0000335f  DebugMon_Handler              
0000335f  Default_Handler               
0000335f  EUSCIA0_IRQHandler            
0000335f  EUSCIA1_IRQHandler            
0000335f  EUSCIA2_IRQHandler            
0000335f  EUSCIA3_IRQHandler            
0000335f  EUSCIB0_IRQHandler            
0000335f  EUSCIB1_IRQHandler            
0000335f  EUSCIB2_IRQHandler            
0000335f  EUSCIB3_IRQHandler            
0000335f  FLCTL_IRQHandler              
0000335f  FPU_IRQHandler                
0000335f  HardFault_Handler             
00000edd  LCD_init                      
2000003c  LCDbrightness                 
00000d31  LEDT32interrupt               
00000d4d  LED_init                      
0000335f  MemManage_Handler             
0000335f  NMI_Handler                   
0000335f  PCM_IRQHandler                
00000353  PORT1_IRQHandler              
00000353  PORT1_IRQHandler              
0000335f  PORT2_IRQHandler              
0000335f  PORT3_IRQHandler              
000003f5  PORT4_IRQHandler              
000003f5  PORT4_IRQHandler              
0000335f  PORT5_IRQHandler              
0000335f  PORT6_IRQHandler              
0000335f  PSS_IRQHandler                
0000335f  PendSV_Handler                
0000062d  RTC_C_IRQHandler              
0000062d  RTC_C_IRQHandler              
20000018  RTC_flag                      
00003353  Reset_Handler                 
0000335f  SVC_Handler                   
0000335f  SysTick_Handler               
000010f5  SysTick_Init                  
20000048  SystemCoreClock               
00001bd9  SystemCoreClockUpdate         
00001e51  SystemInit                    
000002fb  T32_INT1_IRQHandler           
000002fb  T32_INT1_IRQHandler           
0000030d  T32_INT2_IRQHandler           
0000030d  T32_INT2_IRQHandler           
0000335f  T32_INTC_IRQHandler           
0000335f  TA0_0_IRQHandler              
0000335f  TA0_N_IRQHandler              
0000335f  TA1_0_IRQHandler              
0000335f  TA1_N_IRQHandler              
0000335f  TA2_0_IRQHandler              
0000335f  TA2_N_IRQHandler              
0000335f  TA3_0_IRQHandler              
00000925  TA3_N_IRQHandler              
00000925  TA3_N_IRQHandler              
0000335f  UsageFault_Handler            
4000480c  WDTCTL_SYM                    
0000335f  WDT_A_IRQHandler              
20010000  __STACK_END                   
00000200  __STACK_SIZE                  
000034b0  __TI_CINIT_Base               
000034c0  __TI_CINIT_Limit              
00003498  __TI_Handler_Table_Base       
000034a4  __TI_Handler_Table_Limit      
0000314d  __TI_auto_init_nobinit_nopinit
00002eef  __TI_decompress_lzss          
00003345  __TI_decompress_none          
ffffffff  __TI_pprof_out_hndl           
00001179  __TI_printfi                  
ffffffff  __TI_prof_data_size           
ffffffff  __TI_prof_data_start          
00000000  __TI_static_base__            
00003321  __TI_zero_init_nomemset       
00002c8d  __aeabi_cdcmpeq               
00002c8d  __aeabi_cdcmple               
00002d13  __aeabi_cdrcmple              
00002e81  __aeabi_d2f                   
00003105  __aeabi_d2iz                  
00002357  __aeabi_dadd                  
00002641  __aeabi_ddiv                  
000029ad  __aeabi_dmul                  
0000234d  __aeabi_dsub                  
0000336d  __aeabi_errno_addr            
00003249  __aeabi_f2d                   
00003281  __aeabi_i2d                   
00001bd7  __aeabi_idiv0                 
00001bd7  __aeabi_ldiv0                 
00002d99  __aeabi_memclr                
00002d99  __aeabi_memclr4               
00002d99  __aeabi_memclr8               
00002b5b  __aeabi_memcpy                
00002b5b  __aeabi_memcpy4               
00002b5b  __aeabi_memcpy8               
00002d9b  __aeabi_memset                
00002d9b  __aeabi_memset4               
00002d9b  __aeabi_memset8               
00002bf7  __aeabi_uldivmod              
ffffffff  __binit__                     
ffffffff  __c_args__                    
UNDEFED   __mpu_init                    
2000fe00  __stack                       
00003211  _c_int00_noargs               
0000337c  _ctypes_                      
UNDEFED   _system_post_cinit            
00003375  _system_pre_init              
00003379  abort                         
20000057  alarm                         
20000020  alarmFlag                     
20000024  alarmPresses                  
000030b9  atoi                          
ffffffff  binit                         
20000040  blinkFlag                     
00000f99  commandWrite                  
00000c75  configRTC                     
000032f9  copysign                      
000032f9  copysignl                     
00000fe9  dataWrite                     
00000271  displayAMPM                   
000001c9  displayAlarm                  
00000db1  displayAt                     
000002c1  displayHour                   
000002a7  displayMin                    
20000044  errno                         
00002f59  frexp                         
00002f59  frexpl                        
00000b8d  intAlarm                      
00000ae9  intBlinkTimerA                
00000c21  intButtons                    
00000b49  intLCDBrightness              
00000bc1  intSpeedButton                
00000000  interruptVectors              
0000289d  ldexp                         
0000289d  ldexpl                        
20000038  lightBrightness               
20000034  lightsOn                      
00003013  ltoa                          
00000111  main                          
000032af  memccpy                       
00002b5b  memcpy                        
00002da1  memset                        
20000054  now                           
000010c1  pulseEnablePin                
00001041  pushByte                      
00001089  pushNibble                    
2000000c  raw                           
20000010  raw1                          
0000289d  scalbn                        
0000289d  scalbnl                       
20000028  speed                         
00003191  sprintf                       
000032e3  strchr                        
0000330d  strlen                        
00001111  sysTickDelay_ms               
00001137  sysTickDelay_us               
2000004c  tempAr                        
20000000  tempC                         
20000004  tempF                         
00000d1b  tempT32interrupt              
20000050  time                          
2000001c  timePresses                   
0000025b  toggleAMPM                    
0000022f  toggleAMPM2                   
0000019d  toggleAlarm                   
20000008  voltage                       
20000014  voltage1                      
00000191  wakeUpLights                  
00003333  wcslen                        


GLOBAL SYMBOLS: SORTED BY Symbol Address 

address   name                          
-------   ----                          
00000000  __TI_static_base__            
00000000  interruptVectors              
00000111  main                          
00000191  wakeUpLights                  
0000019d  toggleAlarm                   
000001c9  displayAlarm                  
00000200  __STACK_SIZE                  
0000022f  toggleAMPM2                   
0000025b  toggleAMPM                    
00000271  displayAMPM                   
000002a7  displayMin                    
000002c1  displayHour                   
000002fb  T32_INT1_IRQHandler           
000002fb  T32_INT1_IRQHandler           
0000030d  T32_INT2_IRQHandler           
0000030d  T32_INT2_IRQHandler           
00000353  PORT1_IRQHandler              
00000353  PORT1_IRQHandler              
000003f5  PORT4_IRQHandler              
000003f5  PORT4_IRQHandler              
0000062d  RTC_C_IRQHandler              
0000062d  RTC_C_IRQHandler              
00000761  ADC14_IRQHandler              
00000761  ADC14_IRQHandler              
00000925  TA3_N_IRQHandler              
00000925  TA3_N_IRQHandler              
00000ae9  intBlinkTimerA                
00000b49  intLCDBrightness              
00000b8d  intAlarm                      
00000bc1  intSpeedButton                
00000c21  intButtons                    
00000c75  configRTC                     
00000cc9  ADC14init                     
00000d1b  tempT32interrupt              
00000d31  LEDT32interrupt               
00000d4d  LED_init                      
00000db1  displayAt                     
00000edd  LCD_init                      
00000f99  commandWrite                  
00000fe9  dataWrite                     
00001041  pushByte                      
00001089  pushNibble                    
000010c1  pulseEnablePin                
000010f5  SysTick_Init                  
00001111  sysTickDelay_ms               
00001137  sysTickDelay_us               
00001179  __TI_printfi                  
00001bd7  __aeabi_idiv0                 
00001bd7  __aeabi_ldiv0                 
00001bd9  SystemCoreClockUpdate         
00001e51  SystemInit                    
0000234d  __aeabi_dsub                  
00002357  __aeabi_dadd                  
00002641  __aeabi_ddiv                  
0000289d  ldexp                         
0000289d  ldexpl                        
0000289d  scalbn                        
0000289d  scalbnl                       
000029ad  __aeabi_dmul                  
00002b5b  __aeabi_memcpy                
00002b5b  __aeabi_memcpy4               
00002b5b  __aeabi_memcpy8               
00002b5b  memcpy                        
00002bf7  __aeabi_uldivmod              
00002c8d  __aeabi_cdcmpeq               
00002c8d  __aeabi_cdcmple               
00002d13  __aeabi_cdrcmple              
00002d99  __aeabi_memclr                
00002d99  __aeabi_memclr4               
00002d99  __aeabi_memclr8               
00002d9b  __aeabi_memset                
00002d9b  __aeabi_memset4               
00002d9b  __aeabi_memset8               
00002da1  memset                        
00002e81  __aeabi_d2f                   
00002eef  __TI_decompress_lzss          
00002f59  frexp                         
00002f59  frexpl                        
00003013  ltoa                          
000030b9  atoi                          
00003105  __aeabi_d2iz                  
0000314d  __TI_auto_init_nobinit_nopinit
00003191  sprintf                       
00003211  _c_int00_noargs               
00003249  __aeabi_f2d                   
00003281  __aeabi_i2d                   
000032af  memccpy                       
000032e3  strchr                        
000032f9  copysign                      
000032f9  copysignl                     
0000330d  strlen                        
00003321  __TI_zero_init_nomemset       
00003333  wcslen                        
00003345  __TI_decompress_none          
00003353  Reset_Handler                 
0000335f  AES256_IRQHandler             
0000335f  BusFault_Handler              
0000335f  COMP_E0_IRQHandler            
0000335f  COMP_E1_IRQHandler            
0000335f  CS_IRQHandler                 
0000335f  DMA_ERR_IRQHandler            
0000335f  DMA_INT0_IRQHandler           
0000335f  DMA_INT1_IRQHandler           
0000335f  DMA_INT2_IRQHandler           
0000335f  DMA_INT3_IRQHandler           
0000335f  DebugMon_Handler              
0000335f  Default_Handler               
0000335f  EUSCIA0_IRQHandler            
0000335f  EUSCIA1_IRQHandler            
0000335f  EUSCIA2_IRQHandler            
0000335f  EUSCIA3_IRQHandler            
0000335f  EUSCIB0_IRQHandler            
0000335f  EUSCIB1_IRQHandler            
0000335f  EUSCIB2_IRQHandler            
0000335f  EUSCIB3_IRQHandler            
0000335f  FLCTL_IRQHandler              
0000335f  FPU_IRQHandler                
0000335f  HardFault_Handler             
0000335f  MemManage_Handler             
0000335f  NMI_Handler                   
0000335f  PCM_IRQHandler                
0000335f  PORT2_IRQHandler              
0000335f  PORT3_IRQHandler              
0000335f  PORT5_IRQHandler              
0000335f  PORT6_IRQHandler              
0000335f  PSS_IRQHandler                
0000335f  PendSV_Handler                
0000335f  SVC_Handler                   
0000335f  SysTick_Handler               
0000335f  T32_INTC_IRQHandler           
0000335f  TA0_0_IRQHandler              
0000335f  TA0_N_IRQHandler              
0000335f  TA1_0_IRQHandler              
0000335f  TA1_N_IRQHandler              
0000335f  TA2_0_IRQHandler              
0000335f  TA2_N_IRQHandler              
0000335f  TA3_0_IRQHandler              
0000335f  UsageFault_Handler            
0000335f  WDT_A_IRQHandler              
0000336d  __aeabi_errno_addr            
00003375  _system_pre_init              
00003379  C$$EXIT                       
00003379  abort                         
0000337c  _ctypes_                      
00003498  __TI_Handler_Table_Base       
000034a4  __TI_Handler_Table_Limit      
000034b0  __TI_CINIT_Base               
000034c0  __TI_CINIT_Limit              
20000000  tempC                         
20000004  tempF                         
20000008  voltage                       
2000000c  raw                           
20000010  raw1                          
20000014  voltage1                      
20000018  RTC_flag                      
2000001c  timePresses                   
20000020  alarmFlag                     
20000024  alarmPresses                  
20000028  speed                         
2000002c  AMPM                          
20000030  AMPM2                         
20000034  lightsOn                      
20000038  lightBrightness               
2000003c  LCDbrightness                 
20000040  blinkFlag                     
20000044  errno                         
20000048  SystemCoreClock               
2000004c  tempAr                        
20000050  time                          
20000054  now                           
20000057  alarm                         
2000fe00  __stack                       
20010000  __STACK_END                   
4000480c  WDTCTL_SYM                    
ffffffff  __TI_pprof_out_hndl           
ffffffff  __TI_prof_data_size           
ffffffff  __TI_prof_data_start          
ffffffff  __binit__                     
ffffffff  __c_args__                    
ffffffff  binit                         
UNDEFED   __mpu_init                    
UNDEFED   _system_post_cinit            

[182 symbols]
