******************************************************************************
                  TI ARM Linker Unix v18.1.4                   
******************************************************************************
>> Linked Thu Nov 29 00:29:05 2018

OUTPUT FILE NAME:   <Final Project.out>
ENTRY POINT SYMBOL: "_c_int00_noargs"  address: 00002e89


MEMORY CONFIGURATION

         name            origin    length      used     unused   attr    fill
----------------------  --------  ---------  --------  --------  ----  --------
  MAIN                  00000000   00040000  00003335  0003cccb  R  X
  INFO                  00200000   00004000  00000000  00004000  R  X
  SRAM_CODE             01000000   00010000  000009bd  0000f643  RW X
  SRAM_DATA             20000000   00010000  000009bd  0000f643  RW  


SEGMENT ALLOCATION MAP

run origin  load origin   length   init length attrs members
----------  ----------- ---------- ----------- ----- -------
00000000    00000000    00003338   00003338    r-x
  00000000    00000000    000000e4   000000e4    r-- .intvecs
  000000e4    000000e4    000030b8   000030b8    r-x .text
  0000319c    0000319c    00000101   00000101    r-- .const
  000032a0    000032a0    00000098   00000098    r-- .cinit
20000000    20000000    000007c0   00000000    rw-
  20000000    20000000    00000400   00000000    rw- .sysmem
  20000400    20000400    000001f1   00000000    rw- .data
  200005f4    200005f4    000001cc   00000000    rw- .bss
2000fe00    2000fe00    00000200   00000000    rw-
  2000fe00    2000fe00    00000200   00000000    rw- .stack


SECTION ALLOCATION MAP

 output                                  attributes/
section   page    origin      length       input sections
--------  ----  ----------  ----------   ----------------
.intvecs   0    00000000    000000e4     
                  00000000    000000e4     startup_msp432p401r_ccs.obj (.intvecs:retain)

.text      0    000000e4    000030b8     
                  000000e4    00000a5e     rtsv7M4_T_le_v4SPD16_eabi.lib : _printfi.c.obj (.text:__TI_printfi)
                  00000b42    00000002                                   : _lock.c.obj (.text:_nop)
                  00000b44    00000438     main.obj (.text)
                  00000f7c    00000334     system_msp432p401r.obj (.text)
                  000012b0    00000270     rtsv7M4_T_le_v4SPD16_eabi.lib : _printfi.c.obj (.text:_pconv_a)
                  00001520    000001d0                                   : _printfi.c.obj (.text:_pconv_g)
                  000016f0    000001b6                                   : fd_add_t2.asm.obj (.text)
                  000018a6    00000002                                   : div0.asm.obj (.text)
                  000018a8    0000013c                                   : _printfi.c.obj (.text:_pconv_e)
                  000019e4    00000136                                   : fd_div_t2.asm.obj (.text)
                  00001b1a    00000002     --HOLE-- [fill = 0]
                  00001b1c    00000124                                   : _printfi.c.obj (.text:fcvt)
                  00001c40    00000114                                   : fputs.c.obj (.text:fputs)
                  00001d54    00000110                                   : s_scalbn.c.obj (.text:scalbn)
                  00001e64    000000fc                                   : fd_mul_t2.asm.obj (.text)
                  00001f60    000000dc                                   : setvbuf.c.obj (.text:setvbuf)
                  0000203c    000000d8                                   : memory.c.obj (.text:free)
                  00002114    000000b1                                   : _printfi.c.obj (.text:_ltostr)
                  000021c5    00000001     --HOLE-- [fill = 0]
                  000021c6    0000009c                                   : memcpy_t2.asm.obj (.text)
                  00002262    00000096                                   : ull_div_t2.asm.obj (.text)
                  000022f8    0000008c                                   : fputc.c.obj (.text:fputc)
                  00002384    00000086                                   : fd_cmp_t2.asm.obj (.text:__aeabi_cdcmple)
                  0000240a    00000086                                   : fd_cmp_t2.asm.obj (.text:__aeabi_cdrcmple)
                  00002490    0000007a                                   : memset_t2.asm.obj (.text)
                  0000250a    00000002     --HOLE-- [fill = 0]
                  0000250c    00000078                                   : memory.c.obj (.text:malloc)
                  00002584    00000074                                   : fclose.c.obj (.text:__TI_closefile)
                  000025f8    0000006e                                   : _printfi.c.obj (.text:_mcpy)
                  00002666    00000002     --HOLE-- [fill = 0]
                  00002668    00000068                                   : hostlseek.c.obj (.text:HOSTlseek)
                  000026d0    00000068                                   : hostrename.c.obj (.text:HOSTrename)
                  00002738    00000068                                   : copy_decompress_lzss.c.obj (.text:decompress:lzss:__TI_decompress_lzss)
                  000027a0    00000068                                   : printf.c.obj (.text:printf)
                  00002808    00000064                                   : s_frexp.c.obj (.text:frexp)
                  0000286c    00000064                                   : fseek.c.obj (.text:fseek)
                  000028d0    00000062                                   : _io_perm.c.obj (.text:__TI_wrt_ok)
                  00002932    00000002     --HOLE-- [fill = 0]
                  00002934    00000060                                   : hostopen.c.obj (.text:HOSTopen)
                  00002994    0000005c                                   : close.c.obj (.text:close)
                  000029f0    00000058                                   : hostread.c.obj (.text:HOSTread)
                  00002a48    00000058                                   : hostwrite.c.obj (.text:HOSTwrite)
                  00002aa0    00000056                                   : _printfi.c.obj (.text:_pconv_f)
                  00002af6    00000054                                   : ltoa.c.obj (.text:ltoa)
                  00002b4a    00000052                                   : _printfi.c.obj (.text:_ecpy)
                  00002b9c    0000004c                                   : fflush.c.obj (.text:__TI_doflush)
                  00002be8    0000004c                                   : atoi.c.obj (.text:atoi)
                  00002c34    00000048                                   : exit.c.obj (.text:exit)
                  00002c7c    00000048                                   : fd_toi_t2.asm.obj (.text)
                  00002cc4    00000044                                   : hostclose.c.obj (.text:HOSTclose)
                  00002d08    00000044                                   : hostunlink.c.obj (.text:HOSTunlink)
                  00002d4c    00000044                                   : autoinit.c.obj (.text:__TI_auto_init_nobinit_nopinit:__TI_auto_init_nobinit_nopinit)
                  00002d90    00000044                                   : getdevice.c.obj (.text:getdevice)
                  00002dd4    0000003e                                   : _printfi.c.obj (.text:_fcpy)
                  00002e12    00000002     --HOLE-- [fill = 0]
                  00002e14    0000003c                                   : memory.c.obj (.text:minsert)
                  00002e50    00000038                                   : trgmsg.c.obj (.text:__TI_writemsg)
                  00002e88    00000038                                   : boot_cortex_m.c.obj (.text:_c_int00_noargs:_c_int00_noargs)
                  00002ec0    00000038                                   : memory.c.obj (.text:minit)
                  00002ef8    00000036                                   : strncpy.c.obj (.text:strncpy)
                  00002f2e    00000002     --HOLE-- [fill = 0]
                  00002f30    00000034                                   : fopen.c.obj (.text:__TI_cleanup)
                  00002f64    00000034                                   : trgmsg.c.obj (.text:__TI_readmsg)
                  00002f98    00000030                                   : getdevice.c.obj (.text:finddevice)
                  00002fc8    0000002e                                   : i_tofd_t2.asm.obj (.text)
                  00002ff6    00000002     --HOLE-- [fill = 0]
                  00002ff8    0000002c                                   : unlink.c.obj (.text:unlink)
                  00003024    00000028                                   : lseek.c.obj (.text:lseek)
                  0000304c    00000028                                   : memory.c.obj (.text:mremove)
                  00003074    00000028                                   : write.c.obj (.text:write)
                  0000309c    00000020                                   : memchr.c.obj (.text:memchr)
                  000030bc    0000001c                                   : memccpy.c.obj (.text:memccpy)
                  000030d8    00000018                                   : strcmp.c.obj (.text:strcmp)
                  000030f0    00000016                                   : strchr.c.obj (.text:strchr)
                  00003106    00000014                                   : s_copysign.c.obj (.text:copysign)
                  0000311a    00000014                                   : strcpy.c.obj (.text:strcpy)
                  0000312e    00000014                                   : strlen.c.obj (.text:strlen)
                  00003142    00000012                                   : copy_zero_init.c.obj (.text:decompress:ZI:__TI_zero_init_nomemset:__TI_zero_init_nomemset)
                  00003154    00000012                                   : wcslen.c.obj (.text:wcslen)
                  00003166    0000000e                                   : copy_decompress_none.c.obj (.text:decompress:none:__TI_decompress_none)
                  00003174    0000000e     startup_msp432p401r_ccs.obj (.text)
                  00003182    00000002     --HOLE-- [fill = 0]
                  00003184    00000008     rtsv7M4_T_le_v4SPD16_eabi.lib : errno.c.obj (.text:__aeabi_errno_addr)
                  0000318c    00000004                                   : printf.c.obj (.text:_outc)
                  00003190    00000004                                   : printf.c.obj (.text:_outs)
                  00003194    00000004                                   : pre_init.c.obj (.text:_system_pre_init)
                  00003198    00000004                                   : exit.c.obj (.text:abort:abort)

.const     0    0000319c    00000101     
                  0000319c    00000101     rtsv7M4_T_le_v4SPD16_eabi.lib : ctype.c.obj (.const:.string:_ctypes_)

.cinit     0    000032a0    00000098     
                  000032a0    00000073     (.cinit..data.load) [load image, compression = lzss]
                  00003313    00000001     --HOLE-- [fill = 0]
                  00003314    0000000c     (__TI_handler_table)
                  00003320    00000008     (.cinit..bss.load) [load image, compression = zero_init]
                  00003328    00000010     (__TI_cinit_table)

.init_array 
*          0    00000000    00000000     UNINITIALIZED

.binit     0    00000000    00000000     

.sysmem    0    20000000    00000400     UNINITIALIZED
                  20000000    00000008     rtsv7M4_T_le_v4SPD16_eabi.lib : memory.c.obj (.sysmem)
                  20000008    000003f8     --HOLE--

.data      0    20000400    000001f1     UNINITIALIZED
                  20000400    000000f0     rtsv7M4_T_le_v4SPD16_eabi.lib : defs.c.obj (.data:_ftable)
                  200004f0    00000078                                   : write.c.obj (.data:_device)
                  20000568    00000050                                   : write.c.obj (.data:_stream)
                  200005b8    00000010                                   : defs.c.obj (.data)
                  200005c8    0000000c                                   : exit.c.obj (.data:$O1$$)
                  200005d4    0000000c                                   : memory.c.obj (.data:$O1$$)
                  200005e0    00000008                                   : _lock.c.obj (.data:$O1$$)
                  200005e8    00000004                                   : errno.c.obj (.data)
                  200005ec    00000004     system_msp432p401r.obj (.data)
                  200005f0    00000001     main.obj (.data)

.bss       0    200005f4    000001cc     UNINITIALIZED
                  200005f4    00000120     rtsv7M4_T_le_v4SPD16_eabi.lib : trgmsg.c.obj (.bss:_CIOBUF_)
                  20000714    000000a0     (.common:__TI_tmpnams)
                  200007b4    00000008     (.common:parmbuf)
                  200007bc    00000003     (.common:now)
                  200007bf    00000001     (.common:RTC_alarm)

.stack     0    2000fe00    00000200     UNINITIALIZED
                  2000fe00    00000004     rtsv7M4_T_le_v4SPD16_eabi.lib : boot_cortex_m.c.obj (.stack)
                  2000fe04    000001fc     --HOLE--

MODULE SUMMARY

       Module                        code    ro data   rw data
       ------                        ----    -------   -------
    ./
       main.obj                      1080    0         10     
       system_msp432p401r.obj        820     0         8      
       startup_msp432p401r_ccs.obj   14      228       0      
    +--+-----------------------------+-------+---------+---------+
       Total:                        1914    228       18     
                                                              
    /Applications/ti/ccsv8/tools/compiler/ti-cgt-arm_18.1.4.LTS/lib/rtsv7M4_T_le_v4SPD16_eabi.lib
       _printfi.c.obj                4867    0         0      
       defs.c.obj                    0       0         832    
       trgmsg.c.obj                  108     0         576    
       memory.c.obj                  492     0         24     
       write.c.obj                   40      0         400    
       fd_add_t2.asm.obj             438     0         0      
       fd_div_t2.asm.obj             310     0         0      
       fputs.c.obj                   276     0         0      
       s_scalbn.c.obj                272     0         0      
       fd_cmp_t2.asm.obj             268     0         0      
       ctype.c.obj                   0       257       0      
       fd_mul_t2.asm.obj             252     0         0      
       setvbuf.c.obj                 220     0         0      
       memcpy_t2.asm.obj             156     0         0      
       ull_div_t2.asm.obj            150     0         0      
       fputc.c.obj                   140     0         0      
       memset_t2.asm.obj             122     0         0      
       fclose.c.obj                  116     0         0      
       getdevice.c.obj               116     0         0      
       hostopen.c.obj                96      0         16     
       printf.c.obj                  112     0         0      
       copy_decompress_lzss.c.obj    104     0         0      
       hostlseek.c.obj               104     0         0      
       hostrename.c.obj              104     0         0      
       exit.c.obj                    76      0         24     
       fseek.c.obj                   100     0         0      
       s_frexp.c.obj                 100     0         0      
       _io_perm.c.obj                98      0         0      
       close.c.obj                   92      0         0      
       hostread.c.obj                88      0         0      
       hostwrite.c.obj               88      0         0      
       ltoa.c.obj                    84      0         0      
       atoi.c.obj                    76      0         0      
       fflush.c.obj                  76      0         0      
       fd_toi_t2.asm.obj             72      0         0      
       autoinit.c.obj                68      0         0      
       hostclose.c.obj               68      0         0      
       hostunlink.c.obj              68      0         0      
       boot_cortex_m.c.obj           56      0         0      
       strncpy.c.obj                 54      0         0      
       fopen.c.obj                   52      0         0      
       i_tofd_t2.asm.obj             46      0         0      
       unlink.c.obj                  44      0         0      
       lseek.c.obj                   40      0         0      
       memchr.c.obj                  32      0         0      
       memccpy.c.obj                 28      0         0      
       strcmp.c.obj                  24      0         0      
       strchr.c.obj                  22      0         0      
       s_copysign.c.obj              20      0         0      
       strcpy.c.obj                  20      0         0      
       strlen.c.obj                  20      0         0      
       _lock.c.obj                   2       0         16     
       copy_zero_init.c.obj          18      0         0      
       wcslen.c.obj                  18      0         0      
       errno.c.obj                   8       0         8      
       copy_decompress_none.c.obj    14      0         0      
       pre_init.c.obj                4       0         0      
       div0.asm.obj                  2       0         0      
    +--+-----------------------------+-------+---------+---------+
       Total:                        10541   257       1896   
                                                              
       Heap:                         0       0         2048   
       Stack:                        0       0         1024   
       Linker Generated:             0       151       0      
    +--+-----------------------------+-------+---------+---------+
       Grand Total:                  12455   636       4986   


LINKER GENERATED COPY TABLES

__TI_cinit_table @ 00003328 records: 2, size/record: 8, table size: 16
	.data: load addr=000032a0, load size=00000073 bytes, run addr=20000400, run size=000001f1 bytes, compression=lzss
	.bss: load addr=00003320, load size=00000008 bytes, run addr=200005f4, run size=000001cc bytes, compression=zero_init


LINKER GENERATED HANDLER TABLE

__TI_handler_table @ 00003314 records: 3, size/record: 4, table size: 12
	index: 0, handler: __TI_decompress_lzss
	index: 1, handler: __TI_decompress_none
	index: 2, handler: __TI_zero_init


GLOBAL SYMBOLS: SORTED ALPHABETICALLY BY Name 

address   name                           
-------   ----                           
00003181  ADC14_IRQHandler               
00003181  AES256_IRQHandler              
00003181  BusFault_Handler               
00003199  C$$EXIT                        
00002e7f  C$$IO$$                        
00003181  COMP_E0_IRQHandler             
00003181  COMP_E1_IRQHandler             
00003181  CS_IRQHandler                  
00003181  DMA_ERR_IRQHandler             
00003181  DMA_INT0_IRQHandler            
00003181  DMA_INT1_IRQHandler            
00003181  DMA_INT2_IRQHandler            
00003181  DMA_INT3_IRQHandler            
00003181  DebugMon_Handler               
00003181  Default_Handler                
00003181  EUSCIA0_IRQHandler             
00003181  EUSCIA1_IRQHandler             
00003181  EUSCIA2_IRQHandler             
00003181  EUSCIA3_IRQHandler             
00003181  EUSCIB0_IRQHandler             
00003181  EUSCIB1_IRQHandler             
00003181  EUSCIB2_IRQHandler             
00003181  EUSCIB3_IRQHandler             
00003181  FLCTL_IRQHandler               
00003181  FPU_IRQHandler                 
00002cc5  HOSTclose                      
00002669  HOSTlseek                      
00002935  HOSTopen                       
000029f1  HOSTread                       
000026d1  HOSTrename                     
00002d09  HOSTunlink                     
00002a49  HOSTwrite                      
00003181  HardFault_Handler              
00000d29  LCD_init                       
00003181  MemManage_Handler              
00003181  NMI_Handler                    
00003181  PCM_IRQHandler                 
00003181  PORT1_IRQHandler               
00003181  PORT2_IRQHandler               
00003181  PORT3_IRQHandler               
00003181  PORT4_IRQHandler               
00003181  PORT5_IRQHandler               
00003181  PORT6_IRQHandler               
00003181  PSS_IRQHandler                 
00003181  PendSV_Handler                 
00000c1d  RTC_C_IRQHandler               
00000c1d  RTC_C_IRQHandler               
200007bf  RTC_alarm                      
200005f0  RTC_flag                       
00003175  Reset_Handler                  
00003181  SVC_Handler                    
00003181  SysTick_Handler                
00000b71  SysTick_Init                   
200005ec  SystemCoreClock                
00000f7d  SystemCoreClockUpdate          
000011f5  SystemInit                     
00003181  T32_INT1_IRQHandler            
00003181  T32_INT2_IRQHandler            
00003181  T32_INTC_IRQHandler            
00003181  TA0_0_IRQHandler               
00003181  TA0_N_IRQHandler               
00003181  TA1_0_IRQHandler               
00003181  TA1_N_IRQHandler               
00003181  TA2_0_IRQHandler               
00003181  TA2_N_IRQHandler               
00003181  TA3_0_IRQHandler               
00003181  TA3_N_IRQHandler               
00003181  UsageFault_Handler             
4000480c  WDTCTL_SYM                     
00003181  WDT_A_IRQHandler               
200005f4  __CIOBUF_                      
20010000  __STACK_END                    
00000200  __STACK_SIZE                   
00000400  __SYSMEM_SIZE                  
00003328  __TI_CINIT_Base                
00003338  __TI_CINIT_Limit               
00003314  __TI_Handler_Table_Base        
00003320  __TI_Handler_Table_Limit       
00002d4d  __TI_auto_init_nobinit_nopinit 
00002f31  __TI_cleanup                   
200005c8  __TI_cleanup_ptr               
00002585  __TI_closefile                 
00002739  __TI_decompress_lzss           
00003167  __TI_decompress_none           
00002b9d  __TI_doflush                   
200005cc  __TI_dtors_ptr                 
200005d0  __TI_enable_exit_profile_output
200005b8  __TI_ft_end                    
ffffffff  __TI_pprof_out_hndl            
000000e5  __TI_printfi                   
ffffffff  __TI_prof_data_size            
ffffffff  __TI_prof_data_start           
00002f65  __TI_readmsg                   
00000000  __TI_static_base__             
20000714  __TI_tmpnams                   
00002e51  __TI_writemsg                  
000028d1  __TI_wrt_ok                    
00003143  __TI_zero_init_nomemset        
00002385  __aeabi_cdcmpeq                
00002385  __aeabi_cdcmple                
0000240b  __aeabi_cdrcmple               
00002c7d  __aeabi_d2iz                   
000016fb  __aeabi_dadd                   
000019e5  __aeabi_ddiv                   
00001e65  __aeabi_dmul                   
000016f1  __aeabi_dsub                   
00003185  __aeabi_errno_addr             
00002fc9  __aeabi_i2d                    
000018a7  __aeabi_idiv0                  
000018a7  __aeabi_ldiv0                  
00002491  __aeabi_memclr                 
00002491  __aeabi_memclr4                
00002491  __aeabi_memclr8                
000021c7  __aeabi_memcpy                 
000021c7  __aeabi_memcpy4                
000021c7  __aeabi_memcpy8                
00002493  __aeabi_memset                 
00002493  __aeabi_memset4                
00002493  __aeabi_memset8                
200005c4  __aeabi_stderr                 
200005bc  __aeabi_stdin                  
200005c0  __aeabi_stdout                 
00002263  __aeabi_uldivmod               
ffffffff  __binit__                      
ffffffff  __c_args__                     
UNDEFED   __mpu_init                     
2000fe00  __stack                        
00002e89  _c_int00_noargs                
0000319c  _ctypes_                       
200004f0  _device                        
20000400  _ftable                        
200005e0  _lock                          
00000b43  _nop                           
20000568  _stream                        
20000000  _sys_memory                    
UNDEFED   _system_post_cinit             
00003195  _system_pre_init               
200005e4  _unlock                        
00003199  abort                          
00002be9  atoi                           
ffffffff  binit                          
00002995  close                          
00000dbd  commandWrite                   
00000bd3  configRTC                      
00003107  copysign                       
00003107  copysignl                      
00000df3  dataWrite                      
00000c71  displayText                    
200005e8  errno                          
00002c35  exit                           
00002f99  finddevice                     
000022f9  fputc                          
00001c41  fputs                          
0000203d  free                           
00002809  frexp                          
00002809  frexpl                         
0000286d  fseek                          
00002d91  getdevice                      
00000000  interruptVectors               
00001d55  ldexp                          
00001d55  ldexpl                         
00003025  lseek                          
00002af7  ltoa                           
00000b8d  main                           
0000250d  malloc                         
000030bd  memccpy                        
0000309d  memchr                         
000021c7  memcpy                         
00002499  memset                         
00002ec1  minit                          
200007bc  now                            
200007b4  parmbuf                        
00000c07  printRTC                       
000027a1  printf                         
00000ea1  pulseEnablePin                 
00000e29  pushByte                       
00000e59  pushNibble                     
000022f9  putc                           
00002ff9  remove                         
00001d55  scalbn                         
00001d55  scalbnl                        
00001f61  setvbuf                        
000030f1  strchr                         
000030d9  strcmp                         
0000311b  strcpy                         
0000312f  strlen                         
00002ef9  strncpy                        
00000ee5  sysTickDelay_ms                
00000f2d  sysTickDelay_us                
00002ff9  unlink                         
00003155  wcslen                         
00003075  write                          


GLOBAL SYMBOLS: SORTED BY Symbol Address 

address   name                           
-------   ----                           
00000000  __TI_static_base__             
00000000  interruptVectors               
000000e5  __TI_printfi                   
00000200  __STACK_SIZE                   
00000400  __SYSMEM_SIZE                  
00000b43  _nop                           
00000b71  SysTick_Init                   
00000b8d  main                           
00000bd3  configRTC                      
00000c07  printRTC                       
00000c1d  RTC_C_IRQHandler               
00000c1d  RTC_C_IRQHandler               
00000c71  displayText                    
00000d29  LCD_init                       
00000dbd  commandWrite                   
00000df3  dataWrite                      
00000e29  pushByte                       
00000e59  pushNibble                     
00000ea1  pulseEnablePin                 
00000ee5  sysTickDelay_ms                
00000f2d  sysTickDelay_us                
00000f7d  SystemCoreClockUpdate          
000011f5  SystemInit                     
000016f1  __aeabi_dsub                   
000016fb  __aeabi_dadd                   
000018a7  __aeabi_idiv0                  
000018a7  __aeabi_ldiv0                  
000019e5  __aeabi_ddiv                   
00001c41  fputs                          
00001d55  ldexp                          
00001d55  ldexpl                         
00001d55  scalbn                         
00001d55  scalbnl                        
00001e65  __aeabi_dmul                   
00001f61  setvbuf                        
0000203d  free                           
000021c7  __aeabi_memcpy                 
000021c7  __aeabi_memcpy4                
000021c7  __aeabi_memcpy8                
000021c7  memcpy                         
00002263  __aeabi_uldivmod               
000022f9  fputc                          
000022f9  putc                           
00002385  __aeabi_cdcmpeq                
00002385  __aeabi_cdcmple                
0000240b  __aeabi_cdrcmple               
00002491  __aeabi_memclr                 
00002491  __aeabi_memclr4                
00002491  __aeabi_memclr8                
00002493  __aeabi_memset                 
00002493  __aeabi_memset4                
00002493  __aeabi_memset8                
00002499  memset                         
0000250d  malloc                         
00002585  __TI_closefile                 
00002669  HOSTlseek                      
000026d1  HOSTrename                     
00002739  __TI_decompress_lzss           
000027a1  printf                         
00002809  frexp                          
00002809  frexpl                         
0000286d  fseek                          
000028d1  __TI_wrt_ok                    
00002935  HOSTopen                       
00002995  close                          
000029f1  HOSTread                       
00002a49  HOSTwrite                      
00002af7  ltoa                           
00002b9d  __TI_doflush                   
00002be9  atoi                           
00002c35  exit                           
00002c7d  __aeabi_d2iz                   
00002cc5  HOSTclose                      
00002d09  HOSTunlink                     
00002d4d  __TI_auto_init_nobinit_nopinit 
00002d91  getdevice                      
00002e51  __TI_writemsg                  
00002e7f  C$$IO$$                        
00002e89  _c_int00_noargs                
00002ec1  minit                          
00002ef9  strncpy                        
00002f31  __TI_cleanup                   
00002f65  __TI_readmsg                   
00002f99  finddevice                     
00002fc9  __aeabi_i2d                    
00002ff9  remove                         
00002ff9  unlink                         
00003025  lseek                          
00003075  write                          
0000309d  memchr                         
000030bd  memccpy                        
000030d9  strcmp                         
000030f1  strchr                         
00003107  copysign                       
00003107  copysignl                      
0000311b  strcpy                         
0000312f  strlen                         
00003143  __TI_zero_init_nomemset        
00003155  wcslen                         
00003167  __TI_decompress_none           
00003175  Reset_Handler                  
00003181  ADC14_IRQHandler               
00003181  AES256_IRQHandler              
00003181  BusFault_Handler               
00003181  COMP_E0_IRQHandler             
00003181  COMP_E1_IRQHandler             
00003181  CS_IRQHandler                  
00003181  DMA_ERR_IRQHandler             
00003181  DMA_INT0_IRQHandler            
00003181  DMA_INT1_IRQHandler            
00003181  DMA_INT2_IRQHandler            
00003181  DMA_INT3_IRQHandler            
00003181  DebugMon_Handler               
00003181  Default_Handler                
00003181  EUSCIA0_IRQHandler             
00003181  EUSCIA1_IRQHandler             
00003181  EUSCIA2_IRQHandler             
00003181  EUSCIA3_IRQHandler             
00003181  EUSCIB0_IRQHandler             
00003181  EUSCIB1_IRQHandler             
00003181  EUSCIB2_IRQHandler             
00003181  EUSCIB3_IRQHandler             
00003181  FLCTL_IRQHandler               
00003181  FPU_IRQHandler                 
00003181  HardFault_Handler              
00003181  MemManage_Handler              
00003181  NMI_Handler                    
00003181  PCM_IRQHandler                 
00003181  PORT1_IRQHandler               
00003181  PORT2_IRQHandler               
00003181  PORT3_IRQHandler               
00003181  PORT4_IRQHandler               
00003181  PORT5_IRQHandler               
00003181  PORT6_IRQHandler               
00003181  PSS_IRQHandler                 
00003181  PendSV_Handler                 
00003181  SVC_Handler                    
00003181  SysTick_Handler                
00003181  T32_INT1_IRQHandler            
00003181  T32_INT2_IRQHandler            
00003181  T32_INTC_IRQHandler            
00003181  TA0_0_IRQHandler               
00003181  TA0_N_IRQHandler               
00003181  TA1_0_IRQHandler               
00003181  TA1_N_IRQHandler               
00003181  TA2_0_IRQHandler               
00003181  TA2_N_IRQHandler               
00003181  TA3_0_IRQHandler               
00003181  TA3_N_IRQHandler               
00003181  UsageFault_Handler             
00003181  WDT_A_IRQHandler               
00003185  __aeabi_errno_addr             
00003195  _system_pre_init               
00003199  C$$EXIT                        
00003199  abort                          
0000319c  _ctypes_                       
00003314  __TI_Handler_Table_Base        
00003320  __TI_Handler_Table_Limit       
00003328  __TI_CINIT_Base                
00003338  __TI_CINIT_Limit               
20000000  _sys_memory                    
20000400  _ftable                        
200004f0  _device                        
20000568  _stream                        
200005b8  __TI_ft_end                    
200005bc  __aeabi_stdin                  
200005c0  __aeabi_stdout                 
200005c4  __aeabi_stderr                 
200005c8  __TI_cleanup_ptr               
200005cc  __TI_dtors_ptr                 
200005d0  __TI_enable_exit_profile_output
200005e0  _lock                          
200005e4  _unlock                        
200005e8  errno                          
200005ec  SystemCoreClock                
200005f0  RTC_flag                       
200005f4  __CIOBUF_                      
20000714  __TI_tmpnams                   
200007b4  parmbuf                        
200007bc  now                            
200007bf  RTC_alarm                      
2000fe00  __stack                        
20010000  __STACK_END                    
4000480c  WDTCTL_SYM                     
ffffffff  __TI_pprof_out_hndl            
ffffffff  __TI_prof_data_size            
ffffffff  __TI_prof_data_start           
ffffffff  __binit__                      
ffffffff  __c_args__                     
ffffffff  binit                          
UNDEFED   __mpu_init                     
UNDEFED   _system_post_cinit             

[192 symbols]
