******************************************************************************
                  TI ARM Linker PC v18.1.4                     
******************************************************************************
>> Linked Tue Dec  4 23:57:15 2018

OUTPUT FILE NAME:   <Final Project.out>
ENTRY POINT SYMBOL: "_c_int00_noargs"  address: 00004469


MEMORY CONFIGURATION

         name            origin    length      used     unused   attr    fill
----------------------  --------  ---------  --------  --------  ----  --------
  MAIN                  00000000   00040000  00004a19  0003b5e7  R  X
  INFO                  00200000   00004000  00000000  00004000  R  X
  SRAM_CODE             01000000   00010000  00000a7d  0000f583  RW X
  SRAM_DATA             20000000   00010000  00000a7d  0000f583  RW  


SEGMENT ALLOCATION MAP

run origin  load origin   length   init length attrs members
----------  ----------- ---------- ----------- ----- -------
00000000    00000000    00004a20   00004a20    r-x
  00000000    00000000    000000e4   000000e4    r-- .intvecs
  000000e4    000000e4    0000478c   0000478c    r-x .text
  00004870    00004870    00000101   00000101    r-- .const
  00004978    00004978    000000a8   000000a8    r-- .cinit
20000000    20000000    0000087d   00000000    rw-
  20000000    20000000    00000400   00000000    rw- .sysmem
  20000400    20000400    00000244   00000000    rw- .data
  20000644    20000644    00000239   00000000    rw- .bss
2000fe00    2000fe00    00000200   00000000    rw-
  2000fe00    2000fe00    00000200   00000000    rw- .stack


SECTION ALLOCATION MAP

 output                                  attributes/
section   page    origin      length       input sections
--------  ----  ----------  ----------   ----------------
.intvecs   0    00000000    000000e4     
                  00000000    000000e4     startup_msp432p401r_ccs.obj (.intvecs:retain)

.text      0    000000e4    0000478c     
                  000000e4    000018e8     main.obj (.text)
                  000019cc    00000a5e     rtsv7M4_T_le_v4SPD16_eabi.lib : _printfi.c.obj (.text:__TI_printfi)
                  0000242a    00000002                                   : _lock.c.obj (.text:_nop)
                  0000242c    00000334     system_msp432p401r.obj (.text)
                  00002760    00000270     rtsv7M4_T_le_v4SPD16_eabi.lib : _printfi.c.obj (.text:_pconv_a)
                  000029d0    000001d0                                   : _printfi.c.obj (.text:_pconv_g)
                  00002ba0    000001b6                                   : fd_add_t2.asm.obj (.text)
                  00002d56    00000002                                   : div0.asm.obj (.text)
                  00002d58    0000013c                                   : _printfi.c.obj (.text:_pconv_e)
                  00002e94    00000136                                   : fd_div_t2.asm.obj (.text)
                  00002fca    00000002     --HOLE-- [fill = 0]
                  00002fcc    00000124                                   : _printfi.c.obj (.text:fcvt)
                  000030f0    00000114                                   : fputs.c.obj (.text:fputs)
                  00003204    00000110                                   : s_scalbn.c.obj (.text:scalbn)
                  00003314    000000fc                                   : fd_mul_t2.asm.obj (.text)
                  00003410    000000dc                                   : setvbuf.c.obj (.text:setvbuf)
                  000034ec    000000d8                                   : memory.c.obj (.text:free)
                  000035c4    000000b1                                   : _printfi.c.obj (.text:_ltostr)
                  00003675    00000001     --HOLE-- [fill = 0]
                  00003676    0000009c                                   : memcpy_t2.asm.obj (.text)
                  00003712    00000096                                   : ull_div_t2.asm.obj (.text)
                  000037a8    0000008c                                   : fputc.c.obj (.text:fputc)
                  00003834    00000086                                   : fd_cmp_t2.asm.obj (.text:__aeabi_cdcmple)
                  000038ba    00000086                                   : fd_cmp_t2.asm.obj (.text:__aeabi_cdrcmple)
                  00003940    0000007a                                   : memset_t2.asm.obj (.text)
                  000039ba    00000002     --HOLE-- [fill = 0]
                  000039bc    00000078                                   : memory.c.obj (.text:malloc)
                  00003a34    00000074                                   : fclose.c.obj (.text:__TI_closefile)
                  00003aa8    0000006e                                   : _printfi.c.obj (.text:_mcpy)
                  00003b16    0000006e                                   : fd_tos_t2.asm.obj (.text)
                  00003b84    00000068                                   : hostlseek.c.obj (.text:HOSTlseek)
                  00003bec    00000068                                   : hostrename.c.obj (.text:HOSTrename)
                  00003c54    00000068                                   : copy_decompress_lzss.c.obj (.text:decompress:lzss:__TI_decompress_lzss)
                  00003cbc    00000068                                   : printf.c.obj (.text:printf)
                  00003d24    00000064                                   : s_frexp.c.obj (.text:frexp)
                  00003d88    00000064                                   : fseek.c.obj (.text:fseek)
                  00003dec    00000062                                   : _io_perm.c.obj (.text:__TI_wrt_ok)
                  00003e4e    00000002     --HOLE-- [fill = 0]
                  00003e50    00000060                                   : hostopen.c.obj (.text:HOSTopen)
                  00003eb0    0000005c                                   : close.c.obj (.text:close)
                  00003f0c    00000058                                   : hostread.c.obj (.text:HOSTread)
                  00003f64    00000058                                   : hostwrite.c.obj (.text:HOSTwrite)
                  00003fbc    00000056                                   : _printfi.c.obj (.text:_pconv_f)
                  00004012    00000054                                   : ltoa.c.obj (.text:ltoa)
                  00004066    00000052                                   : _printfi.c.obj (.text:_ecpy)
                  000040b8    0000004c                                   : fflush.c.obj (.text:__TI_doflush)
                  00004104    0000004c                                   : atoi.c.obj (.text:atoi)
                  00004150    00000048                                   : exit.c.obj (.text:exit)
                  00004198    00000048                                   : fd_toi_t2.asm.obj (.text)
                  000041e0    00000044                                   : hostclose.c.obj (.text:HOSTclose)
                  00004224    00000044                                   : hostunlink.c.obj (.text:HOSTunlink)
                  00004268    00000044                                   : autoinit.c.obj (.text:__TI_auto_init_nobinit_nopinit:__TI_auto_init_nobinit_nopinit)
                  000042ac    00000044                                   : getdevice.c.obj (.text:getdevice)
                  000042f0    00000044                                   : fd_tou_t2.asm.obj (.text)
                  00004334    00000040                                   : sprintf.c.obj (.text:sprintf)
                  00004374    00000040                                   : strtok.c.obj (.text:strtok)
                  000043b4    0000003e                                   : _printfi.c.obj (.text:_fcpy)
                  000043f2    00000002     --HOLE-- [fill = 0]
                  000043f4    0000003c                                   : memory.c.obj (.text:minsert)
                  00004430    00000038                                   : trgmsg.c.obj (.text:__TI_writemsg)
                  00004468    00000038                                   : boot_cortex_m.c.obj (.text:_c_int00_noargs:_c_int00_noargs)
                  000044a0    00000038                                   : memory.c.obj (.text:minit)
                  000044d8    00000038                                   : fs_tod_t2.asm.obj (.text)
                  00004510    00000036                                   : strncpy.c.obj (.text:strncpy)
                  00004546    00000002     --HOLE-- [fill = 0]
                  00004548    00000034                                   : fopen.c.obj (.text:__TI_cleanup)
                  0000457c    00000034                                   : trgmsg.c.obj (.text:__TI_readmsg)
                  000045b0    00000030                                   : getdevice.c.obj (.text:finddevice)
                  000045e0    0000002e                                   : i_tofd_t2.asm.obj (.text)
                  0000460e    0000002c                                   : strncmp.c.obj (.text:strncmp)
                  0000463a    00000002     --HOLE-- [fill = 0]
                  0000463c    0000002c                                   : unlink.c.obj (.text:unlink)
                  00004668    0000002a                                   : strspn.c.obj (.text:strspn)
                  00004692    00000002     --HOLE-- [fill = 0]
                  00004694    00000028                                   : lseek.c.obj (.text:lseek)
                  000046bc    00000028                                   : memory.c.obj (.text:mremove)
                  000046e4    00000028                                   : write.c.obj (.text:write)
                  0000470c    00000024                                   : strcspn.c.obj (.text:strcspn)
                  00004730    00000020                                   : memchr.c.obj (.text:memchr)
                  00004750    00000020                                   : u_tofd_t2.asm.obj (.text)
                  00004770    0000001c                                   : memccpy.c.obj (.text:memccpy)
                  0000478c    00000018                                   : sprintf.c.obj (.text:_outs)
                  000047a4    00000018                                   : strcmp.c.obj (.text:strcmp)
                  000047bc    00000016                                   : strchr.c.obj (.text:strchr)
                  000047d2    00000014                                   : s_copysign.c.obj (.text:copysign)
                  000047e6    00000014                                   : strcpy.c.obj (.text:strcpy)
                  000047fa    00000014                                   : strlen.c.obj (.text:strlen)
                  0000480e    00000012                                   : copy_zero_init.c.obj (.text:decompress:ZI:__TI_zero_init_nomemset:__TI_zero_init_nomemset)
                  00004820    00000012                                   : wcslen.c.obj (.text:wcslen)
                  00004832    0000000e                                   : copy_decompress_none.c.obj (.text:decompress:none:__TI_decompress_none)
                  00004840    0000000e     startup_msp432p401r_ccs.obj (.text)
                  0000484e    0000000a     rtsv7M4_T_le_v4SPD16_eabi.lib : sprintf.c.obj (.text:_outc)
                  00004858    00000008                                   : errno.c.obj (.text:__aeabi_errno_addr)
                  00004860    00000004                                   : printf.c.obj (.text:_outc)
                  00004864    00000004                                   : printf.c.obj (.text:_outs)
                  00004868    00000004                                   : pre_init.c.obj (.text:_system_pre_init)
                  0000486c    00000004                                   : exit.c.obj (.text:abort:abort)

.const     0    00004870    00000101     
                  00004870    00000101     rtsv7M4_T_le_v4SPD16_eabi.lib : ctype.c.obj (.const:.string:_ctypes_)

.cinit     0    00004978    000000a8     
                  00004978    00000082     (.cinit..data.load) [load image, compression = lzss]
                  000049fa    00000002     --HOLE-- [fill = 0]
                  000049fc    0000000c     (__TI_handler_table)
                  00004a08    00000008     (.cinit..bss.load) [load image, compression = zero_init]
                  00004a10    00000010     (__TI_cinit_table)

.init_array 
*          0    00000000    00000000     UNINITIALIZED

.binit     0    00000000    00000000     

.sysmem    0    20000000    00000400     UNINITIALIZED
                  20000000    00000008     rtsv7M4_T_le_v4SPD16_eabi.lib : memory.c.obj (.sysmem)
                  20000008    000003f8     --HOLE--

.data      0    20000400    00000244     UNINITIALIZED
                  20000400    000000f0     rtsv7M4_T_le_v4SPD16_eabi.lib : defs.c.obj (.data:_ftable)
                  200004f0    00000078                                   : write.c.obj (.data:_device)
                  20000568    00000050                                   : write.c.obj (.data:_stream)
                  200005b8    0000004d     main.obj (.data)
                  20000605    00000003     --HOLE--
                  20000608    00000010     rtsv7M4_T_le_v4SPD16_eabi.lib : defs.c.obj (.data)
                  20000618    0000000c                                   : exit.c.obj (.data:$O1$$)
                  20000624    0000000c                                   : memory.c.obj (.data:$O1$$)
                  20000630    00000008                                   : _lock.c.obj (.data:$O1$$)
                  20000638    00000004                                   : errno.c.obj (.data)
                  2000063c    00000004                                   : strtok.c.obj (.data)
                  20000640    00000004     system_msp432p401r.obj (.data)

.bss       0    20000644    00000239     UNINITIALIZED
                  20000644    00000120     rtsv7M4_T_le_v4SPD16_eabi.lib : trgmsg.c.obj (.bss:_CIOBUF_)
                  20000764    000000a0     (.common:__TI_tmpnams)
                  20000804    00000064     (.common:INPUT_BUFFER)
                  20000868    00000008     (.common:parmbuf)
                  20000870    00000004     (.common:tempAr)
                  20000874    00000004     (.common:time)
                  20000878    00000003     (.common:now)
                  2000087b    00000002     (.common:alarm)

.stack     0    2000fe00    00000200     UNINITIALIZED
                  2000fe00    00000004     rtsv7M4_T_le_v4SPD16_eabi.lib : boot_cortex_m.c.obj (.stack)
                  2000fe04    000001fc     --HOLE--

MODULE SUMMARY

       Module                        code    ro data   rw data
       ------                        ----    -------   -------
    .\
       main.obj                      6376    0         380    
       system_msp432p401r.obj        820     0         8      
       startup_msp432p401r_ccs.obj   14      228       0      
    +--+-----------------------------+-------+---------+---------+
       Total:                        7210    228       388    
                                                              
    C:\ti\ccs820\ccsv8\tools\compiler\ti-cgt-arm_18.1.4.LTS\lib\rtsv7M4_T_le_v4SPD16_eabi.lib
       _printfi.c.obj                4867    0         0      
       defs.c.obj                    0       0         832    
       trgmsg.c.obj                  108     0         576    
       memory.c.obj                  492     0         24     
       write.c.obj                   40      0         400    
       fd_add_t2.asm.obj             438     0         0      
       fd_div_t2.asm.obj             310     0         0      
       fputs.c.obj                   276     0         0      
       s_scalbn.c.obj                272     0         0      
       fd_cmp_t2.asm.obj             268     0         0      
       ctype.c.obj                   0       257       0      
       fd_mul_t2.asm.obj             252     0         0      
       setvbuf.c.obj                 220     0         0      
       memcpy_t2.asm.obj             156     0         0      
       ull_div_t2.asm.obj            150     0         0      
       fputc.c.obj                   140     0         0      
       memset_t2.asm.obj             122     0         0      
       fclose.c.obj                  116     0         0      
       getdevice.c.obj               116     0         0      
       hostopen.c.obj                96      0         16     
       printf.c.obj                  112     0         0      
       fd_tos_t2.asm.obj             110     0         0      
       copy_decompress_lzss.c.obj    104     0         0      
       hostlseek.c.obj               104     0         0      
       hostrename.c.obj              104     0         0      
       exit.c.obj                    76      0         24     
       fseek.c.obj                   100     0         0      
       s_frexp.c.obj                 100     0         0      
       _io_perm.c.obj                98      0         0      
       sprintf.c.obj                 98      0         0      
       close.c.obj                   92      0         0      
       hostread.c.obj                88      0         0      
       hostwrite.c.obj               88      0         0      
       ltoa.c.obj                    84      0         0      
       atoi.c.obj                    76      0         0      
       fflush.c.obj                  76      0         0      
       fd_toi_t2.asm.obj             72      0         0      
       strtok.c.obj                  64      0         8      
       autoinit.c.obj                68      0         0      
       fd_tou_t2.asm.obj             68      0         0      
       hostclose.c.obj               68      0         0      
       hostunlink.c.obj              68      0         0      
       boot_cortex_m.c.obj           56      0         0      
       fs_tod_t2.asm.obj             56      0         0      
       strncpy.c.obj                 54      0         0      
       fopen.c.obj                   52      0         0      
       i_tofd_t2.asm.obj             46      0         0      
       strncmp.c.obj                 44      0         0      
       unlink.c.obj                  44      0         0      
       strspn.c.obj                  42      0         0      
       lseek.c.obj                   40      0         0      
       strcspn.c.obj                 36      0         0      
       memchr.c.obj                  32      0         0      
       u_tofd_t2.asm.obj             32      0         0      
       memccpy.c.obj                 28      0         0      
       strcmp.c.obj                  24      0         0      
       strchr.c.obj                  22      0         0      
       s_copysign.c.obj              20      0         0      
       strcpy.c.obj                  20      0         0      
       strlen.c.obj                  20      0         0      
       _lock.c.obj                   2       0         16     
       copy_zero_init.c.obj          18      0         0      
       wcslen.c.obj                  18      0         0      
       errno.c.obj                   8       0         8      
       copy_decompress_none.c.obj    14      0         0      
       pre_init.c.obj                4       0         0      
       div0.asm.obj                  2       0         0      
    +--+-----------------------------+-------+---------+---------+
       Total:                        11091   257       1904   
                                                              
       Heap:                         0       0         2048   
       Stack:                        0       0         1024   
       Linker Generated:             0       166       0      
    +--+-----------------------------+-------+---------+---------+
       Grand Total:                  18301   651       5364   


LINKER GENERATED COPY TABLES

__TI_cinit_table @ 00004a10 records: 2, size/record: 8, table size: 16
	.data: load addr=00004978, load size=00000082 bytes, run addr=20000400, run size=00000244 bytes, compression=lzss
	.bss: load addr=00004a08, load size=00000008 bytes, run addr=20000644, run size=00000239 bytes, compression=zero_init


LINKER GENERATED HANDLER TABLE

__TI_handler_table @ 000049fc records: 3, size/record: 4, table size: 12
	index: 0, handler: __TI_decompress_lzss
	index: 1, handler: __TI_decompress_none
	index: 2, handler: __TI_zero_init


GLOBAL SYMBOLS: SORTED ALPHABETICALLY BY Name 

address   name                           
-------   ----                           
00000e3d  ADC14_IRQHandler               
00000e3d  ADC14_IRQHandler               
000013a3  ADC14init                      
0000484d  AES256_IRQHandler              
200005ec  AMPM                           
200005f0  AMPM2                          
0000484d  BusFault_Handler               
0000486d  C$$EXIT                        
0000445f  C$$IO$$                        
0000484d  COMP_E0_IRQHandler             
0000484d  COMP_E1_IRQHandler             
0000484d  CS_IRQHandler                  
0000484d  DMA_ERR_IRQHandler             
0000484d  DMA_INT0_IRQHandler            
0000484d  DMA_INT1_IRQHandler            
0000484d  DMA_INT2_IRQHandler            
0000484d  DMA_INT3_IRQHandler            
0000484d  DebugMon_Handler               
0000484d  Default_Handler                
000015e9  EUSCIA0_IRQHandler             
000015e9  EUSCIA0_IRQHandler             
0000484d  EUSCIA1_IRQHandler             
0000484d  EUSCIA2_IRQHandler             
0000484d  EUSCIA3_IRQHandler             
0000484d  EUSCIB0_IRQHandler             
0000484d  EUSCIB1_IRQHandler             
0000484d  EUSCIB2_IRQHandler             
0000484d  EUSCIB3_IRQHandler             
0000484d  FLCTL_IRQHandler               
0000484d  FPU_IRQHandler                 
000041e1  HOSTclose                      
00003b85  HOSTlseek                      
00003e51  HOSTopen                       
00003f0d  HOSTread                       
00003bed  HOSTrename                     
00004225  HOSTunlink                     
00003f65  HOSTwrite                      
0000484d  HardFault_Handler              
20000804  INPUT_BUFFER                   
00001799  LCD_init                       
200005fc  LCDbrightness                  
0000140b  LEDT32interrupt                
00001431  LED_init                       
0000484d  MemManage_Handler              
0000484d  NMI_Handler                    
0000484d  PCM_IRQHandler                 
00000929  PORT1_IRQHandler               
00000929  PORT1_IRQHandler               
0000484d  PORT2_IRQHandler               
0000484d  PORT3_IRQHandler               
000009a1  PORT4_IRQHandler               
000009a1  PORT4_IRQHandler               
0000484d  PORT5_IRQHandler               
0000484d  PORT6_IRQHandler               
0000484d  PSS_IRQHandler                 
0000484d  PendSV_Handler                 
00000c11  RTC_C_IRQHandler               
00000c11  RTC_C_IRQHandler               
200005d8  RTC_flag                       
00004841  Reset_Handler                  
0000484d  SVC_Handler                    
0000484d  SysTick_Handler                
00001949  SysTick_Init                   
20000640  SystemCoreClock                
0000242d  SystemCoreClockUpdate          
000026a5  SystemInit                     
000007fd  T32_INT1_IRQHandler            
000007fd  T32_INT1_IRQHandler            
00000829  T32_INT2_IRQHandler            
00000829  T32_INT2_IRQHandler            
0000484d  T32_INTC_IRQHandler            
0000484d  TA0_0_IRQHandler               
0000484d  TA0_N_IRQHandler               
0000484d  TA1_0_IRQHandler               
0000484d  TA1_N_IRQHandler               
0000484d  TA2_0_IRQHandler               
0000484d  TA2_N_IRQHandler               
0000484d  TA3_0_IRQHandler               
0000100d  TA3_N_IRQHandler               
0000100d  TA3_N_IRQHandler               
0000484d  UsageFault_Handler             
4000480c  WDTCTL_SYM                     
0000484d  WDT_A_IRQHandler               
20000644  __CIOBUF_                      
20010000  __STACK_END                    
00000200  __STACK_SIZE                   
00000400  __SYSMEM_SIZE                  
00004a10  __TI_CINIT_Base                
00004a20  __TI_CINIT_Limit               
000049fc  __TI_Handler_Table_Base        
00004a08  __TI_Handler_Table_Limit       
00004269  __TI_auto_init_nobinit_nopinit 
00004549  __TI_cleanup                   
20000618  __TI_cleanup_ptr               
00003a35  __TI_closefile                 
00003c55  __TI_decompress_lzss           
00004833  __TI_decompress_none           
000040b9  __TI_doflush                   
2000061c  __TI_dtors_ptr                 
20000620  __TI_enable_exit_profile_output
20000608  __TI_ft_end                    
ffffffff  __TI_pprof_out_hndl            
000019cd  __TI_printfi                   
ffffffff  __TI_prof_data_size            
ffffffff  __TI_prof_data_start           
0000457d  __TI_readmsg                   
00000000  __TI_static_base__             
20000764  __TI_tmpnams                   
00004431  __TI_writemsg                  
00003ded  __TI_wrt_ok                    
0000480f  __TI_zero_init_nomemset        
00003835  __aeabi_cdcmpeq                
00003835  __aeabi_cdcmple                
000038bb  __aeabi_cdrcmple               
00003b17  __aeabi_d2f                    
00004199  __aeabi_d2iz                   
000042f1  __aeabi_d2uiz                  
00002bab  __aeabi_dadd                   
00002e95  __aeabi_ddiv                   
00003315  __aeabi_dmul                   
00002ba1  __aeabi_dsub                   
00004859  __aeabi_errno_addr             
000044d9  __aeabi_f2d                    
000045e1  __aeabi_i2d                    
00002d57  __aeabi_idiv0                  
00002d57  __aeabi_ldiv0                  
00003941  __aeabi_memclr                 
00003941  __aeabi_memclr4                
00003941  __aeabi_memclr8                
00003677  __aeabi_memcpy                 
00003677  __aeabi_memcpy4                
00003677  __aeabi_memcpy8                
00003943  __aeabi_memset                 
00003943  __aeabi_memset4                
00003943  __aeabi_memset8                
20000614  __aeabi_stderr                 
2000060c  __aeabi_stdin                  
20000610  __aeabi_stdout                 
00004751  __aeabi_ui2d                   
00003713  __aeabi_uldivmod               
ffffffff  __binit__                      
ffffffff  __c_args__                     
UNDEFED   __mpu_init                     
2000fe00  __stack                        
00004469  _c_int00_noargs                
00004870  _ctypes_                       
200004f0  _device                        
20000400  _ftable                        
20000630  _lock                          
0000242b  _nop                           
20000568  _stream                        
20000000  _sys_memory                    
UNDEFED   _system_post_cinit             
00004869  _system_pre_init               
20000634  _unlock                        
0000486d  abort                          
2000087b  alarm                          
200005e0  alarmFlag                      
200005e4  alarmPresses                   
00004105  atoi                           
ffffffff  binit                          
20000600  blinkFlag                      
00003eb1  close                          
00001839  commandWrite                   
00001355  configRTC                      
000047d3  copysign                       
000047d3  copysignl                      
0000187d  dataWrite                      
00000759  displayAMPM                    
000006b3  displayAlarm                   
000016a1  displayAt                      
000007bd  displayHour                    
0000078f  displayMin                     
200005bc  duty                           
20000638  errno                          
00004151  exit                           
00000349  extractTimeSerial              
000045b1  finddevice                     
000037a9  fputc                          
000030f1  fputs                          
000034ed  free                           
00003d25  frexp                          
00003d25  frexpl                         
00003d89  fseek                          
000042ad  getdevice                      
0000126d  intAlarm                       
000011c9  intBlinkTimerA                 
000012fd  intButtons                     
00001229  intLCDBrightness               
000012a1  intSpeedButton                 
00000000  interruptVectors               
00003205  ldexp                          
00003205  ldexpl                         
200005f8  lightBrightness                
200005f4  lightsOn                       
00004695  lseek                          
00004013  ltoa                           
00000111  main                           
000039bd  malloc                         
00004771  memccpy                        
00004731  memchr                         
00003677  memcpy                         
00003949  memset                         
000044a1  minit                          
20000878  now                            
20000868  parmbuf                        
00003cbd  printf                         
0000190f  pulseEnablePin                 
000018b3  pushByte                       
000018dd  pushNibble                     
000037a9  putc                           
200005cc  raw                            
200005d0  raw1                           
00001549  readInput                      
200005b9  read_location                  
0000463d  remove                         
00003205  scalbn                         
00003205  scalbnl                        
00001469  setupSerial                    
00003411  setvbuf                        
200005e8  speed                          
00004335  sprintf                        
20000604  state                          
200005b8  storage_location               
000047bd  strchr                         
000047a5  strcmp                         
000047e7  strcpy                         
0000470d  strcspn                        
000047fb  strlen                         
0000460f  strncmp                        
00004511  strncpy                        
00004669  strspn                         
00004375  strtok                         
00001965  sysTickDelay_ms                
0000198b  sysTickDelay_us                
20000870  tempAr                         
200005c0  tempC                          
200005c4  tempF                          
000013f5  tempT32interrupt               
20000874  time                           
200005dc  timePresses                    
00000735  toggleAMPM                     
00000709  toggleAMPM2                    
0000066f  toggleAlarm                    
0000463d  unlink                         
200005c8  voltage                        
200005d4  voltage1                       
00000661  wakeUpLights                   
00004821  wcslen                         
000046e5  write                          
000014cf  writeOutput                    


GLOBAL SYMBOLS: SORTED BY Symbol Address 

address   name                           
-------   ----                           
00000000  __TI_static_base__             
00000000  interruptVectors               
00000111  main                           
00000200  __STACK_SIZE                   
00000349  extractTimeSerial              
00000400  __SYSMEM_SIZE                  
00000661  wakeUpLights                   
0000066f  toggleAlarm                    
000006b3  displayAlarm                   
00000709  toggleAMPM2                    
00000735  toggleAMPM                     
00000759  displayAMPM                    
0000078f  displayMin                     
000007bd  displayHour                    
000007fd  T32_INT1_IRQHandler            
000007fd  T32_INT1_IRQHandler            
00000829  T32_INT2_IRQHandler            
00000829  T32_INT2_IRQHandler            
00000929  PORT1_IRQHandler               
00000929  PORT1_IRQHandler               
000009a1  PORT4_IRQHandler               
000009a1  PORT4_IRQHandler               
00000c11  RTC_C_IRQHandler               
00000c11  RTC_C_IRQHandler               
00000e3d  ADC14_IRQHandler               
00000e3d  ADC14_IRQHandler               
0000100d  TA3_N_IRQHandler               
0000100d  TA3_N_IRQHandler               
000011c9  intBlinkTimerA                 
00001229  intLCDBrightness               
0000126d  intAlarm                       
000012a1  intSpeedButton                 
000012fd  intButtons                     
00001355  configRTC                      
000013a3  ADC14init                      
000013f5  tempT32interrupt               
0000140b  LEDT32interrupt                
00001431  LED_init                       
00001469  setupSerial                    
000014cf  writeOutput                    
00001549  readInput                      
000015e9  EUSCIA0_IRQHandler             
000015e9  EUSCIA0_IRQHandler             
000016a1  displayAt                      
00001799  LCD_init                       
00001839  commandWrite                   
0000187d  dataWrite                      
000018b3  pushByte                       
000018dd  pushNibble                     
0000190f  pulseEnablePin                 
00001949  SysTick_Init                   
00001965  sysTickDelay_ms                
0000198b  sysTickDelay_us                
000019cd  __TI_printfi                   
0000242b  _nop                           
0000242d  SystemCoreClockUpdate          
000026a5  SystemInit                     
00002ba1  __aeabi_dsub                   
00002bab  __aeabi_dadd                   
00002d57  __aeabi_idiv0                  
00002d57  __aeabi_ldiv0                  
00002e95  __aeabi_ddiv                   
000030f1  fputs                          
00003205  ldexp                          
00003205  ldexpl                         
00003205  scalbn                         
00003205  scalbnl                        
00003315  __aeabi_dmul                   
00003411  setvbuf                        
000034ed  free                           
00003677  __aeabi_memcpy                 
00003677  __aeabi_memcpy4                
00003677  __aeabi_memcpy8                
00003677  memcpy                         
00003713  __aeabi_uldivmod               
000037a9  fputc                          
000037a9  putc                           
00003835  __aeabi_cdcmpeq                
00003835  __aeabi_cdcmple                
000038bb  __aeabi_cdrcmple               
00003941  __aeabi_memclr                 
00003941  __aeabi_memclr4                
00003941  __aeabi_memclr8                
00003943  __aeabi_memset                 
00003943  __aeabi_memset4                
00003943  __aeabi_memset8                
00003949  memset                         
000039bd  malloc                         
00003a35  __TI_closefile                 
00003b17  __aeabi_d2f                    
00003b85  HOSTlseek                      
00003bed  HOSTrename                     
00003c55  __TI_decompress_lzss           
00003cbd  printf                         
00003d25  frexp                          
00003d25  frexpl                         
00003d89  fseek                          
00003ded  __TI_wrt_ok                    
00003e51  HOSTopen                       
00003eb1  close                          
00003f0d  HOSTread                       
00003f65  HOSTwrite                      
00004013  ltoa                           
000040b9  __TI_doflush                   
00004105  atoi                           
00004151  exit                           
00004199  __aeabi_d2iz                   
000041e1  HOSTclose                      
00004225  HOSTunlink                     
00004269  __TI_auto_init_nobinit_nopinit 
000042ad  getdevice                      
000042f1  __aeabi_d2uiz                  
00004335  sprintf                        
00004375  strtok                         
00004431  __TI_writemsg                  
0000445f  C$$IO$$                        
00004469  _c_int00_noargs                
000044a1  minit                          
000044d9  __aeabi_f2d                    
00004511  strncpy                        
00004549  __TI_cleanup                   
0000457d  __TI_readmsg                   
000045b1  finddevice                     
000045e1  __aeabi_i2d                    
0000460f  strncmp                        
0000463d  remove                         
0000463d  unlink                         
00004669  strspn                         
00004695  lseek                          
000046e5  write                          
0000470d  strcspn                        
00004731  memchr                         
00004751  __aeabi_ui2d                   
00004771  memccpy                        
000047a5  strcmp                         
000047bd  strchr                         
000047d3  copysign                       
000047d3  copysignl                      
000047e7  strcpy                         
000047fb  strlen                         
0000480f  __TI_zero_init_nomemset        
00004821  wcslen                         
00004833  __TI_decompress_none           
00004841  Reset_Handler                  
0000484d  AES256_IRQHandler              
0000484d  BusFault_Handler               
0000484d  COMP_E0_IRQHandler             
0000484d  COMP_E1_IRQHandler             
0000484d  CS_IRQHandler                  
0000484d  DMA_ERR_IRQHandler             
0000484d  DMA_INT0_IRQHandler            
0000484d  DMA_INT1_IRQHandler            
0000484d  DMA_INT2_IRQHandler            
0000484d  DMA_INT3_IRQHandler            
0000484d  DebugMon_Handler               
0000484d  Default_Handler                
0000484d  EUSCIA1_IRQHandler             
0000484d  EUSCIA2_IRQHandler             
0000484d  EUSCIA3_IRQHandler             
0000484d  EUSCIB0_IRQHandler             
0000484d  EUSCIB1_IRQHandler             
0000484d  EUSCIB2_IRQHandler             
0000484d  EUSCIB3_IRQHandler             
0000484d  FLCTL_IRQHandler               
0000484d  FPU_IRQHandler                 
0000484d  HardFault_Handler              
0000484d  MemManage_Handler              
0000484d  NMI_Handler                    
0000484d  PCM_IRQHandler                 
0000484d  PORT2_IRQHandler               
0000484d  PORT3_IRQHandler               
0000484d  PORT5_IRQHandler               
0000484d  PORT6_IRQHandler               
0000484d  PSS_IRQHandler                 
0000484d  PendSV_Handler                 
0000484d  SVC_Handler                    
0000484d  SysTick_Handler                
0000484d  T32_INTC_IRQHandler            
0000484d  TA0_0_IRQHandler               
0000484d  TA0_N_IRQHandler               
0000484d  TA1_0_IRQHandler               
0000484d  TA1_N_IRQHandler               
0000484d  TA2_0_IRQHandler               
0000484d  TA2_N_IRQHandler               
0000484d  TA3_0_IRQHandler               
0000484d  UsageFault_Handler             
0000484d  WDT_A_IRQHandler               
00004859  __aeabi_errno_addr             
00004869  _system_pre_init               
0000486d  C$$EXIT                        
0000486d  abort                          
00004870  _ctypes_                       
000049fc  __TI_Handler_Table_Base        
00004a08  __TI_Handler_Table_Limit       
00004a10  __TI_CINIT_Base                
00004a20  __TI_CINIT_Limit               
20000000  _sys_memory                    
20000400  _ftable                        
200004f0  _device                        
20000568  _stream                        
200005b8  storage_location               
200005b9  read_location                  
200005bc  duty                           
200005c0  tempC                          
200005c4  tempF                          
200005c8  voltage                        
200005cc  raw                            
200005d0  raw1                           
200005d4  voltage1                       
200005d8  RTC_flag                       
200005dc  timePresses                    
200005e0  alarmFlag                      
200005e4  alarmPresses                   
200005e8  speed                          
200005ec  AMPM                           
200005f0  AMPM2                          
200005f4  lightsOn                       
200005f8  lightBrightness                
200005fc  LCDbrightness                  
20000600  blinkFlag                      
20000604  state                          
20000608  __TI_ft_end                    
2000060c  __aeabi_stdin                  
20000610  __aeabi_stdout                 
20000614  __aeabi_stderr                 
20000618  __TI_cleanup_ptr               
2000061c  __TI_dtors_ptr                 
20000620  __TI_enable_exit_profile_output
20000630  _lock                          
20000634  _unlock                        
20000638  errno                          
20000640  SystemCoreClock                
20000644  __CIOBUF_                      
20000764  __TI_tmpnams                   
20000804  INPUT_BUFFER                   
20000868  parmbuf                        
20000870  tempAr                         
20000874  time                           
20000878  now                            
2000087b  alarm                          
2000fe00  __stack                        
20010000  __STACK_END                    
4000480c  WDTCTL_SYM                     
ffffffff  __TI_pprof_out_hndl            
ffffffff  __TI_prof_data_size            
ffffffff  __TI_prof_data_start           
ffffffff  __binit__                      
ffffffff  __c_args__                     
ffffffff  binit                          
UNDEFED   __mpu_init                     
UNDEFED   _system_post_cinit             

[251 symbols]
