******************************************************************************
                  TI ARM Linker PC v18.1.4                     
******************************************************************************
>> Linked Mon Dec  3 21:56:15 2018

OUTPUT FILE NAME:   <Final Project.out>
ENTRY POINT SYMBOL: "_c_int00_noargs"  address: 00003069


MEMORY CONFIGURATION

         name            origin    length      used     unused   attr    fill
----------------------  --------  ---------  --------  --------  ----  --------
  MAIN                  00000000   00040000  0000330d  0003ccf3  R  X
  INFO                  00200000   00004000  00000000  00004000  R  X
  SRAM_CODE             01000000   00010000  00000249  0000fdb7  RW X
  SRAM_DATA             20000000   00010000  00000249  0000fdb7  RW  


SEGMENT ALLOCATION MAP

run origin  load origin   length   init length attrs members
----------  ----------- ---------- ----------- ----- -------
00000000    00000000    00003310   00003310    r-x
  00000000    00000000    000000e4   000000e4    r-- .intvecs
  000000e4    000000e4    000030f0   000030f0    r-x .text
  000031d4    000031d4    00000101   00000101    r-- .const
  000032d8    000032d8    00000038   00000038    r-- .cinit
20000000    20000000    00000049   00000000    rw-
  20000000    20000000    0000003c   00000000    rw- .data
  2000003c    2000003c    0000000d   00000000    rw- .bss
2000fe00    2000fe00    00000200   00000000    rw-
  2000fe00    2000fe00    00000200   00000000    rw- .stack


SECTION ALLOCATION MAP

 output                                  attributes/
section   page    origin      length       input sections
--------  ----  ----------  ----------   ----------------
.intvecs   0    00000000    000000e4     
                  00000000    000000e4     startup_msp432p401r_ccs.obj (.intvecs:retain)

.text      0    000000e4    000030f0     
                  000000e4    00000eec     main.obj (.text)
                  00000fd0    00000a5e     rtsv7M4_T_le_v4SPD16_eabi.lib : _printfi.c.obj (.text:__TI_printfi)
                  00001a2e    00000002                                   : div0.asm.obj (.text)
                  00001a30    00000334     system_msp432p401r.obj (.text)
                  00001d64    00000270     rtsv7M4_T_le_v4SPD16_eabi.lib : _printfi.c.obj (.text:_pconv_a)
                  00001fd4    000001d0                                   : _printfi.c.obj (.text:_pconv_g)
                  000021a4    000001b6                                   : fd_add_t2.asm.obj (.text)
                  0000235a    00000002     --HOLE-- [fill = 0]
                  0000235c    0000013c                                   : _printfi.c.obj (.text:_pconv_e)
                  00002498    00000136                                   : fd_div_t2.asm.obj (.text)
                  000025ce    00000002     --HOLE-- [fill = 0]
                  000025d0    00000124                                   : _printfi.c.obj (.text:fcvt)
                  000026f4    00000110                                   : s_scalbn.c.obj (.text:scalbn)
                  00002804    000000fc                                   : fd_mul_t2.asm.obj (.text)
                  00002900    000000b1                                   : _printfi.c.obj (.text:_ltostr)
                  000029b1    00000001     --HOLE-- [fill = 0]
                  000029b2    0000009c                                   : memcpy_t2.asm.obj (.text)
                  00002a4e    00000096                                   : ull_div_t2.asm.obj (.text)
                  00002ae4    00000086                                   : fd_cmp_t2.asm.obj (.text:__aeabi_cdcmple)
                  00002b6a    00000086                                   : fd_cmp_t2.asm.obj (.text:__aeabi_cdrcmple)
                  00002bf0    0000007a                                   : memset_t2.asm.obj (.text)
                  00002c6a    0000006e                                   : _printfi.c.obj (.text:_mcpy)
                  00002cd8    0000006e                                   : fd_tos_t2.asm.obj (.text)
                  00002d46    00000068                                   : copy_decompress_lzss.c.obj (.text:decompress:lzss:__TI_decompress_lzss)
                  00002dae    00000002     --HOLE-- [fill = 0]
                  00002db0    00000064                                   : s_frexp.c.obj (.text:frexp)
                  00002e14    00000056                                   : _printfi.c.obj (.text:_pconv_f)
                  00002e6a    00000054                                   : ltoa.c.obj (.text:ltoa)
                  00002ebe    00000052                                   : _printfi.c.obj (.text:_ecpy)
                  00002f10    0000004c                                   : atoi.c.obj (.text:atoi)
                  00002f5c    00000048                                   : fd_toi_t2.asm.obj (.text)
                  00002fa4    00000044                                   : autoinit.c.obj (.text:__TI_auto_init_nobinit_nopinit:__TI_auto_init_nobinit_nopinit)
                  00002fe8    00000040                                   : sprintf.c.obj (.text:sprintf)
                  00003028    0000003e                                   : _printfi.c.obj (.text:_fcpy)
                  00003066    00000002     --HOLE-- [fill = 0]
                  00003068    00000038                                   : boot_cortex_m.c.obj (.text:_c_int00_noargs:_c_int00_noargs)
                  000030a0    00000038                                   : fs_tod_t2.asm.obj (.text)
                  000030d8    0000002e                                   : i_tofd_t2.asm.obj (.text)
                  00003106    0000001c                                   : memccpy.c.obj (.text:memccpy)
                  00003122    00000018                                   : sprintf.c.obj (.text:_outs)
                  0000313a    00000016                                   : strchr.c.obj (.text:strchr)
                  00003150    00000014                                   : s_copysign.c.obj (.text:copysign)
                  00003164    00000014                                   : strlen.c.obj (.text:strlen)
                  00003178    00000012                                   : copy_zero_init.c.obj (.text:decompress:ZI:__TI_zero_init_nomemset:__TI_zero_init_nomemset)
                  0000318a    00000012                                   : wcslen.c.obj (.text:wcslen)
                  0000319c    0000000e                                   : copy_decompress_none.c.obj (.text:decompress:none:__TI_decompress_none)
                  000031aa    0000000e     startup_msp432p401r_ccs.obj (.text)
                  000031b8    0000000a     rtsv7M4_T_le_v4SPD16_eabi.lib : sprintf.c.obj (.text:_outc)
                  000031c2    00000002     --HOLE-- [fill = 0]
                  000031c4    00000008                                   : errno.c.obj (.text:__aeabi_errno_addr)
                  000031cc    00000004                                   : pre_init.c.obj (.text:_system_pre_init)
                  000031d0    00000004                                   : exit.c.obj (.text:abort:abort)

.const     0    000031d4    00000101     
                  000031d4    00000101     rtsv7M4_T_le_v4SPD16_eabi.lib : ctype.c.obj (.const:.string:_ctypes_)

.cinit     0    000032d8    00000038     
                  000032d8    00000012     (.cinit..data.load) [load image, compression = lzss]
                  000032ea    00000002     --HOLE-- [fill = 0]
                  000032ec    0000000c     (__TI_handler_table)
                  000032f8    00000008     (.cinit..bss.load) [load image, compression = zero_init]
                  00003300    00000010     (__TI_cinit_table)

.init_array 
*          0    00000000    00000000     UNINITIALIZED

.binit     0    00000000    00000000     

.data      0    20000000    0000003c     UNINITIALIZED
                  20000000    00000034     main.obj (.data)
                  20000034    00000004     rtsv7M4_T_le_v4SPD16_eabi.lib : errno.c.obj (.data)
                  20000038    00000004     system_msp432p401r.obj (.data)

.bss       0    2000003c    0000000d     UNINITIALIZED
                  2000003c    00000004     (.common:tempAr)
                  20000040    00000004     (.common:time)
                  20000044    00000003     (.common:now)
                  20000047    00000002     (.common:alarm)

.stack     0    2000fe00    00000200     UNINITIALIZED
                  2000fe00    00000004     rtsv7M4_T_le_v4SPD16_eabi.lib : boot_cortex_m.c.obj (.stack)
                  2000fe04    000001fc     --HOLE--

MODULE SUMMARY

       Module                        code    ro data   rw data
       ------                        ----    -------   -------
    .\
       main.obj                      3820    0         130    
       system_msp432p401r.obj        820     0         8      
       startup_msp432p401r_ccs.obj   14      228       0      
    +--+-----------------------------+-------+---------+---------+
       Total:                        4654    228       138    
                                                              
    C:\ti\ccs820\ccsv8\tools\compiler\ti-cgt-arm_18.1.4.LTS\lib\rtsv7M4_T_le_v4SPD16_eabi.lib
       _printfi.c.obj                4867    0         0      
       fd_add_t2.asm.obj             438     0         0      
       fd_div_t2.asm.obj             310     0         0      
       s_scalbn.c.obj                272     0         0      
       fd_cmp_t2.asm.obj             268     0         0      
       ctype.c.obj                   0       257       0      
       fd_mul_t2.asm.obj             252     0         0      
       memcpy_t2.asm.obj             156     0         0      
       ull_div_t2.asm.obj            150     0         0      
       memset_t2.asm.obj             122     0         0      
       fd_tos_t2.asm.obj             110     0         0      
       copy_decompress_lzss.c.obj    104     0         0      
       s_frexp.c.obj                 100     0         0      
       sprintf.c.obj                 98      0         0      
       ltoa.c.obj                    84      0         0      
       atoi.c.obj                    76      0         0      
       fd_toi_t2.asm.obj             72      0         0      
       autoinit.c.obj                68      0         0      
       boot_cortex_m.c.obj           56      0         0      
       fs_tod_t2.asm.obj             56      0         0      
       i_tofd_t2.asm.obj             46      0         0      
       memccpy.c.obj                 28      0         0      
       strchr.c.obj                  22      0         0      
       s_copysign.c.obj              20      0         0      
       strlen.c.obj                  20      0         0      
       copy_zero_init.c.obj          18      0         0      
       wcslen.c.obj                  18      0         0      
       errno.c.obj                   8       0         8      
       copy_decompress_none.c.obj    14      0         0      
       exit.c.obj                    4       0         0      
       pre_init.c.obj                4       0         0      
       div0.asm.obj                  2       0         0      
    +--+-----------------------------+-------+---------+---------+
       Total:                        7863    257       8      
                                                              
       Stack:                        0       0         1024   
       Linker Generated:             0       54        0      
    +--+-----------------------------+-------+---------+---------+
       Grand Total:                  12517   539       1170   


LINKER GENERATED COPY TABLES

__TI_cinit_table @ 00003300 records: 2, size/record: 8, table size: 16
	.data: load addr=000032d8, load size=00000012 bytes, run addr=20000000, run size=0000003c bytes, compression=lzss
	.bss: load addr=000032f8, load size=00000008 bytes, run addr=2000003c, run size=0000000d bytes, compression=zero_init


LINKER GENERATED HANDLER TABLE

__TI_handler_table @ 000032ec records: 3, size/record: 4, table size: 12
	index: 0, handler: __TI_decompress_lzss
	index: 1, handler: __TI_decompress_none
	index: 2, handler: __TI_zero_init


GLOBAL SYMBOLS: SORTED ALPHABETICALLY BY Name 

address   name                          
-------   ----                          
000006b1  ADC14_IRQHandler              
000006b1  ADC14_IRQHandler              
00000b45  ADC14init                     
000031b7  AES256_IRQHandler             
20000020  AMPM                          
20000024  AMPM2                         
000031b7  BusFault_Handler              
000031d1  C$$EXIT                       
000031b7  COMP_E0_IRQHandler            
000031b7  COMP_E1_IRQHandler            
000031b7  CS_IRQHandler                 
000031b7  DMA_ERR_IRQHandler            
000031b7  DMA_INT0_IRQHandler           
000031b7  DMA_INT1_IRQHandler           
000031b7  DMA_INT2_IRQHandler           
000031b7  DMA_INT3_IRQHandler           
000031b7  DebugMon_Handler              
000031b7  Default_Handler               
000031b7  EUSCIA0_IRQHandler            
000031b7  EUSCIA1_IRQHandler            
000031b7  EUSCIA2_IRQHandler            
000031b7  EUSCIA3_IRQHandler            
000031b7  EUSCIB0_IRQHandler            
000031b7  EUSCIB1_IRQHandler            
000031b7  EUSCIB2_IRQHandler            
000031b7  EUSCIB3_IRQHandler            
000031b7  FLCTL_IRQHandler              
000031b7  FPU_IRQHandler                
000031b7  HardFault_Handler             
00000d19  LCD_init                      
00000baf  LEDT32interrupt               
00000bc5  LED_init                      
000031b7  MemManage_Handler             
000031b7  NMI_Handler                   
000031b7  PCM_IRQHandler                
000031b7  PORT1_IRQHandler              
000031b7  PORT2_IRQHandler              
000031b7  PORT3_IRQHandler              
00000389  PORT4_IRQHandler              
00000389  PORT4_IRQHandler              
000031b7  PORT5_IRQHandler              
000031b7  PORT6_IRQHandler              
000031b7  PSS_IRQHandler                
000031b7  PendSV_Handler                
000005d9  RTC_C_IRQHandler              
000005d9  RTC_C_IRQHandler              
20000010  RTC_flag                      
000031ab  Reset_Handler                 
000031b7  SVC_Handler                   
000031b7  SysTick_Handler               
00000f4d  SysTick_Init                  
20000038  SystemCoreClock               
00001a31  SystemCoreClockUpdate         
00001ca9  SystemInit                    
000002e1  T32_INT1_IRQHandler           
000002e1  T32_INT1_IRQHandler           
000002f3  T32_INT2_IRQHandler           
000002f3  T32_INT2_IRQHandler           
000031b7  T32_INTC_IRQHandler           
000031b7  TA0_0_IRQHandler              
000031b7  TA0_N_IRQHandler              
000031b7  TA1_0_IRQHandler              
000031b7  TA1_N_IRQHandler              
000031b7  TA2_0_IRQHandler              
000031b7  TA2_N_IRQHandler              
000031b7  TA3_0_IRQHandler              
000007ed  TA3_N_IRQHandler              
000007ed  TA3_N_IRQHandler              
000031b7  UsageFault_Handler            
4000480c  WDTCTL_SYM                    
000031b7  WDT_A_IRQHandler              
20010000  __STACK_END                   
00000200  __STACK_SIZE                  
00003300  __TI_CINIT_Base               
00003310  __TI_CINIT_Limit              
000032ec  __TI_Handler_Table_Base       
000032f8  __TI_Handler_Table_Limit      
00002fa5  __TI_auto_init_nobinit_nopinit
00002d47  __TI_decompress_lzss          
0000319d  __TI_decompress_none          
ffffffff  __TI_pprof_out_hndl           
00000fd1  __TI_printfi                  
ffffffff  __TI_prof_data_size           
ffffffff  __TI_prof_data_start          
00000000  __TI_static_base__            
00003179  __TI_zero_init_nomemset       
00002ae5  __aeabi_cdcmpeq               
00002ae5  __aeabi_cdcmple               
00002b6b  __aeabi_cdrcmple              
00002cd9  __aeabi_d2f                   
00002f5d  __aeabi_d2iz                  
000021af  __aeabi_dadd                  
00002499  __aeabi_ddiv                  
00002805  __aeabi_dmul                  
000021a5  __aeabi_dsub                  
000031c5  __aeabi_errno_addr            
000030a1  __aeabi_f2d                   
000030d9  __aeabi_i2d                   
00001a2f  __aeabi_idiv0                 
00001a2f  __aeabi_ldiv0                 
00002bf1  __aeabi_memclr                
00002bf1  __aeabi_memclr4               
00002bf1  __aeabi_memclr8               
000029b3  __aeabi_memcpy                
000029b3  __aeabi_memcpy4               
000029b3  __aeabi_memcpy8               
00002bf3  __aeabi_memset                
00002bf3  __aeabi_memset4               
00002bf3  __aeabi_memset8               
00002a4f  __aeabi_uldivmod              
ffffffff  __binit__                     
ffffffff  __c_args__                    
UNDEFED   __mpu_init                    
2000fe00  __stack                       
00003069  _c_int00_noargs               
000031d4  _ctypes_                      
UNDEFED   _system_post_cinit            
000031cd  _system_pre_init              
000031d1  abort                         
20000047  alarm                         
20000018  alarmFlag                     
2000001c  alarmPresses                  
00002f11  atoi                          
ffffffff  binit                         
20000030  blinkFlag                     
00000df5  commandWrite                  
00000af1  configRTC                     
00003151  copysign                      
00003151  copysignl                     
00000e41  dataWrite                     
00000257  displayAMPM                   
000001c5  displayAlarm                  
00000c09  displayAt                     
000002a7  displayHour                   
0000028d  displayMin                    
20000034  errno                         
00002db1  frexp                         
00002db1  frexpl                        
00000a6d  intAlarm                      
000009a1  intBlinkTimerA                
00000a91  intButtons                    
00000a15  intLCDBrightness              
00000000  interruptVectors              
000026f5  ldexp                         
000026f5  ldexpl                        
2000002c  lightBrightness               
20000028  lightsOn                      
00002e6b  ltoa                          
00000111  main                          
00003107  memccpy                       
000029b3  memcpy                        
00002bf9  memset                        
20000044  now                           
00000f15  pulseEnablePin                
00000e81  pushByte                      
00000ed5  pushNibble                    
2000000c  raw                           
000026f5  scalbn                        
000026f5  scalbnl                       
00002fe9  sprintf                       
0000313b  strchr                        
00003165  strlen                        
00000f69  sysTickDelay_ms               
00000f8f  sysTickDelay_us               
2000003c  tempAr                        
20000000  tempC                         
20000004  tempF                         
00000b99  tempT32interrupt              
20000040  time                          
20000014  timePresses                   
00000241  toggleAMPM                    
00000215  toggleAMPM2                   
00000199  toggleAlarm                   
20000008  voltage                       
0000018d  wakeUpLights                  
0000318b  wcslen                        


GLOBAL SYMBOLS: SORTED BY Symbol Address 

address   name                          
-------   ----                          
00000000  __TI_static_base__            
00000000  interruptVectors              
00000111  main                          
0000018d  wakeUpLights                  
00000199  toggleAlarm                   
000001c5  displayAlarm                  
00000200  __STACK_SIZE                  
00000215  toggleAMPM2                   
00000241  toggleAMPM                    
00000257  displayAMPM                   
0000028d  displayMin                    
000002a7  displayHour                   
000002e1  T32_INT1_IRQHandler           
000002e1  T32_INT1_IRQHandler           
000002f3  T32_INT2_IRQHandler           
000002f3  T32_INT2_IRQHandler           
00000389  PORT4_IRQHandler              
00000389  PORT4_IRQHandler              
000005d9  RTC_C_IRQHandler              
000005d9  RTC_C_IRQHandler              
000006b1  ADC14_IRQHandler              
000006b1  ADC14_IRQHandler              
000007ed  TA3_N_IRQHandler              
000007ed  TA3_N_IRQHandler              
000009a1  intBlinkTimerA                
00000a15  intLCDBrightness              
00000a6d  intAlarm                      
00000a91  intButtons                    
00000af1  configRTC                     
00000b45  ADC14init                     
00000b99  tempT32interrupt              
00000baf  LEDT32interrupt               
00000bc5  LED_init                      
00000c09  displayAt                     
00000d19  LCD_init                      
00000df5  commandWrite                  
00000e41  dataWrite                     
00000e81  pushByte                      
00000ed5  pushNibble                    
00000f15  pulseEnablePin                
00000f4d  SysTick_Init                  
00000f69  sysTickDelay_ms               
00000f8f  sysTickDelay_us               
00000fd1  __TI_printfi                  
00001a2f  __aeabi_idiv0                 
00001a2f  __aeabi_ldiv0                 
00001a31  SystemCoreClockUpdate         
00001ca9  SystemInit                    
000021a5  __aeabi_dsub                  
000021af  __aeabi_dadd                  
00002499  __aeabi_ddiv                  
000026f5  ldexp                         
000026f5  ldexpl                        
000026f5  scalbn                        
000026f5  scalbnl                       
00002805  __aeabi_dmul                  
000029b3  __aeabi_memcpy                
000029b3  __aeabi_memcpy4               
000029b3  __aeabi_memcpy8               
000029b3  memcpy                        
00002a4f  __aeabi_uldivmod              
00002ae5  __aeabi_cdcmpeq               
00002ae5  __aeabi_cdcmple               
00002b6b  __aeabi_cdrcmple              
00002bf1  __aeabi_memclr                
00002bf1  __aeabi_memclr4               
00002bf1  __aeabi_memclr8               
00002bf3  __aeabi_memset                
00002bf3  __aeabi_memset4               
00002bf3  __aeabi_memset8               
00002bf9  memset                        
00002cd9  __aeabi_d2f                   
00002d47  __TI_decompress_lzss          
00002db1  frexp                         
00002db1  frexpl                        
00002e6b  ltoa                          
00002f11  atoi                          
00002f5d  __aeabi_d2iz                  
00002fa5  __TI_auto_init_nobinit_nopinit
00002fe9  sprintf                       
00003069  _c_int00_noargs               
000030a1  __aeabi_f2d                   
000030d9  __aeabi_i2d                   
00003107  memccpy                       
0000313b  strchr                        
00003151  copysign                      
00003151  copysignl                     
00003165  strlen                        
00003179  __TI_zero_init_nomemset       
0000318b  wcslen                        
0000319d  __TI_decompress_none          
000031ab  Reset_Handler                 
000031b7  AES256_IRQHandler             
000031b7  BusFault_Handler              
000031b7  COMP_E0_IRQHandler            
000031b7  COMP_E1_IRQHandler            
000031b7  CS_IRQHandler                 
000031b7  DMA_ERR_IRQHandler            
000031b7  DMA_INT0_IRQHandler           
000031b7  DMA_INT1_IRQHandler           
000031b7  DMA_INT2_IRQHandler           
000031b7  DMA_INT3_IRQHandler           
000031b7  DebugMon_Handler              
000031b7  Default_Handler               
000031b7  EUSCIA0_IRQHandler            
000031b7  EUSCIA1_IRQHandler            
000031b7  EUSCIA2_IRQHandler            
000031b7  EUSCIA3_IRQHandler            
000031b7  EUSCIB0_IRQHandler            
000031b7  EUSCIB1_IRQHandler            
000031b7  EUSCIB2_IRQHandler            
000031b7  EUSCIB3_IRQHandler            
000031b7  FLCTL_IRQHandler              
000031b7  FPU_IRQHandler                
000031b7  HardFault_Handler             
000031b7  MemManage_Handler             
000031b7  NMI_Handler                   
000031b7  PCM_IRQHandler                
000031b7  PORT1_IRQHandler              
000031b7  PORT2_IRQHandler              
000031b7  PORT3_IRQHandler              
000031b7  PORT5_IRQHandler              
000031b7  PORT6_IRQHandler              
000031b7  PSS_IRQHandler                
000031b7  PendSV_Handler                
000031b7  SVC_Handler                   
000031b7  SysTick_Handler               
000031b7  T32_INTC_IRQHandler           
000031b7  TA0_0_IRQHandler              
000031b7  TA0_N_IRQHandler              
000031b7  TA1_0_IRQHandler              
000031b7  TA1_N_IRQHandler              
000031b7  TA2_0_IRQHandler              
000031b7  TA2_N_IRQHandler              
000031b7  TA3_0_IRQHandler              
000031b7  UsageFault_Handler            
000031b7  WDT_A_IRQHandler              
000031c5  __aeabi_errno_addr            
000031cd  _system_pre_init              
000031d1  C$$EXIT                       
000031d1  abort                         
000031d4  _ctypes_                      
000032ec  __TI_Handler_Table_Base       
000032f8  __TI_Handler_Table_Limit      
00003300  __TI_CINIT_Base               
00003310  __TI_CINIT_Limit              
20000000  tempC                         
20000004  tempF                         
20000008  voltage                       
2000000c  raw                           
20000010  RTC_flag                      
20000014  timePresses                   
20000018  alarmFlag                     
2000001c  alarmPresses                  
20000020  AMPM                          
20000024  AMPM2                         
20000028  lightsOn                      
2000002c  lightBrightness               
20000030  blinkFlag                     
20000034  errno                         
20000038  SystemCoreClock               
2000003c  tempAr                        
20000040  time                          
20000044  now                           
20000047  alarm                         
2000fe00  __stack                       
20010000  __STACK_END                   
4000480c  WDTCTL_SYM                    
ffffffff  __TI_pprof_out_hndl           
ffffffff  __TI_prof_data_size           
ffffffff  __TI_prof_data_start          
ffffffff  __binit__                     
ffffffff  __c_args__                    
ffffffff  binit                         
UNDEFED   __mpu_init                    
UNDEFED   _system_post_cinit            

[176 symbols]
