******************************************************************************
                  TI ARM Linker Unix v18.1.4                   
******************************************************************************
>> Linked Thu Nov 29 14:30:14 2018

OUTPUT FILE NAME:   <Final Project.out>
ENTRY POINT SYMBOL: "_c_int00_noargs"  address: 000030f1


MEMORY CONFIGURATION

         name            origin    length      used     unused   attr    fill
----------------------  --------  ---------  --------  --------  ----  --------
  MAIN                  00000000   00040000  000035c5  0003ca3b  R  X
  INFO                  00200000   00004000  00000000  00004000  R  X
  SRAM_CODE             01000000   00010000  000009cc  0000f634  RW X
  SRAM_DATA             20000000   00010000  000009cc  0000f634  RW  


SEGMENT ALLOCATION MAP

run origin  load origin   length   init length attrs members
----------  ----------- ---------- ----------- ----- -------
00000000    00000000    000035c8   000035c8    r-x
  00000000    00000000    000000e4   000000e4    r-- .intvecs
  000000e4    000000e4    00003340   00003340    r-x .text
  00003424    00003424    00000101   00000101    r-- .const
  00003528    00003528    000000a0   000000a0    r-- .cinit
20000000    20000000    000007cc   00000000    rw-
  20000000    20000000    00000400   00000000    rw- .sysmem
  20000400    20000400    00000200   00000000    rw- .data
  20000600    20000600    000001cc   00000000    rw- .bss
2000fe00    2000fe00    00000200   00000000    rw-
  2000fe00    2000fe00    00000200   00000000    rw- .stack


SECTION ALLOCATION MAP

 output                                  attributes/
section   page    origin      length       input sections
--------  ----  ----------  ----------   ----------------
.intvecs   0    00000000    000000e4     
                  00000000    000000e4     startup_msp432p401r_ccs.obj (.intvecs:retain)

.text      0    000000e4    00003340     
                  000000e4    00000a5e     rtsv7M4_T_le_v4SPD16_eabi.lib : _printfi.c.obj (.text:__TI_printfi)
                  00000b42    00000002                                   : _lock.c.obj (.text:_nop)
                  00000b44    00000660     main.obj (.text)
                  000011a4    00000334     system_msp432p401r.obj (.text)
                  000014d8    00000270     rtsv7M4_T_le_v4SPD16_eabi.lib : _printfi.c.obj (.text:_pconv_a)
                  00001748    000001d0                                   : _printfi.c.obj (.text:_pconv_g)
                  00001918    000001b6                                   : fd_add_t2.asm.obj (.text)
                  00001ace    00000002                                   : div0.asm.obj (.text)
                  00001ad0    0000013c                                   : _printfi.c.obj (.text:_pconv_e)
                  00001c0c    00000136                                   : fd_div_t2.asm.obj (.text)
                  00001d42    00000002     --HOLE-- [fill = 0]
                  00001d44    00000124                                   : _printfi.c.obj (.text:fcvt)
                  00001e68    00000114                                   : fputs.c.obj (.text:fputs)
                  00001f7c    00000110                                   : s_scalbn.c.obj (.text:scalbn)
                  0000208c    000000fc                                   : fd_mul_t2.asm.obj (.text)
                  00002188    000000dc                                   : setvbuf.c.obj (.text:setvbuf)
                  00002264    000000d8                                   : memory.c.obj (.text:free)
                  0000233c    000000b1                                   : _printfi.c.obj (.text:_ltostr)
                  000023ed    00000001     --HOLE-- [fill = 0]
                  000023ee    0000009c                                   : memcpy_t2.asm.obj (.text)
                  0000248a    00000096                                   : ull_div_t2.asm.obj (.text)
                  00002520    0000008c                                   : fputc.c.obj (.text:fputc)
                  000025ac    00000086                                   : fd_cmp_t2.asm.obj (.text:__aeabi_cdcmple)
                  00002632    00000086                                   : fd_cmp_t2.asm.obj (.text:__aeabi_cdrcmple)
                  000026b8    0000007a                                   : memset_t2.asm.obj (.text)
                  00002732    00000002     --HOLE-- [fill = 0]
                  00002734    00000078                                   : memory.c.obj (.text:malloc)
                  000027ac    00000074                                   : fclose.c.obj (.text:__TI_closefile)
                  00002820    0000006e                                   : _printfi.c.obj (.text:_mcpy)
                  0000288e    00000002     --HOLE-- [fill = 0]
                  00002890    00000068                                   : hostlseek.c.obj (.text:HOSTlseek)
                  000028f8    00000068                                   : hostrename.c.obj (.text:HOSTrename)
                  00002960    00000068                                   : copy_decompress_lzss.c.obj (.text:decompress:lzss:__TI_decompress_lzss)
                  000029c8    00000068                                   : printf.c.obj (.text:printf)
                  00002a30    00000064                                   : s_frexp.c.obj (.text:frexp)
                  00002a94    00000064                                   : fseek.c.obj (.text:fseek)
                  00002af8    00000062                                   : _io_perm.c.obj (.text:__TI_wrt_ok)
                  00002b5a    00000002     --HOLE-- [fill = 0]
                  00002b5c    00000060                                   : hostopen.c.obj (.text:HOSTopen)
                  00002bbc    0000005c                                   : close.c.obj (.text:close)
                  00002c18    00000058                                   : hostread.c.obj (.text:HOSTread)
                  00002c70    00000058                                   : hostwrite.c.obj (.text:HOSTwrite)
                  00002cc8    00000056                                   : _printfi.c.obj (.text:_pconv_f)
                  00002d1e    00000054                                   : ltoa.c.obj (.text:ltoa)
                  00002d72    00000052                                   : _printfi.c.obj (.text:_ecpy)
                  00002dc4    0000004c                                   : fflush.c.obj (.text:__TI_doflush)
                  00002e10    0000004c                                   : atoi.c.obj (.text:atoi)
                  00002e5c    00000048                                   : exit.c.obj (.text:exit)
                  00002ea4    00000048                                   : fd_toi_t2.asm.obj (.text)
                  00002eec    00000044                                   : hostclose.c.obj (.text:HOSTclose)
                  00002f30    00000044                                   : hostunlink.c.obj (.text:HOSTunlink)
                  00002f74    00000044                                   : autoinit.c.obj (.text:__TI_auto_init_nobinit_nopinit:__TI_auto_init_nobinit_nopinit)
                  00002fb8    00000044                                   : getdevice.c.obj (.text:getdevice)
                  00002ffc    00000040                                   : sprintf.c.obj (.text:sprintf)
                  0000303c    0000003e                                   : _printfi.c.obj (.text:_fcpy)
                  0000307a    00000002     --HOLE-- [fill = 0]
                  0000307c    0000003c                                   : memory.c.obj (.text:minsert)
                  000030b8    00000038                                   : trgmsg.c.obj (.text:__TI_writemsg)
                  000030f0    00000038                                   : boot_cortex_m.c.obj (.text:_c_int00_noargs:_c_int00_noargs)
                  00003128    00000038                                   : memory.c.obj (.text:minit)
                  00003160    00000036                                   : strncpy.c.obj (.text:strncpy)
                  00003196    00000002     --HOLE-- [fill = 0]
                  00003198    00000034                                   : fopen.c.obj (.text:__TI_cleanup)
                  000031cc    00000034                                   : trgmsg.c.obj (.text:__TI_readmsg)
                  00003200    00000030                                   : getdevice.c.obj (.text:finddevice)
                  00003230    0000002e                                   : i_tofd_t2.asm.obj (.text)
                  0000325e    00000002     --HOLE-- [fill = 0]
                  00003260    0000002c                                   : unlink.c.obj (.text:unlink)
                  0000328c    00000028                                   : lseek.c.obj (.text:lseek)
                  000032b4    00000028                                   : memory.c.obj (.text:mremove)
                  000032dc    00000028                                   : write.c.obj (.text:write)
                  00003304    00000020                                   : memchr.c.obj (.text:memchr)
                  00003324    0000001c                                   : memccpy.c.obj (.text:memccpy)
                  00003340    00000018                                   : sprintf.c.obj (.text:_outs)
                  00003358    00000018                                   : strcmp.c.obj (.text:strcmp)
                  00003370    00000016                                   : strchr.c.obj (.text:strchr)
                  00003386    00000014                                   : s_copysign.c.obj (.text:copysign)
                  0000339a    00000014                                   : strcpy.c.obj (.text:strcpy)
                  000033ae    00000014                                   : strlen.c.obj (.text:strlen)
                  000033c2    00000012                                   : copy_zero_init.c.obj (.text:decompress:ZI:__TI_zero_init_nomemset:__TI_zero_init_nomemset)
                  000033d4    00000012                                   : wcslen.c.obj (.text:wcslen)
                  000033e6    0000000e                                   : copy_decompress_none.c.obj (.text:decompress:none:__TI_decompress_none)
                  000033f4    0000000e     startup_msp432p401r_ccs.obj (.text)
                  00003402    0000000a     rtsv7M4_T_le_v4SPD16_eabi.lib : sprintf.c.obj (.text:_outc)
                  0000340c    00000008                                   : errno.c.obj (.text:__aeabi_errno_addr)
                  00003414    00000004                                   : printf.c.obj (.text:_outc)
                  00003418    00000004                                   : printf.c.obj (.text:_outs)
                  0000341c    00000004                                   : pre_init.c.obj (.text:_system_pre_init)
                  00003420    00000004                                   : exit.c.obj (.text:abort:abort)

.const     0    00003424    00000101     
                  00003424    00000101     rtsv7M4_T_le_v4SPD16_eabi.lib : ctype.c.obj (.const:.string:_ctypes_)

.cinit     0    00003528    000000a0     
                  00003528    00000078     (.cinit..data.load) [load image, compression = lzss]
                  000035a0    0000000c     (__TI_handler_table)
                  000035ac    00000004     --HOLE-- [fill = 0]
                  000035b0    00000008     (.cinit..bss.load) [load image, compression = zero_init]
                  000035b8    00000010     (__TI_cinit_table)

.init_array 
*          0    00000000    00000000     UNINITIALIZED

.binit     0    00000000    00000000     

.sysmem    0    20000000    00000400     UNINITIALIZED
                  20000000    00000008     rtsv7M4_T_le_v4SPD16_eabi.lib : memory.c.obj (.sysmem)
                  20000008    000003f8     --HOLE--

.data      0    20000400    00000200     UNINITIALIZED
                  20000400    000000f0     rtsv7M4_T_le_v4SPD16_eabi.lib : defs.c.obj (.data:_ftable)
                  200004f0    00000078                                   : write.c.obj (.data:_device)
                  20000568    00000050                                   : write.c.obj (.data:_stream)
                  200005b8    00000010                                   : defs.c.obj (.data)
                  200005c8    0000000d     main.obj (.data)
                  200005d5    00000003     --HOLE--
                  200005d8    0000000c     rtsv7M4_T_le_v4SPD16_eabi.lib : exit.c.obj (.data:$O1$$)
                  200005e4    0000000c                                   : memory.c.obj (.data:$O1$$)
                  200005f0    00000008                                   : _lock.c.obj (.data:$O1$$)
                  200005f8    00000004                                   : errno.c.obj (.data)
                  200005fc    00000004     system_msp432p401r.obj (.data)

.bss       0    20000600    000001cc     UNINITIALIZED
                  20000600    00000120     rtsv7M4_T_le_v4SPD16_eabi.lib : trgmsg.c.obj (.bss:_CIOBUF_)
                  20000720    000000a0     (.common:__TI_tmpnams)
                  200007c0    00000008     (.common:parmbuf)
                  200007c8    00000003     (.common:now)
                  200007cb    00000001     (.common:RTC_alarm)

.stack     0    2000fe00    00000200     UNINITIALIZED
                  2000fe00    00000004     rtsv7M4_T_le_v4SPD16_eabi.lib : boot_cortex_m.c.obj (.stack)
                  2000fe04    000001fc     --HOLE--

MODULE SUMMARY

       Module                        code    ro data   rw data
       ------                        ----    -------   -------
    ./
       main.obj                      1632    0         34     
       system_msp432p401r.obj        820     0         8      
       startup_msp432p401r_ccs.obj   14      228       0      
    +--+-----------------------------+-------+---------+---------+
       Total:                        2466    228       42     
                                                              
    /Applications/ti/ccsv8/tools/compiler/ti-cgt-arm_18.1.4.LTS/lib/rtsv7M4_T_le_v4SPD16_eabi.lib
       _printfi.c.obj                4867    0         0      
       defs.c.obj                    0       0         832    
       trgmsg.c.obj                  108     0         576    
       memory.c.obj                  492     0         24     
       write.c.obj                   40      0         400    
       fd_add_t2.asm.obj             438     0         0      
       fd_div_t2.asm.obj             310     0         0      
       fputs.c.obj                   276     0         0      
       s_scalbn.c.obj                272     0         0      
       fd_cmp_t2.asm.obj             268     0         0      
       ctype.c.obj                   0       257       0      
       fd_mul_t2.asm.obj             252     0         0      
       setvbuf.c.obj                 220     0         0      
       memcpy_t2.asm.obj             156     0         0      
       ull_div_t2.asm.obj            150     0         0      
       fputc.c.obj                   140     0         0      
       memset_t2.asm.obj             122     0         0      
       fclose.c.obj                  116     0         0      
       getdevice.c.obj               116     0         0      
       hostopen.c.obj                96      0         16     
       printf.c.obj                  112     0         0      
       copy_decompress_lzss.c.obj    104     0         0      
       hostlseek.c.obj               104     0         0      
       hostrename.c.obj              104     0         0      
       exit.c.obj                    76      0         24     
       fseek.c.obj                   100     0         0      
       s_frexp.c.obj                 100     0         0      
       _io_perm.c.obj                98      0         0      
       sprintf.c.obj                 98      0         0      
       close.c.obj                   92      0         0      
       hostread.c.obj                88      0         0      
       hostwrite.c.obj               88      0         0      
       ltoa.c.obj                    84      0         0      
       atoi.c.obj                    76      0         0      
       fflush.c.obj                  76      0         0      
       fd_toi_t2.asm.obj             72      0         0      
       autoinit.c.obj                68      0         0      
       hostclose.c.obj               68      0         0      
       hostunlink.c.obj              68      0         0      
       boot_cortex_m.c.obj           56      0         0      
       strncpy.c.obj                 54      0         0      
       fopen.c.obj                   52      0         0      
       i_tofd_t2.asm.obj             46      0         0      
       unlink.c.obj                  44      0         0      
       lseek.c.obj                   40      0         0      
       memchr.c.obj                  32      0         0      
       memccpy.c.obj                 28      0         0      
       strcmp.c.obj                  24      0         0      
       strchr.c.obj                  22      0         0      
       s_copysign.c.obj              20      0         0      
       strcpy.c.obj                  20      0         0      
       strlen.c.obj                  20      0         0      
       _lock.c.obj                   2       0         16     
       copy_zero_init.c.obj          18      0         0      
       wcslen.c.obj                  18      0         0      
       errno.c.obj                   8       0         8      
       copy_decompress_none.c.obj    14      0         0      
       pre_init.c.obj                4       0         0      
       div0.asm.obj                  2       0         0      
    +--+-----------------------------+-------+---------+---------+
       Total:                        10639   257       1896   
                                                              
       Heap:                         0       0         2048   
       Stack:                        0       0         1024   
       Linker Generated:             0       156       0      
    +--+-----------------------------+-------+---------+---------+
       Grand Total:                  13105   641       5010   


LINKER GENERATED COPY TABLES

__TI_cinit_table @ 000035b8 records: 2, size/record: 8, table size: 16
	.data: load addr=00003528, load size=00000078 bytes, run addr=20000400, run size=00000200 bytes, compression=lzss
	.bss: load addr=000035b0, load size=00000008 bytes, run addr=20000600, run size=000001cc bytes, compression=zero_init


LINKER GENERATED HANDLER TABLE

__TI_handler_table @ 000035a0 records: 3, size/record: 4, table size: 12
	index: 0, handler: __TI_decompress_lzss
	index: 1, handler: __TI_decompress_none
	index: 2, handler: __TI_zero_init


GLOBAL SYMBOLS: SORTED ALPHABETICALLY BY Name 

address   name                           
-------   ----                           
00003401  ADC14_IRQHandler               
00003401  AES256_IRQHandler              
00003401  BusFault_Handler               
00003421  C$$EXIT                        
000030e7  C$$IO$$                        
00003401  COMP_E0_IRQHandler             
00003401  COMP_E1_IRQHandler             
00003401  CS_IRQHandler                  
00003401  DMA_ERR_IRQHandler             
00003401  DMA_INT0_IRQHandler            
00003401  DMA_INT1_IRQHandler            
00003401  DMA_INT2_IRQHandler            
00003401  DMA_INT3_IRQHandler            
00003401  DebugMon_Handler               
00003401  Default_Handler                
00003401  EUSCIA0_IRQHandler             
00003401  EUSCIA1_IRQHandler             
00003401  EUSCIA2_IRQHandler             
00003401  EUSCIA3_IRQHandler             
00003401  EUSCIB0_IRQHandler             
00003401  EUSCIB1_IRQHandler             
00003401  EUSCIB2_IRQHandler             
00003401  EUSCIB3_IRQHandler             
00003401  FLCTL_IRQHandler               
00003401  FPU_IRQHandler                 
00002eed  HOSTclose                      
00002891  HOSTlseek                      
00002b5d  HOSTopen                       
00002c19  HOSTread                       
000028f9  HOSTrename                     
00002f31  HOSTunlink                     
00002c71  HOSTwrite                      
00003401  HardFault_Handler              
00000e1d  LCD_init                       
00003401  MemManage_Handler              
00003401  NMI_Handler                    
00003401  PCM_IRQHandler                 
00003401  PORT1_IRQHandler               
00003401  PORT2_IRQHandler               
00003401  PORT3_IRQHandler               
000010dd  PORT4_IRQHandler               
000010dd  PORT4_IRQHandler               
00003401  PORT5_IRQHandler               
00003401  PORT6_IRQHandler               
00003401  PSS_IRQHandler                 
00003401  PendSV_Handler                 
00000ced  RTC_C_IRQHandler               
00000ced  RTC_C_IRQHandler               
200007cb  RTC_alarm                      
200005d4  RTC_flag                       
000033f5  Reset_Handler                  
00003401  SVC_Handler                    
00003401  SysTick_Handler                
00000b71  SysTick_Init                   
200005fc  SystemCoreClock                
000011a5  SystemCoreClockUpdate          
0000141d  SystemInit                     
00003401  T32_INT1_IRQHandler            
00003401  T32_INT2_IRQHandler            
00003401  T32_INTC_IRQHandler            
00003401  TA0_0_IRQHandler               
00003401  TA0_N_IRQHandler               
00003401  TA1_0_IRQHandler               
00003401  TA1_N_IRQHandler               
00003401  TA2_0_IRQHandler               
00003401  TA2_N_IRQHandler               
00003401  TA3_0_IRQHandler               
00003401  TA3_N_IRQHandler               
00003401  UsageFault_Handler             
4000480c  WDTCTL_SYM                     
00003401  WDT_A_IRQHandler               
20000600  __CIOBUF_                      
20010000  __STACK_END                    
00000200  __STACK_SIZE                   
00000400  __SYSMEM_SIZE                  
000035b8  __TI_CINIT_Base                
000035c8  __TI_CINIT_Limit               
000035a0  __TI_Handler_Table_Base        
000035ac  __TI_Handler_Table_Limit       
00002f75  __TI_auto_init_nobinit_nopinit 
00003199  __TI_cleanup                   
200005d8  __TI_cleanup_ptr               
000027ad  __TI_closefile                 
00002961  __TI_decompress_lzss           
000033e7  __TI_decompress_none           
00002dc5  __TI_doflush                   
200005dc  __TI_dtors_ptr                 
200005e0  __TI_enable_exit_profile_output
200005b8  __TI_ft_end                    
ffffffff  __TI_pprof_out_hndl            
000000e5  __TI_printfi                   
ffffffff  __TI_prof_data_size            
ffffffff  __TI_prof_data_start           
000031cd  __TI_readmsg                   
00000000  __TI_static_base__             
20000720  __TI_tmpnams                   
000030b9  __TI_writemsg                  
00002af9  __TI_wrt_ok                    
000033c3  __TI_zero_init_nomemset        
000025ad  __aeabi_cdcmpeq                
000025ad  __aeabi_cdcmple                
00002633  __aeabi_cdrcmple               
00002ea5  __aeabi_d2iz                   
00001923  __aeabi_dadd                   
00001c0d  __aeabi_ddiv                   
0000208d  __aeabi_dmul                   
00001919  __aeabi_dsub                   
0000340d  __aeabi_errno_addr             
00003231  __aeabi_i2d                    
00001acf  __aeabi_idiv0                  
00001acf  __aeabi_ldiv0                  
000026b9  __aeabi_memclr                 
000026b9  __aeabi_memclr4                
000026b9  __aeabi_memclr8                
000023ef  __aeabi_memcpy                 
000023ef  __aeabi_memcpy4                
000023ef  __aeabi_memcpy8                
000026bb  __aeabi_memset                 
000026bb  __aeabi_memset4                
000026bb  __aeabi_memset8                
200005c4  __aeabi_stderr                 
200005bc  __aeabi_stdin                  
200005c0  __aeabi_stdout                 
0000248b  __aeabi_uldivmod               
ffffffff  __binit__                      
ffffffff  __c_args__                     
UNDEFED   __mpu_init                     
2000fe00  __stack                        
000030f1  _c_int00_noargs                
00003424  _ctypes_                       
200004f0  _device                        
20000400  _ftable                        
200005f0  _lock                          
00000b43  _nop                           
20000568  _stream                        
20000000  _sys_memory                    
UNDEFED   _system_post_cinit             
0000341d  _system_pre_init               
200005f4  _unlock                        
00003421  abort                          
00002e11  atoi                           
ffffffff  binit                          
00002bbd  close                          
00000ecd  commandWrite                   
00000c97  configRTC                      
00003387  copysign                       
00003387  copysignl                      
00000f03  dataWrite                      
00000d41  displayText                    
200005f8  errno                          
00002e5d  exit                           
00003201  finddevice                     
00002521  fputc                          
00001e69  fputs                          
00002265  free                           
00002a31  frexp                          
00002a31  frexpl                         
00002a95  fseek                          
00002fb9  getdevice                      
200005d0  incFlag                        
00001065  intButt                        
00000000  interruptVectors               
00001f7d  ldexp                          
00001f7d  ldexpl                         
0000328d  lseek                          
00002d1f  ltoa                           
00000b8d  main                           
00002735  malloc                         
00003325  memccpy                        
00003305  memchr                         
000023ef  memcpy                         
000026c1  memset                         
00003129  minit                          
200007c8  now                            
200007c0  parmbuf                        
00000cd7  printRTC                       
000029c9  printf                         
00000fd1  pulseEnablePin                 
00000f39  pushByte                       
00000f85  pushNibble                     
00002521  putc                           
00003261  remove                         
00001f7d  scalbn                         
00001f7d  scalbnl                        
200005c8  setTimeState                   
00002189  setvbuf                        
00002ffd  sprintf                        
200005c9  state                          
00003371  strchr                         
00003359  strcmp                         
0000339b  strcpy                         
000033af  strlen                         
00003161  strncpy                        
00001005  sysTickDelay_ms                
00001041  sysTickDelay_us                
200005cc  test                           
00003261  unlink                         
000033d5  wcslen                         
000032dd  write                          


GLOBAL SYMBOLS: SORTED BY Symbol Address 

address   name                           
-------   ----                           
00000000  __TI_static_base__             
00000000  interruptVectors               
000000e5  __TI_printfi                   
00000200  __STACK_SIZE                   
00000400  __SYSMEM_SIZE                  
00000b43  _nop                           
00000b71  SysTick_Init                   
00000b8d  main                           
00000c97  configRTC                      
00000cd7  printRTC                       
00000ced  RTC_C_IRQHandler               
00000ced  RTC_C_IRQHandler               
00000d41  displayText                    
00000e1d  LCD_init                       
00000ecd  commandWrite                   
00000f03  dataWrite                      
00000f39  pushByte                       
00000f85  pushNibble                     
00000fd1  pulseEnablePin                 
00001005  sysTickDelay_ms                
00001041  sysTickDelay_us                
00001065  intButt                        
000010dd  PORT4_IRQHandler               
000010dd  PORT4_IRQHandler               
000011a5  SystemCoreClockUpdate          
0000141d  SystemInit                     
00001919  __aeabi_dsub                   
00001923  __aeabi_dadd                   
00001acf  __aeabi_idiv0                  
00001acf  __aeabi_ldiv0                  
00001c0d  __aeabi_ddiv                   
00001e69  fputs                          
00001f7d  ldexp                          
00001f7d  ldexpl                         
00001f7d  scalbn                         
00001f7d  scalbnl                        
0000208d  __aeabi_dmul                   
00002189  setvbuf                        
00002265  free                           
000023ef  __aeabi_memcpy                 
000023ef  __aeabi_memcpy4                
000023ef  __aeabi_memcpy8                
000023ef  memcpy                         
0000248b  __aeabi_uldivmod               
00002521  fputc                          
00002521  putc                           
000025ad  __aeabi_cdcmpeq                
000025ad  __aeabi_cdcmple                
00002633  __aeabi_cdrcmple               
000026b9  __aeabi_memclr                 
000026b9  __aeabi_memclr4                
000026b9  __aeabi_memclr8                
000026bb  __aeabi_memset                 
000026bb  __aeabi_memset4                
000026bb  __aeabi_memset8                
000026c1  memset                         
00002735  malloc                         
000027ad  __TI_closefile                 
00002891  HOSTlseek                      
000028f9  HOSTrename                     
00002961  __TI_decompress_lzss           
000029c9  printf                         
00002a31  frexp                          
00002a31  frexpl                         
00002a95  fseek                          
00002af9  __TI_wrt_ok                    
00002b5d  HOSTopen                       
00002bbd  close                          
00002c19  HOSTread                       
00002c71  HOSTwrite                      
00002d1f  ltoa                           
00002dc5  __TI_doflush                   
00002e11  atoi                           
00002e5d  exit                           
00002ea5  __aeabi_d2iz                   
00002eed  HOSTclose                      
00002f31  HOSTunlink                     
00002f75  __TI_auto_init_nobinit_nopinit 
00002fb9  getdevice                      
00002ffd  sprintf                        
000030b9  __TI_writemsg                  
000030e7  C$$IO$$                        
000030f1  _c_int00_noargs                
00003129  minit                          
00003161  strncpy                        
00003199  __TI_cleanup                   
000031cd  __TI_readmsg                   
00003201  finddevice                     
00003231  __aeabi_i2d                    
00003261  remove                         
00003261  unlink                         
0000328d  lseek                          
000032dd  write                          
00003305  memchr                         
00003325  memccpy                        
00003359  strcmp                         
00003371  strchr                         
00003387  copysign                       
00003387  copysignl                      
0000339b  strcpy                         
000033af  strlen                         
000033c3  __TI_zero_init_nomemset        
000033d5  wcslen                         
000033e7  __TI_decompress_none           
000033f5  Reset_Handler                  
00003401  ADC14_IRQHandler               
00003401  AES256_IRQHandler              
00003401  BusFault_Handler               
00003401  COMP_E0_IRQHandler             
00003401  COMP_E1_IRQHandler             
00003401  CS_IRQHandler                  
00003401  DMA_ERR_IRQHandler             
00003401  DMA_INT0_IRQHandler            
00003401  DMA_INT1_IRQHandler            
00003401  DMA_INT2_IRQHandler            
00003401  DMA_INT3_IRQHandler            
00003401  DebugMon_Handler               
00003401  Default_Handler                
00003401  EUSCIA0_IRQHandler             
00003401  EUSCIA1_IRQHandler             
00003401  EUSCIA2_IRQHandler             
00003401  EUSCIA3_IRQHandler             
00003401  EUSCIB0_IRQHandler             
00003401  EUSCIB1_IRQHandler             
00003401  EUSCIB2_IRQHandler             
00003401  EUSCIB3_IRQHandler             
00003401  FLCTL_IRQHandler               
00003401  FPU_IRQHandler                 
00003401  HardFault_Handler              
00003401  MemManage_Handler              
00003401  NMI_Handler                    
00003401  PCM_IRQHandler                 
00003401  PORT1_IRQHandler               
00003401  PORT2_IRQHandler               
00003401  PORT3_IRQHandler               
00003401  PORT5_IRQHandler               
00003401  PORT6_IRQHandler               
00003401  PSS_IRQHandler                 
00003401  PendSV_Handler                 
00003401  SVC_Handler                    
00003401  SysTick_Handler                
00003401  T32_INT1_IRQHandler            
00003401  T32_INT2_IRQHandler            
00003401  T32_INTC_IRQHandler            
00003401  TA0_0_IRQHandler               
00003401  TA0_N_IRQHandler               
00003401  TA1_0_IRQHandler               
00003401  TA1_N_IRQHandler               
00003401  TA2_0_IRQHandler               
00003401  TA2_N_IRQHandler               
00003401  TA3_0_IRQHandler               
00003401  TA3_N_IRQHandler               
00003401  UsageFault_Handler             
00003401  WDT_A_IRQHandler               
0000340d  __aeabi_errno_addr             
0000341d  _system_pre_init               
00003421  C$$EXIT                        
00003421  abort                          
00003424  _ctypes_                       
000035a0  __TI_Handler_Table_Base        
000035ac  __TI_Handler_Table_Limit       
000035b8  __TI_CINIT_Base                
000035c8  __TI_CINIT_Limit               
20000000  _sys_memory                    
20000400  _ftable                        
200004f0  _device                        
20000568  _stream                        
200005b8  __TI_ft_end                    
200005bc  __aeabi_stdin                  
200005c0  __aeabi_stdout                 
200005c4  __aeabi_stderr                 
200005c8  setTimeState                   
200005c9  state                          
200005cc  test                           
200005d0  incFlag                        
200005d4  RTC_flag                       
200005d8  __TI_cleanup_ptr               
200005dc  __TI_dtors_ptr                 
200005e0  __TI_enable_exit_profile_output
200005f0  _lock                          
200005f4  _unlock                        
200005f8  errno                          
200005fc  SystemCoreClock                
20000600  __CIOBUF_                      
20000720  __TI_tmpnams                   
200007c0  parmbuf                        
200007c8  now                            
200007cb  RTC_alarm                      
2000fe00  __stack                        
20010000  __STACK_END                    
4000480c  WDTCTL_SYM                     
ffffffff  __TI_pprof_out_hndl            
ffffffff  __TI_prof_data_size            
ffffffff  __TI_prof_data_start           
ffffffff  __binit__                      
ffffffff  __c_args__                     
ffffffff  binit                          
UNDEFED   __mpu_init                     
UNDEFED   _system_post_cinit             

[199 symbols]
