******************************************************************************
                  TI ARM Linker PC v18.1.4                     
******************************************************************************
>> Linked Tue Dec  4 23:44:26 2018

OUTPUT FILE NAME:   <Final Project.out>
ENTRY POINT SYMBOL: "_c_int00_noargs"  address: 000043b5


MEMORY CONFIGURATION

         name            origin    length      used     unused   attr    fill
----------------------  --------  ---------  --------  --------  ----  --------
  MAIN                  00000000   00040000  00004965  0003b69b  R  X
  INFO                  00200000   00004000  00000000  00004000  R  X
  SRAM_CODE             01000000   00010000  00000a7d  0000f583  RW X
  SRAM_DATA             20000000   00010000  00000a7d  0000f583  RW  


SEGMENT ALLOCATION MAP

run origin  load origin   length   init length attrs members
----------  ----------- ---------- ----------- ----- -------
00000000    00000000    00004968   00004968    r-x
  00000000    00000000    000000e4   000000e4    r-- .intvecs
  000000e4    000000e4    000046d8   000046d8    r-x .text
  000047bc    000047bc    00000101   00000101    r-- .const
  000048c0    000048c0    000000a8   000000a8    r-- .cinit
20000000    20000000    0000087d   00000000    rw-
  20000000    20000000    00000400   00000000    rw- .sysmem
  20000400    20000400    00000244   00000000    rw- .data
  20000644    20000644    00000239   00000000    rw- .bss
2000fe00    2000fe00    00000200   00000000    rw-
  2000fe00    2000fe00    00000200   00000000    rw- .stack


SECTION ALLOCATION MAP

 output                                  attributes/
section   page    origin      length       input sections
--------  ----  ----------  ----------   ----------------
.intvecs   0    00000000    000000e4     
                  00000000    000000e4     startup_msp432p401r_ccs.obj (.intvecs:retain)

.text      0    000000e4    000046d8     
                  000000e4    00001834     main.obj (.text)
                  00001918    00000a5e     rtsv7M4_T_le_v4SPD16_eabi.lib : _printfi.c.obj (.text:__TI_printfi)
                  00002376    00000002                                   : _lock.c.obj (.text:_nop)
                  00002378    00000334     system_msp432p401r.obj (.text)
                  000026ac    00000270     rtsv7M4_T_le_v4SPD16_eabi.lib : _printfi.c.obj (.text:_pconv_a)
                  0000291c    000001d0                                   : _printfi.c.obj (.text:_pconv_g)
                  00002aec    000001b6                                   : fd_add_t2.asm.obj (.text)
                  00002ca2    00000002                                   : div0.asm.obj (.text)
                  00002ca4    0000013c                                   : _printfi.c.obj (.text:_pconv_e)
                  00002de0    00000136                                   : fd_div_t2.asm.obj (.text)
                  00002f16    00000002     --HOLE-- [fill = 0]
                  00002f18    00000124                                   : _printfi.c.obj (.text:fcvt)
                  0000303c    00000114                                   : fputs.c.obj (.text:fputs)
                  00003150    00000110                                   : s_scalbn.c.obj (.text:scalbn)
                  00003260    000000fc                                   : fd_mul_t2.asm.obj (.text)
                  0000335c    000000dc                                   : setvbuf.c.obj (.text:setvbuf)
                  00003438    000000d8                                   : memory.c.obj (.text:free)
                  00003510    000000b1                                   : _printfi.c.obj (.text:_ltostr)
                  000035c1    00000001     --HOLE-- [fill = 0]
                  000035c2    0000009c                                   : memcpy_t2.asm.obj (.text)
                  0000365e    00000096                                   : ull_div_t2.asm.obj (.text)
                  000036f4    0000008c                                   : fputc.c.obj (.text:fputc)
                  00003780    00000086                                   : fd_cmp_t2.asm.obj (.text:__aeabi_cdcmple)
                  00003806    00000086                                   : fd_cmp_t2.asm.obj (.text:__aeabi_cdrcmple)
                  0000388c    0000007a                                   : memset_t2.asm.obj (.text)
                  00003906    00000002     --HOLE-- [fill = 0]
                  00003908    00000078                                   : memory.c.obj (.text:malloc)
                  00003980    00000074                                   : fclose.c.obj (.text:__TI_closefile)
                  000039f4    0000006e                                   : _printfi.c.obj (.text:_mcpy)
                  00003a62    0000006e                                   : fd_tos_t2.asm.obj (.text)
                  00003ad0    00000068                                   : hostlseek.c.obj (.text:HOSTlseek)
                  00003b38    00000068                                   : hostrename.c.obj (.text:HOSTrename)
                  00003ba0    00000068                                   : copy_decompress_lzss.c.obj (.text:decompress:lzss:__TI_decompress_lzss)
                  00003c08    00000068                                   : printf.c.obj (.text:printf)
                  00003c70    00000064                                   : s_frexp.c.obj (.text:frexp)
                  00003cd4    00000064                                   : fseek.c.obj (.text:fseek)
                  00003d38    00000062                                   : _io_perm.c.obj (.text:__TI_wrt_ok)
                  00003d9a    00000002     --HOLE-- [fill = 0]
                  00003d9c    00000060                                   : hostopen.c.obj (.text:HOSTopen)
                  00003dfc    0000005c                                   : close.c.obj (.text:close)
                  00003e58    00000058                                   : hostread.c.obj (.text:HOSTread)
                  00003eb0    00000058                                   : hostwrite.c.obj (.text:HOSTwrite)
                  00003f08    00000056                                   : _printfi.c.obj (.text:_pconv_f)
                  00003f5e    00000054                                   : ltoa.c.obj (.text:ltoa)
                  00003fb2    00000052                                   : _printfi.c.obj (.text:_ecpy)
                  00004004    0000004c                                   : fflush.c.obj (.text:__TI_doflush)
                  00004050    0000004c                                   : atoi.c.obj (.text:atoi)
                  0000409c    00000048                                   : exit.c.obj (.text:exit)
                  000040e4    00000048                                   : fd_toi_t2.asm.obj (.text)
                  0000412c    00000044                                   : hostclose.c.obj (.text:HOSTclose)
                  00004170    00000044                                   : hostunlink.c.obj (.text:HOSTunlink)
                  000041b4    00000044                                   : autoinit.c.obj (.text:__TI_auto_init_nobinit_nopinit:__TI_auto_init_nobinit_nopinit)
                  000041f8    00000044                                   : getdevice.c.obj (.text:getdevice)
                  0000423c    00000044                                   : fd_tou_t2.asm.obj (.text)
                  00004280    00000040                                   : sprintf.c.obj (.text:sprintf)
                  000042c0    00000040                                   : strtok.c.obj (.text:strtok)
                  00004300    0000003e                                   : _printfi.c.obj (.text:_fcpy)
                  0000433e    00000002     --HOLE-- [fill = 0]
                  00004340    0000003c                                   : memory.c.obj (.text:minsert)
                  0000437c    00000038                                   : trgmsg.c.obj (.text:__TI_writemsg)
                  000043b4    00000038                                   : boot_cortex_m.c.obj (.text:_c_int00_noargs:_c_int00_noargs)
                  000043ec    00000038                                   : memory.c.obj (.text:minit)
                  00004424    00000038                                   : fs_tod_t2.asm.obj (.text)
                  0000445c    00000036                                   : strncpy.c.obj (.text:strncpy)
                  00004492    00000002     --HOLE-- [fill = 0]
                  00004494    00000034                                   : fopen.c.obj (.text:__TI_cleanup)
                  000044c8    00000034                                   : trgmsg.c.obj (.text:__TI_readmsg)
                  000044fc    00000030                                   : getdevice.c.obj (.text:finddevice)
                  0000452c    0000002e                                   : i_tofd_t2.asm.obj (.text)
                  0000455a    0000002c                                   : strncmp.c.obj (.text:strncmp)
                  00004586    00000002     --HOLE-- [fill = 0]
                  00004588    0000002c                                   : unlink.c.obj (.text:unlink)
                  000045b4    0000002a                                   : strspn.c.obj (.text:strspn)
                  000045de    00000002     --HOLE-- [fill = 0]
                  000045e0    00000028                                   : lseek.c.obj (.text:lseek)
                  00004608    00000028                                   : memory.c.obj (.text:mremove)
                  00004630    00000028                                   : write.c.obj (.text:write)
                  00004658    00000024                                   : strcspn.c.obj (.text:strcspn)
                  0000467c    00000020                                   : memchr.c.obj (.text:memchr)
                  0000469c    00000020                                   : u_tofd_t2.asm.obj (.text)
                  000046bc    0000001c                                   : memccpy.c.obj (.text:memccpy)
                  000046d8    00000018                                   : sprintf.c.obj (.text:_outs)
                  000046f0    00000018                                   : strcmp.c.obj (.text:strcmp)
                  00004708    00000016                                   : strchr.c.obj (.text:strchr)
                  0000471e    00000014                                   : s_copysign.c.obj (.text:copysign)
                  00004732    00000014                                   : strcpy.c.obj (.text:strcpy)
                  00004746    00000014                                   : strlen.c.obj (.text:strlen)
                  0000475a    00000012                                   : copy_zero_init.c.obj (.text:decompress:ZI:__TI_zero_init_nomemset:__TI_zero_init_nomemset)
                  0000476c    00000012                                   : wcslen.c.obj (.text:wcslen)
                  0000477e    0000000e                                   : copy_decompress_none.c.obj (.text:decompress:none:__TI_decompress_none)
                  0000478c    0000000e     startup_msp432p401r_ccs.obj (.text)
                  0000479a    0000000a     rtsv7M4_T_le_v4SPD16_eabi.lib : sprintf.c.obj (.text:_outc)
                  000047a4    00000008                                   : errno.c.obj (.text:__aeabi_errno_addr)
                  000047ac    00000004                                   : printf.c.obj (.text:_outc)
                  000047b0    00000004                                   : printf.c.obj (.text:_outs)
                  000047b4    00000004                                   : pre_init.c.obj (.text:_system_pre_init)
                  000047b8    00000004                                   : exit.c.obj (.text:abort:abort)

.const     0    000047bc    00000101     
                  000047bc    00000101     rtsv7M4_T_le_v4SPD16_eabi.lib : ctype.c.obj (.const:.string:_ctypes_)

.cinit     0    000048c0    000000a8     
                  000048c0    0000007e     (.cinit..data.load) [load image, compression = lzss]
                  0000493e    00000002     --HOLE-- [fill = 0]
                  00004940    0000000c     (__TI_handler_table)
                  0000494c    00000004     --HOLE-- [fill = 0]
                  00004950    00000008     (.cinit..bss.load) [load image, compression = zero_init]
                  00004958    00000010     (__TI_cinit_table)

.init_array 
*          0    00000000    00000000     UNINITIALIZED

.binit     0    00000000    00000000     

.sysmem    0    20000000    00000400     UNINITIALIZED
                  20000000    00000008     rtsv7M4_T_le_v4SPD16_eabi.lib : memory.c.obj (.sysmem)
                  20000008    000003f8     --HOLE--

.data      0    20000400    00000244     UNINITIALIZED
                  20000400    000000f0     rtsv7M4_T_le_v4SPD16_eabi.lib : defs.c.obj (.data:_ftable)
                  200004f0    00000078                                   : write.c.obj (.data:_device)
                  20000568    00000050                                   : write.c.obj (.data:_stream)
                  200005b8    0000004d     main.obj (.data)
                  20000605    00000003     --HOLE--
                  20000608    00000010     rtsv7M4_T_le_v4SPD16_eabi.lib : defs.c.obj (.data)
                  20000618    0000000c                                   : exit.c.obj (.data:$O1$$)
                  20000624    0000000c                                   : memory.c.obj (.data:$O1$$)
                  20000630    00000008                                   : _lock.c.obj (.data:$O1$$)
                  20000638    00000004                                   : errno.c.obj (.data)
                  2000063c    00000004                                   : strtok.c.obj (.data)
                  20000640    00000004     system_msp432p401r.obj (.data)

.bss       0    20000644    00000239     UNINITIALIZED
                  20000644    00000120     rtsv7M4_T_le_v4SPD16_eabi.lib : trgmsg.c.obj (.bss:_CIOBUF_)
                  20000764    000000a0     (.common:__TI_tmpnams)
                  20000804    00000064     (.common:INPUT_BUFFER)
                  20000868    00000008     (.common:parmbuf)
                  20000870    00000004     (.common:tempAr)
                  20000874    00000004     (.common:time)
                  20000878    00000003     (.common:now)
                  2000087b    00000002     (.common:alarm)

.stack     0    2000fe00    00000200     UNINITIALIZED
                  2000fe00    00000004     rtsv7M4_T_le_v4SPD16_eabi.lib : boot_cortex_m.c.obj (.stack)
                  2000fe04    000001fc     --HOLE--

MODULE SUMMARY

       Module                        code    ro data   rw data
       ------                        ----    -------   -------
    .\
       main.obj                      6196    0         380    
       system_msp432p401r.obj        820     0         8      
       startup_msp432p401r_ccs.obj   14      228       0      
    +--+-----------------------------+-------+---------+---------+
       Total:                        7030    228       388    
                                                              
    C:\ti\ccs820\ccsv8\tools\compiler\ti-cgt-arm_18.1.4.LTS\lib\rtsv7M4_T_le_v4SPD16_eabi.lib
       _printfi.c.obj                4867    0         0      
       defs.c.obj                    0       0         832    
       trgmsg.c.obj                  108     0         576    
       memory.c.obj                  492     0         24     
       write.c.obj                   40      0         400    
       fd_add_t2.asm.obj             438     0         0      
       fd_div_t2.asm.obj             310     0         0      
       fputs.c.obj                   276     0         0      
       s_scalbn.c.obj                272     0         0      
       fd_cmp_t2.asm.obj             268     0         0      
       ctype.c.obj                   0       257       0      
       fd_mul_t2.asm.obj             252     0         0      
       setvbuf.c.obj                 220     0         0      
       memcpy_t2.asm.obj             156     0         0      
       ull_div_t2.asm.obj            150     0         0      
       fputc.c.obj                   140     0         0      
       memset_t2.asm.obj             122     0         0      
       fclose.c.obj                  116     0         0      
       getdevice.c.obj               116     0         0      
       hostopen.c.obj                96      0         16     
       printf.c.obj                  112     0         0      
       fd_tos_t2.asm.obj             110     0         0      
       copy_decompress_lzss.c.obj    104     0         0      
       hostlseek.c.obj               104     0         0      
       hostrename.c.obj              104     0         0      
       exit.c.obj                    76      0         24     
       fseek.c.obj                   100     0         0      
       s_frexp.c.obj                 100     0         0      
       _io_perm.c.obj                98      0         0      
       sprintf.c.obj                 98      0         0      
       close.c.obj                   92      0         0      
       hostread.c.obj                88      0         0      
       hostwrite.c.obj               88      0         0      
       ltoa.c.obj                    84      0         0      
       atoi.c.obj                    76      0         0      
       fflush.c.obj                  76      0         0      
       fd_toi_t2.asm.obj             72      0         0      
       strtok.c.obj                  64      0         8      
       autoinit.c.obj                68      0         0      
       fd_tou_t2.asm.obj             68      0         0      
       hostclose.c.obj               68      0         0      
       hostunlink.c.obj              68      0         0      
       boot_cortex_m.c.obj           56      0         0      
       fs_tod_t2.asm.obj             56      0         0      
       strncpy.c.obj                 54      0         0      
       fopen.c.obj                   52      0         0      
       i_tofd_t2.asm.obj             46      0         0      
       strncmp.c.obj                 44      0         0      
       unlink.c.obj                  44      0         0      
       strspn.c.obj                  42      0         0      
       lseek.c.obj                   40      0         0      
       strcspn.c.obj                 36      0         0      
       memchr.c.obj                  32      0         0      
       u_tofd_t2.asm.obj             32      0         0      
       memccpy.c.obj                 28      0         0      
       strcmp.c.obj                  24      0         0      
       strchr.c.obj                  22      0         0      
       s_copysign.c.obj              20      0         0      
       strcpy.c.obj                  20      0         0      
       strlen.c.obj                  20      0         0      
       _lock.c.obj                   2       0         16     
       copy_zero_init.c.obj          18      0         0      
       wcslen.c.obj                  18      0         0      
       errno.c.obj                   8       0         8      
       copy_decompress_none.c.obj    14      0         0      
       pre_init.c.obj                4       0         0      
       div0.asm.obj                  2       0         0      
    +--+-----------------------------+-------+---------+---------+
       Total:                        11091   257       1904   
                                                              
       Heap:                         0       0         2048   
       Stack:                        0       0         1024   
       Linker Generated:             0       162       0      
    +--+-----------------------------+-------+---------+---------+
       Grand Total:                  18121   647       5364   


LINKER GENERATED COPY TABLES

__TI_cinit_table @ 00004958 records: 2, size/record: 8, table size: 16
	.data: load addr=000048c0, load size=0000007e bytes, run addr=20000400, run size=00000244 bytes, compression=lzss
	.bss: load addr=00004950, load size=00000008 bytes, run addr=20000644, run size=00000239 bytes, compression=zero_init


LINKER GENERATED HANDLER TABLE

__TI_handler_table @ 00004940 records: 3, size/record: 4, table size: 12
	index: 0, handler: __TI_decompress_lzss
	index: 1, handler: __TI_decompress_none
	index: 2, handler: __TI_zero_init


GLOBAL SYMBOLS: SORTED ALPHABETICALLY BY Name 

address   name                           
-------   ----                           
00000d89  ADC14_IRQHandler               
00000d89  ADC14_IRQHandler               
000012ef  ADC14init                      
00004799  AES256_IRQHandler              
200005ec  AMPM                           
200005f0  AMPM2                          
00004799  BusFault_Handler               
000047b9  C$$EXIT                        
000043ab  C$$IO$$                        
00004799  COMP_E0_IRQHandler             
00004799  COMP_E1_IRQHandler             
00004799  CS_IRQHandler                  
00004799  DMA_ERR_IRQHandler             
00004799  DMA_INT0_IRQHandler            
00004799  DMA_INT1_IRQHandler            
00004799  DMA_INT2_IRQHandler            
00004799  DMA_INT3_IRQHandler            
00004799  DebugMon_Handler               
00004799  Default_Handler                
00001535  EUSCIA0_IRQHandler             
00001535  EUSCIA0_IRQHandler             
00004799  EUSCIA1_IRQHandler             
00004799  EUSCIA2_IRQHandler             
00004799  EUSCIA3_IRQHandler             
00004799  EUSCIB0_IRQHandler             
00004799  EUSCIB1_IRQHandler             
00004799  EUSCIB2_IRQHandler             
00004799  EUSCIB3_IRQHandler             
00004799  FLCTL_IRQHandler               
00004799  FPU_IRQHandler                 
0000412d  HOSTclose                      
00003ad1  HOSTlseek                      
00003d9d  HOSTopen                       
00003e59  HOSTread                       
00003b39  HOSTrename                     
00004171  HOSTunlink                     
00003eb1  HOSTwrite                      
00004799  HardFault_Handler              
20000804  INPUT_BUFFER                   
000016e5  LCD_init                       
200005fc  LCDbrightness                  
00001357  LEDT32interrupt                
0000137d  LED_init                       
00004799  MemManage_Handler              
00004799  NMI_Handler                    
00004799  PCM_IRQHandler                 
0000086d  PORT1_IRQHandler               
0000086d  PORT1_IRQHandler               
00004799  PORT2_IRQHandler               
00004799  PORT3_IRQHandler               
000008e5  PORT4_IRQHandler               
000008e5  PORT4_IRQHandler               
00004799  PORT5_IRQHandler               
00004799  PORT6_IRQHandler               
00004799  PSS_IRQHandler                 
00004799  PendSV_Handler                 
00000b59  RTC_C_IRQHandler               
00000b59  RTC_C_IRQHandler               
200005d8  RTC_flag                       
0000478d  Reset_Handler                  
00004799  SVC_Handler                    
00004799  SysTick_Handler                
00001895  SysTick_Init                   
20000640  SystemCoreClock                
00002379  SystemCoreClockUpdate          
000025f1  SystemInit                     
00000745  T32_INT1_IRQHandler            
00000745  T32_INT1_IRQHandler            
00000775  T32_INT2_IRQHandler            
00000775  T32_INT2_IRQHandler            
00004799  T32_INTC_IRQHandler            
00004799  TA0_0_IRQHandler               
00004799  TA0_N_IRQHandler               
00004799  TA1_0_IRQHandler               
00004799  TA1_N_IRQHandler               
00004799  TA2_0_IRQHandler               
00004799  TA2_N_IRQHandler               
00004799  TA3_0_IRQHandler               
00000f59  TA3_N_IRQHandler               
00000f59  TA3_N_IRQHandler               
00004799  UsageFault_Handler             
4000480c  WDTCTL_SYM                     
00004799  WDT_A_IRQHandler               
20000644  __CIOBUF_                      
20010000  __STACK_END                    
00000200  __STACK_SIZE                   
00000400  __SYSMEM_SIZE                  
00004958  __TI_CINIT_Base                
00004968  __TI_CINIT_Limit               
00004940  __TI_Handler_Table_Base        
0000494c  __TI_Handler_Table_Limit       
000041b5  __TI_auto_init_nobinit_nopinit 
00004495  __TI_cleanup                   
20000618  __TI_cleanup_ptr               
00003981  __TI_closefile                 
00003ba1  __TI_decompress_lzss           
0000477f  __TI_decompress_none           
00004005  __TI_doflush                   
2000061c  __TI_dtors_ptr                 
20000620  __TI_enable_exit_profile_output
20000608  __TI_ft_end                    
ffffffff  __TI_pprof_out_hndl            
00001919  __TI_printfi                   
ffffffff  __TI_prof_data_size            
ffffffff  __TI_prof_data_start           
000044c9  __TI_readmsg                   
00000000  __TI_static_base__             
20000764  __TI_tmpnams                   
0000437d  __TI_writemsg                  
00003d39  __TI_wrt_ok                    
0000475b  __TI_zero_init_nomemset        
00003781  __aeabi_cdcmpeq                
00003781  __aeabi_cdcmple                
00003807  __aeabi_cdrcmple               
00003a63  __aeabi_d2f                    
000040e5  __aeabi_d2iz                   
0000423d  __aeabi_d2uiz                  
00002af7  __aeabi_dadd                   
00002de1  __aeabi_ddiv                   
00003261  __aeabi_dmul                   
00002aed  __aeabi_dsub                   
000047a5  __aeabi_errno_addr             
00004425  __aeabi_f2d                    
0000452d  __aeabi_i2d                    
00002ca3  __aeabi_idiv0                  
00002ca3  __aeabi_ldiv0                  
0000388d  __aeabi_memclr                 
0000388d  __aeabi_memclr4                
0000388d  __aeabi_memclr8                
000035c3  __aeabi_memcpy                 
000035c3  __aeabi_memcpy4                
000035c3  __aeabi_memcpy8                
0000388f  __aeabi_memset                 
0000388f  __aeabi_memset4                
0000388f  __aeabi_memset8                
20000614  __aeabi_stderr                 
2000060c  __aeabi_stdin                  
20000610  __aeabi_stdout                 
0000469d  __aeabi_ui2d                   
0000365f  __aeabi_uldivmod               
ffffffff  __binit__                      
ffffffff  __c_args__                     
UNDEFED   __mpu_init                     
2000fe00  __stack                        
000043b5  _c_int00_noargs                
000047bc  _ctypes_                       
200004f0  _device                        
20000400  _ftable                        
20000630  _lock                          
00002377  _nop                           
20000568  _stream                        
20000000  _sys_memory                    
UNDEFED   _system_post_cinit             
000047b5  _system_pre_init               
20000634  _unlock                        
000047b9  abort                          
2000087b  alarm                          
200005e0  alarmFlag                      
200005e4  alarmPresses                   
00004051  atoi                           
ffffffff  binit                          
20000600  blinkFlag                      
00003dfd  close                          
00001785  commandWrite                   
000012a1  configRTC                      
0000471f  copysign                       
0000471f  copysignl                      
000017c9  dataWrite                      
000006a5  displayAMPM                    
0000060d  displayAlarm                   
000015ed  displayAt                      
00000705  displayHour                    
000006db  displayMin                     
200005bc  duty                           
20000638  errno                          
0000409d  exit                           
000002a5  extractTimeSerial              
000044fd  finddevice                     
000036f5  fputc                          
0000303d  fputs                          
00003439  free                           
00003c71  frexp                          
00003c71  frexpl                         
00003cd5  fseek                          
000041f9  getdevice                      
000011b9  intAlarm                       
00001115  intBlinkTimerA                 
00001249  intButtons                     
00001175  intLCDBrightness               
000011ed  intSpeedButton                 
00000000  interruptVectors               
00003151  ldexp                          
00003151  ldexpl                         
200005f8  lightBrightness                
200005f4  lightsOn                       
000045e1  lseek                          
00003f5f  ltoa                           
00000111  main                           
00003909  malloc                         
000046bd  memccpy                        
0000467d  memchr                         
000035c3  memcpy                         
00003895  memset                         
000043ed  minit                          
20000878  now                            
20000868  parmbuf                        
00003c09  printf                         
0000185b  pulseEnablePin                 
000017ff  pushByte                       
00001829  pushNibble                     
000036f5  putc                           
200005cc  raw                            
200005d0  raw1                           
00001495  readInput                      
200005b9  read_location                  
00004589  remove                         
00003151  scalbn                         
00003151  scalbnl                        
000013b5  setupSerial                    
0000335d  setvbuf                        
200005e8  speed                          
00004281  sprintf                        
20000604  state                          
200005b8  storage_location               
00004709  strchr                         
000046f1  strcmp                         
00004733  strcpy                         
00004659  strcspn                        
00004747  strlen                         
0000455b  strncmp                        
0000445d  strncpy                        
000045b5  strspn                         
000042c1  strtok                         
000018b1  sysTickDelay_ms                
000018d7  sysTickDelay_us                
20000870  tempAr                         
200005c0  tempC                          
200005c4  tempF                          
00001341  tempT32interrupt               
20000874  time                           
200005dc  timePresses                    
00000689  toggleAMPM                     
0000065d  toggleAMPM2                    
000005c1  toggleAlarm                    
00004589  unlink                         
200005c8  voltage                        
200005d4  voltage1                       
000005ad  wakeUpLights                   
0000476d  wcslen                         
00004631  write                          
0000141b  writeOutput                    


GLOBAL SYMBOLS: SORTED BY Symbol Address 

address   name                           
-------   ----                           
00000000  __TI_static_base__             
00000000  interruptVectors               
00000111  main                           
00000200  __STACK_SIZE                   
000002a5  extractTimeSerial              
00000400  __SYSMEM_SIZE                  
000005ad  wakeUpLights                   
000005c1  toggleAlarm                    
0000060d  displayAlarm                   
0000065d  toggleAMPM2                    
00000689  toggleAMPM                     
000006a5  displayAMPM                    
000006db  displayMin                     
00000705  displayHour                    
00000745  T32_INT1_IRQHandler            
00000745  T32_INT1_IRQHandler            
00000775  T32_INT2_IRQHandler            
00000775  T32_INT2_IRQHandler            
0000086d  PORT1_IRQHandler               
0000086d  PORT1_IRQHandler               
000008e5  PORT4_IRQHandler               
000008e5  PORT4_IRQHandler               
00000b59  RTC_C_IRQHandler               
00000b59  RTC_C_IRQHandler               
00000d89  ADC14_IRQHandler               
00000d89  ADC14_IRQHandler               
00000f59  TA3_N_IRQHandler               
00000f59  TA3_N_IRQHandler               
00001115  intBlinkTimerA                 
00001175  intLCDBrightness               
000011b9  intAlarm                       
000011ed  intSpeedButton                 
00001249  intButtons                     
000012a1  configRTC                      
000012ef  ADC14init                      
00001341  tempT32interrupt               
00001357  LEDT32interrupt                
0000137d  LED_init                       
000013b5  setupSerial                    
0000141b  writeOutput                    
00001495  readInput                      
00001535  EUSCIA0_IRQHandler             
00001535  EUSCIA0_IRQHandler             
000015ed  displayAt                      
000016e5  LCD_init                       
00001785  commandWrite                   
000017c9  dataWrite                      
000017ff  pushByte                       
00001829  pushNibble                     
0000185b  pulseEnablePin                 
00001895  SysTick_Init                   
000018b1  sysTickDelay_ms                
000018d7  sysTickDelay_us                
00001919  __TI_printfi                   
00002377  _nop                           
00002379  SystemCoreClockUpdate          
000025f1  SystemInit                     
00002aed  __aeabi_dsub                   
00002af7  __aeabi_dadd                   
00002ca3  __aeabi_idiv0                  
00002ca3  __aeabi_ldiv0                  
00002de1  __aeabi_ddiv                   
0000303d  fputs                          
00003151  ldexp                          
00003151  ldexpl                         
00003151  scalbn                         
00003151  scalbnl                        
00003261  __aeabi_dmul                   
0000335d  setvbuf                        
00003439  free                           
000035c3  __aeabi_memcpy                 
000035c3  __aeabi_memcpy4                
000035c3  __aeabi_memcpy8                
000035c3  memcpy                         
0000365f  __aeabi_uldivmod               
000036f5  fputc                          
000036f5  putc                           
00003781  __aeabi_cdcmpeq                
00003781  __aeabi_cdcmple                
00003807  __aeabi_cdrcmple               
0000388d  __aeabi_memclr                 
0000388d  __aeabi_memclr4                
0000388d  __aeabi_memclr8                
0000388f  __aeabi_memset                 
0000388f  __aeabi_memset4                
0000388f  __aeabi_memset8                
00003895  memset                         
00003909  malloc                         
00003981  __TI_closefile                 
00003a63  __aeabi_d2f                    
00003ad1  HOSTlseek                      
00003b39  HOSTrename                     
00003ba1  __TI_decompress_lzss           
00003c09  printf                         
00003c71  frexp                          
00003c71  frexpl                         
00003cd5  fseek                          
00003d39  __TI_wrt_ok                    
00003d9d  HOSTopen                       
00003dfd  close                          
00003e59  HOSTread                       
00003eb1  HOSTwrite                      
00003f5f  ltoa                           
00004005  __TI_doflush                   
00004051  atoi                           
0000409d  exit                           
000040e5  __aeabi_d2iz                   
0000412d  HOSTclose                      
00004171  HOSTunlink                     
000041b5  __TI_auto_init_nobinit_nopinit 
000041f9  getdevice                      
0000423d  __aeabi_d2uiz                  
00004281  sprintf                        
000042c1  strtok                         
0000437d  __TI_writemsg                  
000043ab  C$$IO$$                        
000043b5  _c_int00_noargs                
000043ed  minit                          
00004425  __aeabi_f2d                    
0000445d  strncpy                        
00004495  __TI_cleanup                   
000044c9  __TI_readmsg                   
000044fd  finddevice                     
0000452d  __aeabi_i2d                    
0000455b  strncmp                        
00004589  remove                         
00004589  unlink                         
000045b5  strspn                         
000045e1  lseek                          
00004631  write                          
00004659  strcspn                        
0000467d  memchr                         
0000469d  __aeabi_ui2d                   
000046bd  memccpy                        
000046f1  strcmp                         
00004709  strchr                         
0000471f  copysign                       
0000471f  copysignl                      
00004733  strcpy                         
00004747  strlen                         
0000475b  __TI_zero_init_nomemset        
0000476d  wcslen                         
0000477f  __TI_decompress_none           
0000478d  Reset_Handler                  
00004799  AES256_IRQHandler              
00004799  BusFault_Handler               
00004799  COMP_E0_IRQHandler             
00004799  COMP_E1_IRQHandler             
00004799  CS_IRQHandler                  
00004799  DMA_ERR_IRQHandler             
00004799  DMA_INT0_IRQHandler            
00004799  DMA_INT1_IRQHandler            
00004799  DMA_INT2_IRQHandler            
00004799  DMA_INT3_IRQHandler            
00004799  DebugMon_Handler               
00004799  Default_Handler                
00004799  EUSCIA1_IRQHandler             
00004799  EUSCIA2_IRQHandler             
00004799  EUSCIA3_IRQHandler             
00004799  EUSCIB0_IRQHandler             
00004799  EUSCIB1_IRQHandler             
00004799  EUSCIB2_IRQHandler             
00004799  EUSCIB3_IRQHandler             
00004799  FLCTL_IRQHandler               
00004799  FPU_IRQHandler                 
00004799  HardFault_Handler              
00004799  MemManage_Handler              
00004799  NMI_Handler                    
00004799  PCM_IRQHandler                 
00004799  PORT2_IRQHandler               
00004799  PORT3_IRQHandler               
00004799  PORT5_IRQHandler               
00004799  PORT6_IRQHandler               
00004799  PSS_IRQHandler                 
00004799  PendSV_Handler                 
00004799  SVC_Handler                    
00004799  SysTick_Handler                
00004799  T32_INTC_IRQHandler            
00004799  TA0_0_IRQHandler               
00004799  TA0_N_IRQHandler               
00004799  TA1_0_IRQHandler               
00004799  TA1_N_IRQHandler               
00004799  TA2_0_IRQHandler               
00004799  TA2_N_IRQHandler               
00004799  TA3_0_IRQHandler               
00004799  UsageFault_Handler             
00004799  WDT_A_IRQHandler               
000047a5  __aeabi_errno_addr             
000047b5  _system_pre_init               
000047b9  C$$EXIT                        
000047b9  abort                          
000047bc  _ctypes_                       
00004940  __TI_Handler_Table_Base        
0000494c  __TI_Handler_Table_Limit       
00004958  __TI_CINIT_Base                
00004968  __TI_CINIT_Limit               
20000000  _sys_memory                    
20000400  _ftable                        
200004f0  _device                        
20000568  _stream                        
200005b8  storage_location               
200005b9  read_location                  
200005bc  duty                           
200005c0  tempC                          
200005c4  tempF                          
200005c8  voltage                        
200005cc  raw                            
200005d0  raw1                           
200005d4  voltage1                       
200005d8  RTC_flag                       
200005dc  timePresses                    
200005e0  alarmFlag                      
200005e4  alarmPresses                   
200005e8  speed                          
200005ec  AMPM                           
200005f0  AMPM2                          
200005f4  lightsOn                       
200005f8  lightBrightness                
200005fc  LCDbrightness                  
20000600  blinkFlag                      
20000604  state                          
20000608  __TI_ft_end                    
2000060c  __aeabi_stdin                  
20000610  __aeabi_stdout                 
20000614  __aeabi_stderr                 
20000618  __TI_cleanup_ptr               
2000061c  __TI_dtors_ptr                 
20000620  __TI_enable_exit_profile_output
20000630  _lock                          
20000634  _unlock                        
20000638  errno                          
20000640  SystemCoreClock                
20000644  __CIOBUF_                      
20000764  __TI_tmpnams                   
20000804  INPUT_BUFFER                   
20000868  parmbuf                        
20000870  tempAr                         
20000874  time                           
20000878  now                            
2000087b  alarm                          
2000fe00  __stack                        
20010000  __STACK_END                    
4000480c  WDTCTL_SYM                     
ffffffff  __TI_pprof_out_hndl            
ffffffff  __TI_prof_data_size            
ffffffff  __TI_prof_data_start           
ffffffff  __binit__                      
ffffffff  __c_args__                     
ffffffff  binit                          
UNDEFED   __mpu_init                     
UNDEFED   _system_post_cinit             

[251 symbols]
