******************************************************************************
                  TI ARM Linker PC v18.1.4                     
******************************************************************************
>> Linked Wed Dec  5 02:21:02 2018

OUTPUT FILE NAME:   <Final Project.out>
ENTRY POINT SYMBOL: "_c_int00_noargs"  address: 00003a55


MEMORY CONFIGURATION

         name            origin    length      used     unused   attr    fill
----------------------  --------  ---------  --------  --------  ----  --------
  MAIN                  00000000   00040000  00003d55  0003c2ab  R  X
  INFO                  00200000   00004000  00000000  00004000  R  X
  SRAM_CODE             01000000   00010000  000002cf  0000fd31  RW X
  SRAM_DATA             20000000   00010000  000002cf  0000fd31  RW  


SEGMENT ALLOCATION MAP

run origin  load origin   length   init length attrs members
----------  ----------- ---------- ----------- ----- -------
00000000    00000000    00003d58   00003d58    r-x
  00000000    00000000    000000e4   000000e4    r-- .intvecs
  000000e4    000000e4    00003b28   00003b28    r-x .text
  00003c0c    00003c0c    00000101   00000101    r-- .const
  00003d10    00003d10    00000048   00000048    r-- .cinit
20000000    20000000    000000d0   00000000    rw-
  20000000    20000000    00000073   00000000    rw- .bss
  20000074    20000074    0000005c   00000000    rw- .data
2000fe00    2000fe00    00000200   00000000    rw-
  2000fe00    2000fe00    00000200   00000000    rw- .stack


SECTION ALLOCATION MAP

 output                                  attributes/
section   page    origin      length       input sections
--------  ----  ----------  ----------   ----------------
.intvecs   0    00000000    000000e4     
                  00000000    000000e4     startup_msp432p401r_ccs.obj (.intvecs:retain)

.text      0    000000e4    00003b28     
                  000000e4    00001894     main.obj (.text)
                  00001978    00000a5e     rtsv7M4_T_le_v4SPD16_eabi.lib : _printfi.c.obj (.text:__TI_printfi)
                  000023d6    00000002                                   : div0.asm.obj (.text)
                  000023d8    00000334     system_msp432p401r.obj (.text)
                  0000270c    00000270     rtsv7M4_T_le_v4SPD16_eabi.lib : _printfi.c.obj (.text:_pconv_a)
                  0000297c    000001d0                                   : _printfi.c.obj (.text:_pconv_g)
                  00002b4c    000001b6                                   : fd_add_t2.asm.obj (.text)
                  00002d02    00000002     --HOLE-- [fill = 0]
                  00002d04    0000013c                                   : _printfi.c.obj (.text:_pconv_e)
                  00002e40    00000136                                   : fd_div_t2.asm.obj (.text)
                  00002f76    00000002     --HOLE-- [fill = 0]
                  00002f78    00000124                                   : _printfi.c.obj (.text:fcvt)
                  0000309c    00000110                                   : s_scalbn.c.obj (.text:scalbn)
                  000031ac    000000fc                                   : fd_mul_t2.asm.obj (.text)
                  000032a8    000000b1                                   : _printfi.c.obj (.text:_ltostr)
                  00003359    00000001     --HOLE-- [fill = 0]
                  0000335a    0000009c                                   : memcpy_t2.asm.obj (.text)
                  000033f6    00000096                                   : ull_div_t2.asm.obj (.text)
                  0000348c    00000086                                   : fd_cmp_t2.asm.obj (.text:__aeabi_cdcmple)
                  00003512    00000086                                   : fd_cmp_t2.asm.obj (.text:__aeabi_cdrcmple)
                  00003598    0000007a                                   : memset_t2.asm.obj (.text)
                  00003612    0000006e                                   : _printfi.c.obj (.text:_mcpy)
                  00003680    0000006e                                   : fd_tos_t2.asm.obj (.text)
                  000036ee    00000068                                   : copy_decompress_lzss.c.obj (.text:decompress:lzss:__TI_decompress_lzss)
                  00003756    00000002     --HOLE-- [fill = 0]
                  00003758    00000064                                   : s_frexp.c.obj (.text:frexp)
                  000037bc    00000056                                   : _printfi.c.obj (.text:_pconv_f)
                  00003812    00000054                                   : ltoa.c.obj (.text:ltoa)
                  00003866    00000052                                   : _printfi.c.obj (.text:_ecpy)
                  000038b8    0000004c                                   : atoi.c.obj (.text:atoi)
                  00003904    00000048                                   : fd_toi_t2.asm.obj (.text)
                  0000394c    00000044                                   : autoinit.c.obj (.text:__TI_auto_init_nobinit_nopinit:__TI_auto_init_nobinit_nopinit)
                  00003990    00000044                                   : fd_tou_t2.asm.obj (.text)
                  000039d4    00000040                                   : sprintf.c.obj (.text:sprintf)
                  00003a14    0000003e                                   : _printfi.c.obj (.text:_fcpy)
                  00003a52    00000002     --HOLE-- [fill = 0]
                  00003a54    00000038                                   : boot_cortex_m.c.obj (.text:_c_int00_noargs:_c_int00_noargs)
                  00003a8c    00000038                                   : fs_tod_t2.asm.obj (.text)
                  00003ac4    0000002e                                   : i_tofd_t2.asm.obj (.text)
                  00003af2    0000002c                                   : strncmp.c.obj (.text:strncmp)
                  00003b1e    00000020                                   : u_tofd_t2.asm.obj (.text)
                  00003b3e    0000001c                                   : memccpy.c.obj (.text:memccpy)
                  00003b5a    00000018                                   : sprintf.c.obj (.text:_outs)
                  00003b72    00000016                                   : strchr.c.obj (.text:strchr)
                  00003b88    00000014                                   : s_copysign.c.obj (.text:copysign)
                  00003b9c    00000014                                   : strlen.c.obj (.text:strlen)
                  00003bb0    00000012                                   : copy_zero_init.c.obj (.text:decompress:ZI:__TI_zero_init_nomemset:__TI_zero_init_nomemset)
                  00003bc2    00000012                                   : wcslen.c.obj (.text:wcslen)
                  00003bd4    0000000e                                   : copy_decompress_none.c.obj (.text:decompress:none:__TI_decompress_none)
                  00003be2    0000000e     startup_msp432p401r_ccs.obj (.text)
                  00003bf0    0000000a     rtsv7M4_T_le_v4SPD16_eabi.lib : sprintf.c.obj (.text:_outc)
                  00003bfa    00000002     --HOLE-- [fill = 0]
                  00003bfc    00000008                                   : errno.c.obj (.text:__aeabi_errno_addr)
                  00003c04    00000004                                   : pre_init.c.obj (.text:_system_pre_init)
                  00003c08    00000004                                   : exit.c.obj (.text:abort:abort)

.const     0    00003c0c    00000101     
                  00003c0c    00000101     rtsv7M4_T_le_v4SPD16_eabi.lib : ctype.c.obj (.const:.string:_ctypes_)

.cinit     0    00003d10    00000048     
                  00003d10    0000001e     (.cinit..data.load) [load image, compression = lzss]
                  00003d2e    00000002     --HOLE-- [fill = 0]
                  00003d30    0000000c     (__TI_handler_table)
                  00003d3c    00000004     --HOLE-- [fill = 0]
                  00003d40    00000008     (.cinit..bss.load) [load image, compression = zero_init]
                  00003d48    00000010     (__TI_cinit_table)

.init_array 
*          0    00000000    00000000     UNINITIALIZED

.binit     0    00000000    00000000     

.bss       0    20000000    00000073     UNINITIALIZED
                  20000000    00000064     (.common:INPUT_BUFFER)
                  20000064    00000004     (.common:tempAr)
                  20000068    00000004     (.common:time)
                  2000006c    00000003     (.common:now)
                  2000006f    00000002     (.common:alarm)
                  20000071    00000002     (.common:master)

.data      0    20000074    0000005c     UNINITIALIZED
                  20000074    00000051     main.obj (.data)
                  200000c5    00000003     --HOLE--
                  200000c8    00000004     rtsv7M4_T_le_v4SPD16_eabi.lib : errno.c.obj (.data)
                  200000cc    00000004     system_msp432p401r.obj (.data)

.stack     0    2000fe00    00000200     UNINITIALIZED
                  2000fe00    00000004     rtsv7M4_T_le_v4SPD16_eabi.lib : boot_cortex_m.c.obj (.stack)
                  2000fe04    000001fc     --HOLE--

MODULE SUMMARY

       Module                        code    ro data   rw data
       ------                        ----    -------   -------
    .\
       main.obj                      6292    0         392    
       system_msp432p401r.obj        820     0         8      
       startup_msp432p401r_ccs.obj   14      228       0      
    +--+-----------------------------+-------+---------+---------+
       Total:                        7126    228       400    
                                                              
    C:\ti\ccsv8\tools\compiler\ti-cgt-arm_18.1.4.LTS\lib\rtsv7M4_T_le_v4SPD16_eabi.lib
       _printfi.c.obj                4867    0         0      
       fd_add_t2.asm.obj             438     0         0      
       fd_div_t2.asm.obj             310     0         0      
       s_scalbn.c.obj                272     0         0      
       fd_cmp_t2.asm.obj             268     0         0      
       ctype.c.obj                   0       257       0      
       fd_mul_t2.asm.obj             252     0         0      
       memcpy_t2.asm.obj             156     0         0      
       ull_div_t2.asm.obj            150     0         0      
       memset_t2.asm.obj             122     0         0      
       fd_tos_t2.asm.obj             110     0         0      
       copy_decompress_lzss.c.obj    104     0         0      
       s_frexp.c.obj                 100     0         0      
       sprintf.c.obj                 98      0         0      
       ltoa.c.obj                    84      0         0      
       atoi.c.obj                    76      0         0      
       fd_toi_t2.asm.obj             72      0         0      
       autoinit.c.obj                68      0         0      
       fd_tou_t2.asm.obj             68      0         0      
       boot_cortex_m.c.obj           56      0         0      
       fs_tod_t2.asm.obj             56      0         0      
       i_tofd_t2.asm.obj             46      0         0      
       strncmp.c.obj                 44      0         0      
       u_tofd_t2.asm.obj             32      0         0      
       memccpy.c.obj                 28      0         0      
       strchr.c.obj                  22      0         0      
       s_copysign.c.obj              20      0         0      
       strlen.c.obj                  20      0         0      
       copy_zero_init.c.obj          18      0         0      
       wcslen.c.obj                  18      0         0      
       errno.c.obj                   8       0         8      
       copy_decompress_none.c.obj    14      0         0      
       exit.c.obj                    4       0         0      
       pre_init.c.obj                4       0         0      
       div0.asm.obj                  2       0         0      
    +--+-----------------------------+-------+---------+---------+
       Total:                        8007    257       8      
                                                              
       Stack:                        0       0         1024   
       Linker Generated:             0       66        0      
    +--+-----------------------------+-------+---------+---------+
       Grand Total:                  15133   551       1432   


LINKER GENERATED COPY TABLES

__TI_cinit_table @ 00003d48 records: 2, size/record: 8, table size: 16
	.data: load addr=00003d10, load size=0000001e bytes, run addr=20000074, run size=0000005c bytes, compression=lzss
	.bss: load addr=00003d40, load size=00000008 bytes, run addr=20000000, run size=00000073 bytes, compression=zero_init


LINKER GENERATED HANDLER TABLE

__TI_handler_table @ 00003d30 records: 3, size/record: 4, table size: 12
	index: 0, handler: __TI_decompress_lzss
	index: 1, handler: __TI_decompress_none
	index: 2, handler: __TI_zero_init


GLOBAL SYMBOLS: SORTED ALPHABETICALLY BY Name 

address   name                          
-------   ----                          
00000dd1  ADC14_IRQHandler              
00000dd1  ADC14_IRQHandler              
00001347  ADC14init                     
00003bef  AES256_IRQHandler             
200000ac  AMPM                          
200000b0  AMPM2                         
00003bef  BusFault_Handler              
00003c09  C$$EXIT                       
00003bef  COMP_E0_IRQHandler            
00003bef  COMP_E1_IRQHandler            
00003bef  CS_IRQHandler                 
00003bef  DMA_ERR_IRQHandler            
00003bef  DMA_INT0_IRQHandler           
00003bef  DMA_INT1_IRQHandler           
00003bef  DMA_INT2_IRQHandler           
00003bef  DMA_INT3_IRQHandler           
00003bef  DebugMon_Handler              
00003bef  Default_Handler               
00001595  EUSCIA0_IRQHandler            
00001595  EUSCIA0_IRQHandler            
00003bef  EUSCIA1_IRQHandler            
00003bef  EUSCIA2_IRQHandler            
00003bef  EUSCIA3_IRQHandler            
00003bef  EUSCIB0_IRQHandler            
00003bef  EUSCIB1_IRQHandler            
00003bef  EUSCIB2_IRQHandler            
00003bef  EUSCIB3_IRQHandler            
00003bef  FLCTL_IRQHandler              
00003bef  FPU_IRQHandler                
00003bef  HardFault_Handler             
20000000  INPUT_BUFFER                  
00001745  LCD_init                      
200000bc  LCDbrightness                 
000013b5  LEDT32interrupt               
000013d7  LED_init                      
00003bef  MemManage_Handler             
00003bef  NMI_Handler                   
00003bef  PCM_IRQHandler                
000007a5  PORT1_IRQHandler              
000007a5  PORT1_IRQHandler              
00003bef  PORT2_IRQHandler              
00003bef  PORT3_IRQHandler              
00000821  PORT4_IRQHandler              
00000821  PORT4_IRQHandler              
00003bef  PORT5_IRQHandler              
00003bef  PORT6_IRQHandler              
00003bef  PSS_IRQHandler                
00003bef  PendSV_Handler                
00000b85  RTC_C_IRQHandler              
00000b85  RTC_C_IRQHandler              
20000094  RTC_flag                      
00003be3  Reset_Handler                 
00003bef  SVC_Handler                   
00003bef  SysTick_Handler               
000018f5  SysTick_Init                  
200000cc  SystemCoreClock               
000023d9  SystemCoreClockUpdate         
00002651  SystemInit                    
00000669  T32_INT1_IRQHandler           
00000669  T32_INT1_IRQHandler           
0000068d  T32_INT2_IRQHandler           
0000068d  T32_INT2_IRQHandler           
00003bef  T32_INTC_IRQHandler           
00003bef  TA0_0_IRQHandler              
00003bef  TA0_N_IRQHandler              
00003bef  TA1_0_IRQHandler              
00003bef  TA1_N_IRQHandler              
00003bef  TA2_0_IRQHandler              
00003bef  TA2_N_IRQHandler              
00003bef  TA3_0_IRQHandler              
00000fa1  TA3_N_IRQHandler              
00000fa1  TA3_N_IRQHandler              
00003bef  UsageFault_Handler            
4000480c  WDTCTL_SYM                    
00003bef  WDT_A_IRQHandler              
20010000  __STACK_END                   
00000200  __STACK_SIZE                  
00003d48  __TI_CINIT_Base               
00003d58  __TI_CINIT_Limit              
00003d30  __TI_Handler_Table_Base       
00003d3c  __TI_Handler_Table_Limit      
0000394d  __TI_auto_init_nobinit_nopinit
000036ef  __TI_decompress_lzss          
00003bd5  __TI_decompress_none          
ffffffff  __TI_pprof_out_hndl           
00001979  __TI_printfi                  
ffffffff  __TI_prof_data_size           
ffffffff  __TI_prof_data_start          
00000000  __TI_static_base__            
00003bb1  __TI_zero_init_nomemset       
0000348d  __aeabi_cdcmpeq               
0000348d  __aeabi_cdcmple               
00003513  __aeabi_cdrcmple              
00003681  __aeabi_d2f                   
00003905  __aeabi_d2iz                  
00003991  __aeabi_d2uiz                 
00002b57  __aeabi_dadd                  
00002e41  __aeabi_ddiv                  
000031ad  __aeabi_dmul                  
00002b4d  __aeabi_dsub                  
00003bfd  __aeabi_errno_addr            
00003a8d  __aeabi_f2d                   
00003ac5  __aeabi_i2d                   
000023d7  __aeabi_idiv0                 
000023d7  __aeabi_ldiv0                 
00003599  __aeabi_memclr                
00003599  __aeabi_memclr4               
00003599  __aeabi_memclr8               
0000335b  __aeabi_memcpy                
0000335b  __aeabi_memcpy4               
0000335b  __aeabi_memcpy8               
0000359b  __aeabi_memset                
0000359b  __aeabi_memset4               
0000359b  __aeabi_memset8               
00003b1f  __aeabi_ui2d                  
000033f7  __aeabi_uldivmod              
ffffffff  __binit__                     
ffffffff  __c_args__                    
UNDEFED   __mpu_init                    
2000fe00  __stack                       
00003a55  _c_int00_noargs               
00003c0c  _ctypes_                      
UNDEFED   _system_post_cinit            
00003c05  _system_pre_init              
00003c09  abort                         
2000006f  alarm                         
2000009c  alarmFlag                     
200000a4  alarmPresses                  
200000a0  alarmSoundFlag                
000038b9  atoi                          
ffffffff  binit                         
200000c0  blinkFlag                     
000017e5  commandWrite                  
000012f9  configRTC                     
00003b89  copysign                      
00003b89  copysignl                     
00001829  dataWrite                     
000005cd  displayAMPM                   
00000509  displayAlarm                  
0000164d  displayAt                     
0000062f  displayHour                   
00000615  displayMin                    
20000078  duty                          
200000c8  errno                         
0000030d  extractTimeSerial             
00003759  frexp                         
00003759  frexpl                        
00001209  intAlarm                      
0000115d  intBlinkTimerA                
000012a5  intButtons                    
000011bd  intLCDBrightness              
00001243  intSpeedButton                
00000000  interruptVectors              
0000309d  ldexp                         
0000309d  ldexpl                        
200000b8  lightBrightness               
200000b4  lightsOn                      
00003813  ltoa                          
00000111  main                          
20000071  master                        
00003b3f  memccpy                       
0000335b  memcpy                        
000035a1  memset                        
2000006c  now                           
000018bb  pulseEnablePin                
0000185f  pushByte                      
00001889  pushNibble                    
20000088  raw                           
2000008c  raw1                          
000014ed  readInput                     
20000075  read_location                 
0000309d  scalbn                        
0000309d  scalbnl                       
0000140f  setupSerial                   
200000a8  speed                         
000039d5  sprintf                       
200000c4  state                         
20000074  storage_location              
00003b73  strchr                        
00003b9d  strlen                        
00003af3  strncmp                       
00001911  sysTickDelay_ms               
00001937  sysTickDelay_us               
20000064  tempAr                        
2000007c  tempC                         
20000080  tempF                         
00001399  tempT32interrupt              
20000068  time                          
20000098  timePresses                   
000005b7  toggleAMPM                    
0000057f  toggleAMPM2                   
000004ad  toggleAlarm                   
20000084  voltage                       
20000090  voltage1                      
00000469  wakeUpLights                  
00003bc3  wcslen                        
00001473  writeOutput                   


GLOBAL SYMBOLS: SORTED BY Symbol Address 

address   name                          
-------   ----                          
00000000  __TI_static_base__            
00000000  interruptVectors              
00000111  main                          
00000200  __STACK_SIZE                  
0000030d  extractTimeSerial             
00000469  wakeUpLights                  
000004ad  toggleAlarm                   
00000509  displayAlarm                  
0000057f  toggleAMPM2                   
000005b7  toggleAMPM                    
000005cd  displayAMPM                   
00000615  displayMin                    
0000062f  displayHour                   
00000669  T32_INT1_IRQHandler           
00000669  T32_INT1_IRQHandler           
0000068d  T32_INT2_IRQHandler           
0000068d  T32_INT2_IRQHandler           
000007a5  PORT1_IRQHandler              
000007a5  PORT1_IRQHandler              
00000821  PORT4_IRQHandler              
00000821  PORT4_IRQHandler              
00000b85  RTC_C_IRQHandler              
00000b85  RTC_C_IRQHandler              
00000dd1  ADC14_IRQHandler              
00000dd1  ADC14_IRQHandler              
00000fa1  TA3_N_IRQHandler              
00000fa1  TA3_N_IRQHandler              
0000115d  intBlinkTimerA                
000011bd  intLCDBrightness              
00001209  intAlarm                      
00001243  intSpeedButton                
000012a5  intButtons                    
000012f9  configRTC                     
00001347  ADC14init                     
00001399  tempT32interrupt              
000013b5  LEDT32interrupt               
000013d7  LED_init                      
0000140f  setupSerial                   
00001473  writeOutput                   
000014ed  readInput                     
00001595  EUSCIA0_IRQHandler            
00001595  EUSCIA0_IRQHandler            
0000164d  displayAt                     
00001745  LCD_init                      
000017e5  commandWrite                  
00001829  dataWrite                     
0000185f  pushByte                      
00001889  pushNibble                    
000018bb  pulseEnablePin                
000018f5  SysTick_Init                  
00001911  sysTickDelay_ms               
00001937  sysTickDelay_us               
00001979  __TI_printfi                  
000023d7  __aeabi_idiv0                 
000023d7  __aeabi_ldiv0                 
000023d9  SystemCoreClockUpdate         
00002651  SystemInit                    
00002b4d  __aeabi_dsub                  
00002b57  __aeabi_dadd                  
00002e41  __aeabi_ddiv                  
0000309d  ldexp                         
0000309d  ldexpl                        
0000309d  scalbn                        
0000309d  scalbnl                       
000031ad  __aeabi_dmul                  
0000335b  __aeabi_memcpy                
0000335b  __aeabi_memcpy4               
0000335b  __aeabi_memcpy8               
0000335b  memcpy                        
000033f7  __aeabi_uldivmod              
0000348d  __aeabi_cdcmpeq               
0000348d  __aeabi_cdcmple               
00003513  __aeabi_cdrcmple              
00003599  __aeabi_memclr                
00003599  __aeabi_memclr4               
00003599  __aeabi_memclr8               
0000359b  __aeabi_memset                
0000359b  __aeabi_memset4               
0000359b  __aeabi_memset8               
000035a1  memset                        
00003681  __aeabi_d2f                   
000036ef  __TI_decompress_lzss          
00003759  frexp                         
00003759  frexpl                        
00003813  ltoa                          
000038b9  atoi                          
00003905  __aeabi_d2iz                  
0000394d  __TI_auto_init_nobinit_nopinit
00003991  __aeabi_d2uiz                 
000039d5  sprintf                       
00003a55  _c_int00_noargs               
00003a8d  __aeabi_f2d                   
00003ac5  __aeabi_i2d                   
00003af3  strncmp                       
00003b1f  __aeabi_ui2d                  
00003b3f  memccpy                       
00003b73  strchr                        
00003b89  copysign                      
00003b89  copysignl                     
00003b9d  strlen                        
00003bb1  __TI_zero_init_nomemset       
00003bc3  wcslen                        
00003bd5  __TI_decompress_none          
00003be3  Reset_Handler                 
00003bef  AES256_IRQHandler             
00003bef  BusFault_Handler              
00003bef  COMP_E0_IRQHandler            
00003bef  COMP_E1_IRQHandler            
00003bef  CS_IRQHandler                 
00003bef  DMA_ERR_IRQHandler            
00003bef  DMA_INT0_IRQHandler           
00003bef  DMA_INT1_IRQHandler           
00003bef  DMA_INT2_IRQHandler           
00003bef  DMA_INT3_IRQHandler           
00003bef  DebugMon_Handler              
00003bef  Default_Handler               
00003bef  EUSCIA1_IRQHandler            
00003bef  EUSCIA2_IRQHandler            
00003bef  EUSCIA3_IRQHandler            
00003bef  EUSCIB0_IRQHandler            
00003bef  EUSCIB1_IRQHandler            
00003bef  EUSCIB2_IRQHandler            
00003bef  EUSCIB3_IRQHandler            
00003bef  FLCTL_IRQHandler              
00003bef  FPU_IRQHandler                
00003bef  HardFault_Handler             
00003bef  MemManage_Handler             
00003bef  NMI_Handler                   
00003bef  PCM_IRQHandler                
00003bef  PORT2_IRQHandler              
00003bef  PORT3_IRQHandler              
00003bef  PORT5_IRQHandler              
00003bef  PORT6_IRQHandler              
00003bef  PSS_IRQHandler                
00003bef  PendSV_Handler                
00003bef  SVC_Handler                   
00003bef  SysTick_Handler               
00003bef  T32_INTC_IRQHandler           
00003bef  TA0_0_IRQHandler              
00003bef  TA0_N_IRQHandler              
00003bef  TA1_0_IRQHandler              
00003bef  TA1_N_IRQHandler              
00003bef  TA2_0_IRQHandler              
00003bef  TA2_N_IRQHandler              
00003bef  TA3_0_IRQHandler              
00003bef  UsageFault_Handler            
00003bef  WDT_A_IRQHandler              
00003bfd  __aeabi_errno_addr            
00003c05  _system_pre_init              
00003c09  C$$EXIT                       
00003c09  abort                         
00003c0c  _ctypes_                      
00003d30  __TI_Handler_Table_Base       
00003d3c  __TI_Handler_Table_Limit      
00003d48  __TI_CINIT_Base               
00003d58  __TI_CINIT_Limit              
20000000  INPUT_BUFFER                  
20000064  tempAr                        
20000068  time                          
2000006c  now                           
2000006f  alarm                         
20000071  master                        
20000074  storage_location              
20000075  read_location                 
20000078  duty                          
2000007c  tempC                         
20000080  tempF                         
20000084  voltage                       
20000088  raw                           
2000008c  raw1                          
20000090  voltage1                      
20000094  RTC_flag                      
20000098  timePresses                   
2000009c  alarmFlag                     
200000a0  alarmSoundFlag                
200000a4  alarmPresses                  
200000a8  speed                         
200000ac  AMPM                          
200000b0  AMPM2                         
200000b4  lightsOn                      
200000b8  lightBrightness               
200000bc  LCDbrightness                 
200000c0  blinkFlag                     
200000c4  state                         
200000c8  errno                         
200000cc  SystemCoreClock               
2000fe00  __stack                       
20010000  __STACK_END                   
4000480c  WDTCTL_SYM                    
ffffffff  __TI_pprof_out_hndl           
ffffffff  __TI_prof_data_size           
ffffffff  __TI_prof_data_start          
ffffffff  __binit__                     
ffffffff  __c_args__                    
ffffffff  binit                         
UNDEFED   __mpu_init                    
UNDEFED   _system_post_cinit            

[197 symbols]
