******************************************************************************
                  TI ARM Linker PC v18.1.4                     
******************************************************************************
>> Linked Tue Dec  4 23:54:07 2018

OUTPUT FILE NAME:   <Final Project.out>
ENTRY POINT SYMBOL: "_c_int00_noargs"  address: 0000445d


MEMORY CONFIGURATION

         name            origin    length      used     unused   attr    fill
----------------------  --------  ---------  --------  --------  ----  --------
  MAIN                  00000000   00040000  00004a0d  0003b5f3  R  X
  INFO                  00200000   00004000  00000000  00004000  R  X
  SRAM_CODE             01000000   00010000  00000a7d  0000f583  RW X
  SRAM_DATA             20000000   00010000  00000a7d  0000f583  RW  


SEGMENT ALLOCATION MAP

run origin  load origin   length   init length attrs members
----------  ----------- ---------- ----------- ----- -------
00000000    00000000    00004a10   00004a10    r-x
  00000000    00000000    000000e4   000000e4    r-- .intvecs
  000000e4    000000e4    00004780   00004780    r-x .text
  00004864    00004864    00000101   00000101    r-- .const
  00004968    00004968    000000a8   000000a8    r-- .cinit
20000000    20000000    0000087d   00000000    rw-
  20000000    20000000    00000400   00000000    rw- .sysmem
  20000400    20000400    00000244   00000000    rw- .data
  20000644    20000644    00000239   00000000    rw- .bss
2000fe00    2000fe00    00000200   00000000    rw-
  2000fe00    2000fe00    00000200   00000000    rw- .stack


SECTION ALLOCATION MAP

 output                                  attributes/
section   page    origin      length       input sections
--------  ----  ----------  ----------   ----------------
.intvecs   0    00000000    000000e4     
                  00000000    000000e4     startup_msp432p401r_ccs.obj (.intvecs:retain)

.text      0    000000e4    00004780     
                  000000e4    000018dc     main.obj (.text)
                  000019c0    00000a5e     rtsv7M4_T_le_v4SPD16_eabi.lib : _printfi.c.obj (.text:__TI_printfi)
                  0000241e    00000002                                   : _lock.c.obj (.text:_nop)
                  00002420    00000334     system_msp432p401r.obj (.text)
                  00002754    00000270     rtsv7M4_T_le_v4SPD16_eabi.lib : _printfi.c.obj (.text:_pconv_a)
                  000029c4    000001d0                                   : _printfi.c.obj (.text:_pconv_g)
                  00002b94    000001b6                                   : fd_add_t2.asm.obj (.text)
                  00002d4a    00000002                                   : div0.asm.obj (.text)
                  00002d4c    0000013c                                   : _printfi.c.obj (.text:_pconv_e)
                  00002e88    00000136                                   : fd_div_t2.asm.obj (.text)
                  00002fbe    00000002     --HOLE-- [fill = 0]
                  00002fc0    00000124                                   : _printfi.c.obj (.text:fcvt)
                  000030e4    00000114                                   : fputs.c.obj (.text:fputs)
                  000031f8    00000110                                   : s_scalbn.c.obj (.text:scalbn)
                  00003308    000000fc                                   : fd_mul_t2.asm.obj (.text)
                  00003404    000000dc                                   : setvbuf.c.obj (.text:setvbuf)
                  000034e0    000000d8                                   : memory.c.obj (.text:free)
                  000035b8    000000b1                                   : _printfi.c.obj (.text:_ltostr)
                  00003669    00000001     --HOLE-- [fill = 0]
                  0000366a    0000009c                                   : memcpy_t2.asm.obj (.text)
                  00003706    00000096                                   : ull_div_t2.asm.obj (.text)
                  0000379c    0000008c                                   : fputc.c.obj (.text:fputc)
                  00003828    00000086                                   : fd_cmp_t2.asm.obj (.text:__aeabi_cdcmple)
                  000038ae    00000086                                   : fd_cmp_t2.asm.obj (.text:__aeabi_cdrcmple)
                  00003934    0000007a                                   : memset_t2.asm.obj (.text)
                  000039ae    00000002     --HOLE-- [fill = 0]
                  000039b0    00000078                                   : memory.c.obj (.text:malloc)
                  00003a28    00000074                                   : fclose.c.obj (.text:__TI_closefile)
                  00003a9c    0000006e                                   : _printfi.c.obj (.text:_mcpy)
                  00003b0a    0000006e                                   : fd_tos_t2.asm.obj (.text)
                  00003b78    00000068                                   : hostlseek.c.obj (.text:HOSTlseek)
                  00003be0    00000068                                   : hostrename.c.obj (.text:HOSTrename)
                  00003c48    00000068                                   : copy_decompress_lzss.c.obj (.text:decompress:lzss:__TI_decompress_lzss)
                  00003cb0    00000068                                   : printf.c.obj (.text:printf)
                  00003d18    00000064                                   : s_frexp.c.obj (.text:frexp)
                  00003d7c    00000064                                   : fseek.c.obj (.text:fseek)
                  00003de0    00000062                                   : _io_perm.c.obj (.text:__TI_wrt_ok)
                  00003e42    00000002     --HOLE-- [fill = 0]
                  00003e44    00000060                                   : hostopen.c.obj (.text:HOSTopen)
                  00003ea4    0000005c                                   : close.c.obj (.text:close)
                  00003f00    00000058                                   : hostread.c.obj (.text:HOSTread)
                  00003f58    00000058                                   : hostwrite.c.obj (.text:HOSTwrite)
                  00003fb0    00000056                                   : _printfi.c.obj (.text:_pconv_f)
                  00004006    00000054                                   : ltoa.c.obj (.text:ltoa)
                  0000405a    00000052                                   : _printfi.c.obj (.text:_ecpy)
                  000040ac    0000004c                                   : fflush.c.obj (.text:__TI_doflush)
                  000040f8    0000004c                                   : atoi.c.obj (.text:atoi)
                  00004144    00000048                                   : exit.c.obj (.text:exit)
                  0000418c    00000048                                   : fd_toi_t2.asm.obj (.text)
                  000041d4    00000044                                   : hostclose.c.obj (.text:HOSTclose)
                  00004218    00000044                                   : hostunlink.c.obj (.text:HOSTunlink)
                  0000425c    00000044                                   : autoinit.c.obj (.text:__TI_auto_init_nobinit_nopinit:__TI_auto_init_nobinit_nopinit)
                  000042a0    00000044                                   : getdevice.c.obj (.text:getdevice)
                  000042e4    00000044                                   : fd_tou_t2.asm.obj (.text)
                  00004328    00000040                                   : sprintf.c.obj (.text:sprintf)
                  00004368    00000040                                   : strtok.c.obj (.text:strtok)
                  000043a8    0000003e                                   : _printfi.c.obj (.text:_fcpy)
                  000043e6    00000002     --HOLE-- [fill = 0]
                  000043e8    0000003c                                   : memory.c.obj (.text:minsert)
                  00004424    00000038                                   : trgmsg.c.obj (.text:__TI_writemsg)
                  0000445c    00000038                                   : boot_cortex_m.c.obj (.text:_c_int00_noargs:_c_int00_noargs)
                  00004494    00000038                                   : memory.c.obj (.text:minit)
                  000044cc    00000038                                   : fs_tod_t2.asm.obj (.text)
                  00004504    00000036                                   : strncpy.c.obj (.text:strncpy)
                  0000453a    00000002     --HOLE-- [fill = 0]
                  0000453c    00000034                                   : fopen.c.obj (.text:__TI_cleanup)
                  00004570    00000034                                   : trgmsg.c.obj (.text:__TI_readmsg)
                  000045a4    00000030                                   : getdevice.c.obj (.text:finddevice)
                  000045d4    0000002e                                   : i_tofd_t2.asm.obj (.text)
                  00004602    0000002c                                   : strncmp.c.obj (.text:strncmp)
                  0000462e    00000002     --HOLE-- [fill = 0]
                  00004630    0000002c                                   : unlink.c.obj (.text:unlink)
                  0000465c    0000002a                                   : strspn.c.obj (.text:strspn)
                  00004686    00000002     --HOLE-- [fill = 0]
                  00004688    00000028                                   : lseek.c.obj (.text:lseek)
                  000046b0    00000028                                   : memory.c.obj (.text:mremove)
                  000046d8    00000028                                   : write.c.obj (.text:write)
                  00004700    00000024                                   : strcspn.c.obj (.text:strcspn)
                  00004724    00000020                                   : memchr.c.obj (.text:memchr)
                  00004744    00000020                                   : u_tofd_t2.asm.obj (.text)
                  00004764    0000001c                                   : memccpy.c.obj (.text:memccpy)
                  00004780    00000018                                   : sprintf.c.obj (.text:_outs)
                  00004798    00000018                                   : strcmp.c.obj (.text:strcmp)
                  000047b0    00000016                                   : strchr.c.obj (.text:strchr)
                  000047c6    00000014                                   : s_copysign.c.obj (.text:copysign)
                  000047da    00000014                                   : strcpy.c.obj (.text:strcpy)
                  000047ee    00000014                                   : strlen.c.obj (.text:strlen)
                  00004802    00000012                                   : copy_zero_init.c.obj (.text:decompress:ZI:__TI_zero_init_nomemset:__TI_zero_init_nomemset)
                  00004814    00000012                                   : wcslen.c.obj (.text:wcslen)
                  00004826    0000000e                                   : copy_decompress_none.c.obj (.text:decompress:none:__TI_decompress_none)
                  00004834    0000000e     startup_msp432p401r_ccs.obj (.text)
                  00004842    0000000a     rtsv7M4_T_le_v4SPD16_eabi.lib : sprintf.c.obj (.text:_outc)
                  0000484c    00000008                                   : errno.c.obj (.text:__aeabi_errno_addr)
                  00004854    00000004                                   : printf.c.obj (.text:_outc)
                  00004858    00000004                                   : printf.c.obj (.text:_outs)
                  0000485c    00000004                                   : pre_init.c.obj (.text:_system_pre_init)
                  00004860    00000004                                   : exit.c.obj (.text:abort:abort)

.const     0    00004864    00000101     
                  00004864    00000101     rtsv7M4_T_le_v4SPD16_eabi.lib : ctype.c.obj (.const:.string:_ctypes_)

.cinit     0    00004968    000000a8     
                  00004968    00000081     (.cinit..data.load) [load image, compression = lzss]
                  000049e9    00000003     --HOLE-- [fill = 0]
                  000049ec    0000000c     (__TI_handler_table)
                  000049f8    00000008     (.cinit..bss.load) [load image, compression = zero_init]
                  00004a00    00000010     (__TI_cinit_table)

.init_array 
*          0    00000000    00000000     UNINITIALIZED

.binit     0    00000000    00000000     

.sysmem    0    20000000    00000400     UNINITIALIZED
                  20000000    00000008     rtsv7M4_T_le_v4SPD16_eabi.lib : memory.c.obj (.sysmem)
                  20000008    000003f8     --HOLE--

.data      0    20000400    00000244     UNINITIALIZED
                  20000400    000000f0     rtsv7M4_T_le_v4SPD16_eabi.lib : defs.c.obj (.data:_ftable)
                  200004f0    00000078                                   : write.c.obj (.data:_device)
                  20000568    00000050                                   : write.c.obj (.data:_stream)
                  200005b8    0000004d     main.obj (.data)
                  20000605    00000003     --HOLE--
                  20000608    00000010     rtsv7M4_T_le_v4SPD16_eabi.lib : defs.c.obj (.data)
                  20000618    0000000c                                   : exit.c.obj (.data:$O1$$)
                  20000624    0000000c                                   : memory.c.obj (.data:$O1$$)
                  20000630    00000008                                   : _lock.c.obj (.data:$O1$$)
                  20000638    00000004                                   : errno.c.obj (.data)
                  2000063c    00000004                                   : strtok.c.obj (.data)
                  20000640    00000004     system_msp432p401r.obj (.data)

.bss       0    20000644    00000239     UNINITIALIZED
                  20000644    00000120     rtsv7M4_T_le_v4SPD16_eabi.lib : trgmsg.c.obj (.bss:_CIOBUF_)
                  20000764    000000a0     (.common:__TI_tmpnams)
                  20000804    00000064     (.common:INPUT_BUFFER)
                  20000868    00000008     (.common:parmbuf)
                  20000870    00000004     (.common:tempAr)
                  20000874    00000004     (.common:time)
                  20000878    00000003     (.common:now)
                  2000087b    00000002     (.common:alarm)

.stack     0    2000fe00    00000200     UNINITIALIZED
                  2000fe00    00000004     rtsv7M4_T_le_v4SPD16_eabi.lib : boot_cortex_m.c.obj (.stack)
                  2000fe04    000001fc     --HOLE--

MODULE SUMMARY

       Module                        code    ro data   rw data
       ------                        ----    -------   -------
    .\
       main.obj                      6364    0         380    
       system_msp432p401r.obj        820     0         8      
       startup_msp432p401r_ccs.obj   14      228       0      
    +--+-----------------------------+-------+---------+---------+
       Total:                        7198    228       388    
                                                              
    C:\ti\ccsv8\tools\compiler\ti-cgt-arm_18.1.4.LTS\lib\rtsv7M4_T_le_v4SPD16_eabi.lib
       _printfi.c.obj                4867    0         0      
       defs.c.obj                    0       0         832    
       trgmsg.c.obj                  108     0         576    
       memory.c.obj                  492     0         24     
       write.c.obj                   40      0         400    
       fd_add_t2.asm.obj             438     0         0      
       fd_div_t2.asm.obj             310     0         0      
       fputs.c.obj                   276     0         0      
       s_scalbn.c.obj                272     0         0      
       fd_cmp_t2.asm.obj             268     0         0      
       ctype.c.obj                   0       257       0      
       fd_mul_t2.asm.obj             252     0         0      
       setvbuf.c.obj                 220     0         0      
       memcpy_t2.asm.obj             156     0         0      
       ull_div_t2.asm.obj            150     0         0      
       fputc.c.obj                   140     0         0      
       memset_t2.asm.obj             122     0         0      
       fclose.c.obj                  116     0         0      
       getdevice.c.obj               116     0         0      
       hostopen.c.obj                96      0         16     
       printf.c.obj                  112     0         0      
       fd_tos_t2.asm.obj             110     0         0      
       copy_decompress_lzss.c.obj    104     0         0      
       hostlseek.c.obj               104     0         0      
       hostrename.c.obj              104     0         0      
       exit.c.obj                    76      0         24     
       fseek.c.obj                   100     0         0      
       s_frexp.c.obj                 100     0         0      
       _io_perm.c.obj                98      0         0      
       sprintf.c.obj                 98      0         0      
       close.c.obj                   92      0         0      
       hostread.c.obj                88      0         0      
       hostwrite.c.obj               88      0         0      
       ltoa.c.obj                    84      0         0      
       atoi.c.obj                    76      0         0      
       fflush.c.obj                  76      0         0      
       fd_toi_t2.asm.obj             72      0         0      
       strtok.c.obj                  64      0         8      
       autoinit.c.obj                68      0         0      
       fd_tou_t2.asm.obj             68      0         0      
       hostclose.c.obj               68      0         0      
       hostunlink.c.obj              68      0         0      
       boot_cortex_m.c.obj           56      0         0      
       fs_tod_t2.asm.obj             56      0         0      
       strncpy.c.obj                 54      0         0      
       fopen.c.obj                   52      0         0      
       i_tofd_t2.asm.obj             46      0         0      
       strncmp.c.obj                 44      0         0      
       unlink.c.obj                  44      0         0      
       strspn.c.obj                  42      0         0      
       lseek.c.obj                   40      0         0      
       strcspn.c.obj                 36      0         0      
       memchr.c.obj                  32      0         0      
       u_tofd_t2.asm.obj             32      0         0      
       memccpy.c.obj                 28      0         0      
       strcmp.c.obj                  24      0         0      
       strchr.c.obj                  22      0         0      
       s_copysign.c.obj              20      0         0      
       strcpy.c.obj                  20      0         0      
       strlen.c.obj                  20      0         0      
       _lock.c.obj                   2       0         16     
       copy_zero_init.c.obj          18      0         0      
       wcslen.c.obj                  18      0         0      
       errno.c.obj                   8       0         8      
       copy_decompress_none.c.obj    14      0         0      
       pre_init.c.obj                4       0         0      
       div0.asm.obj                  2       0         0      
    +--+-----------------------------+-------+---------+---------+
       Total:                        11091   257       1904   
                                                              
       Heap:                         0       0         2048   
       Stack:                        0       0         1024   
       Linker Generated:             0       165       0      
    +--+-----------------------------+-------+---------+---------+
       Grand Total:                  18289   650       5364   


LINKER GENERATED COPY TABLES

__TI_cinit_table @ 00004a00 records: 2, size/record: 8, table size: 16
	.data: load addr=00004968, load size=00000081 bytes, run addr=20000400, run size=00000244 bytes, compression=lzss
	.bss: load addr=000049f8, load size=00000008 bytes, run addr=20000644, run size=00000239 bytes, compression=zero_init


LINKER GENERATED HANDLER TABLE

__TI_handler_table @ 000049ec records: 3, size/record: 4, table size: 12
	index: 0, handler: __TI_decompress_lzss
	index: 1, handler: __TI_decompress_none
	index: 2, handler: __TI_zero_init


GLOBAL SYMBOLS: SORTED ALPHABETICALLY BY Name 

address   name                           
-------   ----                           
00000e31  ADC14_IRQHandler               
00000e31  ADC14_IRQHandler               
00001397  ADC14init                      
00004841  AES256_IRQHandler              
200005ec  AMPM                           
200005f0  AMPM2                          
00004841  BusFault_Handler               
00004861  C$$EXIT                        
00004453  C$$IO$$                        
00004841  COMP_E0_IRQHandler             
00004841  COMP_E1_IRQHandler             
00004841  CS_IRQHandler                  
00004841  DMA_ERR_IRQHandler             
00004841  DMA_INT0_IRQHandler            
00004841  DMA_INT1_IRQHandler            
00004841  DMA_INT2_IRQHandler            
00004841  DMA_INT3_IRQHandler            
00004841  DebugMon_Handler               
00004841  Default_Handler                
000015dd  EUSCIA0_IRQHandler             
000015dd  EUSCIA0_IRQHandler             
00004841  EUSCIA1_IRQHandler             
00004841  EUSCIA2_IRQHandler             
00004841  EUSCIA3_IRQHandler             
00004841  EUSCIB0_IRQHandler             
00004841  EUSCIB1_IRQHandler             
00004841  EUSCIB2_IRQHandler             
00004841  EUSCIB3_IRQHandler             
00004841  FLCTL_IRQHandler               
00004841  FPU_IRQHandler                 
000041d5  HOSTclose                      
00003b79  HOSTlseek                      
00003e45  HOSTopen                       
00003f01  HOSTread                       
00003be1  HOSTrename                     
00004219  HOSTunlink                     
00003f59  HOSTwrite                      
00004841  HardFault_Handler              
20000804  INPUT_BUFFER                   
0000178d  LCD_init                       
200005fc  LCDbrightness                  
000013ff  LEDT32interrupt                
00001425  LED_init                       
00004841  MemManage_Handler              
00004841  NMI_Handler                    
00004841  PCM_IRQHandler                 
00000911  PORT1_IRQHandler               
00000911  PORT1_IRQHandler               
00004841  PORT2_IRQHandler               
00004841  PORT3_IRQHandler               
00000989  PORT4_IRQHandler               
00000989  PORT4_IRQHandler               
00004841  PORT5_IRQHandler               
00004841  PORT6_IRQHandler               
00004841  PSS_IRQHandler                 
00004841  PendSV_Handler                 
00000c05  RTC_C_IRQHandler               
00000c05  RTC_C_IRQHandler               
200005d8  RTC_flag                       
00004835  Reset_Handler                  
00004841  SVC_Handler                    
00004841  SysTick_Handler                
0000193d  SysTick_Init                   
20000640  SystemCoreClock                
00002421  SystemCoreClockUpdate          
00002699  SystemInit                     
000007e9  T32_INT1_IRQHandler            
000007e9  T32_INT1_IRQHandler            
00000819  T32_INT2_IRQHandler            
00000819  T32_INT2_IRQHandler            
00004841  T32_INTC_IRQHandler            
00004841  TA0_0_IRQHandler               
00004841  TA0_N_IRQHandler               
00004841  TA1_0_IRQHandler               
00004841  TA1_N_IRQHandler               
00004841  TA2_0_IRQHandler               
00004841  TA2_N_IRQHandler               
00004841  TA3_0_IRQHandler               
00001001  TA3_N_IRQHandler               
00001001  TA3_N_IRQHandler               
00004841  UsageFault_Handler             
4000480c  WDTCTL_SYM                     
00004841  WDT_A_IRQHandler               
20000644  __CIOBUF_                      
20010000  __STACK_END                    
00000200  __STACK_SIZE                   
00000400  __SYSMEM_SIZE                  
00004a00  __TI_CINIT_Base                
00004a10  __TI_CINIT_Limit               
000049ec  __TI_Handler_Table_Base        
000049f8  __TI_Handler_Table_Limit       
0000425d  __TI_auto_init_nobinit_nopinit 
0000453d  __TI_cleanup                   
20000618  __TI_cleanup_ptr               
00003a29  __TI_closefile                 
00003c49  __TI_decompress_lzss           
00004827  __TI_decompress_none           
000040ad  __TI_doflush                   
2000061c  __TI_dtors_ptr                 
20000620  __TI_enable_exit_profile_output
20000608  __TI_ft_end                    
ffffffff  __TI_pprof_out_hndl            
000019c1  __TI_printfi                   
ffffffff  __TI_prof_data_size            
ffffffff  __TI_prof_data_start           
00004571  __TI_readmsg                   
00000000  __TI_static_base__             
20000764  __TI_tmpnams                   
00004425  __TI_writemsg                  
00003de1  __TI_wrt_ok                    
00004803  __TI_zero_init_nomemset        
00003829  __aeabi_cdcmpeq                
00003829  __aeabi_cdcmple                
000038af  __aeabi_cdrcmple               
00003b0b  __aeabi_d2f                    
0000418d  __aeabi_d2iz                   
000042e5  __aeabi_d2uiz                  
00002b9f  __aeabi_dadd                   
00002e89  __aeabi_ddiv                   
00003309  __aeabi_dmul                   
00002b95  __aeabi_dsub                   
0000484d  __aeabi_errno_addr             
000044cd  __aeabi_f2d                    
000045d5  __aeabi_i2d                    
00002d4b  __aeabi_idiv0                  
00002d4b  __aeabi_ldiv0                  
00003935  __aeabi_memclr                 
00003935  __aeabi_memclr4                
00003935  __aeabi_memclr8                
0000366b  __aeabi_memcpy                 
0000366b  __aeabi_memcpy4                
0000366b  __aeabi_memcpy8                
00003937  __aeabi_memset                 
00003937  __aeabi_memset4                
00003937  __aeabi_memset8                
20000614  __aeabi_stderr                 
2000060c  __aeabi_stdin                  
20000610  __aeabi_stdout                 
00004745  __aeabi_ui2d                   
00003707  __aeabi_uldivmod               
ffffffff  __binit__                      
ffffffff  __c_args__                     
UNDEFED   __mpu_init                     
2000fe00  __stack                        
0000445d  _c_int00_noargs                
00004864  _ctypes_                       
200004f0  _device                        
20000400  _ftable                        
20000630  _lock                          
0000241f  _nop                           
20000568  _stream                        
20000000  _sys_memory                    
UNDEFED   _system_post_cinit             
0000485d  _system_pre_init               
20000634  _unlock                        
00004861  abort                          
2000087b  alarm                          
200005e0  alarmFlag                      
200005e4  alarmPresses                   
000040f9  atoi                           
ffffffff  binit                          
20000600  blinkFlag                      
00003ea5  close                          
0000182d  commandWrite                   
00001349  configRTC                      
000047c7  copysign                       
000047c7  copysignl                      
00001871  dataWrite                      
00000737  displayAMPM                    
0000069f  displayAlarm                   
00001695  displayAt                      
0000079d  displayHour                    
0000077d  displayMin                     
200005bc  duty                           
20000638  errno                          
00004145  exit                           
0000034d  extractTimeSerial              
000045a5  finddevice                     
0000379d  fputc                          
000030e5  fputs                          
000034e1  free                           
00003d19  frexp                          
00003d19  frexpl                         
00003d7d  fseek                          
000042a1  getdevice                      
00001261  intAlarm                       
000011bd  intBlinkTimerA                 
000012f1  intButtons                     
0000121d  intLCDBrightness               
00001295  intSpeedButton                 
00000000  interruptVectors               
000031f9  ldexp                          
000031f9  ldexpl                         
200005f8  lightBrightness                
200005f4  lightsOn                       
00004689  lseek                          
00004007  ltoa                           
00000111  main                           
000039b1  malloc                         
00004765  memccpy                        
00004725  memchr                         
0000366b  memcpy                         
0000393d  memset                         
00004495  minit                          
20000878  now                            
20000868  parmbuf                        
00003cb1  printf                         
00001903  pulseEnablePin                 
000018a7  pushByte                       
000018d1  pushNibble                     
0000379d  putc                           
200005cc  raw                            
200005d0  raw1                           
0000153d  readInput                      
200005b9  read_location                  
00004631  remove                         
000031f9  scalbn                         
000031f9  scalbnl                        
0000145d  setupSerial                    
00003405  setvbuf                        
200005e8  speed                          
00004329  sprintf                        
20000604  state                          
200005b8  storage_location               
000047b1  strchr                         
00004799  strcmp                         
000047db  strcpy                         
00004701  strcspn                        
000047ef  strlen                         
00004603  strncmp                        
00004505  strncpy                        
0000465d  strspn                         
00004369  strtok                         
00001959  sysTickDelay_ms                
0000197f  sysTickDelay_us                
20000870  tempAr                         
200005c0  tempC                          
200005c4  tempF                          
000013e9  tempT32interrupt               
20000874  time                           
200005dc  timePresses                    
00000721  toggleAMPM                     
000006f5  toggleAMPM2                    
0000065b  toggleAlarm                    
00004631  unlink                         
200005c8  voltage                        
200005d4  voltage1                       
0000064d  wakeUpLights                   
00004815  wcslen                         
000046d9  write                          
000014c3  writeOutput                    


GLOBAL SYMBOLS: SORTED BY Symbol Address 

address   name                           
-------   ----                           
00000000  __TI_static_base__             
00000000  interruptVectors               
00000111  main                           
00000200  __STACK_SIZE                   
0000034d  extractTimeSerial              
00000400  __SYSMEM_SIZE                  
0000064d  wakeUpLights                   
0000065b  toggleAlarm                    
0000069f  displayAlarm                   
000006f5  toggleAMPM2                    
00000721  toggleAMPM                     
00000737  displayAMPM                    
0000077d  displayMin                     
0000079d  displayHour                    
000007e9  T32_INT1_IRQHandler            
000007e9  T32_INT1_IRQHandler            
00000819  T32_INT2_IRQHandler            
00000819  T32_INT2_IRQHandler            
00000911  PORT1_IRQHandler               
00000911  PORT1_IRQHandler               
00000989  PORT4_IRQHandler               
00000989  PORT4_IRQHandler               
00000c05  RTC_C_IRQHandler               
00000c05  RTC_C_IRQHandler               
00000e31  ADC14_IRQHandler               
00000e31  ADC14_IRQHandler               
00001001  TA3_N_IRQHandler               
00001001  TA3_N_IRQHandler               
000011bd  intBlinkTimerA                 
0000121d  intLCDBrightness               
00001261  intAlarm                       
00001295  intSpeedButton                 
000012f1  intButtons                     
00001349  configRTC                      
00001397  ADC14init                      
000013e9  tempT32interrupt               
000013ff  LEDT32interrupt                
00001425  LED_init                       
0000145d  setupSerial                    
000014c3  writeOutput                    
0000153d  readInput                      
000015dd  EUSCIA0_IRQHandler             
000015dd  EUSCIA0_IRQHandler             
00001695  displayAt                      
0000178d  LCD_init                       
0000182d  commandWrite                   
00001871  dataWrite                      
000018a7  pushByte                       
000018d1  pushNibble                     
00001903  pulseEnablePin                 
0000193d  SysTick_Init                   
00001959  sysTickDelay_ms                
0000197f  sysTickDelay_us                
000019c1  __TI_printfi                   
0000241f  _nop                           
00002421  SystemCoreClockUpdate          
00002699  SystemInit                     
00002b95  __aeabi_dsub                   
00002b9f  __aeabi_dadd                   
00002d4b  __aeabi_idiv0                  
00002d4b  __aeabi_ldiv0                  
00002e89  __aeabi_ddiv                   
000030e5  fputs                          
000031f9  ldexp                          
000031f9  ldexpl                         
000031f9  scalbn                         
000031f9  scalbnl                        
00003309  __aeabi_dmul                   
00003405  setvbuf                        
000034e1  free                           
0000366b  __aeabi_memcpy                 
0000366b  __aeabi_memcpy4                
0000366b  __aeabi_memcpy8                
0000366b  memcpy                         
00003707  __aeabi_uldivmod               
0000379d  fputc                          
0000379d  putc                           
00003829  __aeabi_cdcmpeq                
00003829  __aeabi_cdcmple                
000038af  __aeabi_cdrcmple               
00003935  __aeabi_memclr                 
00003935  __aeabi_memclr4                
00003935  __aeabi_memclr8                
00003937  __aeabi_memset                 
00003937  __aeabi_memset4                
00003937  __aeabi_memset8                
0000393d  memset                         
000039b1  malloc                         
00003a29  __TI_closefile                 
00003b0b  __aeabi_d2f                    
00003b79  HOSTlseek                      
00003be1  HOSTrename                     
00003c49  __TI_decompress_lzss           
00003cb1  printf                         
00003d19  frexp                          
00003d19  frexpl                         
00003d7d  fseek                          
00003de1  __TI_wrt_ok                    
00003e45  HOSTopen                       
00003ea5  close                          
00003f01  HOSTread                       
00003f59  HOSTwrite                      
00004007  ltoa                           
000040ad  __TI_doflush                   
000040f9  atoi                           
00004145  exit                           
0000418d  __aeabi_d2iz                   
000041d5  HOSTclose                      
00004219  HOSTunlink                     
0000425d  __TI_auto_init_nobinit_nopinit 
000042a1  getdevice                      
000042e5  __aeabi_d2uiz                  
00004329  sprintf                        
00004369  strtok                         
00004425  __TI_writemsg                  
00004453  C$$IO$$                        
0000445d  _c_int00_noargs                
00004495  minit                          
000044cd  __aeabi_f2d                    
00004505  strncpy                        
0000453d  __TI_cleanup                   
00004571  __TI_readmsg                   
000045a5  finddevice                     
000045d5  __aeabi_i2d                    
00004603  strncmp                        
00004631  remove                         
00004631  unlink                         
0000465d  strspn                         
00004689  lseek                          
000046d9  write                          
00004701  strcspn                        
00004725  memchr                         
00004745  __aeabi_ui2d                   
00004765  memccpy                        
00004799  strcmp                         
000047b1  strchr                         
000047c7  copysign                       
000047c7  copysignl                      
000047db  strcpy                         
000047ef  strlen                         
00004803  __TI_zero_init_nomemset        
00004815  wcslen                         
00004827  __TI_decompress_none           
00004835  Reset_Handler                  
00004841  AES256_IRQHandler              
00004841  BusFault_Handler               
00004841  COMP_E0_IRQHandler             
00004841  COMP_E1_IRQHandler             
00004841  CS_IRQHandler                  
00004841  DMA_ERR_IRQHandler             
00004841  DMA_INT0_IRQHandler            
00004841  DMA_INT1_IRQHandler            
00004841  DMA_INT2_IRQHandler            
00004841  DMA_INT3_IRQHandler            
00004841  DebugMon_Handler               
00004841  Default_Handler                
00004841  EUSCIA1_IRQHandler             
00004841  EUSCIA2_IRQHandler             
00004841  EUSCIA3_IRQHandler             
00004841  EUSCIB0_IRQHandler             
00004841  EUSCIB1_IRQHandler             
00004841  EUSCIB2_IRQHandler             
00004841  EUSCIB3_IRQHandler             
00004841  FLCTL_IRQHandler               
00004841  FPU_IRQHandler                 
00004841  HardFault_Handler              
00004841  MemManage_Handler              
00004841  NMI_Handler                    
00004841  PCM_IRQHandler                 
00004841  PORT2_IRQHandler               
00004841  PORT3_IRQHandler               
00004841  PORT5_IRQHandler               
00004841  PORT6_IRQHandler               
00004841  PSS_IRQHandler                 
00004841  PendSV_Handler                 
00004841  SVC_Handler                    
00004841  SysTick_Handler                
00004841  T32_INTC_IRQHandler            
00004841  TA0_0_IRQHandler               
00004841  TA0_N_IRQHandler               
00004841  TA1_0_IRQHandler               
00004841  TA1_N_IRQHandler               
00004841  TA2_0_IRQHandler               
00004841  TA2_N_IRQHandler               
00004841  TA3_0_IRQHandler               
00004841  UsageFault_Handler             
00004841  WDT_A_IRQHandler               
0000484d  __aeabi_errno_addr             
0000485d  _system_pre_init               
00004861  C$$EXIT                        
00004861  abort                          
00004864  _ctypes_                       
000049ec  __TI_Handler_Table_Base        
000049f8  __TI_Handler_Table_Limit       
00004a00  __TI_CINIT_Base                
00004a10  __TI_CINIT_Limit               
20000000  _sys_memory                    
20000400  _ftable                        
200004f0  _device                        
20000568  _stream                        
200005b8  storage_location               
200005b9  read_location                  
200005bc  duty                           
200005c0  tempC                          
200005c4  tempF                          
200005c8  voltage                        
200005cc  raw                            
200005d0  raw1                           
200005d4  voltage1                       
200005d8  RTC_flag                       
200005dc  timePresses                    
200005e0  alarmFlag                      
200005e4  alarmPresses                   
200005e8  speed                          
200005ec  AMPM                           
200005f0  AMPM2                          
200005f4  lightsOn                       
200005f8  lightBrightness                
200005fc  LCDbrightness                  
20000600  blinkFlag                      
20000604  state                          
20000608  __TI_ft_end                    
2000060c  __aeabi_stdin                  
20000610  __aeabi_stdout                 
20000614  __aeabi_stderr                 
20000618  __TI_cleanup_ptr               
2000061c  __TI_dtors_ptr                 
20000620  __TI_enable_exit_profile_output
20000630  _lock                          
20000634  _unlock                        
20000638  errno                          
20000640  SystemCoreClock                
20000644  __CIOBUF_                      
20000764  __TI_tmpnams                   
20000804  INPUT_BUFFER                   
20000868  parmbuf                        
20000870  tempAr                         
20000874  time                           
20000878  now                            
2000087b  alarm                          
2000fe00  __stack                        
20010000  __STACK_END                    
4000480c  WDTCTL_SYM                     
ffffffff  __TI_pprof_out_hndl            
ffffffff  __TI_prof_data_size            
ffffffff  __TI_prof_data_start           
ffffffff  __binit__                      
ffffffff  __c_args__                     
ffffffff  binit                          
UNDEFED   __mpu_init                     
UNDEFED   _system_post_cinit             

[251 symbols]
