******************************************************************************
                  TI ARM Linker Unix v18.1.4                   
******************************************************************************
>> Linked Wed Nov 28 22:28:42 2018

OUTPUT FILE NAME:   <Final Project.out>
ENTRY POINT SYMBOL: "_c_int00_noargs"  address: 00002de5


MEMORY CONFIGURATION

         name            origin    length      used     unused   attr    fill
----------------------  --------  ---------  --------  --------  ----  --------
  MAIN                  00000000   00040000  00003291  0003cd6f  R  X
  INFO                  00200000   00004000  00000000  00004000  R  X
  SRAM_CODE             01000000   00010000  000009c4  0000f63c  RW X
  SRAM_DATA             20000000   00010000  000009c4  0000f63c  RW  


SEGMENT ALLOCATION MAP

run origin  load origin   length   init length attrs members
----------  ----------- ---------- ----------- ----- -------
00000000    00000000    00003298   00003298    r-x
  00000000    00000000    000000e4   000000e4    r-- .intvecs
  000000e4    000000e4    00003014   00003014    r-x .text
  000030f8    000030f8    00000101   00000101    r-- .const
  00003200    00003200    00000098   00000098    r-- .cinit
20000000    20000000    000007c7   00000000    rw-
  20000000    20000000    00000400   00000000    rw- .sysmem
  20000400    20000400    000001f1   00000000    rw- .data
  200005f4    200005f4    000001d3   00000000    rw- .bss
2000fe00    2000fe00    00000200   00000000    rw-
  2000fe00    2000fe00    00000200   00000000    rw- .stack


SECTION ALLOCATION MAP

 output                                  attributes/
section   page    origin      length       input sections
--------  ----  ----------  ----------   ----------------
.intvecs   0    00000000    000000e4     
                  00000000    000000e4     startup_msp432p401r_ccs.obj (.intvecs:retain)

.text      0    000000e4    00003014     
                  000000e4    00000a5e     rtsv7M4_T_le_v4SPD16_eabi.lib : _printfi.c.obj (.text:__TI_printfi)
                  00000b42    00000002                                   : _lock.c.obj (.text:_nop)
                  00000b44    00000394     main.obj (.text)
                  00000ed8    00000334     system_msp432p401r.obj (.text)
                  0000120c    00000270     rtsv7M4_T_le_v4SPD16_eabi.lib : _printfi.c.obj (.text:_pconv_a)
                  0000147c    000001d0                                   : _printfi.c.obj (.text:_pconv_g)
                  0000164c    000001b6                                   : fd_add_t2.asm.obj (.text)
                  00001802    00000002                                   : div0.asm.obj (.text)
                  00001804    0000013c                                   : _printfi.c.obj (.text:_pconv_e)
                  00001940    00000136                                   : fd_div_t2.asm.obj (.text)
                  00001a76    00000002     --HOLE-- [fill = 0]
                  00001a78    00000124                                   : _printfi.c.obj (.text:fcvt)
                  00001b9c    00000114                                   : fputs.c.obj (.text:fputs)
                  00001cb0    00000110                                   : s_scalbn.c.obj (.text:scalbn)
                  00001dc0    000000fc                                   : fd_mul_t2.asm.obj (.text)
                  00001ebc    000000dc                                   : setvbuf.c.obj (.text:setvbuf)
                  00001f98    000000d8                                   : memory.c.obj (.text:free)
                  00002070    000000b1                                   : _printfi.c.obj (.text:_ltostr)
                  00002121    00000001     --HOLE-- [fill = 0]
                  00002122    0000009c                                   : memcpy_t2.asm.obj (.text)
                  000021be    00000096                                   : ull_div_t2.asm.obj (.text)
                  00002254    0000008c                                   : fputc.c.obj (.text:fputc)
                  000022e0    00000086                                   : fd_cmp_t2.asm.obj (.text:__aeabi_cdcmple)
                  00002366    00000086                                   : fd_cmp_t2.asm.obj (.text:__aeabi_cdrcmple)
                  000023ec    0000007a                                   : memset_t2.asm.obj (.text)
                  00002466    00000002     --HOLE-- [fill = 0]
                  00002468    00000078                                   : memory.c.obj (.text:malloc)
                  000024e0    00000074                                   : fclose.c.obj (.text:__TI_closefile)
                  00002554    0000006e                                   : _printfi.c.obj (.text:_mcpy)
                  000025c2    00000002     --HOLE-- [fill = 0]
                  000025c4    00000068                                   : hostlseek.c.obj (.text:HOSTlseek)
                  0000262c    00000068                                   : hostrename.c.obj (.text:HOSTrename)
                  00002694    00000068                                   : copy_decompress_lzss.c.obj (.text:decompress:lzss:__TI_decompress_lzss)
                  000026fc    00000068                                   : printf.c.obj (.text:printf)
                  00002764    00000064                                   : s_frexp.c.obj (.text:frexp)
                  000027c8    00000064                                   : fseek.c.obj (.text:fseek)
                  0000282c    00000062                                   : _io_perm.c.obj (.text:__TI_wrt_ok)
                  0000288e    00000002     --HOLE-- [fill = 0]
                  00002890    00000060                                   : hostopen.c.obj (.text:HOSTopen)
                  000028f0    0000005c                                   : close.c.obj (.text:close)
                  0000294c    00000058                                   : hostread.c.obj (.text:HOSTread)
                  000029a4    00000058                                   : hostwrite.c.obj (.text:HOSTwrite)
                  000029fc    00000056                                   : _printfi.c.obj (.text:_pconv_f)
                  00002a52    00000054                                   : ltoa.c.obj (.text:ltoa)
                  00002aa6    00000052                                   : _printfi.c.obj (.text:_ecpy)
                  00002af8    0000004c                                   : fflush.c.obj (.text:__TI_doflush)
                  00002b44    0000004c                                   : atoi.c.obj (.text:atoi)
                  00002b90    00000048                                   : exit.c.obj (.text:exit)
                  00002bd8    00000048                                   : fd_toi_t2.asm.obj (.text)
                  00002c20    00000044                                   : hostclose.c.obj (.text:HOSTclose)
                  00002c64    00000044                                   : hostunlink.c.obj (.text:HOSTunlink)
                  00002ca8    00000044                                   : autoinit.c.obj (.text:__TI_auto_init_nobinit_nopinit:__TI_auto_init_nobinit_nopinit)
                  00002cec    00000044                                   : getdevice.c.obj (.text:getdevice)
                  00002d30    0000003e                                   : _printfi.c.obj (.text:_fcpy)
                  00002d6e    00000002     --HOLE-- [fill = 0]
                  00002d70    0000003c                                   : memory.c.obj (.text:minsert)
                  00002dac    00000038                                   : trgmsg.c.obj (.text:__TI_writemsg)
                  00002de4    00000038                                   : boot_cortex_m.c.obj (.text:_c_int00_noargs:_c_int00_noargs)
                  00002e1c    00000038                                   : memory.c.obj (.text:minit)
                  00002e54    00000036                                   : strncpy.c.obj (.text:strncpy)
                  00002e8a    00000002     --HOLE-- [fill = 0]
                  00002e8c    00000034                                   : fopen.c.obj (.text:__TI_cleanup)
                  00002ec0    00000034                                   : trgmsg.c.obj (.text:__TI_readmsg)
                  00002ef4    00000030                                   : getdevice.c.obj (.text:finddevice)
                  00002f24    0000002e                                   : i_tofd_t2.asm.obj (.text)
                  00002f52    00000002     --HOLE-- [fill = 0]
                  00002f54    0000002c                                   : unlink.c.obj (.text:unlink)
                  00002f80    00000028                                   : lseek.c.obj (.text:lseek)
                  00002fa8    00000028                                   : memory.c.obj (.text:mremove)
                  00002fd0    00000028                                   : write.c.obj (.text:write)
                  00002ff8    00000020                                   : memchr.c.obj (.text:memchr)
                  00003018    0000001c                                   : memccpy.c.obj (.text:memccpy)
                  00003034    00000018                                   : strcmp.c.obj (.text:strcmp)
                  0000304c    00000016                                   : strchr.c.obj (.text:strchr)
                  00003062    00000014                                   : s_copysign.c.obj (.text:copysign)
                  00003076    00000014                                   : strcpy.c.obj (.text:strcpy)
                  0000308a    00000014                                   : strlen.c.obj (.text:strlen)
                  0000309e    00000012                                   : copy_zero_init.c.obj (.text:decompress:ZI:__TI_zero_init_nomemset:__TI_zero_init_nomemset)
                  000030b0    00000012                                   : wcslen.c.obj (.text:wcslen)
                  000030c2    0000000e                                   : copy_decompress_none.c.obj (.text:decompress:none:__TI_decompress_none)
                  000030d0    0000000e     startup_msp432p401r_ccs.obj (.text)
                  000030de    00000002     --HOLE-- [fill = 0]
                  000030e0    00000008     rtsv7M4_T_le_v4SPD16_eabi.lib : errno.c.obj (.text:__aeabi_errno_addr)
                  000030e8    00000004                                   : printf.c.obj (.text:_outc)
                  000030ec    00000004                                   : printf.c.obj (.text:_outs)
                  000030f0    00000004                                   : pre_init.c.obj (.text:_system_pre_init)
                  000030f4    00000004                                   : exit.c.obj (.text:abort:abort)

.const     0    000030f8    00000101     
                  000030f8    00000101     rtsv7M4_T_le_v4SPD16_eabi.lib : ctype.c.obj (.const:.string:_ctypes_)

.cinit     0    00003200    00000098     
                  00003200    00000072     (.cinit..data.load) [load image, compression = lzss]
                  00003272    00000002     --HOLE-- [fill = 0]
                  00003274    0000000c     (__TI_handler_table)
                  00003280    00000008     (.cinit..bss.load) [load image, compression = zero_init]
                  00003288    00000010     (__TI_cinit_table)

.init_array 
*          0    00000000    00000000     UNINITIALIZED

.binit     0    00000000    00000000     

.sysmem    0    20000000    00000400     UNINITIALIZED
                  20000000    00000008     rtsv7M4_T_le_v4SPD16_eabi.lib : memory.c.obj (.sysmem)
                  20000008    000003f8     --HOLE--

.data      0    20000400    000001f1     UNINITIALIZED
                  20000400    000000f0     rtsv7M4_T_le_v4SPD16_eabi.lib : defs.c.obj (.data:_ftable)
                  200004f0    00000078                                   : write.c.obj (.data:_device)
                  20000568    00000050                                   : write.c.obj (.data:_stream)
                  200005b8    00000010                                   : defs.c.obj (.data)
                  200005c8    0000000c                                   : exit.c.obj (.data:$O1$$)
                  200005d4    0000000c                                   : memory.c.obj (.data:$O1$$)
                  200005e0    00000008                                   : _lock.c.obj (.data:$O1$$)
                  200005e8    00000004                                   : errno.c.obj (.data)
                  200005ec    00000004     system_msp432p401r.obj (.data)
                  200005f0    00000001     main.obj (.data)

.bss       0    200005f4    000001d3     UNINITIALIZED
                  200005f4    00000120     rtsv7M4_T_le_v4SPD16_eabi.lib : trgmsg.c.obj (.bss:_CIOBUF_)
                  20000714    000000a0     (.common:__TI_tmpnams)
                  200007b4    0000000a     (.common:now)
                  200007be    00000008     (.common:parmbuf)
                  200007c6    00000001     (.common:RTC_alarm)

.stack     0    2000fe00    00000200     UNINITIALIZED
                  2000fe00    00000004     rtsv7M4_T_le_v4SPD16_eabi.lib : boot_cortex_m.c.obj (.stack)
                  2000fe04    000001fc     --HOLE--

MODULE SUMMARY

       Module                        code    ro data   rw data
       ------                        ----    -------   -------
    ./
       main.obj                      916     0         24     
       system_msp432p401r.obj        820     0         8      
       startup_msp432p401r_ccs.obj   14      228       0      
    +--+-----------------------------+-------+---------+---------+
       Total:                        1750    228       32     
                                                              
    /Applications/ti/ccsv8/tools/compiler/ti-cgt-arm_18.1.4.LTS/lib/rtsv7M4_T_le_v4SPD16_eabi.lib
       _printfi.c.obj                4867    0         0      
       defs.c.obj                    0       0         832    
       trgmsg.c.obj                  108     0         576    
       memory.c.obj                  492     0         24     
       write.c.obj                   40      0         400    
       fd_add_t2.asm.obj             438     0         0      
       fd_div_t2.asm.obj             310     0         0      
       fputs.c.obj                   276     0         0      
       s_scalbn.c.obj                272     0         0      
       fd_cmp_t2.asm.obj             268     0         0      
       ctype.c.obj                   0       257       0      
       fd_mul_t2.asm.obj             252     0         0      
       setvbuf.c.obj                 220     0         0      
       memcpy_t2.asm.obj             156     0         0      
       ull_div_t2.asm.obj            150     0         0      
       fputc.c.obj                   140     0         0      
       memset_t2.asm.obj             122     0         0      
       fclose.c.obj                  116     0         0      
       getdevice.c.obj               116     0         0      
       hostopen.c.obj                96      0         16     
       printf.c.obj                  112     0         0      
       copy_decompress_lzss.c.obj    104     0         0      
       hostlseek.c.obj               104     0         0      
       hostrename.c.obj              104     0         0      
       exit.c.obj                    76      0         24     
       fseek.c.obj                   100     0         0      
       s_frexp.c.obj                 100     0         0      
       _io_perm.c.obj                98      0         0      
       close.c.obj                   92      0         0      
       hostread.c.obj                88      0         0      
       hostwrite.c.obj               88      0         0      
       ltoa.c.obj                    84      0         0      
       atoi.c.obj                    76      0         0      
       fflush.c.obj                  76      0         0      
       fd_toi_t2.asm.obj             72      0         0      
       autoinit.c.obj                68      0         0      
       hostclose.c.obj               68      0         0      
       hostunlink.c.obj              68      0         0      
       boot_cortex_m.c.obj           56      0         0      
       strncpy.c.obj                 54      0         0      
       fopen.c.obj                   52      0         0      
       i_tofd_t2.asm.obj             46      0         0      
       unlink.c.obj                  44      0         0      
       lseek.c.obj                   40      0         0      
       memchr.c.obj                  32      0         0      
       memccpy.c.obj                 28      0         0      
       strcmp.c.obj                  24      0         0      
       strchr.c.obj                  22      0         0      
       s_copysign.c.obj              20      0         0      
       strcpy.c.obj                  20      0         0      
       strlen.c.obj                  20      0         0      
       _lock.c.obj                   2       0         16     
       copy_zero_init.c.obj          18      0         0      
       wcslen.c.obj                  18      0         0      
       errno.c.obj                   8       0         8      
       copy_decompress_none.c.obj    14      0         0      
       pre_init.c.obj                4       0         0      
       div0.asm.obj                  2       0         0      
    +--+-----------------------------+-------+---------+---------+
       Total:                        10541   257       1896   
                                                              
       Heap:                         0       0         2048   
       Stack:                        0       0         1024   
       Linker Generated:             0       150       0      
    +--+-----------------------------+-------+---------+---------+
       Grand Total:                  12291   635       5000   


LINKER GENERATED COPY TABLES

__TI_cinit_table @ 00003288 records: 2, size/record: 8, table size: 16
	.data: load addr=00003200, load size=00000072 bytes, run addr=20000400, run size=000001f1 bytes, compression=lzss
	.bss: load addr=00003280, load size=00000008 bytes, run addr=200005f4, run size=000001d3 bytes, compression=zero_init


LINKER GENERATED HANDLER TABLE

__TI_handler_table @ 00003274 records: 3, size/record: 4, table size: 12
	index: 0, handler: __TI_decompress_lzss
	index: 1, handler: __TI_decompress_none
	index: 2, handler: __TI_zero_init


GLOBAL SYMBOLS: SORTED ALPHABETICALLY BY Name 

address   name                           
-------   ----                           
000030dd  ADC14_IRQHandler               
000030dd  AES256_IRQHandler              
000030dd  BusFault_Handler               
000030f5  C$$EXIT                        
00002ddb  C$$IO$$                        
000030dd  COMP_E0_IRQHandler             
000030dd  COMP_E1_IRQHandler             
000030dd  CS_IRQHandler                  
000030dd  DMA_ERR_IRQHandler             
000030dd  DMA_INT0_IRQHandler            
000030dd  DMA_INT1_IRQHandler            
000030dd  DMA_INT2_IRQHandler            
000030dd  DMA_INT3_IRQHandler            
000030dd  DebugMon_Handler               
000030dd  Default_Handler                
000030dd  EUSCIA0_IRQHandler             
000030dd  EUSCIA1_IRQHandler             
000030dd  EUSCIA2_IRQHandler             
000030dd  EUSCIA3_IRQHandler             
000030dd  EUSCIB0_IRQHandler             
000030dd  EUSCIB1_IRQHandler             
000030dd  EUSCIB2_IRQHandler             
000030dd  EUSCIB3_IRQHandler             
000030dd  FLCTL_IRQHandler               
000030dd  FPU_IRQHandler                 
00002c21  HOSTclose                      
000025c5  HOSTlseek                      
00002891  HOSTopen                       
0000294d  HOSTread                       
0000262d  HOSTrename                     
00002c65  HOSTunlink                     
000029a5  HOSTwrite                      
000030dd  HardFault_Handler              
000030dd  MemManage_Handler              
000030dd  NMI_Handler                    
000030dd  PCM_IRQHandler                 
000030dd  PORT1_IRQHandler               
000030dd  PORT2_IRQHandler               
000030dd  PORT3_IRQHandler               
000030dd  PORT4_IRQHandler               
000030dd  PORT5_IRQHandler               
000030dd  PORT6_IRQHandler               
000030dd  PSS_IRQHandler                 
000030dd  PendSV_Handler                 
00000c3f  RTC_C_IRQHandler               
00000c3f  RTC_C_IRQHandler               
200007c6  RTC_alarm                      
200005f0  RTC_flag                       
000030d1  Reset_Handler                  
000030dd  SVC_Handler                    
000030dd  SysTick_Handler                
200005ec  SystemCoreClock                
00000ed9  SystemCoreClockUpdate          
00001151  SystemInit                     
000030dd  T32_INT1_IRQHandler            
000030dd  T32_INT2_IRQHandler            
000030dd  T32_INTC_IRQHandler            
000030dd  TA0_0_IRQHandler               
000030dd  TA0_N_IRQHandler               
000030dd  TA1_0_IRQHandler               
000030dd  TA1_N_IRQHandler               
000030dd  TA2_0_IRQHandler               
000030dd  TA2_N_IRQHandler               
000030dd  TA3_0_IRQHandler               
000030dd  TA3_N_IRQHandler               
000030dd  UsageFault_Handler             
4000480c  WDTCTL_SYM                     
000030dd  WDT_A_IRQHandler               
200005f4  __CIOBUF_                      
20010000  __STACK_END                    
00000200  __STACK_SIZE                   
00000400  __SYSMEM_SIZE                  
00003288  __TI_CINIT_Base                
00003298  __TI_CINIT_Limit               
00003274  __TI_Handler_Table_Base        
00003280  __TI_Handler_Table_Limit       
00002ca9  __TI_auto_init_nobinit_nopinit 
00002e8d  __TI_cleanup                   
200005c8  __TI_cleanup_ptr               
000024e1  __TI_closefile                 
00002695  __TI_decompress_lzss           
000030c3  __TI_decompress_none           
00002af9  __TI_doflush                   
200005cc  __TI_dtors_ptr                 
200005d0  __TI_enable_exit_profile_output
200005b8  __TI_ft_end                    
ffffffff  __TI_pprof_out_hndl            
000000e5  __TI_printfi                   
ffffffff  __TI_prof_data_size            
ffffffff  __TI_prof_data_start           
00002ec1  __TI_readmsg                   
00000000  __TI_static_base__             
20000714  __TI_tmpnams                   
00002dad  __TI_writemsg                  
0000282d  __TI_wrt_ok                    
0000309f  __TI_zero_init_nomemset        
000022e1  __aeabi_cdcmpeq                
000022e1  __aeabi_cdcmple                
00002367  __aeabi_cdrcmple               
00002bd9  __aeabi_d2iz                   
00001657  __aeabi_dadd                   
00001941  __aeabi_ddiv                   
00001dc1  __aeabi_dmul                   
0000164d  __aeabi_dsub                   
000030e1  __aeabi_errno_addr             
00002f25  __aeabi_i2d                    
00001803  __aeabi_idiv0                  
00001803  __aeabi_ldiv0                  
000023ed  __aeabi_memclr                 
000023ed  __aeabi_memclr4                
000023ed  __aeabi_memclr8                
00002123  __aeabi_memcpy                 
00002123  __aeabi_memcpy4                
00002123  __aeabi_memcpy8                
000023ef  __aeabi_memset                 
000023ef  __aeabi_memset4                
000023ef  __aeabi_memset8                
200005c4  __aeabi_stderr                 
200005bc  __aeabi_stdin                  
200005c0  __aeabi_stdout                 
000021bf  __aeabi_uldivmod               
ffffffff  __binit__                      
ffffffff  __c_args__                     
UNDEFED   __mpu_init                     
2000fe00  __stack                        
00002de5  _c_int00_noargs                
000030f8  _ctypes_                       
200004f0  _device                        
20000400  _ftable                        
200005e0  _lock                          
00000b43  _nop                           
20000568  _stream                        
20000000  _sys_memory                    
UNDEFED   _system_post_cinit             
000030f1  _system_pre_init               
200005e4  _unlock                        
000030f5  abort                          
00002b45  atoi                           
ffffffff  binit                          
000028f1  close                          
00000baf  configRTC                      
00003063  copysign                       
00003063  copysignl                      
00000d99  dow                            
200005e8  errno                          
00002b91  exit                           
00002ef5  finddevice                     
00002255  fputc                          
00001b9d  fputs                          
00001f99  free                           
00002765  frexp                          
00002765  frexpl                         
000027c9  fseek                          
00002ced  getdevice                      
00000000  interruptVectors               
00001cb1  ldexp                          
00001cb1  ldexpl                         
00002f81  lseek                          
00002a53  ltoa                           
00000b71  main                           
00002469  malloc                         
00003019  memccpy                        
00002ff9  memchr                         
00002123  memcpy                         
000023f5  memset                         
00002e1d  minit                          
00000cbf  month                          
200007b4  now                            
200007be  parmbuf                        
00000bfb  printRTC                       
000026fd  printf                         
00002255  putc                           
00002f55  remove                         
00001cb1  scalbn                         
00001cb1  scalbnl                        
00001ebd  setvbuf                        
0000304d  strchr                         
00003035  strcmp                         
00003077  strcpy                         
0000308b  strlen                         
00002e55  strncpy                        
00002f55  unlink                         
000030b1  wcslen                         
00002fd1  write                          


GLOBAL SYMBOLS: SORTED BY Symbol Address 

address   name                           
-------   ----                           
00000000  __TI_static_base__             
00000000  interruptVectors               
000000e5  __TI_printfi                   
00000200  __STACK_SIZE                   
00000400  __SYSMEM_SIZE                  
00000b43  _nop                           
00000b71  main                           
00000baf  configRTC                      
00000bfb  printRTC                       
00000c3f  RTC_C_IRQHandler               
00000c3f  RTC_C_IRQHandler               
00000cbf  month                          
00000d99  dow                            
00000ed9  SystemCoreClockUpdate          
00001151  SystemInit                     
0000164d  __aeabi_dsub                   
00001657  __aeabi_dadd                   
00001803  __aeabi_idiv0                  
00001803  __aeabi_ldiv0                  
00001941  __aeabi_ddiv                   
00001b9d  fputs                          
00001cb1  ldexp                          
00001cb1  ldexpl                         
00001cb1  scalbn                         
00001cb1  scalbnl                        
00001dc1  __aeabi_dmul                   
00001ebd  setvbuf                        
00001f99  free                           
00002123  __aeabi_memcpy                 
00002123  __aeabi_memcpy4                
00002123  __aeabi_memcpy8                
00002123  memcpy                         
000021bf  __aeabi_uldivmod               
00002255  fputc                          
00002255  putc                           
000022e1  __aeabi_cdcmpeq                
000022e1  __aeabi_cdcmple                
00002367  __aeabi_cdrcmple               
000023ed  __aeabi_memclr                 
000023ed  __aeabi_memclr4                
000023ed  __aeabi_memclr8                
000023ef  __aeabi_memset                 
000023ef  __aeabi_memset4                
000023ef  __aeabi_memset8                
000023f5  memset                         
00002469  malloc                         
000024e1  __TI_closefile                 
000025c5  HOSTlseek                      
0000262d  HOSTrename                     
00002695  __TI_decompress_lzss           
000026fd  printf                         
00002765  frexp                          
00002765  frexpl                         
000027c9  fseek                          
0000282d  __TI_wrt_ok                    
00002891  HOSTopen                       
000028f1  close                          
0000294d  HOSTread                       
000029a5  HOSTwrite                      
00002a53  ltoa                           
00002af9  __TI_doflush                   
00002b45  atoi                           
00002b91  exit                           
00002bd9  __aeabi_d2iz                   
00002c21  HOSTclose                      
00002c65  HOSTunlink                     
00002ca9  __TI_auto_init_nobinit_nopinit 
00002ced  getdevice                      
00002dad  __TI_writemsg                  
00002ddb  C$$IO$$                        
00002de5  _c_int00_noargs                
00002e1d  minit                          
00002e55  strncpy                        
00002e8d  __TI_cleanup                   
00002ec1  __TI_readmsg                   
00002ef5  finddevice                     
00002f25  __aeabi_i2d                    
00002f55  remove                         
00002f55  unlink                         
00002f81  lseek                          
00002fd1  write                          
00002ff9  memchr                         
00003019  memccpy                        
00003035  strcmp                         
0000304d  strchr                         
00003063  copysign                       
00003063  copysignl                      
00003077  strcpy                         
0000308b  strlen                         
0000309f  __TI_zero_init_nomemset        
000030b1  wcslen                         
000030c3  __TI_decompress_none           
000030d1  Reset_Handler                  
000030dd  ADC14_IRQHandler               
000030dd  AES256_IRQHandler              
000030dd  BusFault_Handler               
000030dd  COMP_E0_IRQHandler             
000030dd  COMP_E1_IRQHandler             
000030dd  CS_IRQHandler                  
000030dd  DMA_ERR_IRQHandler             
000030dd  DMA_INT0_IRQHandler            
000030dd  DMA_INT1_IRQHandler            
000030dd  DMA_INT2_IRQHandler            
000030dd  DMA_INT3_IRQHandler            
000030dd  DebugMon_Handler               
000030dd  Default_Handler                
000030dd  EUSCIA0_IRQHandler             
000030dd  EUSCIA1_IRQHandler             
000030dd  EUSCIA2_IRQHandler             
000030dd  EUSCIA3_IRQHandler             
000030dd  EUSCIB0_IRQHandler             
000030dd  EUSCIB1_IRQHandler             
000030dd  EUSCIB2_IRQHandler             
000030dd  EUSCIB3_IRQHandler             
000030dd  FLCTL_IRQHandler               
000030dd  FPU_IRQHandler                 
000030dd  HardFault_Handler              
000030dd  MemManage_Handler              
000030dd  NMI_Handler                    
000030dd  PCM_IRQHandler                 
000030dd  PORT1_IRQHandler               
000030dd  PORT2_IRQHandler               
000030dd  PORT3_IRQHandler               
000030dd  PORT4_IRQHandler               
000030dd  PORT5_IRQHandler               
000030dd  PORT6_IRQHandler               
000030dd  PSS_IRQHandler                 
000030dd  PendSV_Handler                 
000030dd  SVC_Handler                    
000030dd  SysTick_Handler                
000030dd  T32_INT1_IRQHandler            
000030dd  T32_INT2_IRQHandler            
000030dd  T32_INTC_IRQHandler            
000030dd  TA0_0_IRQHandler               
000030dd  TA0_N_IRQHandler               
000030dd  TA1_0_IRQHandler               
000030dd  TA1_N_IRQHandler               
000030dd  TA2_0_IRQHandler               
000030dd  TA2_N_IRQHandler               
000030dd  TA3_0_IRQHandler               
000030dd  TA3_N_IRQHandler               
000030dd  UsageFault_Handler             
000030dd  WDT_A_IRQHandler               
000030e1  __aeabi_errno_addr             
000030f1  _system_pre_init               
000030f5  C$$EXIT                        
000030f5  abort                          
000030f8  _ctypes_                       
00003274  __TI_Handler_Table_Base        
00003280  __TI_Handler_Table_Limit       
00003288  __TI_CINIT_Base                
00003298  __TI_CINIT_Limit               
20000000  _sys_memory                    
20000400  _ftable                        
200004f0  _device                        
20000568  _stream                        
200005b8  __TI_ft_end                    
200005bc  __aeabi_stdin                  
200005c0  __aeabi_stdout                 
200005c4  __aeabi_stderr                 
200005c8  __TI_cleanup_ptr               
200005cc  __TI_dtors_ptr                 
200005d0  __TI_enable_exit_profile_output
200005e0  _lock                          
200005e4  _unlock                        
200005e8  errno                          
200005ec  SystemCoreClock                
200005f0  RTC_flag                       
200005f4  __CIOBUF_                      
20000714  __TI_tmpnams                   
200007b4  now                            
200007be  parmbuf                        
200007c6  RTC_alarm                      
2000fe00  __stack                        
20010000  __STACK_END                    
4000480c  WDTCTL_SYM                     
ffffffff  __TI_pprof_out_hndl            
ffffffff  __TI_prof_data_size            
ffffffff  __TI_prof_data_start           
ffffffff  __binit__                      
ffffffff  __c_args__                     
ffffffff  binit                          
UNDEFED   __mpu_init                     
UNDEFED   _system_post_cinit             

[184 symbols]
