******************************************************************************
                  TI ARM Linker PC v18.1.4                     
******************************************************************************
>> Linked Mon Dec  3 23:24:47 2018

OUTPUT FILE NAME:   <Final Project.out>
ENTRY POINT SYMBOL: "_c_int00_noargs"  address: 00003179


MEMORY CONFIGURATION

         name            origin    length      used     unused   attr    fill
----------------------  --------  ---------  --------  --------  ----  --------
  MAIN                  00000000   00040000  0000341d  0003cbe3  R  X
  INFO                  00200000   00004000  00000000  00004000  R  X
  SRAM_CODE             01000000   00010000  0000024d  0000fdb3  RW X
  SRAM_DATA             20000000   00010000  0000024d  0000fdb3  RW  


SEGMENT ALLOCATION MAP

run origin  load origin   length   init length attrs members
----------  ----------- ---------- ----------- ----- -------
00000000    00000000    00003420   00003420    r-x
  00000000    00000000    000000e4   000000e4    r-- .intvecs
  000000e4    000000e4    00003200   00003200    r-x .text
  000032e4    000032e4    00000101   00000101    r-- .const
  000033e8    000033e8    00000038   00000038    r-- .cinit
20000000    20000000    0000004d   00000000    rw-
  20000000    20000000    00000040   00000000    rw- .data
  20000040    20000040    0000000d   00000000    rw- .bss
2000fe00    2000fe00    00000200   00000000    rw-
  2000fe00    2000fe00    00000200   00000000    rw- .stack


SECTION ALLOCATION MAP

 output                                  attributes/
section   page    origin      length       input sections
--------  ----  ----------  ----------   ----------------
.intvecs   0    00000000    000000e4     
                  00000000    000000e4     startup_msp432p401r_ccs.obj (.intvecs:retain)

.text      0    000000e4    00003200     
                  000000e4    00000ffc     main.obj (.text)
                  000010e0    00000a5e     rtsv7M4_T_le_v4SPD16_eabi.lib : _printfi.c.obj (.text:__TI_printfi)
                  00001b3e    00000002                                   : div0.asm.obj (.text)
                  00001b40    00000334     system_msp432p401r.obj (.text)
                  00001e74    00000270     rtsv7M4_T_le_v4SPD16_eabi.lib : _printfi.c.obj (.text:_pconv_a)
                  000020e4    000001d0                                   : _printfi.c.obj (.text:_pconv_g)
                  000022b4    000001b6                                   : fd_add_t2.asm.obj (.text)
                  0000246a    00000002     --HOLE-- [fill = 0]
                  0000246c    0000013c                                   : _printfi.c.obj (.text:_pconv_e)
                  000025a8    00000136                                   : fd_div_t2.asm.obj (.text)
                  000026de    00000002     --HOLE-- [fill = 0]
                  000026e0    00000124                                   : _printfi.c.obj (.text:fcvt)
                  00002804    00000110                                   : s_scalbn.c.obj (.text:scalbn)
                  00002914    000000fc                                   : fd_mul_t2.asm.obj (.text)
                  00002a10    000000b1                                   : _printfi.c.obj (.text:_ltostr)
                  00002ac1    00000001     --HOLE-- [fill = 0]
                  00002ac2    0000009c                                   : memcpy_t2.asm.obj (.text)
                  00002b5e    00000096                                   : ull_div_t2.asm.obj (.text)
                  00002bf4    00000086                                   : fd_cmp_t2.asm.obj (.text:__aeabi_cdcmple)
                  00002c7a    00000086                                   : fd_cmp_t2.asm.obj (.text:__aeabi_cdrcmple)
                  00002d00    0000007a                                   : memset_t2.asm.obj (.text)
                  00002d7a    0000006e                                   : _printfi.c.obj (.text:_mcpy)
                  00002de8    0000006e                                   : fd_tos_t2.asm.obj (.text)
                  00002e56    00000068                                   : copy_decompress_lzss.c.obj (.text:decompress:lzss:__TI_decompress_lzss)
                  00002ebe    00000002     --HOLE-- [fill = 0]
                  00002ec0    00000064                                   : s_frexp.c.obj (.text:frexp)
                  00002f24    00000056                                   : _printfi.c.obj (.text:_pconv_f)
                  00002f7a    00000054                                   : ltoa.c.obj (.text:ltoa)
                  00002fce    00000052                                   : _printfi.c.obj (.text:_ecpy)
                  00003020    0000004c                                   : atoi.c.obj (.text:atoi)
                  0000306c    00000048                                   : fd_toi_t2.asm.obj (.text)
                  000030b4    00000044                                   : autoinit.c.obj (.text:__TI_auto_init_nobinit_nopinit:__TI_auto_init_nobinit_nopinit)
                  000030f8    00000040                                   : sprintf.c.obj (.text:sprintf)
                  00003138    0000003e                                   : _printfi.c.obj (.text:_fcpy)
                  00003176    00000002     --HOLE-- [fill = 0]
                  00003178    00000038                                   : boot_cortex_m.c.obj (.text:_c_int00_noargs:_c_int00_noargs)
                  000031b0    00000038                                   : fs_tod_t2.asm.obj (.text)
                  000031e8    0000002e                                   : i_tofd_t2.asm.obj (.text)
                  00003216    0000001c                                   : memccpy.c.obj (.text:memccpy)
                  00003232    00000018                                   : sprintf.c.obj (.text:_outs)
                  0000324a    00000016                                   : strchr.c.obj (.text:strchr)
                  00003260    00000014                                   : s_copysign.c.obj (.text:copysign)
                  00003274    00000014                                   : strlen.c.obj (.text:strlen)
                  00003288    00000012                                   : copy_zero_init.c.obj (.text:decompress:ZI:__TI_zero_init_nomemset:__TI_zero_init_nomemset)
                  0000329a    00000012                                   : wcslen.c.obj (.text:wcslen)
                  000032ac    0000000e                                   : copy_decompress_none.c.obj (.text:decompress:none:__TI_decompress_none)
                  000032ba    0000000e     startup_msp432p401r_ccs.obj (.text)
                  000032c8    0000000a     rtsv7M4_T_le_v4SPD16_eabi.lib : sprintf.c.obj (.text:_outc)
                  000032d2    00000002     --HOLE-- [fill = 0]
                  000032d4    00000008                                   : errno.c.obj (.text:__aeabi_errno_addr)
                  000032dc    00000004                                   : pre_init.c.obj (.text:_system_pre_init)
                  000032e0    00000004                                   : exit.c.obj (.text:abort:abort)

.const     0    000032e4    00000101     
                  000032e4    00000101     rtsv7M4_T_le_v4SPD16_eabi.lib : ctype.c.obj (.const:.string:_ctypes_)

.cinit     0    000033e8    00000038     
                  000033e8    00000012     (.cinit..data.load) [load image, compression = lzss]
                  000033fa    00000002     --HOLE-- [fill = 0]
                  000033fc    0000000c     (__TI_handler_table)
                  00003408    00000008     (.cinit..bss.load) [load image, compression = zero_init]
                  00003410    00000010     (__TI_cinit_table)

.init_array 
*          0    00000000    00000000     UNINITIALIZED

.binit     0    00000000    00000000     

.data      0    20000000    00000040     UNINITIALIZED
                  20000000    00000038     main.obj (.data)
                  20000038    00000004     rtsv7M4_T_le_v4SPD16_eabi.lib : errno.c.obj (.data)
                  2000003c    00000004     system_msp432p401r.obj (.data)

.bss       0    20000040    0000000d     UNINITIALIZED
                  20000040    00000004     (.common:tempAr)
                  20000044    00000004     (.common:time)
                  20000048    00000003     (.common:now)
                  2000004b    00000002     (.common:alarm)

.stack     0    2000fe00    00000200     UNINITIALIZED
                  2000fe00    00000004     rtsv7M4_T_le_v4SPD16_eabi.lib : boot_cortex_m.c.obj (.stack)
                  2000fe04    000001fc     --HOLE--

MODULE SUMMARY

       Module                        code    ro data   rw data
       ------                        ----    -------   -------
    .\
       main.obj                      4092    0         138    
       system_msp432p401r.obj        820     0         8      
       startup_msp432p401r_ccs.obj   14      228       0      
    +--+-----------------------------+-------+---------+---------+
       Total:                        4926    228       146    
                                                              
    C:\ti\ccs820\ccsv8\tools\compiler\ti-cgt-arm_18.1.4.LTS\lib\rtsv7M4_T_le_v4SPD16_eabi.lib
       _printfi.c.obj                4867    0         0      
       fd_add_t2.asm.obj             438     0         0      
       fd_div_t2.asm.obj             310     0         0      
       s_scalbn.c.obj                272     0         0      
       fd_cmp_t2.asm.obj             268     0         0      
       ctype.c.obj                   0       257       0      
       fd_mul_t2.asm.obj             252     0         0      
       memcpy_t2.asm.obj             156     0         0      
       ull_div_t2.asm.obj            150     0         0      
       memset_t2.asm.obj             122     0         0      
       fd_tos_t2.asm.obj             110     0         0      
       copy_decompress_lzss.c.obj    104     0         0      
       s_frexp.c.obj                 100     0         0      
       sprintf.c.obj                 98      0         0      
       ltoa.c.obj                    84      0         0      
       atoi.c.obj                    76      0         0      
       fd_toi_t2.asm.obj             72      0         0      
       autoinit.c.obj                68      0         0      
       boot_cortex_m.c.obj           56      0         0      
       fs_tod_t2.asm.obj             56      0         0      
       i_tofd_t2.asm.obj             46      0         0      
       memccpy.c.obj                 28      0         0      
       strchr.c.obj                  22      0         0      
       s_copysign.c.obj              20      0         0      
       strlen.c.obj                  20      0         0      
       copy_zero_init.c.obj          18      0         0      
       wcslen.c.obj                  18      0         0      
       errno.c.obj                   8       0         8      
       copy_decompress_none.c.obj    14      0         0      
       exit.c.obj                    4       0         0      
       pre_init.c.obj                4       0         0      
       div0.asm.obj                  2       0         0      
    +--+-----------------------------+-------+---------+---------+
       Total:                        7863    257       8      
                                                              
       Stack:                        0       0         1024   
       Linker Generated:             0       54        0      
    +--+-----------------------------+-------+---------+---------+
       Grand Total:                  12789   539       1178   


LINKER GENERATED COPY TABLES

__TI_cinit_table @ 00003410 records: 2, size/record: 8, table size: 16
	.data: load addr=000033e8, load size=00000012 bytes, run addr=20000000, run size=00000040 bytes, compression=lzss
	.bss: load addr=00003408, load size=00000008 bytes, run addr=20000040, run size=0000000d bytes, compression=zero_init


LINKER GENERATED HANDLER TABLE

__TI_handler_table @ 000033fc records: 3, size/record: 4, table size: 12
	index: 0, handler: __TI_decompress_lzss
	index: 1, handler: __TI_decompress_none
	index: 2, handler: __TI_zero_init


GLOBAL SYMBOLS: SORTED ALPHABETICALLY BY Name 

address   name                          
-------   ----                          
00000755  ADC14_IRQHandler              
00000755  ADC14_IRQHandler              
00000c39  ADC14init                     
000032c7  AES256_IRQHandler             
20000024  AMPM                          
20000028  AMPM2                         
000032c7  BusFault_Handler              
000032e1  C$$EXIT                       
000032c7  COMP_E0_IRQHandler            
000032c7  COMP_E1_IRQHandler            
000032c7  CS_IRQHandler                 
000032c7  DMA_ERR_IRQHandler            
000032c7  DMA_INT0_IRQHandler           
000032c7  DMA_INT1_IRQHandler           
000032c7  DMA_INT2_IRQHandler           
000032c7  DMA_INT3_IRQHandler           
000032c7  DebugMon_Handler              
000032c7  Default_Handler               
000032c7  EUSCIA0_IRQHandler            
000032c7  EUSCIA1_IRQHandler            
000032c7  EUSCIA2_IRQHandler            
000032c7  EUSCIA3_IRQHandler            
000032c7  EUSCIB0_IRQHandler            
000032c7  EUSCIB1_IRQHandler            
000032c7  EUSCIB2_IRQHandler            
000032c7  EUSCIB3_IRQHandler            
000032c7  FLCTL_IRQHandler              
000032c7  FPU_IRQHandler                
000032c7  HardFault_Handler             
00000e49  LCD_init                      
00000ca3  LEDT32interrupt               
00000cbd  LED_init                      
000032c7  MemManage_Handler             
000032c7  NMI_Handler                   
000032c7  PCM_IRQHandler                
0000033d  PORT1_IRQHandler              
0000033d  PORT1_IRQHandler              
000032c7  PORT2_IRQHandler              
000032c7  PORT3_IRQHandler              
000003f1  PORT4_IRQHandler              
000003f1  PORT4_IRQHandler              
000032c7  PORT5_IRQHandler              
000032c7  PORT6_IRQHandler              
000032c7  PSS_IRQHandler                
000032c7  PendSV_Handler                
00000625  RTC_C_IRQHandler              
00000625  RTC_C_IRQHandler              
20000010  RTC_flag                      
000032bb  Reset_Handler                 
000032c7  SVC_Handler                   
000032c7  SysTick_Handler               
0000105d  SysTick_Init                  
2000003c  SystemCoreClock               
00001b41  SystemCoreClockUpdate         
00001db9  SystemInit                    
000002e5  T32_INT1_IRQHandler           
000002e5  T32_INT1_IRQHandler           
000002f7  T32_INT2_IRQHandler           
000002f7  T32_INT2_IRQHandler           
000032c7  T32_INTC_IRQHandler           
000032c7  TA0_0_IRQHandler              
000032c7  TA0_N_IRQHandler              
000032c7  TA1_0_IRQHandler              
000032c7  TA1_N_IRQHandler              
000032c7  TA2_0_IRQHandler              
000032c7  TA2_N_IRQHandler              
000032c7  TA3_0_IRQHandler              
00000895  TA3_N_IRQHandler              
00000895  TA3_N_IRQHandler              
000032c7  UsageFault_Handler            
4000480c  WDTCTL_SYM                    
000032c7  WDT_A_IRQHandler              
20010000  __STACK_END                   
00000200  __STACK_SIZE                  
00003410  __TI_CINIT_Base               
00003420  __TI_CINIT_Limit              
000033fc  __TI_Handler_Table_Base       
00003408  __TI_Handler_Table_Limit      
000030b5  __TI_auto_init_nobinit_nopinit
00002e57  __TI_decompress_lzss          
000032ad  __TI_decompress_none          
ffffffff  __TI_pprof_out_hndl           
000010e1  __TI_printfi                  
ffffffff  __TI_prof_data_size           
ffffffff  __TI_prof_data_start          
00000000  __TI_static_base__            
00003289  __TI_zero_init_nomemset       
00002bf5  __aeabi_cdcmpeq               
00002bf5  __aeabi_cdcmple               
00002c7b  __aeabi_cdrcmple              
00002de9  __aeabi_d2f                   
0000306d  __aeabi_d2iz                  
000022bf  __aeabi_dadd                  
000025a9  __aeabi_ddiv                  
00002915  __aeabi_dmul                  
000022b5  __aeabi_dsub                  
000032d5  __aeabi_errno_addr            
000031b1  __aeabi_f2d                   
000031e9  __aeabi_i2d                   
00001b3f  __aeabi_idiv0                 
00001b3f  __aeabi_ldiv0                 
00002d01  __aeabi_memclr                
00002d01  __aeabi_memclr4               
00002d01  __aeabi_memclr8               
00002ac3  __aeabi_memcpy                
00002ac3  __aeabi_memcpy4               
00002ac3  __aeabi_memcpy8               
00002d03  __aeabi_memset                
00002d03  __aeabi_memset4               
00002d03  __aeabi_memset8               
00002b5f  __aeabi_uldivmod              
ffffffff  __binit__                     
ffffffff  __c_args__                    
UNDEFED   __mpu_init                    
2000fe00  __stack                       
00003179  _c_int00_noargs               
000032e4  _ctypes_                      
UNDEFED   _system_post_cinit            
000032dd  _system_pre_init              
000032e1  abort                         
2000004b  alarm                         
20000018  alarmFlag                     
2000001c  alarmPresses                  
00003021  atoi                          
ffffffff  binit                         
20000034  blinkFlag                     
00000f05  commandWrite                  
00000be9  configRTC                     
00003261  copysign                      
00003261  copysignl                     
00000f55  dataWrite                     
0000025b  displayAMPM                   
000001c9  displayAlarm                  
00000d25  displayAt                     
000002ab  displayHour                   
00000291  displayMin                    
20000038  errno                         
00002ec1  frexp                         
00002ec1  frexpl                        
00000b11  intAlarm                      
00000a45  intBlinkTimerA                
00000b95  intButtons                    
00000ab9  intLCDBrightness              
00000b35  intSpeedButton                
00000000  interruptVectors              
00002805  ldexp                         
00002805  ldexpl                        
20000030  lightBrightness               
2000002c  lightsOn                      
00002f7b  ltoa                          
00000111  main                          
00003217  memccpy                       
00002ac3  memcpy                        
00002d09  memset                        
20000048  now                           
00001029  pulseEnablePin                
00000fad  pushByte                      
00000ff1  pushNibble                    
2000000c  raw                           
00002805  scalbn                        
00002805  scalbnl                       
20000020  speed                         
000030f9  sprintf                       
0000324b  strchr                        
00003275  strlen                        
00001079  sysTickDelay_ms               
0000109f  sysTickDelay_us               
20000040  tempAr                        
20000000  tempC                         
20000004  tempF                         
00000c8d  tempT32interrupt              
20000044  time                          
20000014  timePresses                   
00000245  toggleAMPM                    
00000219  toggleAMPM2                   
0000019d  toggleAlarm                   
20000008  voltage                       
00000191  wakeUpLights                  
0000329b  wcslen                        


GLOBAL SYMBOLS: SORTED BY Symbol Address 

address   name                          
-------   ----                          
00000000  __TI_static_base__            
00000000  interruptVectors              
00000111  main                          
00000191  wakeUpLights                  
0000019d  toggleAlarm                   
000001c9  displayAlarm                  
00000200  __STACK_SIZE                  
00000219  toggleAMPM2                   
00000245  toggleAMPM                    
0000025b  displayAMPM                   
00000291  displayMin                    
000002ab  displayHour                   
000002e5  T32_INT1_IRQHandler           
000002e5  T32_INT1_IRQHandler           
000002f7  T32_INT2_IRQHandler           
000002f7  T32_INT2_IRQHandler           
0000033d  PORT1_IRQHandler              
0000033d  PORT1_IRQHandler              
000003f1  PORT4_IRQHandler              
000003f1  PORT4_IRQHandler              
00000625  RTC_C_IRQHandler              
00000625  RTC_C_IRQHandler              
00000755  ADC14_IRQHandler              
00000755  ADC14_IRQHandler              
00000895  TA3_N_IRQHandler              
00000895  TA3_N_IRQHandler              
00000a45  intBlinkTimerA                
00000ab9  intLCDBrightness              
00000b11  intAlarm                      
00000b35  intSpeedButton                
00000b95  intButtons                    
00000be9  configRTC                     
00000c39  ADC14init                     
00000c8d  tempT32interrupt              
00000ca3  LEDT32interrupt               
00000cbd  LED_init                      
00000d25  displayAt                     
00000e49  LCD_init                      
00000f05  commandWrite                  
00000f55  dataWrite                     
00000fad  pushByte                      
00000ff1  pushNibble                    
00001029  pulseEnablePin                
0000105d  SysTick_Init                  
00001079  sysTickDelay_ms               
0000109f  sysTickDelay_us               
000010e1  __TI_printfi                  
00001b3f  __aeabi_idiv0                 
00001b3f  __aeabi_ldiv0                 
00001b41  SystemCoreClockUpdate         
00001db9  SystemInit                    
000022b5  __aeabi_dsub                  
000022bf  __aeabi_dadd                  
000025a9  __aeabi_ddiv                  
00002805  ldexp                         
00002805  ldexpl                        
00002805  scalbn                        
00002805  scalbnl                       
00002915  __aeabi_dmul                  
00002ac3  __aeabi_memcpy                
00002ac3  __aeabi_memcpy4               
00002ac3  __aeabi_memcpy8               
00002ac3  memcpy                        
00002b5f  __aeabi_uldivmod              
00002bf5  __aeabi_cdcmpeq               
00002bf5  __aeabi_cdcmple               
00002c7b  __aeabi_cdrcmple              
00002d01  __aeabi_memclr                
00002d01  __aeabi_memclr4               
00002d01  __aeabi_memclr8               
00002d03  __aeabi_memset                
00002d03  __aeabi_memset4               
00002d03  __aeabi_memset8               
00002d09  memset                        
00002de9  __aeabi_d2f                   
00002e57  __TI_decompress_lzss          
00002ec1  frexp                         
00002ec1  frexpl                        
00002f7b  ltoa                          
00003021  atoi                          
0000306d  __aeabi_d2iz                  
000030b5  __TI_auto_init_nobinit_nopinit
000030f9  sprintf                       
00003179  _c_int00_noargs               
000031b1  __aeabi_f2d                   
000031e9  __aeabi_i2d                   
00003217  memccpy                       
0000324b  strchr                        
00003261  copysign                      
00003261  copysignl                     
00003275  strlen                        
00003289  __TI_zero_init_nomemset       
0000329b  wcslen                        
000032ad  __TI_decompress_none          
000032bb  Reset_Handler                 
000032c7  AES256_IRQHandler             
000032c7  BusFault_Handler              
000032c7  COMP_E0_IRQHandler            
000032c7  COMP_E1_IRQHandler            
000032c7  CS_IRQHandler                 
000032c7  DMA_ERR_IRQHandler            
000032c7  DMA_INT0_IRQHandler           
000032c7  DMA_INT1_IRQHandler           
000032c7  DMA_INT2_IRQHandler           
000032c7  DMA_INT3_IRQHandler           
000032c7  DebugMon_Handler              
000032c7  Default_Handler               
000032c7  EUSCIA0_IRQHandler            
000032c7  EUSCIA1_IRQHandler            
000032c7  EUSCIA2_IRQHandler            
000032c7  EUSCIA3_IRQHandler            
000032c7  EUSCIB0_IRQHandler            
000032c7  EUSCIB1_IRQHandler            
000032c7  EUSCIB2_IRQHandler            
000032c7  EUSCIB3_IRQHandler            
000032c7  FLCTL_IRQHandler              
000032c7  FPU_IRQHandler                
000032c7  HardFault_Handler             
000032c7  MemManage_Handler             
000032c7  NMI_Handler                   
000032c7  PCM_IRQHandler                
000032c7  PORT2_IRQHandler              
000032c7  PORT3_IRQHandler              
000032c7  PORT5_IRQHandler              
000032c7  PORT6_IRQHandler              
000032c7  PSS_IRQHandler                
000032c7  PendSV_Handler                
000032c7  SVC_Handler                   
000032c7  SysTick_Handler               
000032c7  T32_INTC_IRQHandler           
000032c7  TA0_0_IRQHandler              
000032c7  TA0_N_IRQHandler              
000032c7  TA1_0_IRQHandler              
000032c7  TA1_N_IRQHandler              
000032c7  TA2_0_IRQHandler              
000032c7  TA2_N_IRQHandler              
000032c7  TA3_0_IRQHandler              
000032c7  UsageFault_Handler            
000032c7  WDT_A_IRQHandler              
000032d5  __aeabi_errno_addr            
000032dd  _system_pre_init              
000032e1  C$$EXIT                       
000032e1  abort                         
000032e4  _ctypes_                      
000033fc  __TI_Handler_Table_Base       
00003408  __TI_Handler_Table_Limit      
00003410  __TI_CINIT_Base               
00003420  __TI_CINIT_Limit              
20000000  tempC                         
20000004  tempF                         
20000008  voltage                       
2000000c  raw                           
20000010  RTC_flag                      
20000014  timePresses                   
20000018  alarmFlag                     
2000001c  alarmPresses                  
20000020  speed                         
20000024  AMPM                          
20000028  AMPM2                         
2000002c  lightsOn                      
20000030  lightBrightness               
20000034  blinkFlag                     
20000038  errno                         
2000003c  SystemCoreClock               
20000040  tempAr                        
20000044  time                          
20000048  now                           
2000004b  alarm                         
2000fe00  __stack                       
20010000  __STACK_END                   
4000480c  WDTCTL_SYM                    
ffffffff  __TI_pprof_out_hndl           
ffffffff  __TI_prof_data_size           
ffffffff  __TI_prof_data_start          
ffffffff  __binit__                     
ffffffff  __c_args__                    
ffffffff  binit                         
UNDEFED   __mpu_init                    
UNDEFED   _system_post_cinit            

[179 symbols]
