******************************************************************************
                  TI ARM Linker Unix v18.1.4                   
******************************************************************************
>> Linked Fri Nov 30 20:24:48 2018

OUTPUT FILE NAME:   <Final Project.out>
ENTRY POINT SYMBOL: "_c_int00_noargs"  address: 0000262d


MEMORY CONFIGURATION

         name            origin    length      used     unused   attr    fill
----------------------  --------  ---------  --------  --------  ----  --------
  MAIN                  00000000   00040000  00002891  0003d76f  R  X
  INFO                  00200000   00004000  00000000  00004000  R  X
  SRAM_CODE             01000000   00010000  0000022f  0000fdd1  RW X
  SRAM_DATA             20000000   00010000  0000022f  0000fdd1  RW  


SEGMENT ALLOCATION MAP

run origin  load origin   length   init length attrs members
----------  ----------- ---------- ----------- ----- -------
00000000    00000000    00002898   00002898    r-x
  00000000    00000000    000000e4   000000e4    r-- .intvecs
  000000e4    000000e4    0000267c   0000267c    r-x .text
  00002760    00002760    00000101   00000101    r-- .const
  00002868    00002868    00000030   00000030    r-- .cinit
20000000    20000000    0000002f   00000000    rw-
  20000000    20000000    00000018   00000000    rw- .data
  20000018    20000018    00000017   00000000    rw- .bss
2000fe00    2000fe00    00000200   00000000    rw-
  2000fe00    2000fe00    00000200   00000000    rw- .stack


SECTION ALLOCATION MAP

 output                                  attributes/
section   page    origin      length       input sections
--------  ----  ----------  ----------   ----------------
.intvecs   0    00000000    000000e4     
                  00000000    000000e4     startup_msp432p401r_ccs.obj (.intvecs:retain)

.text      0    000000e4    0000267c     
                  000000e4    00000a5e     rtsv7M4_T_le_v4SPD16_eabi.lib : _printfi.c.obj (.text:__TI_printfi)
                  00000b42    00000002                                   : div0.asm.obj (.text)
                  00000b44    00000520     main.obj (.text)
                  00001064    00000334     system_msp432p401r.obj (.text)
                  00001398    00000270     rtsv7M4_T_le_v4SPD16_eabi.lib : _printfi.c.obj (.text:_pconv_a)
                  00001608    000001d0                                   : _printfi.c.obj (.text:_pconv_g)
                  000017d8    000001b6                                   : fd_add_t2.asm.obj (.text)
                  0000198e    00000002     --HOLE-- [fill = 0]
                  00001990    0000013c                                   : _printfi.c.obj (.text:_pconv_e)
                  00001acc    00000136                                   : fd_div_t2.asm.obj (.text)
                  00001c02    00000002     --HOLE-- [fill = 0]
                  00001c04    00000124                                   : _printfi.c.obj (.text:fcvt)
                  00001d28    00000110                                   : s_scalbn.c.obj (.text:scalbn)
                  00001e38    000000fc                                   : fd_mul_t2.asm.obj (.text)
                  00001f34    000000b1                                   : _printfi.c.obj (.text:_ltostr)
                  00001fe5    00000001     --HOLE-- [fill = 0]
                  00001fe6    0000009c                                   : memcpy_t2.asm.obj (.text)
                  00002082    00000096                                   : ull_div_t2.asm.obj (.text)
                  00002118    00000086                                   : fd_cmp_t2.asm.obj (.text:__aeabi_cdcmple)
                  0000219e    00000086                                   : fd_cmp_t2.asm.obj (.text:__aeabi_cdrcmple)
                  00002224    0000007a                                   : memset_t2.asm.obj (.text)
                  0000229e    0000006e                                   : _printfi.c.obj (.text:_mcpy)
                  0000230c    00000068                                   : copy_decompress_lzss.c.obj (.text:decompress:lzss:__TI_decompress_lzss)
                  00002374    00000064                                   : s_frexp.c.obj (.text:frexp)
                  000023d8    00000056                                   : _printfi.c.obj (.text:_pconv_f)
                  0000242e    00000054                                   : ltoa.c.obj (.text:ltoa)
                  00002482    00000052                                   : _printfi.c.obj (.text:_ecpy)
                  000024d4    0000004c                                   : atoi.c.obj (.text:atoi)
                  00002520    00000048                                   : fd_toi_t2.asm.obj (.text)
                  00002568    00000044                                   : autoinit.c.obj (.text:__TI_auto_init_nobinit_nopinit:__TI_auto_init_nobinit_nopinit)
                  000025ac    00000040                                   : sprintf.c.obj (.text:sprintf)
                  000025ec    0000003e                                   : _printfi.c.obj (.text:_fcpy)
                  0000262a    00000002     --HOLE-- [fill = 0]
                  0000262c    00000038                                   : boot_cortex_m.c.obj (.text:_c_int00_noargs:_c_int00_noargs)
                  00002664    0000002e                                   : i_tofd_t2.asm.obj (.text)
                  00002692    0000001c                                   : memccpy.c.obj (.text:memccpy)
                  000026ae    00000018                                   : sprintf.c.obj (.text:_outs)
                  000026c6    00000016                                   : strchr.c.obj (.text:strchr)
                  000026dc    00000014                                   : s_copysign.c.obj (.text:copysign)
                  000026f0    00000014                                   : strlen.c.obj (.text:strlen)
                  00002704    00000012                                   : copy_zero_init.c.obj (.text:decompress:ZI:__TI_zero_init_nomemset:__TI_zero_init_nomemset)
                  00002716    00000012                                   : wcslen.c.obj (.text:wcslen)
                  00002728    0000000e                                   : copy_decompress_none.c.obj (.text:decompress:none:__TI_decompress_none)
                  00002736    0000000e     startup_msp432p401r_ccs.obj (.text)
                  00002744    0000000a     rtsv7M4_T_le_v4SPD16_eabi.lib : sprintf.c.obj (.text:_outc)
                  0000274e    00000002     --HOLE-- [fill = 0]
                  00002750    00000008                                   : errno.c.obj (.text:__aeabi_errno_addr)
                  00002758    00000004                                   : pre_init.c.obj (.text:_system_pre_init)
                  0000275c    00000004                                   : exit.c.obj (.text:abort:abort)

.const     0    00002760    00000101     
                  00002760    00000101     rtsv7M4_T_le_v4SPD16_eabi.lib : ctype.c.obj (.const:.string:_ctypes_)

.cinit     0    00002868    00000030     
                  00002868    0000000c     (.cinit..data.load) [load image, compression = lzss]
                  00002874    0000000c     (__TI_handler_table)
                  00002880    00000008     (.cinit..bss.load) [load image, compression = zero_init]
                  00002888    00000010     (__TI_cinit_table)

.init_array 
*          0    00000000    00000000     UNINITIALIZED

.binit     0    00000000    00000000     

.data      0    20000000    00000018     UNINITIALIZED
                  20000000    00000010     main.obj (.data)
                  20000010    00000004     rtsv7M4_T_le_v4SPD16_eabi.lib : errno.c.obj (.data)
                  20000014    00000004     system_msp432p401r.obj (.data)

.bss       0    20000018    00000017     UNINITIALIZED
                  20000018    00000014     (.common:time)
                  2000002c    00000003     (.common:now)

.stack     0    2000fe00    00000200     UNINITIALIZED
                  2000fe00    00000004     rtsv7M4_T_le_v4SPD16_eabi.lib : boot_cortex_m.c.obj (.stack)
                  2000fe04    000001fc     --HOLE--

MODULE SUMMARY

       Module                        code   ro data   rw data
       ------                        ----   -------   -------
    ./
       main.obj                      1312   0         78     
       system_msp432p401r.obj        820    0         8      
       startup_msp432p401r_ccs.obj   14     228       0      
    +--+-----------------------------+------+---------+---------+
       Total:                        2146   228       86     
                                                             
    /Applications/ti/ccsv8/tools/compiler/ti-cgt-arm_18.1.4.LTS/lib/rtsv7M4_T_le_v4SPD16_eabi.lib
       _printfi.c.obj                4867   0         0      
       fd_add_t2.asm.obj             438    0         0      
       fd_div_t2.asm.obj             310    0         0      
       s_scalbn.c.obj                272    0         0      
       fd_cmp_t2.asm.obj             268    0         0      
       ctype.c.obj                   0      257       0      
       fd_mul_t2.asm.obj             252    0         0      
       memcpy_t2.asm.obj             156    0         0      
       ull_div_t2.asm.obj            150    0         0      
       memset_t2.asm.obj             122    0         0      
       copy_decompress_lzss.c.obj    104    0         0      
       s_frexp.c.obj                 100    0         0      
       sprintf.c.obj                 98     0         0      
       ltoa.c.obj                    84     0         0      
       atoi.c.obj                    76     0         0      
       fd_toi_t2.asm.obj             72     0         0      
       autoinit.c.obj                68     0         0      
       boot_cortex_m.c.obj           56     0         0      
       i_tofd_t2.asm.obj             46     0         0      
       memccpy.c.obj                 28     0         0      
       strchr.c.obj                  22     0         0      
       s_copysign.c.obj              20     0         0      
       strlen.c.obj                  20     0         0      
       copy_zero_init.c.obj          18     0         0      
       wcslen.c.obj                  18     0         0      
       errno.c.obj                   8      0         8      
       copy_decompress_none.c.obj    14     0         0      
       exit.c.obj                    4      0         0      
       pre_init.c.obj                4      0         0      
       div0.asm.obj                  2      0         0      
    +--+-----------------------------+------+---------+---------+
       Total:                        7697   257       8      
                                                             
       Stack:                        0      0         1024   
       Linker Generated:             0      48        0      
    +--+-----------------------------+------+---------+---------+
       Grand Total:                  9843   533       1118   


LINKER GENERATED COPY TABLES

__TI_cinit_table @ 00002888 records: 2, size/record: 8, table size: 16
	.data: load addr=00002868, load size=0000000c bytes, run addr=20000000, run size=00000018 bytes, compression=lzss
	.bss: load addr=00002880, load size=00000008 bytes, run addr=20000018, run size=00000017 bytes, compression=zero_init


LINKER GENERATED HANDLER TABLE

__TI_handler_table @ 00002874 records: 3, size/record: 4, table size: 12
	index: 0, handler: __TI_decompress_lzss
	index: 1, handler: __TI_decompress_none
	index: 2, handler: __TI_zero_init


GLOBAL SYMBOLS: SORTED ALPHABETICALLY BY Name 

address   name                          
-------   ----                          
00002743  ADC14_IRQHandler              
00002743  AES256_IRQHandler             
00002743  BusFault_Handler              
0000275d  C$$EXIT                       
00002743  COMP_E0_IRQHandler            
00002743  COMP_E1_IRQHandler            
00002743  CS_IRQHandler                 
00002743  DMA_ERR_IRQHandler            
00002743  DMA_INT0_IRQHandler           
00002743  DMA_INT1_IRQHandler           
00002743  DMA_INT2_IRQHandler           
00002743  DMA_INT3_IRQHandler           
00002743  DebugMon_Handler              
00002743  Default_Handler               
00002743  EUSCIA0_IRQHandler            
00002743  EUSCIA1_IRQHandler            
00002743  EUSCIA2_IRQHandler            
00002743  EUSCIA3_IRQHandler            
00002743  EUSCIB0_IRQHandler            
00002743  EUSCIB1_IRQHandler            
00002743  EUSCIB2_IRQHandler            
00002743  EUSCIB3_IRQHandler            
00002743  FLCTL_IRQHandler              
00002743  FPU_IRQHandler                
00002743  HardFault_Handler             
00000e11  LCD_init                      
00002743  MemManage_Handler             
00002743  NMI_Handler                   
00002743  PCM_IRQHandler                
00002743  PORT1_IRQHandler              
00002743  PORT2_IRQHandler              
00002743  PORT3_IRQHandler              
00002743  PORT4_IRQHandler              
00002743  PORT5_IRQHandler              
00002743  PORT6_IRQHandler              
00002743  PSS_IRQHandler                
00002743  PendSV_Handler                
00000cb5  RTC_C_IRQHandler              
00000cb5  RTC_C_IRQHandler              
2000000c  RTC_flag                      
00002737  Reset_Handler                 
00002743  SVC_Handler                   
00002743  SysTick_Handler               
00000fc5  SysTick_Init                  
20000014  SystemCoreClock               
00001065  SystemCoreClockUpdate         
000012dd  SystemInit                    
00002743  T32_INT1_IRQHandler           
00002743  T32_INT2_IRQHandler           
00002743  T32_INTC_IRQHandler           
00002743  TA0_0_IRQHandler              
00002743  TA0_N_IRQHandler              
00002743  TA1_0_IRQHandler              
00002743  TA1_N_IRQHandler              
00002743  TA2_0_IRQHandler              
00002743  TA2_N_IRQHandler              
00002743  TA3_0_IRQHandler              
00002743  TA3_N_IRQHandler              
00002743  UsageFault_Handler            
4000480c  WDTCTL_SYM                    
00002743  WDT_A_IRQHandler              
20010000  __STACK_END                   
00000200  __STACK_SIZE                  
00002888  __TI_CINIT_Base               
00002898  __TI_CINIT_Limit              
00002874  __TI_Handler_Table_Base       
00002880  __TI_Handler_Table_Limit      
00002569  __TI_auto_init_nobinit_nopinit
0000230d  __TI_decompress_lzss          
00002729  __TI_decompress_none          
ffffffff  __TI_pprof_out_hndl           
000000e5  __TI_printfi                  
ffffffff  __TI_prof_data_size           
ffffffff  __TI_prof_data_start          
00000000  __TI_static_base__            
00002705  __TI_zero_init_nomemset       
00002119  __aeabi_cdcmpeq               
00002119  __aeabi_cdcmple               
0000219f  __aeabi_cdrcmple              
00002521  __aeabi_d2iz                  
000017e3  __aeabi_dadd                  
00001acd  __aeabi_ddiv                  
00001e39  __aeabi_dmul                  
000017d9  __aeabi_dsub                  
00002751  __aeabi_errno_addr            
00002665  __aeabi_i2d                   
00000b43  __aeabi_idiv0                 
00000b43  __aeabi_ldiv0                 
00002225  __aeabi_memclr                
00002225  __aeabi_memclr4               
00002225  __aeabi_memclr8               
00001fe7  __aeabi_memcpy                
00001fe7  __aeabi_memcpy4               
00001fe7  __aeabi_memcpy8               
00002227  __aeabi_memset                
00002227  __aeabi_memset4               
00002227  __aeabi_memset8               
00002083  __aeabi_uldivmod              
ffffffff  __binit__                     
ffffffff  __c_args__                    
UNDEFED   __mpu_init                    
2000fe00  __stack                       
0000262d  _c_int00_noargs               
00002760  _ctypes_                      
UNDEFED   _system_post_cinit            
00002759  _system_pre_init              
0000275d  abort                         
000024d5  atoi                          
ffffffff  binit                         
00000eb1  commandWrite                  
00000c73  configRTC                     
000026dd  copysign                      
000026dd  copysignl                     
00000ee7  dataWrite                     
00000b95  displayAt                     
00000d4f  displayText                   
20000010  errno                         
00002375  frexp                         
00002375  frexpl                        
20000000  hour                          
00000000  interruptVectors              
00001d29  ldexp                         
00001d29  ldexpl                        
0000242f  ltoa                          
00000b71  main                          
00002693  memccpy                       
00001fe7  memcpy                        
0000222d  memset                        
20000004  min                           
2000002c  now                           
00000f7d  pulseEnablePin                
00000f1d  pushByte                      
00000f47  pushNibble                    
00001d29  scalbn                        
00001d29  scalbnl                       
20000008  sec                           
000025ad  sprintf                       
000026c7  strchr                        
000026f1  strlen                        
00000fed  sysTickDelay_ms               
00001025  sysTickDelay_us               
20000018  time                          
00002717  wcslen                        


GLOBAL SYMBOLS: SORTED BY Symbol Address 

address   name                          
-------   ----                          
00000000  __TI_static_base__            
00000000  interruptVectors              
000000e5  __TI_printfi                  
00000200  __STACK_SIZE                  
00000b43  __aeabi_idiv0                 
00000b43  __aeabi_ldiv0                 
00000b71  main                          
00000b95  displayAt                     
00000c73  configRTC                     
00000cb5  RTC_C_IRQHandler              
00000cb5  RTC_C_IRQHandler              
00000d4f  displayText                   
00000e11  LCD_init                      
00000eb1  commandWrite                  
00000ee7  dataWrite                     
00000f1d  pushByte                      
00000f47  pushNibble                    
00000f7d  pulseEnablePin                
00000fc5  SysTick_Init                  
00000fed  sysTickDelay_ms               
00001025  sysTickDelay_us               
00001065  SystemCoreClockUpdate         
000012dd  SystemInit                    
000017d9  __aeabi_dsub                  
000017e3  __aeabi_dadd                  
00001acd  __aeabi_ddiv                  
00001d29  ldexp                         
00001d29  ldexpl                        
00001d29  scalbn                        
00001d29  scalbnl                       
00001e39  __aeabi_dmul                  
00001fe7  __aeabi_memcpy                
00001fe7  __aeabi_memcpy4               
00001fe7  __aeabi_memcpy8               
00001fe7  memcpy                        
00002083  __aeabi_uldivmod              
00002119  __aeabi_cdcmpeq               
00002119  __aeabi_cdcmple               
0000219f  __aeabi_cdrcmple              
00002225  __aeabi_memclr                
00002225  __aeabi_memclr4               
00002225  __aeabi_memclr8               
00002227  __aeabi_memset                
00002227  __aeabi_memset4               
00002227  __aeabi_memset8               
0000222d  memset                        
0000230d  __TI_decompress_lzss          
00002375  frexp                         
00002375  frexpl                        
0000242f  ltoa                          
000024d5  atoi                          
00002521  __aeabi_d2iz                  
00002569  __TI_auto_init_nobinit_nopinit
000025ad  sprintf                       
0000262d  _c_int00_noargs               
00002665  __aeabi_i2d                   
00002693  memccpy                       
000026c7  strchr                        
000026dd  copysign                      
000026dd  copysignl                     
000026f1  strlen                        
00002705  __TI_zero_init_nomemset       
00002717  wcslen                        
00002729  __TI_decompress_none          
00002737  Reset_Handler                 
00002743  ADC14_IRQHandler              
00002743  AES256_IRQHandler             
00002743  BusFault_Handler              
00002743  COMP_E0_IRQHandler            
00002743  COMP_E1_IRQHandler            
00002743  CS_IRQHandler                 
00002743  DMA_ERR_IRQHandler            
00002743  DMA_INT0_IRQHandler           
00002743  DMA_INT1_IRQHandler           
00002743  DMA_INT2_IRQHandler           
00002743  DMA_INT3_IRQHandler           
00002743  DebugMon_Handler              
00002743  Default_Handler               
00002743  EUSCIA0_IRQHandler            
00002743  EUSCIA1_IRQHandler            
00002743  EUSCIA2_IRQHandler            
00002743  EUSCIA3_IRQHandler            
00002743  EUSCIB0_IRQHandler            
00002743  EUSCIB1_IRQHandler            
00002743  EUSCIB2_IRQHandler            
00002743  EUSCIB3_IRQHandler            
00002743  FLCTL_IRQHandler              
00002743  FPU_IRQHandler                
00002743  HardFault_Handler             
00002743  MemManage_Handler             
00002743  NMI_Handler                   
00002743  PCM_IRQHandler                
00002743  PORT1_IRQHandler              
00002743  PORT2_IRQHandler              
00002743  PORT3_IRQHandler              
00002743  PORT4_IRQHandler              
00002743  PORT5_IRQHandler              
00002743  PORT6_IRQHandler              
00002743  PSS_IRQHandler                
00002743  PendSV_Handler                
00002743  SVC_Handler                   
00002743  SysTick_Handler               
00002743  T32_INT1_IRQHandler           
00002743  T32_INT2_IRQHandler           
00002743  T32_INTC_IRQHandler           
00002743  TA0_0_IRQHandler              
00002743  TA0_N_IRQHandler              
00002743  TA1_0_IRQHandler              
00002743  TA1_N_IRQHandler              
00002743  TA2_0_IRQHandler              
00002743  TA2_N_IRQHandler              
00002743  TA3_0_IRQHandler              
00002743  TA3_N_IRQHandler              
00002743  UsageFault_Handler            
00002743  WDT_A_IRQHandler              
00002751  __aeabi_errno_addr            
00002759  _system_pre_init              
0000275d  C$$EXIT                       
0000275d  abort                         
00002760  _ctypes_                      
00002874  __TI_Handler_Table_Base       
00002880  __TI_Handler_Table_Limit      
00002888  __TI_CINIT_Base               
00002898  __TI_CINIT_Limit              
20000000  hour                          
20000004  min                           
20000008  sec                           
2000000c  RTC_flag                      
20000010  errno                         
20000014  SystemCoreClock               
20000018  time                          
2000002c  now                           
2000fe00  __stack                       
20010000  __STACK_END                   
4000480c  WDTCTL_SYM                    
ffffffff  __TI_pprof_out_hndl           
ffffffff  __TI_prof_data_size           
ffffffff  __TI_prof_data_start          
ffffffff  __binit__                     
ffffffff  __c_args__                    
ffffffff  binit                         
UNDEFED   __mpu_init                    
UNDEFED   _system_post_cinit            

[143 symbols]
