******************************************************************************
                  TI ARM Linker PC v18.1.4                     
******************************************************************************
>> Linked Wed Dec  5 15:05:41 2018

OUTPUT FILE NAME:   <Final Project.out>
ENTRY POINT SYMBOL: "_c_int00_noargs"  address: 00003ab9


MEMORY CONFIGURATION

         name            origin    length      used     unused   attr    fill
----------------------  --------  ---------  --------  --------  ----  --------
  MAIN                  00000000   00040000  00003db9  0003c247  R  X
  INFO                  00200000   00004000  00000000  00004000  R  X
  SRAM_CODE             01000000   00010000  000002d7  0000fd29  RW X
  SRAM_DATA             20000000   00010000  000002d7  0000fd29  RW  


SEGMENT ALLOCATION MAP

run origin  load origin   length   init length attrs members
----------  ----------- ---------- ----------- ----- -------
00000000    00000000    00003dc0   00003dc0    r-x
  00000000    00000000    000000e4   000000e4    r-- .intvecs
  000000e4    000000e4    00003b8c   00003b8c    r-x .text
  00003c70    00003c70    00000101   00000101    r-- .const
  00003d78    00003d78    00000048   00000048    r-- .cinit
20000000    20000000    000000d8   00000000    rw-
  20000000    20000000    00000073   00000000    rw- .bss
  20000074    20000074    00000064   00000000    rw- .data
2000fe00    2000fe00    00000200   00000000    rw-
  2000fe00    2000fe00    00000200   00000000    rw- .stack


SECTION ALLOCATION MAP

 output                                  attributes/
section   page    origin      length       input sections
--------  ----  ----------  ----------   ----------------
.intvecs   0    00000000    000000e4     
                  00000000    000000e4     startup_msp432p401r_ccs.obj (.intvecs:retain)

.text      0    000000e4    00003b8c     
                  000000e4    000018f8     main.obj (.text)
                  000019dc    00000a5e     rtsv7M4_T_le_v4SPD16_eabi.lib : _printfi.c.obj (.text:__TI_printfi)
                  0000243a    00000002                                   : div0.asm.obj (.text)
                  0000243c    00000334     system_msp432p401r.obj (.text)
                  00002770    00000270     rtsv7M4_T_le_v4SPD16_eabi.lib : _printfi.c.obj (.text:_pconv_a)
                  000029e0    000001d0                                   : _printfi.c.obj (.text:_pconv_g)
                  00002bb0    000001b6                                   : fd_add_t2.asm.obj (.text)
                  00002d66    00000002     --HOLE-- [fill = 0]
                  00002d68    0000013c                                   : _printfi.c.obj (.text:_pconv_e)
                  00002ea4    00000136                                   : fd_div_t2.asm.obj (.text)
                  00002fda    00000002     --HOLE-- [fill = 0]
                  00002fdc    00000124                                   : _printfi.c.obj (.text:fcvt)
                  00003100    00000110                                   : s_scalbn.c.obj (.text:scalbn)
                  00003210    000000fc                                   : fd_mul_t2.asm.obj (.text)
                  0000330c    000000b1                                   : _printfi.c.obj (.text:_ltostr)
                  000033bd    00000001     --HOLE-- [fill = 0]
                  000033be    0000009c                                   : memcpy_t2.asm.obj (.text)
                  0000345a    00000096                                   : ull_div_t2.asm.obj (.text)
                  000034f0    00000086                                   : fd_cmp_t2.asm.obj (.text:__aeabi_cdcmple)
                  00003576    00000086                                   : fd_cmp_t2.asm.obj (.text:__aeabi_cdrcmple)
                  000035fc    0000007a                                   : memset_t2.asm.obj (.text)
                  00003676    0000006e                                   : _printfi.c.obj (.text:_mcpy)
                  000036e4    0000006e                                   : fd_tos_t2.asm.obj (.text)
                  00003752    00000068                                   : copy_decompress_lzss.c.obj (.text:decompress:lzss:__TI_decompress_lzss)
                  000037ba    00000002     --HOLE-- [fill = 0]
                  000037bc    00000064                                   : s_frexp.c.obj (.text:frexp)
                  00003820    00000056                                   : _printfi.c.obj (.text:_pconv_f)
                  00003876    00000054                                   : ltoa.c.obj (.text:ltoa)
                  000038ca    00000052                                   : _printfi.c.obj (.text:_ecpy)
                  0000391c    0000004c                                   : atoi.c.obj (.text:atoi)
                  00003968    00000048                                   : fd_toi_t2.asm.obj (.text)
                  000039b0    00000044                                   : autoinit.c.obj (.text:__TI_auto_init_nobinit_nopinit:__TI_auto_init_nobinit_nopinit)
                  000039f4    00000044                                   : fd_tou_t2.asm.obj (.text)
                  00003a38    00000040                                   : sprintf.c.obj (.text:sprintf)
                  00003a78    0000003e                                   : _printfi.c.obj (.text:_fcpy)
                  00003ab6    00000002     --HOLE-- [fill = 0]
                  00003ab8    00000038                                   : boot_cortex_m.c.obj (.text:_c_int00_noargs:_c_int00_noargs)
                  00003af0    00000038                                   : fs_tod_t2.asm.obj (.text)
                  00003b28    0000002e                                   : i_tofd_t2.asm.obj (.text)
                  00003b56    0000002c                                   : strncmp.c.obj (.text:strncmp)
                  00003b82    00000020                                   : u_tofd_t2.asm.obj (.text)
                  00003ba2    0000001c                                   : memccpy.c.obj (.text:memccpy)
                  00003bbe    00000018                                   : sprintf.c.obj (.text:_outs)
                  00003bd6    00000016                                   : strchr.c.obj (.text:strchr)
                  00003bec    00000014                                   : s_copysign.c.obj (.text:copysign)
                  00003c00    00000014                                   : strlen.c.obj (.text:strlen)
                  00003c14    00000012                                   : copy_zero_init.c.obj (.text:decompress:ZI:__TI_zero_init_nomemset:__TI_zero_init_nomemset)
                  00003c26    00000012                                   : wcslen.c.obj (.text:wcslen)
                  00003c38    0000000e                                   : copy_decompress_none.c.obj (.text:decompress:none:__TI_decompress_none)
                  00003c46    0000000e     startup_msp432p401r_ccs.obj (.text)
                  00003c54    0000000a     rtsv7M4_T_le_v4SPD16_eabi.lib : sprintf.c.obj (.text:_outc)
                  00003c5e    00000002     --HOLE-- [fill = 0]
                  00003c60    00000008                                   : errno.c.obj (.text:__aeabi_errno_addr)
                  00003c68    00000004                                   : pre_init.c.obj (.text:_system_pre_init)
                  00003c6c    00000004                                   : exit.c.obj (.text:abort:abort)

.const     0    00003c70    00000101     
                  00003c70    00000101     rtsv7M4_T_le_v4SPD16_eabi.lib : ctype.c.obj (.const:.string:_ctypes_)

.cinit     0    00003d78    00000048     
                  00003d78    0000001e     (.cinit..data.load) [load image, compression = lzss]
                  00003d96    00000002     --HOLE-- [fill = 0]
                  00003d98    0000000c     (__TI_handler_table)
                  00003da4    00000004     --HOLE-- [fill = 0]
                  00003da8    00000008     (.cinit..bss.load) [load image, compression = zero_init]
                  00003db0    00000010     (__TI_cinit_table)

.init_array 
*          0    00000000    00000000     UNINITIALIZED

.binit     0    00000000    00000000     

.bss       0    20000000    00000073     UNINITIALIZED
                  20000000    00000064     (.common:INPUT_BUFFER)
                  20000064    00000004     (.common:tempAr)
                  20000068    00000004     (.common:time)
                  2000006c    00000003     (.common:now)
                  2000006f    00000002     (.common:alarm)
                  20000071    00000002     (.common:master)

.data      0    20000074    00000064     UNINITIALIZED
                  20000074    00000059     main.obj (.data)
                  200000cd    00000003     --HOLE--
                  200000d0    00000004     rtsv7M4_T_le_v4SPD16_eabi.lib : errno.c.obj (.data)
                  200000d4    00000004     system_msp432p401r.obj (.data)

.stack     0    2000fe00    00000200     UNINITIALIZED
                  2000fe00    00000004     rtsv7M4_T_le_v4SPD16_eabi.lib : boot_cortex_m.c.obj (.stack)
                  2000fe04    000001fc     --HOLE--

MODULE SUMMARY

       Module                        code    ro data   rw data
       ------                        ----    -------   -------
    .\
       main.obj                      6392    0         408    
       system_msp432p401r.obj        820     0         8      
       startup_msp432p401r_ccs.obj   14      228       0      
    +--+-----------------------------+-------+---------+---------+
       Total:                        7226    228       416    
                                                              
    C:\ti\ccsv8\tools\compiler\ti-cgt-arm_18.1.4.LTS\lib\rtsv7M4_T_le_v4SPD16_eabi.lib
       _printfi.c.obj                4867    0         0      
       fd_add_t2.asm.obj             438     0         0      
       fd_div_t2.asm.obj             310     0         0      
       s_scalbn.c.obj                272     0         0      
       fd_cmp_t2.asm.obj             268     0         0      
       ctype.c.obj                   0       257       0      
       fd_mul_t2.asm.obj             252     0         0      
       memcpy_t2.asm.obj             156     0         0      
       ull_div_t2.asm.obj            150     0         0      
       memset_t2.asm.obj             122     0         0      
       fd_tos_t2.asm.obj             110     0         0      
       copy_decompress_lzss.c.obj    104     0         0      
       s_frexp.c.obj                 100     0         0      
       sprintf.c.obj                 98      0         0      
       ltoa.c.obj                    84      0         0      
       atoi.c.obj                    76      0         0      
       fd_toi_t2.asm.obj             72      0         0      
       autoinit.c.obj                68      0         0      
       fd_tou_t2.asm.obj             68      0         0      
       boot_cortex_m.c.obj           56      0         0      
       fs_tod_t2.asm.obj             56      0         0      
       i_tofd_t2.asm.obj             46      0         0      
       strncmp.c.obj                 44      0         0      
       u_tofd_t2.asm.obj             32      0         0      
       memccpy.c.obj                 28      0         0      
       strchr.c.obj                  22      0         0      
       s_copysign.c.obj              20      0         0      
       strlen.c.obj                  20      0         0      
       copy_zero_init.c.obj          18      0         0      
       wcslen.c.obj                  18      0         0      
       errno.c.obj                   8       0         8      
       copy_decompress_none.c.obj    14      0         0      
       exit.c.obj                    4       0         0      
       pre_init.c.obj                4       0         0      
       div0.asm.obj                  2       0         0      
    +--+-----------------------------+-------+---------+---------+
       Total:                        8007    257       8      
                                                              
       Stack:                        0       0         1024   
       Linker Generated:             0       66        0      
    +--+-----------------------------+-------+---------+---------+
       Grand Total:                  15233   551       1448   


LINKER GENERATED COPY TABLES

__TI_cinit_table @ 00003db0 records: 2, size/record: 8, table size: 16
	.data: load addr=00003d78, load size=0000001e bytes, run addr=20000074, run size=00000064 bytes, compression=lzss
	.bss: load addr=00003da8, load size=00000008 bytes, run addr=20000000, run size=00000073 bytes, compression=zero_init


LINKER GENERATED HANDLER TABLE

__TI_handler_table @ 00003d98 records: 3, size/record: 4, table size: 12
	index: 0, handler: __TI_decompress_lzss
	index: 1, handler: __TI_decompress_none
	index: 2, handler: __TI_zero_init


GLOBAL SYMBOLS: SORTED ALPHABETICALLY BY Name 

address   name                          
-------   ----                          
00000e39  ADC14_IRQHandler              
00000e39  ADC14_IRQHandler              
000013ab  ADC14init                     
00003c53  AES256_IRQHandler             
200000b4  AMPM                          
200000b8  AMPM2                         
00003c53  BusFault_Handler              
00003c6d  C$$EXIT                       
00003c53  COMP_E0_IRQHandler            
00003c53  COMP_E1_IRQHandler            
00003c53  CS_IRQHandler                 
00003c53  DMA_ERR_IRQHandler            
00003c53  DMA_INT0_IRQHandler           
00003c53  DMA_INT1_IRQHandler           
00003c53  DMA_INT2_IRQHandler           
00003c53  DMA_INT3_IRQHandler           
00003c53  DebugMon_Handler              
00003c53  Default_Handler               
000015f9  EUSCIA0_IRQHandler            
000015f9  EUSCIA0_IRQHandler            
00003c53  EUSCIA1_IRQHandler            
00003c53  EUSCIA2_IRQHandler            
00003c53  EUSCIA3_IRQHandler            
00003c53  EUSCIB0_IRQHandler            
00003c53  EUSCIB1_IRQHandler            
00003c53  EUSCIB2_IRQHandler            
00003c53  EUSCIB3_IRQHandler            
00003c53  FLCTL_IRQHandler              
00003c53  FPU_IRQHandler                
00003c53  HardFault_Handler             
20000000  INPUT_BUFFER                  
000017a9  LCD_init                      
200000c4  LCDbrightness                 
00001419  LEDT32interrupt               
0000143b  LED_init                      
00003c53  MemManage_Handler             
00003c53  NMI_Handler                   
00003c53  PCM_IRQHandler                
000007c5  PORT1_IRQHandler              
000007c5  PORT1_IRQHandler              
00003c53  PORT2_IRQHandler              
00003c53  PORT3_IRQHandler              
00000841  PORT4_IRQHandler              
00000841  PORT4_IRQHandler              
00003c53  PORT5_IRQHandler              
00003c53  PORT6_IRQHandler              
00003c53  PSS_IRQHandler                
00003c53  PendSV_Handler                
00000bd9  RTC_C_IRQHandler              
00000bd9  RTC_C_IRQHandler              
20000094  RTC_flag                      
00003c47  Reset_Handler                 
00003c53  SVC_Handler                   
00003c53  SysTick_Handler               
00001959  SysTick_Init                  
200000d4  SystemCoreClock               
0000243d  SystemCoreClockUpdate         
000026b5  SystemInit                    
00000669  T32_INT1_IRQHandler           
00000669  T32_INT1_IRQHandler           
00000695  T32_INT2_IRQHandler           
00000695  T32_INT2_IRQHandler           
00003c53  T32_INTC_IRQHandler           
00003c53  TA0_0_IRQHandler              
00003c53  TA0_N_IRQHandler              
00003c53  TA1_0_IRQHandler              
00003c53  TA1_N_IRQHandler              
00003c53  TA2_0_IRQHandler              
00003c53  TA2_N_IRQHandler              
00003c53  TA3_0_IRQHandler              
00000ffd  TA3_N_IRQHandler              
00000ffd  TA3_N_IRQHandler              
00003c53  UsageFault_Handler            
4000480c  WDTCTL_SYM                    
00003c53  WDT_A_IRQHandler              
20010000  __STACK_END                   
00000200  __STACK_SIZE                  
00003db0  __TI_CINIT_Base               
00003dc0  __TI_CINIT_Limit              
00003d98  __TI_Handler_Table_Base       
00003da4  __TI_Handler_Table_Limit      
000039b1  __TI_auto_init_nobinit_nopinit
00003753  __TI_decompress_lzss          
00003c39  __TI_decompress_none          
ffffffff  __TI_pprof_out_hndl           
000019dd  __TI_printfi                  
ffffffff  __TI_prof_data_size           
ffffffff  __TI_prof_data_start          
00000000  __TI_static_base__            
00003c15  __TI_zero_init_nomemset       
000034f1  __aeabi_cdcmpeq               
000034f1  __aeabi_cdcmple               
00003577  __aeabi_cdrcmple              
000036e5  __aeabi_d2f                   
00003969  __aeabi_d2iz                  
000039f5  __aeabi_d2uiz                 
00002bbb  __aeabi_dadd                  
00002ea5  __aeabi_ddiv                  
00003211  __aeabi_dmul                  
00002bb1  __aeabi_dsub                  
00003c61  __aeabi_errno_addr            
00003af1  __aeabi_f2d                   
00003b29  __aeabi_i2d                   
0000243b  __aeabi_idiv0                 
0000243b  __aeabi_ldiv0                 
000035fd  __aeabi_memclr                
000035fd  __aeabi_memclr4               
000035fd  __aeabi_memclr8               
000033bf  __aeabi_memcpy                
000033bf  __aeabi_memcpy4               
000033bf  __aeabi_memcpy8               
000035ff  __aeabi_memset                
000035ff  __aeabi_memset4               
000035ff  __aeabi_memset8               
00003b83  __aeabi_ui2d                  
0000345b  __aeabi_uldivmod              
ffffffff  __binit__                     
ffffffff  __c_args__                    
UNDEFED   __mpu_init                    
2000fe00  __stack                       
00003ab9  _c_int00_noargs               
00003c70  _ctypes_                      
UNDEFED   _system_post_cinit            
00003c69  _system_pre_init              
00003c6d  abort                         
2000006f  alarm                         
2000009c  alarmFlag                     
200000a4  alarmPresses                  
200000a0  alarmSoundFlag                
0000391d  atoi                          
ffffffff  binit                         
200000c8  blinkFlag                     
00001849  commandWrite                  
0000135d  configRTC                     
00003bed  copysign                      
00003bed  copysignl                     
0000188d  dataWrite                     
000005cd  displayAMPM                   
00000509  displayAlarm                  
000016b1  displayAt                     
0000062f  displayHour                   
00000615  displayMin                    
20000078  duty                          
200000d0  errno                         
0000030d  extractTimeSerial             
000037bd  frexp                         
000037bd  frexpl                        
0000126d  intAlarm                      
000011c1  intBlinkTimerA                
00001309  intButtons                    
00001221  intLCDBrightness              
000012a7  intSpeedButton                
00000000  interruptVectors              
00003101  ldexp                         
00003101  ldexpl                        
200000c0  lightBrightness               
200000ac  lightOn                       
200000bc  lightsOn                      
00003877  ltoa                          
00000111  main                          
20000071  master                        
00003ba3  memccpy                       
000033bf  memcpy                        
00003605  memset                        
2000006c  now                           
0000191f  pulseEnablePin                
000018c3  pushByte                      
000018ed  pushNibble                    
20000088  raw                           
2000008c  raw1                          
00001551  readInput                     
20000075  read_location                 
200000b0  resetNeeded                   
00003101  scalbn                        
00003101  scalbnl                       
00001473  setupSerial                   
200000a8  speed                         
00003a39  sprintf                       
200000cc  state                         
20000074  storage_location              
00003bd7  strchr                        
00003c01  strlen                        
00003b57  strncmp                       
00001975  sysTickDelay_ms               
0000199b  sysTickDelay_us               
20000064  tempAr                        
2000007c  tempC                         
20000080  tempF                         
000013fd  tempT32interrupt              
20000068  time                          
20000098  timePresses                   
000005b7  toggleAMPM                    
0000057f  toggleAMPM2                   
000004ad  toggleAlarm                   
20000084  voltage                       
20000090  voltage1                      
00000469  wakeUpLights                  
00003c27  wcslen                        
000014d7  writeOutput                   


GLOBAL SYMBOLS: SORTED BY Symbol Address 

address   name                          
-------   ----                          
00000000  __TI_static_base__            
00000000  interruptVectors              
00000111  main                          
00000200  __STACK_SIZE                  
0000030d  extractTimeSerial             
00000469  wakeUpLights                  
000004ad  toggleAlarm                   
00000509  displayAlarm                  
0000057f  toggleAMPM2                   
000005b7  toggleAMPM                    
000005cd  displayAMPM                   
00000615  displayMin                    
0000062f  displayHour                   
00000669  T32_INT1_IRQHandler           
00000669  T32_INT1_IRQHandler           
00000695  T32_INT2_IRQHandler           
00000695  T32_INT2_IRQHandler           
000007c5  PORT1_IRQHandler              
000007c5  PORT1_IRQHandler              
00000841  PORT4_IRQHandler              
00000841  PORT4_IRQHandler              
00000bd9  RTC_C_IRQHandler              
00000bd9  RTC_C_IRQHandler              
00000e39  ADC14_IRQHandler              
00000e39  ADC14_IRQHandler              
00000ffd  TA3_N_IRQHandler              
00000ffd  TA3_N_IRQHandler              
000011c1  intBlinkTimerA                
00001221  intLCDBrightness              
0000126d  intAlarm                      
000012a7  intSpeedButton                
00001309  intButtons                    
0000135d  configRTC                     
000013ab  ADC14init                     
000013fd  tempT32interrupt              
00001419  LEDT32interrupt               
0000143b  LED_init                      
00001473  setupSerial                   
000014d7  writeOutput                   
00001551  readInput                     
000015f9  EUSCIA0_IRQHandler            
000015f9  EUSCIA0_IRQHandler            
000016b1  displayAt                     
000017a9  LCD_init                      
00001849  commandWrite                  
0000188d  dataWrite                     
000018c3  pushByte                      
000018ed  pushNibble                    
0000191f  pulseEnablePin                
00001959  SysTick_Init                  
00001975  sysTickDelay_ms               
0000199b  sysTickDelay_us               
000019dd  __TI_printfi                  
0000243b  __aeabi_idiv0                 
0000243b  __aeabi_ldiv0                 
0000243d  SystemCoreClockUpdate         
000026b5  SystemInit                    
00002bb1  __aeabi_dsub                  
00002bbb  __aeabi_dadd                  
00002ea5  __aeabi_ddiv                  
00003101  ldexp                         
00003101  ldexpl                        
00003101  scalbn                        
00003101  scalbnl                       
00003211  __aeabi_dmul                  
000033bf  __aeabi_memcpy                
000033bf  __aeabi_memcpy4               
000033bf  __aeabi_memcpy8               
000033bf  memcpy                        
0000345b  __aeabi_uldivmod              
000034f1  __aeabi_cdcmpeq               
000034f1  __aeabi_cdcmple               
00003577  __aeabi_cdrcmple              
000035fd  __aeabi_memclr                
000035fd  __aeabi_memclr4               
000035fd  __aeabi_memclr8               
000035ff  __aeabi_memset                
000035ff  __aeabi_memset4               
000035ff  __aeabi_memset8               
00003605  memset                        
000036e5  __aeabi_d2f                   
00003753  __TI_decompress_lzss          
000037bd  frexp                         
000037bd  frexpl                        
00003877  ltoa                          
0000391d  atoi                          
00003969  __aeabi_d2iz                  
000039b1  __TI_auto_init_nobinit_nopinit
000039f5  __aeabi_d2uiz                 
00003a39  sprintf                       
00003ab9  _c_int00_noargs               
00003af1  __aeabi_f2d                   
00003b29  __aeabi_i2d                   
00003b57  strncmp                       
00003b83  __aeabi_ui2d                  
00003ba3  memccpy                       
00003bd7  strchr                        
00003bed  copysign                      
00003bed  copysignl                     
00003c01  strlen                        
00003c15  __TI_zero_init_nomemset       
00003c27  wcslen                        
00003c39  __TI_decompress_none          
00003c47  Reset_Handler                 
00003c53  AES256_IRQHandler             
00003c53  BusFault_Handler              
00003c53  COMP_E0_IRQHandler            
00003c53  COMP_E1_IRQHandler            
00003c53  CS_IRQHandler                 
00003c53  DMA_ERR_IRQHandler            
00003c53  DMA_INT0_IRQHandler           
00003c53  DMA_INT1_IRQHandler           
00003c53  DMA_INT2_IRQHandler           
00003c53  DMA_INT3_IRQHandler           
00003c53  DebugMon_Handler              
00003c53  Default_Handler               
00003c53  EUSCIA1_IRQHandler            
00003c53  EUSCIA2_IRQHandler            
00003c53  EUSCIA3_IRQHandler            
00003c53  EUSCIB0_IRQHandler            
00003c53  EUSCIB1_IRQHandler            
00003c53  EUSCIB2_IRQHandler            
00003c53  EUSCIB3_IRQHandler            
00003c53  FLCTL_IRQHandler              
00003c53  FPU_IRQHandler                
00003c53  HardFault_Handler             
00003c53  MemManage_Handler             
00003c53  NMI_Handler                   
00003c53  PCM_IRQHandler                
00003c53  PORT2_IRQHandler              
00003c53  PORT3_IRQHandler              
00003c53  PORT5_IRQHandler              
00003c53  PORT6_IRQHandler              
00003c53  PSS_IRQHandler                
00003c53  PendSV_Handler                
00003c53  SVC_Handler                   
00003c53  SysTick_Handler               
00003c53  T32_INTC_IRQHandler           
00003c53  TA0_0_IRQHandler              
00003c53  TA0_N_IRQHandler              
00003c53  TA1_0_IRQHandler              
00003c53  TA1_N_IRQHandler              
00003c53  TA2_0_IRQHandler              
00003c53  TA2_N_IRQHandler              
00003c53  TA3_0_IRQHandler              
00003c53  UsageFault_Handler            
00003c53  WDT_A_IRQHandler              
00003c61  __aeabi_errno_addr            
00003c69  _system_pre_init              
00003c6d  C$$EXIT                       
00003c6d  abort                         
00003c70  _ctypes_                      
00003d98  __TI_Handler_Table_Base       
00003da4  __TI_Handler_Table_Limit      
00003db0  __TI_CINIT_Base               
00003dc0  __TI_CINIT_Limit              
20000000  INPUT_BUFFER                  
20000064  tempAr                        
20000068  time                          
2000006c  now                           
2000006f  alarm                         
20000071  master                        
20000074  storage_location              
20000075  read_location                 
20000078  duty                          
2000007c  tempC                         
20000080  tempF                         
20000084  voltage                       
20000088  raw                           
2000008c  raw1                          
20000090  voltage1                      
20000094  RTC_flag                      
20000098  timePresses                   
2000009c  alarmFlag                     
200000a0  alarmSoundFlag                
200000a4  alarmPresses                  
200000a8  speed                         
200000ac  lightOn                       
200000b0  resetNeeded                   
200000b4  AMPM                          
200000b8  AMPM2                         
200000bc  lightsOn                      
200000c0  lightBrightness               
200000c4  LCDbrightness                 
200000c8  blinkFlag                     
200000cc  state                         
200000d0  errno                         
200000d4  SystemCoreClock               
2000fe00  __stack                       
20010000  __STACK_END                   
4000480c  WDTCTL_SYM                    
ffffffff  __TI_pprof_out_hndl           
ffffffff  __TI_prof_data_size           
ffffffff  __TI_prof_data_start          
ffffffff  __binit__                     
ffffffff  __c_args__                    
ffffffff  binit                         
UNDEFED   __mpu_init                    
UNDEFED   _system_post_cinit            

[199 symbols]
