******************************************************************************
                  TI ARM Linker PC v18.1.4                     
******************************************************************************
>> Linked Mon Dec  3 23:44:42 2018

OUTPUT FILE NAME:   <Final Project.out>
ENTRY POINT SYMBOL: "_c_int00_noargs"  address: 00003165


MEMORY CONFIGURATION

         name            origin    length      used     unused   attr    fill
----------------------  --------  ---------  --------  --------  ----  --------
  MAIN                  00000000   00040000  00003409  0003cbf7  R  X
  INFO                  00200000   00004000  00000000  00004000  R  X
  SRAM_CODE             01000000   00010000  0000024d  0000fdb3  RW X
  SRAM_DATA             20000000   00010000  0000024d  0000fdb3  RW  


SEGMENT ALLOCATION MAP

run origin  load origin   length   init length attrs members
----------  ----------- ---------- ----------- ----- -------
00000000    00000000    00003410   00003410    r-x
  00000000    00000000    000000e4   000000e4    r-- .intvecs
  000000e4    000000e4    000031ec   000031ec    r-x .text
  000032d0    000032d0    00000101   00000101    r-- .const
  000033d8    000033d8    00000038   00000038    r-- .cinit
20000000    20000000    0000004d   00000000    rw-
  20000000    20000000    00000040   00000000    rw- .data
  20000040    20000040    0000000d   00000000    rw- .bss
2000fe00    2000fe00    00000200   00000000    rw-
  2000fe00    2000fe00    00000200   00000000    rw- .stack


SECTION ALLOCATION MAP

 output                                  attributes/
section   page    origin      length       input sections
--------  ----  ----------  ----------   ----------------
.intvecs   0    00000000    000000e4     
                  00000000    000000e4     startup_msp432p401r_ccs.obj (.intvecs:retain)

.text      0    000000e4    000031ec     
                  000000e4    00000fe8     main.obj (.text)
                  000010cc    00000a5e     rtsv7M4_T_le_v4SPD16_eabi.lib : _printfi.c.obj (.text:__TI_printfi)
                  00001b2a    00000002                                   : div0.asm.obj (.text)
                  00001b2c    00000334     system_msp432p401r.obj (.text)
                  00001e60    00000270     rtsv7M4_T_le_v4SPD16_eabi.lib : _printfi.c.obj (.text:_pconv_a)
                  000020d0    000001d0                                   : _printfi.c.obj (.text:_pconv_g)
                  000022a0    000001b6                                   : fd_add_t2.asm.obj (.text)
                  00002456    00000002     --HOLE-- [fill = 0]
                  00002458    0000013c                                   : _printfi.c.obj (.text:_pconv_e)
                  00002594    00000136                                   : fd_div_t2.asm.obj (.text)
                  000026ca    00000002     --HOLE-- [fill = 0]
                  000026cc    00000124                                   : _printfi.c.obj (.text:fcvt)
                  000027f0    00000110                                   : s_scalbn.c.obj (.text:scalbn)
                  00002900    000000fc                                   : fd_mul_t2.asm.obj (.text)
                  000029fc    000000b1                                   : _printfi.c.obj (.text:_ltostr)
                  00002aad    00000001     --HOLE-- [fill = 0]
                  00002aae    0000009c                                   : memcpy_t2.asm.obj (.text)
                  00002b4a    00000096                                   : ull_div_t2.asm.obj (.text)
                  00002be0    00000086                                   : fd_cmp_t2.asm.obj (.text:__aeabi_cdcmple)
                  00002c66    00000086                                   : fd_cmp_t2.asm.obj (.text:__aeabi_cdrcmple)
                  00002cec    0000007a                                   : memset_t2.asm.obj (.text)
                  00002d66    0000006e                                   : _printfi.c.obj (.text:_mcpy)
                  00002dd4    0000006e                                   : fd_tos_t2.asm.obj (.text)
                  00002e42    00000068                                   : copy_decompress_lzss.c.obj (.text:decompress:lzss:__TI_decompress_lzss)
                  00002eaa    00000002     --HOLE-- [fill = 0]
                  00002eac    00000064                                   : s_frexp.c.obj (.text:frexp)
                  00002f10    00000056                                   : _printfi.c.obj (.text:_pconv_f)
                  00002f66    00000054                                   : ltoa.c.obj (.text:ltoa)
                  00002fba    00000052                                   : _printfi.c.obj (.text:_ecpy)
                  0000300c    0000004c                                   : atoi.c.obj (.text:atoi)
                  00003058    00000048                                   : fd_toi_t2.asm.obj (.text)
                  000030a0    00000044                                   : autoinit.c.obj (.text:__TI_auto_init_nobinit_nopinit:__TI_auto_init_nobinit_nopinit)
                  000030e4    00000040                                   : sprintf.c.obj (.text:sprintf)
                  00003124    0000003e                                   : _printfi.c.obj (.text:_fcpy)
                  00003162    00000002     --HOLE-- [fill = 0]
                  00003164    00000038                                   : boot_cortex_m.c.obj (.text:_c_int00_noargs:_c_int00_noargs)
                  0000319c    00000038                                   : fs_tod_t2.asm.obj (.text)
                  000031d4    0000002e                                   : i_tofd_t2.asm.obj (.text)
                  00003202    0000001c                                   : memccpy.c.obj (.text:memccpy)
                  0000321e    00000018                                   : sprintf.c.obj (.text:_outs)
                  00003236    00000016                                   : strchr.c.obj (.text:strchr)
                  0000324c    00000014                                   : s_copysign.c.obj (.text:copysign)
                  00003260    00000014                                   : strlen.c.obj (.text:strlen)
                  00003274    00000012                                   : copy_zero_init.c.obj (.text:decompress:ZI:__TI_zero_init_nomemset:__TI_zero_init_nomemset)
                  00003286    00000012                                   : wcslen.c.obj (.text:wcslen)
                  00003298    0000000e                                   : copy_decompress_none.c.obj (.text:decompress:none:__TI_decompress_none)
                  000032a6    0000000e     startup_msp432p401r_ccs.obj (.text)
                  000032b4    0000000a     rtsv7M4_T_le_v4SPD16_eabi.lib : sprintf.c.obj (.text:_outc)
                  000032be    00000002     --HOLE-- [fill = 0]
                  000032c0    00000008                                   : errno.c.obj (.text:__aeabi_errno_addr)
                  000032c8    00000004                                   : pre_init.c.obj (.text:_system_pre_init)
                  000032cc    00000004                                   : exit.c.obj (.text:abort:abort)

.const     0    000032d0    00000101     
                  000032d0    00000101     rtsv7M4_T_le_v4SPD16_eabi.lib : ctype.c.obj (.const:.string:_ctypes_)

.cinit     0    000033d8    00000038     
                  000033d8    00000012     (.cinit..data.load) [load image, compression = lzss]
                  000033ea    00000002     --HOLE-- [fill = 0]
                  000033ec    0000000c     (__TI_handler_table)
                  000033f8    00000008     (.cinit..bss.load) [load image, compression = zero_init]
                  00003400    00000010     (__TI_cinit_table)

.init_array 
*          0    00000000    00000000     UNINITIALIZED

.binit     0    00000000    00000000     

.data      0    20000000    00000040     UNINITIALIZED
                  20000000    00000038     main.obj (.data)
                  20000038    00000004     rtsv7M4_T_le_v4SPD16_eabi.lib : errno.c.obj (.data)
                  2000003c    00000004     system_msp432p401r.obj (.data)

.bss       0    20000040    0000000d     UNINITIALIZED
                  20000040    00000004     (.common:tempAr)
                  20000044    00000004     (.common:time)
                  20000048    00000003     (.common:now)
                  2000004b    00000002     (.common:alarm)

.stack     0    2000fe00    00000200     UNINITIALIZED
                  2000fe00    00000004     rtsv7M4_T_le_v4SPD16_eabi.lib : boot_cortex_m.c.obj (.stack)
                  2000fe04    000001fc     --HOLE--

MODULE SUMMARY

       Module                        code    ro data   rw data
       ------                        ----    -------   -------
    .\
       main.obj                      4072    0         138    
       system_msp432p401r.obj        820     0         8      
       startup_msp432p401r_ccs.obj   14      228       0      
    +--+-----------------------------+-------+---------+---------+
       Total:                        4906    228       146    
                                                              
    C:\ti\ccs820\ccsv8\tools\compiler\ti-cgt-arm_18.1.4.LTS\lib\rtsv7M4_T_le_v4SPD16_eabi.lib
       _printfi.c.obj                4867    0         0      
       fd_add_t2.asm.obj             438     0         0      
       fd_div_t2.asm.obj             310     0         0      
       s_scalbn.c.obj                272     0         0      
       fd_cmp_t2.asm.obj             268     0         0      
       ctype.c.obj                   0       257       0      
       fd_mul_t2.asm.obj             252     0         0      
       memcpy_t2.asm.obj             156     0         0      
       ull_div_t2.asm.obj            150     0         0      
       memset_t2.asm.obj             122     0         0      
       fd_tos_t2.asm.obj             110     0         0      
       copy_decompress_lzss.c.obj    104     0         0      
       s_frexp.c.obj                 100     0         0      
       sprintf.c.obj                 98      0         0      
       ltoa.c.obj                    84      0         0      
       atoi.c.obj                    76      0         0      
       fd_toi_t2.asm.obj             72      0         0      
       autoinit.c.obj                68      0         0      
       boot_cortex_m.c.obj           56      0         0      
       fs_tod_t2.asm.obj             56      0         0      
       i_tofd_t2.asm.obj             46      0         0      
       memccpy.c.obj                 28      0         0      
       strchr.c.obj                  22      0         0      
       s_copysign.c.obj              20      0         0      
       strlen.c.obj                  20      0         0      
       copy_zero_init.c.obj          18      0         0      
       wcslen.c.obj                  18      0         0      
       errno.c.obj                   8       0         8      
       copy_decompress_none.c.obj    14      0         0      
       exit.c.obj                    4       0         0      
       pre_init.c.obj                4       0         0      
       div0.asm.obj                  2       0         0      
    +--+-----------------------------+-------+---------+---------+
       Total:                        7863    257       8      
                                                              
       Stack:                        0       0         1024   
       Linker Generated:             0       54        0      
    +--+-----------------------------+-------+---------+---------+
       Grand Total:                  12769   539       1178   


LINKER GENERATED COPY TABLES

__TI_cinit_table @ 00003400 records: 2, size/record: 8, table size: 16
	.data: load addr=000033d8, load size=00000012 bytes, run addr=20000000, run size=00000040 bytes, compression=lzss
	.bss: load addr=000033f8, load size=00000008 bytes, run addr=20000040, run size=0000000d bytes, compression=zero_init


LINKER GENERATED HANDLER TABLE

__TI_handler_table @ 000033ec records: 3, size/record: 4, table size: 12
	index: 0, handler: __TI_decompress_lzss
	index: 1, handler: __TI_decompress_none
	index: 2, handler: __TI_zero_init


GLOBAL SYMBOLS: SORTED ALPHABETICALLY BY Name 

address   name                          
-------   ----                          
00000741  ADC14_IRQHandler              
00000741  ADC14_IRQHandler              
00000c25  ADC14init                     
000032b3  AES256_IRQHandler             
20000024  AMPM                          
20000028  AMPM2                         
000032b3  BusFault_Handler              
000032cd  C$$EXIT                       
000032b3  COMP_E0_IRQHandler            
000032b3  COMP_E1_IRQHandler            
000032b3  CS_IRQHandler                 
000032b3  DMA_ERR_IRQHandler            
000032b3  DMA_INT0_IRQHandler           
000032b3  DMA_INT1_IRQHandler           
000032b3  DMA_INT2_IRQHandler           
000032b3  DMA_INT3_IRQHandler           
000032b3  DebugMon_Handler              
000032b3  Default_Handler               
000032b3  EUSCIA0_IRQHandler            
000032b3  EUSCIA1_IRQHandler            
000032b3  EUSCIA2_IRQHandler            
000032b3  EUSCIA3_IRQHandler            
000032b3  EUSCIB0_IRQHandler            
000032b3  EUSCIB1_IRQHandler            
000032b3  EUSCIB2_IRQHandler            
000032b3  EUSCIB3_IRQHandler            
000032b3  FLCTL_IRQHandler              
000032b3  FPU_IRQHandler                
000032b3  HardFault_Handler             
00000e35  LCD_init                      
00000c8f  LEDT32interrupt               
00000ca9  LED_init                      
000032b3  MemManage_Handler             
000032b3  NMI_Handler                   
000032b3  PCM_IRQHandler                
0000033d  PORT1_IRQHandler              
0000033d  PORT1_IRQHandler              
000032b3  PORT2_IRQHandler              
000032b3  PORT3_IRQHandler              
000003d9  PORT4_IRQHandler              
000003d9  PORT4_IRQHandler              
000032b3  PORT5_IRQHandler              
000032b3  PORT6_IRQHandler              
000032b3  PSS_IRQHandler                
000032b3  PendSV_Handler                
00000611  RTC_C_IRQHandler              
00000611  RTC_C_IRQHandler              
20000010  RTC_flag                      
000032a7  Reset_Handler                 
000032b3  SVC_Handler                   
000032b3  SysTick_Handler               
00001049  SysTick_Init                  
2000003c  SystemCoreClock               
00001b2d  SystemCoreClockUpdate         
00001da5  SystemInit                    
000002e5  T32_INT1_IRQHandler           
000002e5  T32_INT1_IRQHandler           
000002f7  T32_INT2_IRQHandler           
000002f7  T32_INT2_IRQHandler           
000032b3  T32_INTC_IRQHandler           
000032b3  TA0_0_IRQHandler              
000032b3  TA0_N_IRQHandler              
000032b3  TA1_0_IRQHandler              
000032b3  TA1_N_IRQHandler              
000032b3  TA2_0_IRQHandler              
000032b3  TA2_N_IRQHandler              
000032b3  TA3_0_IRQHandler              
00000881  TA3_N_IRQHandler              
00000881  TA3_N_IRQHandler              
000032b3  UsageFault_Handler            
4000480c  WDTCTL_SYM                    
000032b3  WDT_A_IRQHandler              
20010000  __STACK_END                   
00000200  __STACK_SIZE                  
00003400  __TI_CINIT_Base               
00003410  __TI_CINIT_Limit              
000033ec  __TI_Handler_Table_Base       
000033f8  __TI_Handler_Table_Limit      
000030a1  __TI_auto_init_nobinit_nopinit
00002e43  __TI_decompress_lzss          
00003299  __TI_decompress_none          
ffffffff  __TI_pprof_out_hndl           
000010cd  __TI_printfi                  
ffffffff  __TI_prof_data_size           
ffffffff  __TI_prof_data_start          
00000000  __TI_static_base__            
00003275  __TI_zero_init_nomemset       
00002be1  __aeabi_cdcmpeq               
00002be1  __aeabi_cdcmple               
00002c67  __aeabi_cdrcmple              
00002dd5  __aeabi_d2f                   
00003059  __aeabi_d2iz                  
000022ab  __aeabi_dadd                  
00002595  __aeabi_ddiv                  
00002901  __aeabi_dmul                  
000022a1  __aeabi_dsub                  
000032c1  __aeabi_errno_addr            
0000319d  __aeabi_f2d                   
000031d5  __aeabi_i2d                   
00001b2b  __aeabi_idiv0                 
00001b2b  __aeabi_ldiv0                 
00002ced  __aeabi_memclr                
00002ced  __aeabi_memclr4               
00002ced  __aeabi_memclr8               
00002aaf  __aeabi_memcpy                
00002aaf  __aeabi_memcpy4               
00002aaf  __aeabi_memcpy8               
00002cef  __aeabi_memset                
00002cef  __aeabi_memset4               
00002cef  __aeabi_memset8               
00002b4b  __aeabi_uldivmod              
ffffffff  __binit__                     
ffffffff  __c_args__                    
UNDEFED   __mpu_init                    
2000fe00  __stack                       
00003165  _c_int00_noargs               
000032d0  _ctypes_                      
UNDEFED   _system_post_cinit            
000032c9  _system_pre_init              
000032cd  abort                         
2000004b  alarm                         
20000018  alarmFlag                     
2000001c  alarmPresses                  
0000300d  atoi                          
ffffffff  binit                         
20000034  blinkFlag                     
00000ef1  commandWrite                  
00000bd5  configRTC                     
0000324d  copysign                      
0000324d  copysignl                     
00000f41  dataWrite                     
0000025b  displayAMPM                   
000001c9  displayAlarm                  
00000d11  displayAt                     
000002ab  displayHour                   
00000291  displayMin                    
20000038  errno                         
00002ead  frexp                         
00002ead  frexpl                        
00000afd  intAlarm                      
00000a31  intBlinkTimerA                
00000b81  intButtons                    
00000aa5  intLCDBrightness              
00000b21  intSpeedButton                
00000000  interruptVectors              
000027f1  ldexp                         
000027f1  ldexpl                        
20000030  lightBrightness               
2000002c  lightsOn                      
00002f67  ltoa                          
00000111  main                          
00003203  memccpy                       
00002aaf  memcpy                        
00002cf5  memset                        
20000048  now                           
00001015  pulseEnablePin                
00000f99  pushByte                      
00000fdd  pushNibble                    
2000000c  raw                           
000027f1  scalbn                        
000027f1  scalbnl                       
20000020  speed                         
000030e5  sprintf                       
00003237  strchr                        
00003261  strlen                        
00001065  sysTickDelay_ms               
0000108b  sysTickDelay_us               
20000040  tempAr                        
20000000  tempC                         
20000004  tempF                         
00000c79  tempT32interrupt              
20000044  time                          
20000014  timePresses                   
00000245  toggleAMPM                    
00000219  toggleAMPM2                   
0000019d  toggleAlarm                   
20000008  voltage                       
00000191  wakeUpLights                  
00003287  wcslen                        


GLOBAL SYMBOLS: SORTED BY Symbol Address 

address   name                          
-------   ----                          
00000000  __TI_static_base__            
00000000  interruptVectors              
00000111  main                          
00000191  wakeUpLights                  
0000019d  toggleAlarm                   
000001c9  displayAlarm                  
00000200  __STACK_SIZE                  
00000219  toggleAMPM2                   
00000245  toggleAMPM                    
0000025b  displayAMPM                   
00000291  displayMin                    
000002ab  displayHour                   
000002e5  T32_INT1_IRQHandler           
000002e5  T32_INT1_IRQHandler           
000002f7  T32_INT2_IRQHandler           
000002f7  T32_INT2_IRQHandler           
0000033d  PORT1_IRQHandler              
0000033d  PORT1_IRQHandler              
000003d9  PORT4_IRQHandler              
000003d9  PORT4_IRQHandler              
00000611  RTC_C_IRQHandler              
00000611  RTC_C_IRQHandler              
00000741  ADC14_IRQHandler              
00000741  ADC14_IRQHandler              
00000881  TA3_N_IRQHandler              
00000881  TA3_N_IRQHandler              
00000a31  intBlinkTimerA                
00000aa5  intLCDBrightness              
00000afd  intAlarm                      
00000b21  intSpeedButton                
00000b81  intButtons                    
00000bd5  configRTC                     
00000c25  ADC14init                     
00000c79  tempT32interrupt              
00000c8f  LEDT32interrupt               
00000ca9  LED_init                      
00000d11  displayAt                     
00000e35  LCD_init                      
00000ef1  commandWrite                  
00000f41  dataWrite                     
00000f99  pushByte                      
00000fdd  pushNibble                    
00001015  pulseEnablePin                
00001049  SysTick_Init                  
00001065  sysTickDelay_ms               
0000108b  sysTickDelay_us               
000010cd  __TI_printfi                  
00001b2b  __aeabi_idiv0                 
00001b2b  __aeabi_ldiv0                 
00001b2d  SystemCoreClockUpdate         
00001da5  SystemInit                    
000022a1  __aeabi_dsub                  
000022ab  __aeabi_dadd                  
00002595  __aeabi_ddiv                  
000027f1  ldexp                         
000027f1  ldexpl                        
000027f1  scalbn                        
000027f1  scalbnl                       
00002901  __aeabi_dmul                  
00002aaf  __aeabi_memcpy                
00002aaf  __aeabi_memcpy4               
00002aaf  __aeabi_memcpy8               
00002aaf  memcpy                        
00002b4b  __aeabi_uldivmod              
00002be1  __aeabi_cdcmpeq               
00002be1  __aeabi_cdcmple               
00002c67  __aeabi_cdrcmple              
00002ced  __aeabi_memclr                
00002ced  __aeabi_memclr4               
00002ced  __aeabi_memclr8               
00002cef  __aeabi_memset                
00002cef  __aeabi_memset4               
00002cef  __aeabi_memset8               
00002cf5  memset                        
00002dd5  __aeabi_d2f                   
00002e43  __TI_decompress_lzss          
00002ead  frexp                         
00002ead  frexpl                        
00002f67  ltoa                          
0000300d  atoi                          
00003059  __aeabi_d2iz                  
000030a1  __TI_auto_init_nobinit_nopinit
000030e5  sprintf                       
00003165  _c_int00_noargs               
0000319d  __aeabi_f2d                   
000031d5  __aeabi_i2d                   
00003203  memccpy                       
00003237  strchr                        
0000324d  copysign                      
0000324d  copysignl                     
00003261  strlen                        
00003275  __TI_zero_init_nomemset       
00003287  wcslen                        
00003299  __TI_decompress_none          
000032a7  Reset_Handler                 
000032b3  AES256_IRQHandler             
000032b3  BusFault_Handler              
000032b3  COMP_E0_IRQHandler            
000032b3  COMP_E1_IRQHandler            
000032b3  CS_IRQHandler                 
000032b3  DMA_ERR_IRQHandler            
000032b3  DMA_INT0_IRQHandler           
000032b3  DMA_INT1_IRQHandler           
000032b3  DMA_INT2_IRQHandler           
000032b3  DMA_INT3_IRQHandler           
000032b3  DebugMon_Handler              
000032b3  Default_Handler               
000032b3  EUSCIA0_IRQHandler            
000032b3  EUSCIA1_IRQHandler            
000032b3  EUSCIA2_IRQHandler            
000032b3  EUSCIA3_IRQHandler            
000032b3  EUSCIB0_IRQHandler            
000032b3  EUSCIB1_IRQHandler            
000032b3  EUSCIB2_IRQHandler            
000032b3  EUSCIB3_IRQHandler            
000032b3  FLCTL_IRQHandler              
000032b3  FPU_IRQHandler                
000032b3  HardFault_Handler             
000032b3  MemManage_Handler             
000032b3  NMI_Handler                   
000032b3  PCM_IRQHandler                
000032b3  PORT2_IRQHandler              
000032b3  PORT3_IRQHandler              
000032b3  PORT5_IRQHandler              
000032b3  PORT6_IRQHandler              
000032b3  PSS_IRQHandler                
000032b3  PendSV_Handler                
000032b3  SVC_Handler                   
000032b3  SysTick_Handler               
000032b3  T32_INTC_IRQHandler           
000032b3  TA0_0_IRQHandler              
000032b3  TA0_N_IRQHandler              
000032b3  TA1_0_IRQHandler              
000032b3  TA1_N_IRQHandler              
000032b3  TA2_0_IRQHandler              
000032b3  TA2_N_IRQHandler              
000032b3  TA3_0_IRQHandler              
000032b3  UsageFault_Handler            
000032b3  WDT_A_IRQHandler              
000032c1  __aeabi_errno_addr            
000032c9  _system_pre_init              
000032cd  C$$EXIT                       
000032cd  abort                         
000032d0  _ctypes_                      
000033ec  __TI_Handler_Table_Base       
000033f8  __TI_Handler_Table_Limit      
00003400  __TI_CINIT_Base               
00003410  __TI_CINIT_Limit              
20000000  tempC                         
20000004  tempF                         
20000008  voltage                       
2000000c  raw                           
20000010  RTC_flag                      
20000014  timePresses                   
20000018  alarmFlag                     
2000001c  alarmPresses                  
20000020  speed                         
20000024  AMPM                          
20000028  AMPM2                         
2000002c  lightsOn                      
20000030  lightBrightness               
20000034  blinkFlag                     
20000038  errno                         
2000003c  SystemCoreClock               
20000040  tempAr                        
20000044  time                          
20000048  now                           
2000004b  alarm                         
2000fe00  __stack                       
20010000  __STACK_END                   
4000480c  WDTCTL_SYM                    
ffffffff  __TI_pprof_out_hndl           
ffffffff  __TI_prof_data_size           
ffffffff  __TI_prof_data_start          
ffffffff  __binit__                     
ffffffff  __c_args__                    
ffffffff  binit                         
UNDEFED   __mpu_init                    
UNDEFED   _system_post_cinit            

[179 symbols]
