******************************************************************************
                  TI ARM Linker PC v18.1.4                     
******************************************************************************
>> Linked Wed Dec  5 20:50:55 2018

OUTPUT FILE NAME:   <Final Project.out>
ENTRY POINT SYMBOL: "_c_int00_noargs"  address: 00003afd


MEMORY CONFIGURATION

         name            origin    length      used     unused   attr    fill
----------------------  --------  ---------  --------  --------  ----  --------
  MAIN                  00000000   00040000  00003dfd  0003c203  R  X
  INFO                  00200000   00004000  00000000  00004000  R  X
  SRAM_CODE             01000000   00010000  000002df  0000fd21  RW X
  SRAM_DATA             20000000   00010000  000002df  0000fd21  RW  


SEGMENT ALLOCATION MAP

run origin  load origin   length   init length attrs members
----------  ----------- ---------- ----------- ----- -------
00000000    00000000    00003e00   00003e00    r-x
  00000000    00000000    000000e4   000000e4    r-- .intvecs
  000000e4    000000e4    00003bd0   00003bd0    r-x .text
  00003cb4    00003cb4    00000101   00000101    r-- .const
  00003db8    00003db8    00000048   00000048    r-- .cinit
20000000    20000000    000000e0   00000000    rw-
  20000000    20000000    00000073   00000000    rw- .bss
  20000074    20000074    0000006c   00000000    rw- .data
2000fe00    2000fe00    00000200   00000000    rw-
  2000fe00    2000fe00    00000200   00000000    rw- .stack


SECTION ALLOCATION MAP

 output                                  attributes/
section   page    origin      length       input sections
--------  ----  ----------  ----------   ----------------
.intvecs   0    00000000    000000e4     
                  00000000    000000e4     startup_msp432p401r_ccs.obj (.intvecs:retain)

.text      0    000000e4    00003bd0     
                  000000e4    0000193c     main.obj (.text)
                  00001a20    00000a5e     rtsv7M4_T_le_v4SPD16_eabi.lib : _printfi.c.obj (.text:__TI_printfi)
                  0000247e    00000002                                   : div0.asm.obj (.text)
                  00002480    00000334     system_msp432p401r.obj (.text)
                  000027b4    00000270     rtsv7M4_T_le_v4SPD16_eabi.lib : _printfi.c.obj (.text:_pconv_a)
                  00002a24    000001d0                                   : _printfi.c.obj (.text:_pconv_g)
                  00002bf4    000001b6                                   : fd_add_t2.asm.obj (.text)
                  00002daa    00000002     --HOLE-- [fill = 0]
                  00002dac    0000013c                                   : _printfi.c.obj (.text:_pconv_e)
                  00002ee8    00000136                                   : fd_div_t2.asm.obj (.text)
                  0000301e    00000002     --HOLE-- [fill = 0]
                  00003020    00000124                                   : _printfi.c.obj (.text:fcvt)
                  00003144    00000110                                   : s_scalbn.c.obj (.text:scalbn)
                  00003254    000000fc                                   : fd_mul_t2.asm.obj (.text)
                  00003350    000000b1                                   : _printfi.c.obj (.text:_ltostr)
                  00003401    00000001     --HOLE-- [fill = 0]
                  00003402    0000009c                                   : memcpy_t2.asm.obj (.text)
                  0000349e    00000096                                   : ull_div_t2.asm.obj (.text)
                  00003534    00000086                                   : fd_cmp_t2.asm.obj (.text:__aeabi_cdcmple)
                  000035ba    00000086                                   : fd_cmp_t2.asm.obj (.text:__aeabi_cdrcmple)
                  00003640    0000007a                                   : memset_t2.asm.obj (.text)
                  000036ba    0000006e                                   : _printfi.c.obj (.text:_mcpy)
                  00003728    0000006e                                   : fd_tos_t2.asm.obj (.text)
                  00003796    00000068                                   : copy_decompress_lzss.c.obj (.text:decompress:lzss:__TI_decompress_lzss)
                  000037fe    00000002     --HOLE-- [fill = 0]
                  00003800    00000064                                   : s_frexp.c.obj (.text:frexp)
                  00003864    00000056                                   : _printfi.c.obj (.text:_pconv_f)
                  000038ba    00000054                                   : ltoa.c.obj (.text:ltoa)
                  0000390e    00000052                                   : _printfi.c.obj (.text:_ecpy)
                  00003960    0000004c                                   : atoi.c.obj (.text:atoi)
                  000039ac    00000048                                   : fd_toi_t2.asm.obj (.text)
                  000039f4    00000044                                   : autoinit.c.obj (.text:__TI_auto_init_nobinit_nopinit:__TI_auto_init_nobinit_nopinit)
                  00003a38    00000044                                   : fd_tou_t2.asm.obj (.text)
                  00003a7c    00000040                                   : sprintf.c.obj (.text:sprintf)
                  00003abc    0000003e                                   : _printfi.c.obj (.text:_fcpy)
                  00003afa    00000002     --HOLE-- [fill = 0]
                  00003afc    00000038                                   : boot_cortex_m.c.obj (.text:_c_int00_noargs:_c_int00_noargs)
                  00003b34    00000038                                   : fs_tod_t2.asm.obj (.text)
                  00003b6c    0000002e                                   : i_tofd_t2.asm.obj (.text)
                  00003b9a    0000002c                                   : strncmp.c.obj (.text:strncmp)
                  00003bc6    00000020                                   : u_tofd_t2.asm.obj (.text)
                  00003be6    0000001c                                   : memccpy.c.obj (.text:memccpy)
                  00003c02    00000018                                   : sprintf.c.obj (.text:_outs)
                  00003c1a    00000016                                   : strchr.c.obj (.text:strchr)
                  00003c30    00000014                                   : s_copysign.c.obj (.text:copysign)
                  00003c44    00000014                                   : strlen.c.obj (.text:strlen)
                  00003c58    00000012                                   : copy_zero_init.c.obj (.text:decompress:ZI:__TI_zero_init_nomemset:__TI_zero_init_nomemset)
                  00003c6a    00000012                                   : wcslen.c.obj (.text:wcslen)
                  00003c7c    0000000e                                   : copy_decompress_none.c.obj (.text:decompress:none:__TI_decompress_none)
                  00003c8a    0000000e     startup_msp432p401r_ccs.obj (.text)
                  00003c98    0000000a     rtsv7M4_T_le_v4SPD16_eabi.lib : sprintf.c.obj (.text:_outc)
                  00003ca2    00000002     --HOLE-- [fill = 0]
                  00003ca4    00000008                                   : errno.c.obj (.text:__aeabi_errno_addr)
                  00003cac    00000004                                   : pre_init.c.obj (.text:_system_pre_init)
                  00003cb0    00000004                                   : exit.c.obj (.text:abort:abort)

.const     0    00003cb4    00000101     
                  00003cb4    00000101     rtsv7M4_T_le_v4SPD16_eabi.lib : ctype.c.obj (.const:.string:_ctypes_)

.cinit     0    00003db8    00000048     
                  00003db8    0000001e     (.cinit..data.load) [load image, compression = lzss]
                  00003dd6    00000002     --HOLE-- [fill = 0]
                  00003dd8    0000000c     (__TI_handler_table)
                  00003de4    00000004     --HOLE-- [fill = 0]
                  00003de8    00000008     (.cinit..bss.load) [load image, compression = zero_init]
                  00003df0    00000010     (__TI_cinit_table)

.init_array 
*          0    00000000    00000000     UNINITIALIZED

.binit     0    00000000    00000000     

.bss       0    20000000    00000073     UNINITIALIZED
                  20000000    00000064     (.common:INPUT_BUFFER)
                  20000064    00000004     (.common:tempAr)
                  20000068    00000004     (.common:time)
                  2000006c    00000003     (.common:now)
                  2000006f    00000002     (.common:alarm)
                  20000071    00000002     (.common:master)

.data      0    20000074    0000006c     UNINITIALIZED
                  20000074    00000061     main.obj (.data)
                  200000d5    00000003     --HOLE--
                  200000d8    00000004     rtsv7M4_T_le_v4SPD16_eabi.lib : errno.c.obj (.data)
                  200000dc    00000004     system_msp432p401r.obj (.data)

.stack     0    2000fe00    00000200     UNINITIALIZED
                  2000fe00    00000004     rtsv7M4_T_le_v4SPD16_eabi.lib : boot_cortex_m.c.obj (.stack)
                  2000fe04    000001fc     --HOLE--

MODULE SUMMARY

       Module                        code    ro data   rw data
       ------                        ----    -------   -------
    .\
       main.obj                      6460    0         424    
       system_msp432p401r.obj        820     0         8      
       startup_msp432p401r_ccs.obj   14      228       0      
    +--+-----------------------------+-------+---------+---------+
       Total:                        7294    228       432    
                                                              
    C:\ti\ccsv8\tools\compiler\ti-cgt-arm_18.1.4.LTS\lib\rtsv7M4_T_le_v4SPD16_eabi.lib
       _printfi.c.obj                4867    0         0      
       fd_add_t2.asm.obj             438     0         0      
       fd_div_t2.asm.obj             310     0         0      
       s_scalbn.c.obj                272     0         0      
       fd_cmp_t2.asm.obj             268     0         0      
       ctype.c.obj                   0       257       0      
       fd_mul_t2.asm.obj             252     0         0      
       memcpy_t2.asm.obj             156     0         0      
       ull_div_t2.asm.obj            150     0         0      
       memset_t2.asm.obj             122     0         0      
       fd_tos_t2.asm.obj             110     0         0      
       copy_decompress_lzss.c.obj    104     0         0      
       s_frexp.c.obj                 100     0         0      
       sprintf.c.obj                 98      0         0      
       ltoa.c.obj                    84      0         0      
       atoi.c.obj                    76      0         0      
       fd_toi_t2.asm.obj             72      0         0      
       autoinit.c.obj                68      0         0      
       fd_tou_t2.asm.obj             68      0         0      
       boot_cortex_m.c.obj           56      0         0      
       fs_tod_t2.asm.obj             56      0         0      
       i_tofd_t2.asm.obj             46      0         0      
       strncmp.c.obj                 44      0         0      
       u_tofd_t2.asm.obj             32      0         0      
       memccpy.c.obj                 28      0         0      
       strchr.c.obj                  22      0         0      
       s_copysign.c.obj              20      0         0      
       strlen.c.obj                  20      0         0      
       copy_zero_init.c.obj          18      0         0      
       wcslen.c.obj                  18      0         0      
       errno.c.obj                   8       0         8      
       copy_decompress_none.c.obj    14      0         0      
       exit.c.obj                    4       0         0      
       pre_init.c.obj                4       0         0      
       div0.asm.obj                  2       0         0      
    +--+-----------------------------+-------+---------+---------+
       Total:                        8007    257       8      
                                                              
       Stack:                        0       0         1024   
       Linker Generated:             0       66        0      
    +--+-----------------------------+-------+---------+---------+
       Grand Total:                  15301   551       1464   


LINKER GENERATED COPY TABLES

__TI_cinit_table @ 00003df0 records: 2, size/record: 8, table size: 16
	.data: load addr=00003db8, load size=0000001e bytes, run addr=20000074, run size=0000006c bytes, compression=lzss
	.bss: load addr=00003de8, load size=00000008 bytes, run addr=20000000, run size=00000073 bytes, compression=zero_init


LINKER GENERATED HANDLER TABLE

__TI_handler_table @ 00003dd8 records: 3, size/record: 4, table size: 12
	index: 0, handler: __TI_decompress_lzss
	index: 1, handler: __TI_decompress_none
	index: 2, handler: __TI_zero_init


GLOBAL SYMBOLS: SORTED ALPHABETICALLY BY Name 

address   name                          
-------   ----                          
00000e7d  ADC14_IRQHandler              
00000e7d  ADC14_IRQHandler              
000013ef  ADC14init                     
00003c97  AES256_IRQHandler             
200000b4  AMPM                          
200000b8  AMPM2                         
00003c97  BusFault_Handler              
00003cb1  C$$EXIT                       
00003c97  COMP_E0_IRQHandler            
00003c97  COMP_E1_IRQHandler            
00003c97  CS_IRQHandler                 
00003c97  DMA_ERR_IRQHandler            
00003c97  DMA_INT0_IRQHandler           
00003c97  DMA_INT1_IRQHandler           
00003c97  DMA_INT2_IRQHandler           
00003c97  DMA_INT3_IRQHandler           
00003c97  DebugMon_Handler              
00003c97  Default_Handler               
0000163d  EUSCIA0_IRQHandler            
0000163d  EUSCIA0_IRQHandler            
00003c97  EUSCIA1_IRQHandler            
00003c97  EUSCIA2_IRQHandler            
00003c97  EUSCIA3_IRQHandler            
00003c97  EUSCIB0_IRQHandler            
00003c97  EUSCIB1_IRQHandler            
00003c97  EUSCIB2_IRQHandler            
00003c97  EUSCIB3_IRQHandler            
00003c97  FLCTL_IRQHandler              
00003c97  FPU_IRQHandler                
00003c97  HardFault_Handler             
20000000  INPUT_BUFFER                  
000017ed  LCD_init                      
200000c4  LCDbrightness                 
0000145d  LEDT32interrupt               
0000147f  LED_init                      
00003c97  MemManage_Handler             
00003c97  NMI_Handler                   
00003c97  PCM_IRQHandler                
000007f3  PORT1_IRQHandler              
000007f3  PORT1_IRQHandler              
00003c97  PORT2_IRQHandler              
00003c97  PORT3_IRQHandler              
00000875  PORT4_IRQHandler              
00000875  PORT4_IRQHandler              
00003c97  PORT5_IRQHandler              
00003c97  PORT6_IRQHandler              
00003c97  PSS_IRQHandler                
00003c97  PendSV_Handler                
00000c21  RTC_C_IRQHandler              
00000c21  RTC_C_IRQHandler              
20000094  RTC_flag                      
00003c8b  Reset_Handler                 
00003c97  SVC_Handler                   
00003c97  SysTick_Handler               
0000199d  SysTick_Init                  
200000dc  SystemCoreClock               
00002481  SystemCoreClockUpdate         
000026f9  SystemInit                    
00000693  T32_INT1_IRQHandler           
00000693  T32_INT1_IRQHandler           
000006c1  T32_INT2_IRQHandler           
000006c1  T32_INT2_IRQHandler           
00003c97  T32_INTC_IRQHandler           
00003c97  TA0_0_IRQHandler              
00003c97  TA0_N_IRQHandler              
00003c97  TA1_0_IRQHandler              
00003c97  TA1_N_IRQHandler              
00003c97  TA2_0_IRQHandler              
00000669  TA2_N_IRQHandler              
00000669  TA2_N_IRQHandler              
00003c97  TA3_0_IRQHandler              
00001041  TA3_N_IRQHandler              
00001041  TA3_N_IRQHandler              
00003c97  UsageFault_Handler            
4000480c  WDTCTL_SYM                    
00003c97  WDT_A_IRQHandler              
20010000  __STACK_END                   
00000200  __STACK_SIZE                  
00003df0  __TI_CINIT_Base               
00003e00  __TI_CINIT_Limit              
00003dd8  __TI_Handler_Table_Base       
00003de4  __TI_Handler_Table_Limit      
000039f5  __TI_auto_init_nobinit_nopinit
00003797  __TI_decompress_lzss          
00003c7d  __TI_decompress_none          
ffffffff  __TI_pprof_out_hndl           
00001a21  __TI_printfi                  
ffffffff  __TI_prof_data_size           
ffffffff  __TI_prof_data_start          
00000000  __TI_static_base__            
00003c59  __TI_zero_init_nomemset       
00003535  __aeabi_cdcmpeq               
00003535  __aeabi_cdcmple               
000035bb  __aeabi_cdrcmple              
00003729  __aeabi_d2f                   
000039ad  __aeabi_d2iz                  
00003a39  __aeabi_d2uiz                 
00002bff  __aeabi_dadd                  
00002ee9  __aeabi_ddiv                  
00003255  __aeabi_dmul                  
00002bf5  __aeabi_dsub                  
00003ca5  __aeabi_errno_addr            
00003b35  __aeabi_f2d                   
00003b6d  __aeabi_i2d                   
0000247f  __aeabi_idiv0                 
0000247f  __aeabi_ldiv0                 
00003641  __aeabi_memclr                
00003641  __aeabi_memclr4               
00003641  __aeabi_memclr8               
00003403  __aeabi_memcpy                
00003403  __aeabi_memcpy4               
00003403  __aeabi_memcpy8               
00003643  __aeabi_memset                
00003643  __aeabi_memset4               
00003643  __aeabi_memset8               
00003bc7  __aeabi_ui2d                  
0000349f  __aeabi_uldivmod              
ffffffff  __binit__                     
ffffffff  __c_args__                    
UNDEFED   __mpu_init                    
2000fe00  __stack                       
00003afd  _c_int00_noargs               
00003cb4  _ctypes_                      
UNDEFED   _system_post_cinit            
00003cad  _system_pre_init              
00003cb1  abort                         
2000006f  alarm                         
2000009c  alarmFlag                     
200000a4  alarmPresses                  
200000a0  alarmSoundFlag                
00003961  atoi                          
ffffffff  binit                         
200000c8  blinkFlag                     
0000188d  commandWrite                  
000013a1  configRTC                     
00003c31  copysign                      
00003c31  copysignl                     
000018d1  dataWrite                     
000005cd  displayAMPM                   
00000509  displayAlarm                  
000016f5  displayAt                     
0000062f  displayHour                   
00000615  displayMin                    
20000078  duty                          
200000d8  errno                         
0000030d  extractTimeSerial             
00003801  frexp                         
00003801  frexpl                        
000012b1  intAlarm                      
00001205  intBlinkTimerA                
0000134d  intButtons                    
00001265  intLCDBrightness              
000012eb  intSpeedButton                
00000000  interruptVectors              
00003145  ldexp                         
00003145  ldexpl                        
200000c0  lightBrightness               
200000ac  lightOn                       
200000bc  lightsOn                      
000038bb  ltoa                          
00000111  main                          
20000071  master                        
00003be7  memccpy                       
00003403  memcpy                        
00003649  memset                        
2000006c  now                           
00001963  pulseEnablePin                
00001907  pushByte                      
00001931  pushNibble                    
20000088  raw                           
2000008c  raw1                          
00001595  readInput                     
20000075  read_location                 
200000b0  resetNeeded                   
00003145  scalbn                        
00003145  scalbnl                       
000014b7  setupSerial                   
200000cc  speakerFlag                   
200000d0  speakerFlag1                  
200000a8  speed                         
00003a7d  sprintf                       
200000d4  state                         
20000074  storage_location              
00003c1b  strchr                        
00003c45  strlen                        
00003b9b  strncmp                       
000019b9  sysTickDelay_ms               
000019df  sysTickDelay_us               
20000064  tempAr                        
2000007c  tempC                         
20000080  tempF                         
00001441  tempT32interrupt              
20000068  time                          
20000098  timePresses                   
000005b7  toggleAMPM                    
0000057f  toggleAMPM2                   
000004ad  toggleAlarm                   
20000084  voltage                       
20000090  voltage1                      
00000469  wakeUpLights                  
00003c6b  wcslen                        
0000151b  writeOutput                   


GLOBAL SYMBOLS: SORTED BY Symbol Address 

address   name                          
-------   ----                          
00000000  __TI_static_base__            
00000000  interruptVectors              
00000111  main                          
00000200  __STACK_SIZE                  
0000030d  extractTimeSerial             
00000469  wakeUpLights                  
000004ad  toggleAlarm                   
00000509  displayAlarm                  
0000057f  toggleAMPM2                   
000005b7  toggleAMPM                    
000005cd  displayAMPM                   
00000615  displayMin                    
0000062f  displayHour                   
00000669  TA2_N_IRQHandler              
00000669  TA2_N_IRQHandler              
00000693  T32_INT1_IRQHandler           
00000693  T32_INT1_IRQHandler           
000006c1  T32_INT2_IRQHandler           
000006c1  T32_INT2_IRQHandler           
000007f3  PORT1_IRQHandler              
000007f3  PORT1_IRQHandler              
00000875  PORT4_IRQHandler              
00000875  PORT4_IRQHandler              
00000c21  RTC_C_IRQHandler              
00000c21  RTC_C_IRQHandler              
00000e7d  ADC14_IRQHandler              
00000e7d  ADC14_IRQHandler              
00001041  TA3_N_IRQHandler              
00001041  TA3_N_IRQHandler              
00001205  intBlinkTimerA                
00001265  intLCDBrightness              
000012b1  intAlarm                      
000012eb  intSpeedButton                
0000134d  intButtons                    
000013a1  configRTC                     
000013ef  ADC14init                     
00001441  tempT32interrupt              
0000145d  LEDT32interrupt               
0000147f  LED_init                      
000014b7  setupSerial                   
0000151b  writeOutput                   
00001595  readInput                     
0000163d  EUSCIA0_IRQHandler            
0000163d  EUSCIA0_IRQHandler            
000016f5  displayAt                     
000017ed  LCD_init                      
0000188d  commandWrite                  
000018d1  dataWrite                     
00001907  pushByte                      
00001931  pushNibble                    
00001963  pulseEnablePin                
0000199d  SysTick_Init                  
000019b9  sysTickDelay_ms               
000019df  sysTickDelay_us               
00001a21  __TI_printfi                  
0000247f  __aeabi_idiv0                 
0000247f  __aeabi_ldiv0                 
00002481  SystemCoreClockUpdate         
000026f9  SystemInit                    
00002bf5  __aeabi_dsub                  
00002bff  __aeabi_dadd                  
00002ee9  __aeabi_ddiv                  
00003145  ldexp                         
00003145  ldexpl                        
00003145  scalbn                        
00003145  scalbnl                       
00003255  __aeabi_dmul                  
00003403  __aeabi_memcpy                
00003403  __aeabi_memcpy4               
00003403  __aeabi_memcpy8               
00003403  memcpy                        
0000349f  __aeabi_uldivmod              
00003535  __aeabi_cdcmpeq               
00003535  __aeabi_cdcmple               
000035bb  __aeabi_cdrcmple              
00003641  __aeabi_memclr                
00003641  __aeabi_memclr4               
00003641  __aeabi_memclr8               
00003643  __aeabi_memset                
00003643  __aeabi_memset4               
00003643  __aeabi_memset8               
00003649  memset                        
00003729  __aeabi_d2f                   
00003797  __TI_decompress_lzss          
00003801  frexp                         
00003801  frexpl                        
000038bb  ltoa                          
00003961  atoi                          
000039ad  __aeabi_d2iz                  
000039f5  __TI_auto_init_nobinit_nopinit
00003a39  __aeabi_d2uiz                 
00003a7d  sprintf                       
00003afd  _c_int00_noargs               
00003b35  __aeabi_f2d                   
00003b6d  __aeabi_i2d                   
00003b9b  strncmp                       
00003bc7  __aeabi_ui2d                  
00003be7  memccpy                       
00003c1b  strchr                        
00003c31  copysign                      
00003c31  copysignl                     
00003c45  strlen                        
00003c59  __TI_zero_init_nomemset       
00003c6b  wcslen                        
00003c7d  __TI_decompress_none          
00003c8b  Reset_Handler                 
00003c97  AES256_IRQHandler             
00003c97  BusFault_Handler              
00003c97  COMP_E0_IRQHandler            
00003c97  COMP_E1_IRQHandler            
00003c97  CS_IRQHandler                 
00003c97  DMA_ERR_IRQHandler            
00003c97  DMA_INT0_IRQHandler           
00003c97  DMA_INT1_IRQHandler           
00003c97  DMA_INT2_IRQHandler           
00003c97  DMA_INT3_IRQHandler           
00003c97  DebugMon_Handler              
00003c97  Default_Handler               
00003c97  EUSCIA1_IRQHandler            
00003c97  EUSCIA2_IRQHandler            
00003c97  EUSCIA3_IRQHandler            
00003c97  EUSCIB0_IRQHandler            
00003c97  EUSCIB1_IRQHandler            
00003c97  EUSCIB2_IRQHandler            
00003c97  EUSCIB3_IRQHandler            
00003c97  FLCTL_IRQHandler              
00003c97  FPU_IRQHandler                
00003c97  HardFault_Handler             
00003c97  MemManage_Handler             
00003c97  NMI_Handler                   
00003c97  PCM_IRQHandler                
00003c97  PORT2_IRQHandler              
00003c97  PORT3_IRQHandler              
00003c97  PORT5_IRQHandler              
00003c97  PORT6_IRQHandler              
00003c97  PSS_IRQHandler                
00003c97  PendSV_Handler                
00003c97  SVC_Handler                   
00003c97  SysTick_Handler               
00003c97  T32_INTC_IRQHandler           
00003c97  TA0_0_IRQHandler              
00003c97  TA0_N_IRQHandler              
00003c97  TA1_0_IRQHandler              
00003c97  TA1_N_IRQHandler              
00003c97  TA2_0_IRQHandler              
00003c97  TA3_0_IRQHandler              
00003c97  UsageFault_Handler            
00003c97  WDT_A_IRQHandler              
00003ca5  __aeabi_errno_addr            
00003cad  _system_pre_init              
00003cb1  C$$EXIT                       
00003cb1  abort                         
00003cb4  _ctypes_                      
00003dd8  __TI_Handler_Table_Base       
00003de4  __TI_Handler_Table_Limit      
00003df0  __TI_CINIT_Base               
00003e00  __TI_CINIT_Limit              
20000000  INPUT_BUFFER                  
20000064  tempAr                        
20000068  time                          
2000006c  now                           
2000006f  alarm                         
20000071  master                        
20000074  storage_location              
20000075  read_location                 
20000078  duty                          
2000007c  tempC                         
20000080  tempF                         
20000084  voltage                       
20000088  raw                           
2000008c  raw1                          
20000090  voltage1                      
20000094  RTC_flag                      
20000098  timePresses                   
2000009c  alarmFlag                     
200000a0  alarmSoundFlag                
200000a4  alarmPresses                  
200000a8  speed                         
200000ac  lightOn                       
200000b0  resetNeeded                   
200000b4  AMPM                          
200000b8  AMPM2                         
200000bc  lightsOn                      
200000c0  lightBrightness               
200000c4  LCDbrightness                 
200000c8  blinkFlag                     
200000cc  speakerFlag                   
200000d0  speakerFlag1                  
200000d4  state                         
200000d8  errno                         
200000dc  SystemCoreClock               
2000fe00  __stack                       
20010000  __STACK_END                   
4000480c  WDTCTL_SYM                    
ffffffff  __TI_pprof_out_hndl           
ffffffff  __TI_prof_data_size           
ffffffff  __TI_prof_data_start          
ffffffff  __binit__                     
ffffffff  __c_args__                    
ffffffff  binit                         
UNDEFED   __mpu_init                    
UNDEFED   _system_post_cinit            

[202 symbols]
