<?xml version="1.0" encoding="ISO-8859-1" ?>
<link_info>
   <banner>TI ARM Linker Unix v18.1.4.LTS</banner>
   <copyright>Copyright (c) 1996-2018 Texas Instruments Incorporated</copyright>
   <link_time>0x5c01e2e0</link_time>
   <link_errors>0x0</link_errors>
   <output_file>Final Project.out</output_file>
   <entry_point>
      <name>_c_int00_noargs</name>
      <address>0x262d</address>
   </entry_point>
   <input_file_list>
      <input_file id="fl-1">
         <path>./</path>
         <kind>object</kind>
         <file>main.obj</file>
         <name>main.obj</name>
      </input_file>
      <input_file id="fl-2">
         <path>./</path>
         <kind>object</kind>
         <file>startup_msp432p401r_ccs.obj</file>
         <name>startup_msp432p401r_ccs.obj</name>
      </input_file>
      <input_file id="fl-3">
         <path>./</path>
         <kind>object</kind>
         <file>system_msp432p401r.obj</file>
         <name>system_msp432p401r.obj</name>
      </input_file>
      <input_file id="fl-7">
         <kind>object</kind>
         <file>&lt;internal&gt;</file>
         <name>&lt;internal&gt;</name>
      </input_file>
      <input_file id="fl-bd">
         <path>/Applications/ti/ccsv8/tools/compiler/ti-cgt-arm_18.1.4.LTS/lib/</path>
         <kind>archive</kind>
         <file>rtsv7M4_T_le_v4SPD16_eabi.lib</file>
         <name>copy_zero_init.c.obj</name>
      </input_file>
      <input_file id="fl-be">
         <path>/Applications/ti/ccsv8/tools/compiler/ti-cgt-arm_18.1.4.LTS/lib/</path>
         <kind>archive</kind>
         <file>rtsv7M4_T_le_v4SPD16_eabi.lib</file>
         <name>copy_decompress_none.c.obj</name>
      </input_file>
      <input_file id="fl-bf">
         <path>/Applications/ti/ccsv8/tools/compiler/ti-cgt-arm_18.1.4.LTS/lib/</path>
         <kind>archive</kind>
         <file>rtsv7M4_T_le_v4SPD16_eabi.lib</file>
         <name>copy_decompress_lzss.c.obj</name>
      </input_file>
      <input_file id="fl-c0">
         <path>/Applications/ti/ccsv8/tools/compiler/ti-cgt-arm_18.1.4.LTS/lib/</path>
         <kind>archive</kind>
         <file>rtsv7M4_T_le_v4SPD16_eabi.lib</file>
         <name>boot_cortex_m.c.obj</name>
      </input_file>
      <input_file id="fl-c1">
         <path>/Applications/ti/ccsv8/tools/compiler/ti-cgt-arm_18.1.4.LTS/lib/</path>
         <kind>archive</kind>
         <file>rtsv7M4_T_le_v4SPD16_eabi.lib</file>
         <name>exit.c.obj</name>
      </input_file>
      <input_file id="fl-c2">
         <path>/Applications/ti/ccsv8/tools/compiler/ti-cgt-arm_18.1.4.LTS/lib/</path>
         <kind>archive</kind>
         <file>rtsv7M4_T_le_v4SPD16_eabi.lib</file>
         <name>_lock.c.obj</name>
      </input_file>
      <input_file id="fl-c3">
         <path>/Applications/ti/ccsv8/tools/compiler/ti-cgt-arm_18.1.4.LTS/lib/</path>
         <kind>archive</kind>
         <file>rtsv7M4_T_le_v4SPD16_eabi.lib</file>
         <name>args_main.c.obj</name>
      </input_file>
      <input_file id="fl-c4">
         <path>/Applications/ti/ccsv8/tools/compiler/ti-cgt-arm_18.1.4.LTS/lib/</path>
         <kind>archive</kind>
         <file>rtsv7M4_T_le_v4SPD16_eabi.lib</file>
         <name>sprintf.c.obj</name>
      </input_file>
      <input_file id="fl-c5">
         <path>/Applications/ti/ccsv8/tools/compiler/ti-cgt-arm_18.1.4.LTS/lib/</path>
         <kind>archive</kind>
         <file>rtsv7M4_T_le_v4SPD16_eabi.lib</file>
         <name>strlen.c.obj</name>
      </input_file>
      <input_file id="fl-c6">
         <path>/Applications/ti/ccsv8/tools/compiler/ti-cgt-arm_18.1.4.LTS/lib/</path>
         <kind>archive</kind>
         <file>rtsv7M4_T_le_v4SPD16_eabi.lib</file>
         <name>memcpy_t2.asm.obj</name>
      </input_file>
      <input_file id="fl-c7">
         <path>/Applications/ti/ccsv8/tools/compiler/ti-cgt-arm_18.1.4.LTS/lib/</path>
         <kind>archive</kind>
         <file>rtsv7M4_T_le_v4SPD16_eabi.lib</file>
         <name>memset_t2.asm.obj</name>
      </input_file>
      <input_file id="fl-c8">
         <path>/Applications/ti/ccsv8/tools/compiler/ti-cgt-arm_18.1.4.LTS/lib/</path>
         <kind>archive</kind>
         <file>rtsv7M4_T_le_v4SPD16_eabi.lib</file>
         <name>autoinit.c.obj</name>
      </input_file>
      <input_file id="fl-c9">
         <path>/Applications/ti/ccsv8/tools/compiler/ti-cgt-arm_18.1.4.LTS/lib/</path>
         <kind>archive</kind>
         <file>rtsv7M4_T_le_v4SPD16_eabi.lib</file>
         <name>pre_init.c.obj</name>
      </input_file>
      <input_file id="fl-ca">
         <path>/Applications/ti/ccsv8/tools/compiler/ti-cgt-arm_18.1.4.LTS/lib/</path>
         <kind>archive</kind>
         <file>rtsv7M4_T_le_v4SPD16_eabi.lib</file>
         <name>cpy_tbl.c.obj</name>
      </input_file>
      <input_file id="fl-cb">
         <path>/Applications/ti/ccsv8/tools/compiler/ti-cgt-arm_18.1.4.LTS/lib/</path>
         <kind>archive</kind>
         <file>rtsv7M4_T_le_v4SPD16_eabi.lib</file>
         <name>_printfi.c.obj</name>
      </input_file>
      <input_file id="fl-cc">
         <path>/Applications/ti/ccsv8/tools/compiler/ti-cgt-arm_18.1.4.LTS/lib/</path>
         <kind>archive</kind>
         <file>rtsv7M4_T_le_v4SPD16_eabi.lib</file>
         <name>atoi.c.obj</name>
      </input_file>
      <input_file id="fl-cd">
         <path>/Applications/ti/ccsv8/tools/compiler/ti-cgt-arm_18.1.4.LTS/lib/</path>
         <kind>archive</kind>
         <file>rtsv7M4_T_le_v4SPD16_eabi.lib</file>
         <name>ctype.c.obj</name>
      </input_file>
      <input_file id="fl-ce">
         <path>/Applications/ti/ccsv8/tools/compiler/ti-cgt-arm_18.1.4.LTS/lib/</path>
         <kind>archive</kind>
         <file>rtsv7M4_T_le_v4SPD16_eabi.lib</file>
         <name>ltoa.c.obj</name>
      </input_file>
      <input_file id="fl-cf">
         <path>/Applications/ti/ccsv8/tools/compiler/ti-cgt-arm_18.1.4.LTS/lib/</path>
         <kind>archive</kind>
         <file>rtsv7M4_T_le_v4SPD16_eabi.lib</file>
         <name>memccpy.c.obj</name>
      </input_file>
      <input_file id="fl-d0">
         <path>/Applications/ti/ccsv8/tools/compiler/ti-cgt-arm_18.1.4.LTS/lib/</path>
         <kind>archive</kind>
         <file>rtsv7M4_T_le_v4SPD16_eabi.lib</file>
         <name>strchr.c.obj</name>
      </input_file>
      <input_file id="fl-d1">
         <path>/Applications/ti/ccsv8/tools/compiler/ti-cgt-arm_18.1.4.LTS/lib/</path>
         <kind>archive</kind>
         <file>rtsv7M4_T_le_v4SPD16_eabi.lib</file>
         <name>wcslen.c.obj</name>
      </input_file>
      <input_file id="fl-d2">
         <path>/Applications/ti/ccsv8/tools/compiler/ti-cgt-arm_18.1.4.LTS/lib/</path>
         <kind>archive</kind>
         <file>rtsv7M4_T_le_v4SPD16_eabi.lib</file>
         <name>s_frexp.c.obj</name>
      </input_file>
      <input_file id="fl-d3">
         <path>/Applications/ti/ccsv8/tools/compiler/ti-cgt-arm_18.1.4.LTS/lib/</path>
         <kind>archive</kind>
         <file>rtsv7M4_T_le_v4SPD16_eabi.lib</file>
         <name>s_scalbn.c.obj</name>
      </input_file>
      <input_file id="fl-d4">
         <path>/Applications/ti/ccsv8/tools/compiler/ti-cgt-arm_18.1.4.LTS/lib/</path>
         <kind>archive</kind>
         <file>rtsv7M4_T_le_v4SPD16_eabi.lib</file>
         <name>fd_add_t2.asm.obj</name>
      </input_file>
      <input_file id="fl-d5">
         <path>/Applications/ti/ccsv8/tools/compiler/ti-cgt-arm_18.1.4.LTS/lib/</path>
         <kind>archive</kind>
         <file>rtsv7M4_T_le_v4SPD16_eabi.lib</file>
         <name>fd_cmp_t2.asm.obj</name>
      </input_file>
      <input_file id="fl-d6">
         <path>/Applications/ti/ccsv8/tools/compiler/ti-cgt-arm_18.1.4.LTS/lib/</path>
         <kind>archive</kind>
         <file>rtsv7M4_T_le_v4SPD16_eabi.lib</file>
         <name>fd_div_t2.asm.obj</name>
      </input_file>
      <input_file id="fl-d7">
         <path>/Applications/ti/ccsv8/tools/compiler/ti-cgt-arm_18.1.4.LTS/lib/</path>
         <kind>archive</kind>
         <file>rtsv7M4_T_le_v4SPD16_eabi.lib</file>
         <name>fd_mul_t2.asm.obj</name>
      </input_file>
      <input_file id="fl-d8">
         <path>/Applications/ti/ccsv8/tools/compiler/ti-cgt-arm_18.1.4.LTS/lib/</path>
         <kind>archive</kind>
         <file>rtsv7M4_T_le_v4SPD16_eabi.lib</file>
         <name>fd_toi_t2.asm.obj</name>
      </input_file>
      <input_file id="fl-d9">
         <path>/Applications/ti/ccsv8/tools/compiler/ti-cgt-arm_18.1.4.LTS/lib/</path>
         <kind>archive</kind>
         <file>rtsv7M4_T_le_v4SPD16_eabi.lib</file>
         <name>i_tofd_t2.asm.obj</name>
      </input_file>
      <input_file id="fl-da">
         <path>/Applications/ti/ccsv8/tools/compiler/ti-cgt-arm_18.1.4.LTS/lib/</path>
         <kind>archive</kind>
         <file>rtsv7M4_T_le_v4SPD16_eabi.lib</file>
         <name>ull_div_t2.asm.obj</name>
      </input_file>
      <input_file id="fl-db">
         <path>/Applications/ti/ccsv8/tools/compiler/ti-cgt-arm_18.1.4.LTS/lib/</path>
         <kind>archive</kind>
         <file>rtsv7M4_T_le_v4SPD16_eabi.lib</file>
         <name>errno.c.obj</name>
      </input_file>
      <input_file id="fl-dc">
         <path>/Applications/ti/ccsv8/tools/compiler/ti-cgt-arm_18.1.4.LTS/lib/</path>
         <kind>archive</kind>
         <file>rtsv7M4_T_le_v4SPD16_eabi.lib</file>
         <name>s_copysign.c.obj</name>
      </input_file>
      <input_file id="fl-dd">
         <path>/Applications/ti/ccsv8/tools/compiler/ti-cgt-arm_18.1.4.LTS/lib/</path>
         <kind>archive</kind>
         <file>rtsv7M4_T_le_v4SPD16_eabi.lib</file>
         <name>div0.asm.obj</name>
      </input_file>
   </input_file_list>
   <object_component_list>
      <object_component id="oc-23">
         <name>.intvecs:retain</name>
         <load_address>0x0</load_address>
         <run_address>0x0</run_address>
         <size>0xe4</size>
         <input_file_ref idref="fl-2"/>
      </object_component>
      <object_component id="oc-122">
         <name>.text:__TI_printfi</name>
         <load_address>0xe4</load_address>
         <run_address>0xe4</run_address>
         <size>0xa5e</size>
         <input_file_ref idref="fl-cb"/>
      </object_component>
      <object_component id="oc-273">
         <name>.text</name>
         <load_address>0xb42</load_address>
         <run_address>0xb42</run_address>
         <size>0x2</size>
         <input_file_ref idref="fl-dd"/>
      </object_component>
      <object_component id="oc-6a">
         <name>.text</name>
         <load_address>0xb44</load_address>
         <run_address>0xb44</run_address>
         <size>0x520</size>
         <input_file_ref idref="fl-1"/>
      </object_component>
      <object_component id="oc-a2">
         <name>.text</name>
         <load_address>0x1064</load_address>
         <run_address>0x1064</run_address>
         <size>0x334</size>
         <input_file_ref idref="fl-3"/>
      </object_component>
      <object_component id="oc-199">
         <name>.text:_pconv_a</name>
         <load_address>0x1398</load_address>
         <run_address>0x1398</run_address>
         <size>0x270</size>
         <input_file_ref idref="fl-cb"/>
      </object_component>
      <object_component id="oc-187">
         <name>.text:_pconv_g</name>
         <load_address>0x1608</load_address>
         <run_address>0x1608</run_address>
         <size>0x1d0</size>
         <input_file_ref idref="fl-cb"/>
      </object_component>
      <object_component id="oc-20d">
         <name>.text</name>
         <load_address>0x17d8</load_address>
         <run_address>0x17d8</run_address>
         <size>0x1b6</size>
         <input_file_ref idref="fl-d4"/>
      </object_component>
      <object_component id="oc-193">
         <name>.text:_pconv_e</name>
         <load_address>0x1990</load_address>
         <run_address>0x1990</run_address>
         <size>0x13c</size>
         <input_file_ref idref="fl-cb"/>
      </object_component>
      <object_component id="oc-1f3">
         <name>.text</name>
         <load_address>0x1acc</load_address>
         <run_address>0x1acc</run_address>
         <size>0x136</size>
         <input_file_ref idref="fl-d6"/>
      </object_component>
      <object_component id="oc-21f">
         <name>.text:fcvt</name>
         <load_address>0x1c04</load_address>
         <run_address>0x1c04</run_address>
         <size>0x124</size>
         <input_file_ref idref="fl-cb"/>
      </object_component>
      <object_component id="oc-233">
         <name>.text:scalbn</name>
         <load_address>0x1d28</load_address>
         <run_address>0x1d28</run_address>
         <size>0x110</size>
         <input_file_ref idref="fl-d3"/>
      </object_component>
      <object_component id="oc-1ee">
         <name>.text</name>
         <load_address>0x1e38</load_address>
         <run_address>0x1e38</run_address>
         <size>0xfc</size>
         <input_file_ref idref="fl-d7"/>
      </object_component>
      <object_component id="oc-17c">
         <name>.text:_ltostr</name>
         <load_address>0x1f34</load_address>
         <run_address>0x1f34</run_address>
         <size>0xb1</size>
         <input_file_ref idref="fl-cb"/>
      </object_component>
      <object_component id="oc-34">
         <name>.text</name>
         <load_address>0x1fe6</load_address>
         <run_address>0x1fe6</run_address>
         <size>0x9c</size>
         <input_file_ref idref="fl-c6"/>
      </object_component>
      <object_component id="oc-1e7">
         <name>.text</name>
         <load_address>0x2082</load_address>
         <run_address>0x2082</run_address>
         <size>0x96</size>
         <input_file_ref idref="fl-da"/>
      </object_component>
      <object_component id="oc-182">
         <name>.text:__aeabi_cdcmple</name>
         <load_address>0x2118</load_address>
         <run_address>0x2118</run_address>
         <size>0x86</size>
         <input_file_ref idref="fl-d5"/>
      </object_component>
      <object_component id="oc-1f8">
         <name>.text:__aeabi_cdrcmple</name>
         <load_address>0x219e</load_address>
         <run_address>0x219e</run_address>
         <size>0x86</size>
         <input_file_ref idref="fl-d5"/>
      </object_component>
      <object_component id="oc-8a">
         <name>.text</name>
         <load_address>0x2224</load_address>
         <run_address>0x2224</run_address>
         <size>0x7a</size>
         <input_file_ref idref="fl-c7"/>
      </object_component>
      <object_component id="oc-218">
         <name>.text:_mcpy</name>
         <load_address>0x229e</load_address>
         <run_address>0x229e</run_address>
         <size>0x6e</size>
         <input_file_ref idref="fl-cb"/>
      </object_component>
      <object_component id="oc-14">
         <name>.text:decompress:lzss:__TI_decompress_lzss</name>
         <load_address>0x230c</load_address>
         <run_address>0x230c</run_address>
         <size>0x68</size>
         <input_file_ref idref="fl-bf"/>
      </object_component>
      <object_component id="oc-22d">
         <name>.text:frexp</name>
         <load_address>0x2374</load_address>
         <run_address>0x2374</run_address>
         <size>0x64</size>
         <input_file_ref idref="fl-d2"/>
      </object_component>
      <object_component id="oc-18d">
         <name>.text:_pconv_f</name>
         <load_address>0x23d8</load_address>
         <run_address>0x23d8</run_address>
         <size>0x56</size>
         <input_file_ref idref="fl-cb"/>
      </object_component>
      <object_component id="oc-202">
         <name>.text:ltoa</name>
         <load_address>0x242e</load_address>
         <run_address>0x242e</run_address>
         <size>0x54</size>
         <input_file_ref idref="fl-ce"/>
      </object_component>
      <object_component id="oc-212">
         <name>.text:_ecpy</name>
         <load_address>0x2482</load_address>
         <run_address>0x2482</run_address>
         <size>0x52</size>
         <input_file_ref idref="fl-cb"/>
      </object_component>
      <object_component id="oc-176">
         <name>.text:atoi</name>
         <load_address>0x24d4</load_address>
         <run_address>0x24d4</run_address>
         <size>0x4c</size>
         <input_file_ref idref="fl-cc"/>
      </object_component>
      <object_component id="oc-1fd">
         <name>.text</name>
         <load_address>0x2520</load_address>
         <run_address>0x2520</run_address>
         <size>0x48</size>
         <input_file_ref idref="fl-d8"/>
      </object_component>
      <object_component id="oc-ea">
         <name>.text:__TI_auto_init_nobinit_nopinit:__TI_auto_init_nobinit_nopinit</name>
         <load_address>0x2568</load_address>
         <run_address>0x2568</run_address>
         <size>0x44</size>
         <input_file_ref idref="fl-c8"/>
      </object_component>
      <object_component id="oc-af">
         <name>.text:sprintf</name>
         <load_address>0x25ac</load_address>
         <run_address>0x25ac</run_address>
         <size>0x40</size>
         <input_file_ref idref="fl-c4"/>
      </object_component>
      <object_component id="oc-225">
         <name>.text:_fcpy</name>
         <load_address>0x25ec</load_address>
         <run_address>0x25ec</run_address>
         <size>0x3e</size>
         <input_file_ref idref="fl-cb"/>
      </object_component>
      <object_component id="oc-52">
         <name>.text:_c_int00_noargs:_c_int00_noargs</name>
         <load_address>0x262c</load_address>
         <run_address>0x262c</run_address>
         <size>0x38</size>
         <input_file_ref idref="fl-c0"/>
      </object_component>
      <object_component id="oc-208">
         <name>.text</name>
         <load_address>0x2664</load_address>
         <run_address>0x2664</run_address>
         <size>0x2e</size>
         <input_file_ref idref="fl-d9"/>
      </object_component>
      <object_component id="oc-19f">
         <name>.text:memccpy</name>
         <load_address>0x2692</load_address>
         <run_address>0x2692</run_address>
         <size>0x1c</size>
         <input_file_ref idref="fl-cf"/>
      </object_component>
      <object_component id="oc-128">
         <name>.text:_outs</name>
         <load_address>0x26ae</load_address>
         <run_address>0x26ae</run_address>
         <size>0x18</size>
         <input_file_ref idref="fl-c4"/>
      </object_component>
      <object_component id="oc-239">
         <name>.text:strchr</name>
         <load_address>0x26c6</load_address>
         <run_address>0x26c6</run_address>
         <size>0x16</size>
         <input_file_ref idref="fl-d0"/>
      </object_component>
      <object_component id="oc-28c">
         <name>.text:copysign</name>
         <load_address>0x26dc</load_address>
         <run_address>0x26dc</run_address>
         <size>0x14</size>
         <input_file_ref idref="fl-dc"/>
      </object_component>
      <object_component id="oc-a9">
         <name>.text:strlen</name>
         <load_address>0x26f0</load_address>
         <run_address>0x26f0</run_address>
         <size>0x14</size>
         <input_file_ref idref="fl-c5"/>
      </object_component>
      <object_component id="oc-40">
         <name>.text:decompress:ZI:__TI_zero_init_nomemset:__TI_zero_init_nomemset</name>
         <load_address>0x2704</load_address>
         <run_address>0x2704</run_address>
         <size>0x12</size>
         <input_file_ref idref="fl-bd"/>
      </object_component>
      <object_component id="oc-1a5">
         <name>.text:wcslen</name>
         <load_address>0x2716</load_address>
         <run_address>0x2716</run_address>
         <size>0x12</size>
         <input_file_ref idref="fl-d1"/>
      </object_component>
      <object_component id="oc-1a">
         <name>.text:decompress:none:__TI_decompress_none</name>
         <load_address>0x2728</load_address>
         <run_address>0x2728</run_address>
         <size>0xe</size>
         <input_file_ref idref="fl-be"/>
      </object_component>
      <object_component id="oc-64">
         <name>.text</name>
         <load_address>0x2736</load_address>
         <run_address>0x2736</run_address>
         <size>0xe</size>
         <input_file_ref idref="fl-2"/>
      </object_component>
      <object_component id="oc-12e">
         <name>.text:_outc</name>
         <load_address>0x2744</load_address>
         <run_address>0x2744</run_address>
         <size>0xa</size>
         <input_file_ref idref="fl-c4"/>
      </object_component>
      <object_component id="oc-1ab">
         <name>.text:__aeabi_errno_addr</name>
         <load_address>0x2750</load_address>
         <run_address>0x2750</run_address>
         <size>0x8</size>
         <input_file_ref idref="fl-db"/>
      </object_component>
      <object_component id="oc-90">
         <name>.text:_system_pre_init</name>
         <load_address>0x2758</load_address>
         <run_address>0x2758</run_address>
         <size>0x4</size>
         <input_file_ref idref="fl-c9"/>
      </object_component>
      <object_component id="oc-de">
         <name>.text:abort:abort</name>
         <load_address>0x275c</load_address>
         <run_address>0x275c</run_address>
         <size>0x4</size>
         <input_file_ref idref="fl-c1"/>
      </object_component>
      <object_component id="oc-1e2">
         <name>.const:.string:_ctypes_</name>
         <load_address>0x2760</load_address>
         <run_address>0x2760</run_address>
         <size>0x101</size>
         <input_file_ref idref="fl-cd"/>
      </object_component>
      <object_component id="oc-2e8">
         <name>.cinit..data.load</name>
         <load_address>0x2868</load_address>
         <run_address>0x2868</run_address>
         <size>0xc</size>
      </object_component>
      <object_component id="oc-2e6">
         <name>__TI_handler_table</name>
         <load_address>0x2874</load_address>
         <run_address>0x2874</run_address>
         <size>0xc</size>
      </object_component>
      <object_component id="oc-2e9">
         <name>.cinit..bss.load</name>
         <load_address>0x2880</load_address>
         <run_address>0x2880</run_address>
         <size>0x8</size>
      </object_component>
      <object_component id="oc-2e7">
         <name>__TI_cinit_table</name>
         <load_address>0x2888</load_address>
         <run_address>0x2888</run_address>
         <size>0x10</size>
      </object_component>
      <object_component id="oc-2bb">
         <name>.binit</name>
         <load_address>0x0</load_address>
         <run_address>0x0</run_address>
         <size>0x0</size>
      </object_component>
      <object_component id="oc-b8">
         <name>.data</name>
         <load_address>0x20000000</load_address>
         <run_address>0x20000000</run_address>
         <size>0x10</size>
         <input_file_ref idref="fl-1"/>
      </object_component>
      <object_component id="oc-11c">
         <name>.data</name>
         <load_address>0x20000014</load_address>
         <run_address>0x20000014</run_address>
         <size>0x4</size>
         <input_file_ref idref="fl-3"/>
      </object_component>
      <object_component id="oc-249">
         <name>.data</name>
         <load_address>0x20000010</load_address>
         <run_address>0x20000010</run_address>
         <size>0x4</size>
         <input_file_ref idref="fl-db"/>
      </object_component>
      <object_component id="oc-bb">
         <name>.common:time</name>
         <uninitialized>true</uninitialized>
         <run_address>0x20000018</run_address>
         <size>0x14</size>
      </object_component>
      <object_component id="oc-b5">
         <name>.common:now</name>
         <uninitialized>true</uninitialized>
         <run_address>0x2000002c</run_address>
         <size>0x3</size>
      </object_component>
      <object_component id="oc-26">
         <name>.stack</name>
         <uninitialized>true</uninitialized>
         <run_address>0x2000fe00</run_address>
         <size>0x4</size>
         <input_file_ref idref="fl-c0"/>
      </object_component>
      <object_component id="oc-2ea">
         <name>.stack</name>
         <uninitialized>true</uninitialized>
         <run_address>0x2000fe00</run_address>
         <size>0x0</size>
      </object_component>
      <object_component id="oc-b6">
         <name>.debug_info</name>
         <load_address>0x0</load_address>
         <run_address>0x0</run_address>
         <size>0x5d8</size>
         <input_file_ref idref="fl-1"/>
      </object_component>
      <object_component id="oc-b9">
         <name>.debug_info</name>
         <load_address>0x5d8</load_address>
         <run_address>0x5d8</run_address>
         <size>0x11d</size>
         <input_file_ref idref="fl-1"/>
      </object_component>
      <object_component id="oc-6b">
         <name>.debug_info</name>
         <load_address>0x6f5</load_address>
         <run_address>0x6f5</run_address>
         <size>0xcf4</size>
         <input_file_ref idref="fl-1"/>
      </object_component>
      <object_component id="oc-142">
         <name>.debug_info</name>
         <load_address>0x13e9</load_address>
         <run_address>0x13e9</run_address>
         <size>0x65</size>
         <input_file_ref idref="fl-1"/>
      </object_component>
      <object_component id="oc-13d">
         <name>.debug_info</name>
         <load_address>0x144e</load_address>
         <run_address>0x144e</run_address>
         <size>0x1055</size>
         <input_file_ref idref="fl-1"/>
      </object_component>
      <object_component id="oc-c2">
         <name>.debug_info</name>
         <load_address>0x24a3</load_address>
         <run_address>0x24a3</run_address>
         <size>0x37e2</size>
         <input_file_ref idref="fl-1"/>
      </object_component>
      <object_component id="oc-c9">
         <name>.debug_info</name>
         <load_address>0x5c85</load_address>
         <run_address>0x5c85</run_address>
         <size>0x26b</size>
         <input_file_ref idref="fl-1"/>
      </object_component>
      <object_component id="oc-2f">
         <name>.debug_info</name>
         <load_address>0x5ef0</load_address>
         <run_address>0x5ef0</run_address>
         <size>0x84</size>
         <input_file_ref idref="fl-1"/>
      </object_component>
      <object_component id="oc-14d">
         <name>.debug_info</name>
         <load_address>0x5f74</load_address>
         <run_address>0x5f74</run_address>
         <size>0x297</size>
         <input_file_ref idref="fl-1"/>
      </object_component>
      <object_component id="oc-bd">
         <name>.debug_info</name>
         <load_address>0x620b</load_address>
         <run_address>0x620b</run_address>
         <size>0xbb</size>
         <input_file_ref idref="fl-1"/>
      </object_component>
      <object_component id="oc-146">
         <name>.debug_info</name>
         <load_address>0x62c6</load_address>
         <run_address>0x62c6</run_address>
         <size>0xcc</size>
         <input_file_ref idref="fl-1"/>
      </object_component>
      <object_component id="oc-136">
         <name>.debug_info</name>
         <load_address>0x6392</load_address>
         <run_address>0x6392</run_address>
         <size>0x2c</size>
         <input_file_ref idref="fl-1"/>
      </object_component>
      <object_component id="oc-72">
         <name>.debug_info</name>
         <load_address>0x63be</load_address>
         <run_address>0x63be</run_address>
         <size>0x2cd</size>
         <input_file_ref idref="fl-2"/>
      </object_component>
      <object_component id="oc-24">
         <name>.debug_info</name>
         <load_address>0x668b</load_address>
         <run_address>0x668b</run_address>
         <size>0xf9</size>
         <input_file_ref idref="fl-2"/>
      </object_component>
      <object_component id="oc-65">
         <name>.debug_info</name>
         <load_address>0x6784</load_address>
         <run_address>0x6784</run_address>
         <size>0x1c0</size>
         <input_file_ref idref="fl-2"/>
      </object_component>
      <object_component id="oc-11d">
         <name>.debug_info</name>
         <load_address>0x6944</load_address>
         <run_address>0x6944</run_address>
         <size>0xf2</size>
         <input_file_ref idref="fl-3"/>
      </object_component>
      <object_component id="oc-a3">
         <name>.debug_info</name>
         <load_address>0x6a36</load_address>
         <run_address>0x6a36</run_address>
         <size>0x264</size>
         <input_file_ref idref="fl-3"/>
      </object_component>
      <object_component id="oc-89">
         <name>.debug_info</name>
         <load_address>0x6c9a</load_address>
         <run_address>0x6c9a</run_address>
         <size>0x31e</size>
         <input_file_ref idref="fl-bd"/>
      </object_component>
      <object_component id="oc-41">
         <name>.debug_info</name>
         <load_address>0x6fb8</load_address>
         <run_address>0x6fb8</run_address>
         <size>0x1bf</size>
         <input_file_ref idref="fl-bd"/>
      </object_component>
      <object_component id="oc-84">
         <name>.debug_info</name>
         <load_address>0x7177</load_address>
         <run_address>0x7177</run_address>
         <size>0x46</size>
         <input_file_ref idref="fl-bd"/>
      </object_component>
      <object_component id="oc-d5">
         <name>.debug_info</name>
         <load_address>0x71bd</load_address>
         <run_address>0x71bd</run_address>
         <size>0x2c</size>
         <input_file_ref idref="fl-bd"/>
      </object_component>
      <object_component id="oc-3f">
         <name>.debug_info</name>
         <load_address>0x71e9</load_address>
         <run_address>0x71e9</run_address>
         <size>0x2a8</size>
         <input_file_ref idref="fl-be"/>
      </object_component>
      <object_component id="oc-1b">
         <name>.debug_info</name>
         <load_address>0x7491</load_address>
         <run_address>0x7491</run_address>
         <size>0x1ea</size>
         <input_file_ref idref="fl-be"/>
      </object_component>
      <object_component id="oc-3a">
         <name>.debug_info</name>
         <load_address>0x767b</load_address>
         <run_address>0x767b</run_address>
         <size>0x46</size>
         <input_file_ref idref="fl-be"/>
      </object_component>
      <object_component id="oc-7c">
         <name>.debug_info</name>
         <load_address>0x76c1</load_address>
         <run_address>0x76c1</run_address>
         <size>0x2c</size>
         <input_file_ref idref="fl-be"/>
      </object_component>
      <object_component id="oc-7a">
         <name>.debug_info</name>
         <load_address>0x76ed</load_address>
         <run_address>0x76ed</run_address>
         <size>0x29e</size>
         <input_file_ref idref="fl-bf"/>
      </object_component>
      <object_component id="oc-15">
         <name>.debug_info</name>
         <load_address>0x798b</load_address>
         <run_address>0x798b</run_address>
         <size>0x250</size>
         <input_file_ref idref="fl-bf"/>
      </object_component>
      <object_component id="oc-2a">
         <name>.debug_info</name>
         <load_address>0x7bdb</load_address>
         <run_address>0x7bdb</run_address>
         <size>0x60</size>
         <input_file_ref idref="fl-bf"/>
      </object_component>
      <object_component id="oc-ce">
         <name>.debug_info</name>
         <load_address>0x7c3b</load_address>
         <run_address>0x7c3b</run_address>
         <size>0x46</size>
         <input_file_ref idref="fl-bf"/>
      </object_component>
      <object_component id="oc-75">
         <name>.debug_info</name>
         <load_address>0x7c81</load_address>
         <run_address>0x7c81</run_address>
         <size>0x39</size>
         <input_file_ref idref="fl-bf"/>
      </object_component>
      <object_component id="oc-27">
         <name>.debug_info</name>
         <load_address>0x7cba</load_address>
         <run_address>0x7cba</run_address>
         <size>0x10b</size>
         <input_file_ref idref="fl-c0"/>
      </object_component>
      <object_component id="oc-53">
         <name>.debug_info</name>
         <load_address>0x7dc5</load_address>
         <run_address>0x7dc5</run_address>
         <size>0x1af</size>
         <input_file_ref idref="fl-c0"/>
      </object_component>
      <object_component id="oc-df">
         <name>.debug_info</name>
         <load_address>0x7f74</load_address>
         <run_address>0x7f74</run_address>
         <size>0x122</size>
         <input_file_ref idref="fl-c1"/>
      </object_component>
      <object_component id="oc-135">
         <name>.debug_info</name>
         <load_address>0x8096</load_address>
         <run_address>0x8096</run_address>
         <size>0x333</size>
         <input_file_ref idref="fl-c4"/>
      </object_component>
      <object_component id="oc-b0">
         <name>.debug_info</name>
         <load_address>0x83c9</load_address>
         <run_address>0x83c9</run_address>
         <size>0x1d1</size>
         <input_file_ref idref="fl-c4"/>
      </object_component>
      <object_component id="oc-129">
         <name>.debug_info</name>
         <load_address>0x859a</load_address>
         <run_address>0x859a</run_address>
         <size>0x18d</size>
         <input_file_ref idref="fl-c4"/>
      </object_component>
      <object_component id="oc-12f">
         <name>.debug_info</name>
         <load_address>0x8727</load_address>
         <run_address>0x8727</run_address>
         <size>0x16d</size>
         <input_file_ref idref="fl-c4"/>
      </object_component>
      <object_component id="oc-250">
         <name>.debug_info</name>
         <load_address>0x8894</load_address>
         <run_address>0x8894</run_address>
         <size>0x2c</size>
         <input_file_ref idref="fl-c4"/>
      </object_component>
      <object_component id="oc-121">
         <name>.debug_info</name>
         <load_address>0x88c0</load_address>
         <run_address>0x88c0</run_address>
         <size>0x28f</size>
         <input_file_ref idref="fl-c5"/>
      </object_component>
      <object_component id="oc-aa">
         <name>.debug_info</name>
         <load_address>0x8b4f</load_address>
         <run_address>0x8b4f</run_address>
         <size>0x24b</size>
         <input_file_ref idref="fl-c5"/>
      </object_component>
      <object_component id="oc-35">
         <name>.debug_info</name>
         <load_address>0x8d9a</load_address>
         <run_address>0x8d9a</run_address>
         <size>0x11c</size>
         <input_file_ref idref="fl-c6"/>
      </object_component>
      <object_component id="oc-8b">
         <name>.debug_info</name>
         <load_address>0x8eb6</load_address>
         <run_address>0x8eb6</run_address>
         <size>0x14a</size>
         <input_file_ref idref="fl-c7"/>
      </object_component>
      <object_component id="oc-15d">
         <name>.debug_info</name>
         <load_address>0x9000</load_address>
         <run_address>0x9000</run_address>
         <size>0x552</size>
         <input_file_ref idref="fl-c8"/>
      </object_component>
      <object_component id="oc-eb">
         <name>.debug_info</name>
         <load_address>0x9552</load_address>
         <run_address>0x9552</run_address>
         <size>0x1a6</size>
         <input_file_ref idref="fl-c8"/>
      </object_component>
      <object_component id="oc-1d1">
         <name>.debug_info</name>
         <load_address>0x96f8</load_address>
         <run_address>0x96f8</run_address>
         <size>0x39</size>
         <input_file_ref idref="fl-c8"/>
      </object_component>
      <object_component id="oc-262">
         <name>.debug_info</name>
         <load_address>0x9731</load_address>
         <run_address>0x9731</run_address>
         <size>0x39</size>
         <input_file_ref idref="fl-c8"/>
      </object_component>
      <object_component id="oc-1d6">
         <name>.debug_info</name>
         <load_address>0x976a</load_address>
         <run_address>0x976a</run_address>
         <size>0x39</size>
         <input_file_ref idref="fl-c8"/>
      </object_component>
      <object_component id="oc-1db">
         <name>.debug_info</name>
         <load_address>0x97a3</load_address>
         <run_address>0x97a3</run_address>
         <size>0xcd</size>
         <input_file_ref idref="fl-c8"/>
      </object_component>
      <object_component id="oc-91">
         <name>.debug_info</name>
         <load_address>0x9870</load_address>
         <run_address>0x9870</run_address>
         <size>0x153</size>
         <input_file_ref idref="fl-c9"/>
      </object_component>
      <object_component id="oc-1b2">
         <name>.debug_info</name>
         <load_address>0x99c3</load_address>
         <run_address>0x99c3</run_address>
         <size>0x8b1</size>
         <input_file_ref idref="fl-cb"/>
      </object_component>
      <object_component id="oc-17d">
         <name>.debug_info</name>
         <load_address>0xa274</load_address>
         <run_address>0xa274</run_address>
         <size>0x21e</size>
         <input_file_ref idref="fl-cb"/>
      </object_component>
      <object_component id="oc-213">
         <name>.debug_info</name>
         <load_address>0xa492</load_address>
         <run_address>0xa492</run_address>
         <size>0x1b3</size>
         <input_file_ref idref="fl-cb"/>
      </object_component>
      <object_component id="oc-219">
         <name>.debug_info</name>
         <load_address>0xa645</load_address>
         <run_address>0xa645</run_address>
         <size>0x21b</size>
         <input_file_ref idref="fl-cb"/>
      </object_component>
      <object_component id="oc-188">
         <name>.debug_info</name>
         <load_address>0xa860</load_address>
         <run_address>0xa860</run_address>
         <size>0x3bb</size>
         <input_file_ref idref="fl-cb"/>
      </object_component>
      <object_component id="oc-220">
         <name>.debug_info</name>
         <load_address>0xac1b</load_address>
         <run_address>0xac1b</run_address>
         <size>0x305</size>
         <input_file_ref idref="fl-cb"/>
      </object_component>
      <object_component id="oc-226">
         <name>.debug_info</name>
         <load_address>0xaf20</load_address>
         <run_address>0xaf20</run_address>
         <size>0x215</size>
         <input_file_ref idref="fl-cb"/>
      </object_component>
      <object_component id="oc-18e">
         <name>.debug_info</name>
         <load_address>0xb135</load_address>
         <run_address>0xb135</run_address>
         <size>0x215</size>
         <input_file_ref idref="fl-cb"/>
      </object_component>
      <object_component id="oc-194">
         <name>.debug_info</name>
         <load_address>0xb34a</load_address>
         <run_address>0xb34a</run_address>
         <size>0x304</size>
         <input_file_ref idref="fl-cb"/>
      </object_component>
      <object_component id="oc-19a">
         <name>.debug_info</name>
         <load_address>0xb64e</load_address>
         <run_address>0xb64e</run_address>
         <size>0x4b0</size>
         <input_file_ref idref="fl-cb"/>
      </object_component>
      <object_component id="oc-123">
         <name>.debug_info</name>
         <load_address>0xbafe</load_address>
         <run_address>0xbafe</run_address>
         <size>0x5d8</size>
         <input_file_ref idref="fl-cb"/>
      </object_component>
      <object_component id="oc-1b3">
         <name>.debug_info</name>
         <load_address>0xc0d6</load_address>
         <run_address>0xc0d6</run_address>
         <size>0x86</size>
         <input_file_ref idref="fl-cb"/>
      </object_component>
      <object_component id="oc-255">
         <name>.debug_info</name>
         <load_address>0xc15c</load_address>
         <run_address>0xc15c</run_address>
         <size>0x39</size>
         <input_file_ref idref="fl-cb"/>
      </object_component>
      <object_component id="oc-2a3">
         <name>.debug_info</name>
         <load_address>0xc195</load_address>
         <run_address>0xc195</run_address>
         <size>0xb6</size>
         <input_file_ref idref="fl-cb"/>
      </object_component>
      <object_component id="oc-25a">
         <name>.debug_info</name>
         <load_address>0xc24b</load_address>
         <run_address>0xc24b</run_address>
         <size>0x46</size>
         <input_file_ref idref="fl-cb"/>
      </object_component>
      <object_component id="oc-1b8">
         <name>.debug_info</name>
         <load_address>0xc291</load_address>
         <run_address>0xc291</run_address>
         <size>0x46</size>
         <input_file_ref idref="fl-cb"/>
      </object_component>
      <object_component id="oc-1e6">
         <name>.debug_info</name>
         <load_address>0xc2d7</load_address>
         <run_address>0xc2d7</run_address>
         <size>0x2b9</size>
         <input_file_ref idref="fl-cc"/>
      </object_component>
      <object_component id="oc-177">
         <name>.debug_info</name>
         <load_address>0xc590</load_address>
         <run_address>0xc590</run_address>
         <size>0x17c</size>
         <input_file_ref idref="fl-cc"/>
      </object_component>
      <object_component id="oc-270">
         <name>.debug_info</name>
         <load_address>0xc70c</load_address>
         <run_address>0xc70c</run_address>
         <size>0xf9</size>
         <input_file_ref idref="fl-cd"/>
      </object_component>
      <object_component id="oc-1e3">
         <name>.debug_info</name>
         <load_address>0xc805</load_address>
         <run_address>0xc805</run_address>
         <size>0x105</size>
         <input_file_ref idref="fl-cd"/>
      </object_component>
      <object_component id="oc-27e">
         <name>.debug_info</name>
         <load_address>0xc90a</load_address>
         <run_address>0xc90a</run_address>
         <size>0x29b</size>
         <input_file_ref idref="fl-ce"/>
      </object_component>
      <object_component id="oc-203">
         <name>.debug_info</name>
         <load_address>0xcba5</load_address>
         <run_address>0xcba5</run_address>
         <size>0x1cd</size>
         <input_file_ref idref="fl-ce"/>
      </object_component>
      <object_component id="oc-241">
         <name>.debug_info</name>
         <load_address>0xcd72</load_address>
         <run_address>0xcd72</run_address>
         <size>0x296</size>
         <input_file_ref idref="fl-cf"/>
      </object_component>
      <object_component id="oc-1a0">
         <name>.debug_info</name>
         <load_address>0xd008</load_address>
         <run_address>0xd008</run_address>
         <size>0x1b6</size>
         <input_file_ref idref="fl-cf"/>
      </object_component>
      <object_component id="oc-295">
         <name>.debug_info</name>
         <load_address>0xd1be</load_address>
         <run_address>0xd1be</run_address>
         <size>0x29a</size>
         <input_file_ref idref="fl-d0"/>
      </object_component>
      <object_component id="oc-23a">
         <name>.debug_info</name>
         <load_address>0xd458</load_address>
         <run_address>0xd458</run_address>
         <size>0x268</size>
         <input_file_ref idref="fl-d0"/>
      </object_component>
      <object_component id="oc-248">
         <name>.debug_info</name>
         <load_address>0xd6c0</load_address>
         <run_address>0xd6c0</run_address>
         <size>0x28f</size>
         <input_file_ref idref="fl-d1"/>
      </object_component>
      <object_component id="oc-1a6">
         <name>.debug_info</name>
         <load_address>0xd94f</load_address>
         <run_address>0xd94f</run_address>
         <size>0x15a</size>
         <input_file_ref idref="fl-d1"/>
      </object_component>
      <object_component id="oc-298">
         <name>.debug_info</name>
         <load_address>0xdaa9</load_address>
         <run_address>0xdaa9</run_address>
         <size>0x46</size>
         <input_file_ref idref="fl-d1"/>
      </object_component>
      <object_component id="oc-243">
         <name>.debug_info</name>
         <load_address>0xdaef</load_address>
         <run_address>0xdaef</run_address>
         <size>0x39</size>
         <input_file_ref idref="fl-d1"/>
      </object_component>
      <object_component id="oc-286">
         <name>.debug_info</name>
         <load_address>0xdb28</load_address>
         <run_address>0xdb28</run_address>
         <size>0x29a</size>
         <input_file_ref idref="fl-d2"/>
      </object_component>
      <object_component id="oc-22e">
         <name>.debug_info</name>
         <load_address>0xddc2</load_address>
         <run_address>0xddc2</run_address>
         <size>0x195</size>
         <input_file_ref idref="fl-d2"/>
      </object_component>
      <object_component id="oc-2af">
         <name>.debug_info</name>
         <load_address>0xdf57</load_address>
         <run_address>0xdf57</run_address>
         <size>0x39</size>
         <input_file_ref idref="fl-d2"/>
      </object_component>
      <object_component id="oc-287">
         <name>.debug_info</name>
         <load_address>0xdf90</load_address>
         <run_address>0xdf90</run_address>
         <size>0x2c</size>
         <input_file_ref idref="fl-d2"/>
      </object_component>
      <object_component id="oc-293">
         <name>.debug_info</name>
         <load_address>0xdfbc</load_address>
         <run_address>0xdfbc</run_address>
         <size>0x2fd</size>
         <input_file_ref idref="fl-d3"/>
      </object_component>
      <object_component id="oc-236">
         <name>.debug_info</name>
         <load_address>0xe2b9</load_address>
         <run_address>0xe2b9</run_address>
         <size>0x225</size>
         <input_file_ref idref="fl-d3"/>
      </object_component>
      <object_component id="oc-20e">
         <name>.debug_info</name>
         <load_address>0xe4de</load_address>
         <run_address>0xe4de</run_address>
         <size>0x14f</size>
         <input_file_ref idref="fl-d4"/>
      </object_component>
      <object_component id="oc-183">
         <name>.debug_info</name>
         <load_address>0xe62d</load_address>
         <run_address>0xe62d</run_address>
         <size>0x12b</size>
         <input_file_ref idref="fl-d5"/>
      </object_component>
      <object_component id="oc-1f9">
         <name>.debug_info</name>
         <load_address>0xe758</load_address>
         <run_address>0xe758</run_address>
         <size>0x12d</size>
         <input_file_ref idref="fl-d5"/>
      </object_component>
      <object_component id="oc-1f4">
         <name>.debug_info</name>
         <load_address>0xe885</load_address>
         <run_address>0xe885</run_address>
         <size>0x13d</size>
         <input_file_ref idref="fl-d6"/>
      </object_component>
      <object_component id="oc-1ef">
         <name>.debug_info</name>
         <load_address>0xe9c2</load_address>
         <run_address>0xe9c2</run_address>
         <size>0x13d</size>
         <input_file_ref idref="fl-d7"/>
      </object_component>
      <object_component id="oc-1fe">
         <name>.debug_info</name>
         <load_address>0xeaff</load_address>
         <run_address>0xeaff</run_address>
         <size>0x131</size>
         <input_file_ref idref="fl-d8"/>
      </object_component>
      <object_component id="oc-209">
         <name>.debug_info</name>
         <load_address>0xec30</load_address>
         <run_address>0xec30</run_address>
         <size>0x12f</size>
         <input_file_ref idref="fl-d9"/>
      </object_component>
      <object_component id="oc-1e8">
         <name>.debug_info</name>
         <load_address>0xed5f</load_address>
         <run_address>0xed5f</run_address>
         <size>0x137</size>
         <input_file_ref idref="fl-da"/>
      </object_component>
      <object_component id="oc-24d">
         <name>.debug_info</name>
         <load_address>0xee96</load_address>
         <run_address>0xee96</run_address>
         <size>0x289</size>
         <input_file_ref idref="fl-db"/>
      </object_component>
      <object_component id="oc-24a">
         <name>.debug_info</name>
         <load_address>0xf11f</load_address>
         <run_address>0xf11f</run_address>
         <size>0x10e</size>
         <input_file_ref idref="fl-db"/>
      </object_component>
      <object_component id="oc-1ac">
         <name>.debug_info</name>
         <load_address>0xf22d</load_address>
         <run_address>0xf22d</run_address>
         <size>0x14e</size>
         <input_file_ref idref="fl-db"/>
      </object_component>
      <object_component id="oc-28d">
         <name>.debug_info</name>
         <load_address>0xf37b</load_address>
         <run_address>0xf37b</run_address>
         <size>0x161</size>
         <input_file_ref idref="fl-dc"/>
      </object_component>
      <object_component id="oc-274">
         <name>.debug_info</name>
         <load_address>0xf4dc</load_address>
         <run_address>0xf4dc</run_address>
         <size>0x118</size>
         <input_file_ref idref="fl-dd"/>
      </object_component>
      <object_component id="oc-2eb">
         <name>.debug_info</name>
         <load_address>0xf5f4</load_address>
         <run_address>0xf5f4</run_address>
         <size>0xa8</size>
      </object_component>
      <object_component id="oc-13c">
         <name>.debug_line</name>
         <load_address>0x0</load_address>
         <run_address>0x0</run_address>
         <size>0xcc</size>
         <input_file_ref idref="fl-1"/>
      </object_component>
      <object_component id="oc-14c">
         <name>.debug_line</name>
         <load_address>0xcc</load_address>
         <run_address>0xcc</run_address>
         <size>0x2d</size>
         <input_file_ref idref="fl-1"/>
      </object_component>
      <object_component id="oc-6e">
         <name>.debug_line</name>
         <load_address>0xf9</load_address>
         <run_address>0xf9</run_address>
         <size>0x30f</size>
         <input_file_ref idref="fl-1"/>
      </object_component>
      <object_component id="oc-144">
         <name>.debug_line</name>
         <load_address>0x408</load_address>
         <run_address>0x408</run_address>
         <size>0x2d</size>
         <input_file_ref idref="fl-1"/>
      </object_component>
      <object_component id="oc-140">
         <name>.debug_line</name>
         <load_address>0x435</load_address>
         <run_address>0x435</run_address>
         <size>0x60</size>
         <input_file_ref idref="fl-1"/>
      </object_component>
      <object_component id="oc-c5">
         <name>.debug_line</name>
         <load_address>0x495</load_address>
         <run_address>0x495</run_address>
         <size>0x5d</size>
         <input_file_ref idref="fl-1"/>
      </object_component>
      <object_component id="oc-cc">
         <name>.debug_line</name>
         <load_address>0x4f2</load_address>
         <run_address>0x4f2</run_address>
         <size>0x74</size>
         <input_file_ref idref="fl-1"/>
      </object_component>
      <object_component id="oc-32">
         <name>.debug_line</name>
         <load_address>0x566</load_address>
         <run_address>0x566</run_address>
         <size>0x20</size>
         <input_file_ref idref="fl-1"/>
      </object_component>
      <object_component id="oc-150">
         <name>.debug_line</name>
         <load_address>0x586</load_address>
         <run_address>0x586</run_address>
         <size>0x78</size>
         <input_file_ref idref="fl-1"/>
      </object_component>
      <object_component id="oc-c0">
         <name>.debug_line</name>
         <load_address>0x5fe</load_address>
         <run_address>0x5fe</run_address>
         <size>0x75</size>
         <input_file_ref idref="fl-1"/>
      </object_component>
      <object_component id="oc-149">
         <name>.debug_line</name>
         <load_address>0x673</load_address>
         <run_address>0x673</run_address>
         <size>0x6f</size>
         <input_file_ref idref="fl-1"/>
      </object_component>
      <object_component id="oc-139">
         <name>.debug_line</name>
         <load_address>0x6e2</load_address>
         <run_address>0x6e2</run_address>
         <size>0x70</size>
         <input_file_ref idref="fl-1"/>
      </object_component>
      <object_component id="oc-c8">
         <name>.debug_line</name>
         <load_address>0x752</load_address>
         <run_address>0x752</run_address>
         <size>0x40</size>
         <input_file_ref idref="fl-2"/>
      </object_component>
      <object_component id="oc-71">
         <name>.debug_line</name>
         <load_address>0x792</load_address>
         <run_address>0x792</run_address>
         <size>0x40</size>
         <input_file_ref idref="fl-2"/>
      </object_component>
      <object_component id="oc-68">
         <name>.debug_line</name>
         <load_address>0x7d2</load_address>
         <run_address>0x7d2</run_address>
         <size>0x71</size>
         <input_file_ref idref="fl-2"/>
      </object_component>
      <object_component id="oc-173">
         <name>.debug_line</name>
         <load_address>0x843</load_address>
         <run_address>0x843</run_address>
         <size>0x3b</size>
         <input_file_ref idref="fl-3"/>
      </object_component>
      <object_component id="oc-a6">
         <name>.debug_line</name>
         <load_address>0x87e</load_address>
         <run_address>0x87e</run_address>
         <size>0x159</size>
         <input_file_ref idref="fl-3"/>
      </object_component>
      <object_component id="oc-db">
         <name>.debug_line</name>
         <load_address>0x9d7</load_address>
         <run_address>0x9d7</run_address>
         <size>0xa9</size>
         <input_file_ref idref="fl-bd"/>
      </object_component>
      <object_component id="oc-44">
         <name>.debug_line</name>
         <load_address>0xa80</load_address>
         <run_address>0xa80</run_address>
         <size>0x4f</size>
         <input_file_ref idref="fl-bd"/>
      </object_component>
      <object_component id="oc-87">
         <name>.debug_line</name>
         <load_address>0xacf</load_address>
         <run_address>0xacf</run_address>
         <size>0x34</size>
         <input_file_ref idref="fl-bd"/>
      </object_component>
      <object_component id="oc-d8">
         <name>.debug_line</name>
         <load_address>0xb03</load_address>
         <run_address>0xb03</run_address>
         <size>0x95</size>
         <input_file_ref idref="fl-bd"/>
      </object_component>
      <object_component id="oc-82">
         <name>.debug_line</name>
         <load_address>0xb98</load_address>
         <run_address>0xb98</run_address>
         <size>0x20</size>
         <input_file_ref idref="fl-be"/>
      </object_component>
      <object_component id="oc-1e">
         <name>.debug_line</name>
         <load_address>0xbb8</load_address>
         <run_address>0xbb8</run_address>
         <size>0x55</size>
         <input_file_ref idref="fl-be"/>
      </object_component>
      <object_component id="oc-3d">
         <name>.debug_line</name>
         <load_address>0xc0d</load_address>
         <run_address>0xc0d</run_address>
         <size>0x3a</size>
         <input_file_ref idref="fl-be"/>
      </object_component>
      <object_component id="oc-7f">
         <name>.debug_line</name>
         <load_address>0xc47</load_address>
         <run_address>0xc47</run_address>
         <size>0x95</size>
         <input_file_ref idref="fl-be"/>
      </object_component>
      <object_component id="oc-d4">
         <name>.debug_line</name>
         <load_address>0xcdc</load_address>
         <run_address>0xcdc</run_address>
         <size>0x20</size>
         <input_file_ref idref="fl-bf"/>
      </object_component>
      <object_component id="oc-18">
         <name>.debug_line</name>
         <load_address>0xcfc</load_address>
         <run_address>0xcfc</run_address>
         <size>0xa9</size>
         <input_file_ref idref="fl-bf"/>
      </object_component>
      <object_component id="oc-2d">
         <name>.debug_line</name>
         <load_address>0xda5</load_address>
         <run_address>0xda5</run_address>
         <size>0x3a</size>
         <input_file_ref idref="fl-bf"/>
      </object_component>
      <object_component id="oc-d1">
         <name>.debug_line</name>
         <load_address>0xddf</load_address>
         <run_address>0xddf</run_address>
         <size>0x9d</size>
         <input_file_ref idref="fl-bf"/>
      </object_component>
      <object_component id="oc-78">
         <name>.debug_line</name>
         <load_address>0xe7c</load_address>
         <run_address>0xe7c</run_address>
         <size>0x99</size>
         <input_file_ref idref="fl-bf"/>
      </object_component>
      <object_component id="oc-74">
         <name>.debug_line</name>
         <load_address>0xf15</load_address>
         <run_address>0xf15</run_address>
         <size>0x33</size>
         <input_file_ref idref="fl-c0"/>
      </object_component>
      <object_component id="oc-56">
         <name>.debug_line</name>
         <load_address>0xf48</load_address>
         <run_address>0xf48</run_address>
         <size>0x56</size>
         <input_file_ref idref="fl-c0"/>
      </object_component>
      <object_component id="oc-e2">
         <name>.debug_line</name>
         <load_address>0xf9e</load_address>
         <run_address>0xf9e</run_address>
         <size>0x3c</size>
         <input_file_ref idref="fl-c1"/>
      </object_component>
      <object_component id="oc-1c0">
         <name>.debug_line</name>
         <load_address>0xfda</load_address>
         <run_address>0xfda</run_address>
         <size>0x2d</size>
         <input_file_ref idref="fl-c4"/>
      </object_component>
      <object_component id="oc-b3">
         <name>.debug_line</name>
         <load_address>0x1007</load_address>
         <run_address>0x1007</run_address>
         <size>0x4b</size>
         <input_file_ref idref="fl-c4"/>
      </object_component>
      <object_component id="oc-12c">
         <name>.debug_line</name>
         <load_address>0x1052</load_address>
         <run_address>0x1052</run_address>
         <size>0x4b</size>
         <input_file_ref idref="fl-c4"/>
      </object_component>
      <object_component id="oc-132">
         <name>.debug_line</name>
         <load_address>0x109d</load_address>
         <run_address>0x109d</run_address>
         <size>0x3f</size>
         <input_file_ref idref="fl-c4"/>
      </object_component>
      <object_component id="oc-253">
         <name>.debug_line</name>
         <load_address>0x10dc</load_address>
         <run_address>0x10dc</run_address>
         <size>0x94</size>
         <input_file_ref idref="fl-c4"/>
      </object_component>
      <object_component id="oc-175">
         <name>.debug_line</name>
         <load_address>0x1170</load_address>
         <run_address>0x1170</run_address>
         <size>0x20</size>
         <input_file_ref idref="fl-c5"/>
      </object_component>
      <object_component id="oc-ad">
         <name>.debug_line</name>
         <load_address>0x1190</load_address>
         <run_address>0x1190</run_address>
         <size>0xb5</size>
         <input_file_ref idref="fl-c5"/>
      </object_component>
      <object_component id="oc-38">
         <name>.debug_line</name>
         <load_address>0x1245</load_address>
         <run_address>0x1245</run_address>
         <size>0x88</size>
         <input_file_ref idref="fl-c6"/>
      </object_component>
      <object_component id="oc-8e">
         <name>.debug_line</name>
         <load_address>0x12cd</load_address>
         <run_address>0x12cd</run_address>
         <size>0x79</size>
         <input_file_ref idref="fl-c7"/>
      </object_component>
      <object_component id="oc-1d0">
         <name>.debug_line</name>
         <load_address>0x1346</load_address>
         <run_address>0x1346</run_address>
         <size>0xc2</size>
         <input_file_ref idref="fl-c8"/>
      </object_component>
      <object_component id="oc-ee">
         <name>.debug_line</name>
         <load_address>0x1408</load_address>
         <run_address>0x1408</run_address>
         <size>0x6c</size>
         <input_file_ref idref="fl-c8"/>
      </object_component>
      <object_component id="oc-1d4">
         <name>.debug_line</name>
         <load_address>0x1474</load_address>
         <run_address>0x1474</run_address>
         <size>0x2e</size>
         <input_file_ref idref="fl-c8"/>
      </object_component>
      <object_component id="oc-265">
         <name>.debug_line</name>
         <load_address>0x14a2</load_address>
         <run_address>0x14a2</run_address>
         <size>0x9d</size>
         <input_file_ref idref="fl-c8"/>
      </object_component>
      <object_component id="oc-1d9">
         <name>.debug_line</name>
         <load_address>0x153f</load_address>
         <run_address>0x153f</run_address>
         <size>0x9a</size>
         <input_file_ref idref="fl-c8"/>
      </object_component>
      <object_component id="oc-1de">
         <name>.debug_line</name>
         <load_address>0x15d9</load_address>
         <run_address>0x15d9</run_address>
         <size>0x96</size>
         <input_file_ref idref="fl-c8"/>
      </object_component>
      <object_component id="oc-94">
         <name>.debug_line</name>
         <load_address>0x166f</load_address>
         <run_address>0x166f</run_address>
         <size>0x40</size>
         <input_file_ref idref="fl-c9"/>
      </object_component>
      <object_component id="oc-24f">
         <name>.debug_line</name>
         <load_address>0x16af</load_address>
         <run_address>0x16af</run_address>
         <size>0x35b</size>
         <input_file_ref idref="fl-cb"/>
      </object_component>
      <object_component id="oc-180">
         <name>.debug_line</name>
         <load_address>0x1a0a</load_address>
         <run_address>0x1a0a</run_address>
         <size>0x7a</size>
         <input_file_ref idref="fl-cb"/>
      </object_component>
      <object_component id="oc-216">
         <name>.debug_line</name>
         <load_address>0x1a84</load_address>
         <run_address>0x1a84</run_address>
         <size>0x51</size>
         <input_file_ref idref="fl-cb"/>
      </object_component>
      <object_component id="oc-21c">
         <name>.debug_line</name>
         <load_address>0x1ad5</load_address>
         <run_address>0x1ad5</run_address>
         <size>0x88</size>
         <input_file_ref idref="fl-cb"/>
      </object_component>
      <object_component id="oc-18b">
         <name>.debug_line</name>
         <load_address>0x1b5d</load_address>
         <run_address>0x1b5d</run_address>
         <size>0x14d</size>
         <input_file_ref idref="fl-cb"/>
      </object_component>
      <object_component id="oc-223">
         <name>.debug_line</name>
         <load_address>0x1caa</load_address>
         <run_address>0x1caa</run_address>
         <size>0xee</size>
         <input_file_ref idref="fl-cb"/>
      </object_component>
      <object_component id="oc-229">
         <name>.debug_line</name>
         <load_address>0x1d98</load_address>
         <run_address>0x1d98</run_address>
         <size>0x5d</size>
         <input_file_ref idref="fl-cb"/>
      </object_component>
      <object_component id="oc-191">
         <name>.debug_line</name>
         <load_address>0x1df5</load_address>
         <run_address>0x1df5</run_address>
         <size>0x5c</size>
         <input_file_ref idref="fl-cb"/>
      </object_component>
      <object_component id="oc-197">
         <name>.debug_line</name>
         <load_address>0x1e51</load_address>
         <run_address>0x1e51</run_address>
         <size>0xae</size>
         <input_file_ref idref="fl-cb"/>
      </object_component>
      <object_component id="oc-19d">
         <name>.debug_line</name>
         <load_address>0x1eff</load_address>
         <run_address>0x1eff</run_address>
         <size>0x1b0</size>
         <input_file_ref idref="fl-cb"/>
      </object_component>
      <object_component id="oc-126">
         <name>.debug_line</name>
         <load_address>0x20af</load_address>
         <run_address>0x20af</run_address>
         <size>0x6f3</size>
         <input_file_ref idref="fl-cb"/>
      </object_component>
      <object_component id="oc-1b6">
         <name>.debug_line</name>
         <load_address>0x27a2</load_address>
         <run_address>0x27a2</run_address>
         <size>0x95</size>
         <input_file_ref idref="fl-cb"/>
      </object_component>
      <object_component id="oc-258">
         <name>.debug_line</name>
         <load_address>0x2837</load_address>
         <run_address>0x2837</run_address>
         <size>0x95</size>
         <input_file_ref idref="fl-cb"/>
      </object_component>
      <object_component id="oc-2a6">
         <name>.debug_line</name>
         <load_address>0x28cc</load_address>
         <run_address>0x28cc</run_address>
         <size>0x9d</size>
         <input_file_ref idref="fl-cb"/>
      </object_component>
      <object_component id="oc-25d">
         <name>.debug_line</name>
         <load_address>0x2969</load_address>
         <run_address>0x2969</run_address>
         <size>0x9a</size>
         <input_file_ref idref="fl-cb"/>
      </object_component>
      <object_component id="oc-1bb">
         <name>.debug_line</name>
         <load_address>0x2a03</load_address>
         <run_address>0x2a03</run_address>
         <size>0x2e</size>
         <input_file_ref idref="fl-cb"/>
      </object_component>
      <object_component id="oc-272">
         <name>.debug_line</name>
         <load_address>0x2a31</load_address>
         <run_address>0x2a31</run_address>
         <size>0x94</size>
         <input_file_ref idref="fl-cc"/>
      </object_component>
      <object_component id="oc-17a">
         <name>.debug_line</name>
         <load_address>0x2ac5</load_address>
         <run_address>0x2ac5</run_address>
         <size>0x63</size>
         <input_file_ref idref="fl-cc"/>
      </object_component>
      <object_component id="oc-2a9">
         <name>.debug_line</name>
         <load_address>0x2b28</load_address>
         <run_address>0x2b28</run_address>
         <size>0x20</size>
         <input_file_ref idref="fl-cd"/>
      </object_component>
      <object_component id="oc-26f">
         <name>.debug_line</name>
         <load_address>0x2b48</load_address>
         <run_address>0x2b48</run_address>
         <size>0x2b</size>
         <input_file_ref idref="fl-cd"/>
      </object_component>
      <object_component id="oc-2ac">
         <name>.debug_line</name>
         <load_address>0x2b73</load_address>
         <run_address>0x2b73</run_address>
         <size>0x20</size>
         <input_file_ref idref="fl-ce"/>
      </object_component>
      <object_component id="oc-206">
         <name>.debug_line</name>
         <load_address>0x2b93</load_address>
         <run_address>0x2b93</run_address>
         <size>0x66</size>
         <input_file_ref idref="fl-ce"/>
      </object_component>
      <object_component id="oc-297">
         <name>.debug_line</name>
         <load_address>0x2bf9</load_address>
         <run_address>0x2bf9</run_address>
         <size>0x20</size>
         <input_file_ref idref="fl-cf"/>
      </object_component>
      <object_component id="oc-1a3">
         <name>.debug_line</name>
         <load_address>0x2c19</load_address>
         <run_address>0x2c19</run_address>
         <size>0x48</size>
         <input_file_ref idref="fl-cf"/>
      </object_component>
      <object_component id="oc-2b8">
         <name>.debug_line</name>
         <load_address>0x2c61</load_address>
         <run_address>0x2c61</run_address>
         <size>0x20</size>
         <input_file_ref idref="fl-d0"/>
      </object_component>
      <object_component id="oc-23d">
         <name>.debug_line</name>
         <load_address>0x2c81</load_address>
         <run_address>0x2c81</run_address>
         <size>0xb3</size>
         <input_file_ref idref="fl-d0"/>
      </object_component>
      <object_component id="oc-29e">
         <name>.debug_line</name>
         <load_address>0x2d34</load_address>
         <run_address>0x2d34</run_address>
         <size>0x20</size>
         <input_file_ref idref="fl-d1"/>
      </object_component>
      <object_component id="oc-1a9">
         <name>.debug_line</name>
         <load_address>0x2d54</load_address>
         <run_address>0x2d54</run_address>
         <size>0x46</size>
         <input_file_ref idref="fl-d1"/>
      </object_component>
      <object_component id="oc-29b">
         <name>.debug_line</name>
         <load_address>0x2d9a</load_address>
         <run_address>0x2d9a</run_address>
         <size>0x9d</size>
         <input_file_ref idref="fl-d1"/>
      </object_component>
      <object_component id="oc-246">
         <name>.debug_line</name>
         <load_address>0x2e37</load_address>
         <run_address>0x2e37</run_address>
         <size>0x94</size>
         <input_file_ref idref="fl-d1"/>
      </object_component>
      <object_component id="oc-2ae">
         <name>.debug_line</name>
         <load_address>0x2ecb</load_address>
         <run_address>0x2ecb</run_address>
         <size>0x20</size>
         <input_file_ref idref="fl-d2"/>
      </object_component>
      <object_component id="oc-231">
         <name>.debug_line</name>
         <load_address>0x2eeb</load_address>
         <run_address>0x2eeb</run_address>
         <size>0x5e</size>
         <input_file_ref idref="fl-d2"/>
      </object_component>
      <object_component id="oc-2b2">
         <name>.debug_line</name>
         <load_address>0x2f49</load_address>
         <run_address>0x2f49</run_address>
         <size>0x9d</size>
         <input_file_ref idref="fl-d2"/>
      </object_component>
      <object_component id="oc-28a">
         <name>.debug_line</name>
         <load_address>0x2fe6</load_address>
         <run_address>0x2fe6</run_address>
         <size>0x9a</size>
         <input_file_ref idref="fl-d2"/>
      </object_component>
      <object_component id="oc-2b6">
         <name>.debug_line</name>
         <load_address>0x3080</load_address>
         <run_address>0x3080</run_address>
         <size>0x9e</size>
         <input_file_ref idref="fl-d3"/>
      </object_component>
      <object_component id="oc-234">
         <name>.debug_line</name>
         <load_address>0x311e</load_address>
         <run_address>0x311e</run_address>
         <size>0x9c</size>
         <input_file_ref idref="fl-d3"/>
      </object_component>
      <object_component id="oc-211">
         <name>.debug_line</name>
         <load_address>0x31ba</load_address>
         <run_address>0x31ba</run_address>
         <size>0xd2</size>
         <input_file_ref idref="fl-d4"/>
      </object_component>
      <object_component id="oc-186">
         <name>.debug_line</name>
         <load_address>0x328c</load_address>
         <run_address>0x328c</run_address>
         <size>0x77</size>
         <input_file_ref idref="fl-d5"/>
      </object_component>
      <object_component id="oc-1fc">
         <name>.debug_line</name>
         <load_address>0x3303</load_address>
         <run_address>0x3303</run_address>
         <size>0x77</size>
         <input_file_ref idref="fl-d5"/>
      </object_component>
      <object_component id="oc-1f7">
         <name>.debug_line</name>
         <load_address>0x337a</load_address>
         <run_address>0x337a</run_address>
         <size>0xa8</size>
         <input_file_ref idref="fl-d6"/>
      </object_component>
      <object_component id="oc-1f2">
         <name>.debug_line</name>
         <load_address>0x3422</load_address>
         <run_address>0x3422</run_address>
         <size>0x8e</size>
         <input_file_ref idref="fl-d7"/>
      </object_component>
      <object_component id="oc-201">
         <name>.debug_line</name>
         <load_address>0x34b0</load_address>
         <run_address>0x34b0</run_address>
         <size>0x5a</size>
         <input_file_ref idref="fl-d8"/>
      </object_component>
      <object_component id="oc-20c">
         <name>.debug_line</name>
         <load_address>0x350a</load_address>
         <run_address>0x350a</run_address>
         <size>0x50</size>
         <input_file_ref idref="fl-d9"/>
      </object_component>
      <object_component id="oc-1eb">
         <name>.debug_line</name>
         <load_address>0x355a</load_address>
         <run_address>0x355a</run_address>
         <size>0x81</size>
         <input_file_ref idref="fl-da"/>
      </object_component>
      <object_component id="oc-2a2">
         <name>.debug_line</name>
         <load_address>0x35db</load_address>
         <run_address>0x35db</run_address>
         <size>0x20</size>
         <input_file_ref idref="fl-db"/>
      </object_component>
      <object_component id="oc-2a0">
         <name>.debug_line</name>
         <load_address>0x35fb</load_address>
         <run_address>0x35fb</run_address>
         <size>0x2b</size>
         <input_file_ref idref="fl-db"/>
      </object_component>
      <object_component id="oc-1af">
         <name>.debug_line</name>
         <load_address>0x3626</load_address>
         <run_address>0x3626</run_address>
         <size>0x40</size>
         <input_file_ref idref="fl-db"/>
      </object_component>
      <object_component id="oc-290">
         <name>.debug_line</name>
         <load_address>0x3666</load_address>
         <run_address>0x3666</run_address>
         <size>0x45</size>
         <input_file_ref idref="fl-dc"/>
      </object_component>
      <object_component id="oc-277">
         <name>.debug_line</name>
         <load_address>0x36ab</load_address>
         <run_address>0x36ab</run_address>
         <size>0x37</size>
         <input_file_ref idref="fl-dd"/>
      </object_component>
      <object_component id="oc-6f">
         <name>.debug_frame</name>
         <load_address>0x0</load_address>
         <run_address>0x0</run_address>
         <size>0x1c0</size>
         <input_file_ref idref="fl-1"/>
      </object_component>
      <object_component id="oc-69">
         <name>.debug_frame</name>
         <load_address>0x1c0</load_address>
         <run_address>0x1c0</run_address>
         <size>0x6c</size>
         <input_file_ref idref="fl-2"/>
      </object_component>
      <object_component id="oc-a7">
         <name>.debug_frame</name>
         <load_address>0x22c</load_address>
         <run_address>0x22c</run_address>
         <size>0x70</size>
         <input_file_ref idref="fl-3"/>
      </object_component>
      <object_component id="oc-45">
         <name>.debug_frame</name>
         <load_address>0x29c</load_address>
         <run_address>0x29c</run_address>
         <size>0x54</size>
         <input_file_ref idref="fl-bd"/>
      </object_component>
      <object_component id="oc-1f">
         <name>.debug_frame</name>
         <load_address>0x2f0</load_address>
         <run_address>0x2f0</run_address>
         <size>0x54</size>
         <input_file_ref idref="fl-be"/>
      </object_component>
      <object_component id="oc-19">
         <name>.debug_frame</name>
         <load_address>0x344</load_address>
         <run_address>0x344</run_address>
         <size>0x60</size>
         <input_file_ref idref="fl-bf"/>
      </object_component>
      <object_component id="oc-57">
         <name>.debug_frame</name>
         <load_address>0x3a4</load_address>
         <run_address>0x3a4</run_address>
         <size>0x58</size>
         <input_file_ref idref="fl-c0"/>
      </object_component>
      <object_component id="oc-e3">
         <name>.debug_frame</name>
         <load_address>0x3fc</load_address>
         <run_address>0x3fc</run_address>
         <size>0x54</size>
         <input_file_ref idref="fl-c1"/>
      </object_component>
      <object_component id="oc-b4">
         <name>.debug_frame</name>
         <load_address>0x450</load_address>
         <run_address>0x450</run_address>
         <size>0x70</size>
         <input_file_ref idref="fl-c4"/>
      </object_component>
      <object_component id="oc-12d">
         <name>.debug_frame</name>
         <load_address>0x4c0</load_address>
         <run_address>0x4c0</run_address>
         <size>0x5c</size>
         <input_file_ref idref="fl-c4"/>
      </object_component>
      <object_component id="oc-133">
         <name>.debug_frame</name>
         <load_address>0x51c</load_address>
         <run_address>0x51c</run_address>
         <size>0x54</size>
         <input_file_ref idref="fl-c4"/>
      </object_component>
      <object_component id="oc-ae">
         <name>.debug_frame</name>
         <load_address>0x570</load_address>
         <run_address>0x570</run_address>
         <size>0x54</size>
         <input_file_ref idref="fl-c5"/>
      </object_component>
      <object_component id="oc-ef">
         <name>.debug_frame</name>
         <load_address>0x5c4</load_address>
         <run_address>0x5c4</run_address>
         <size>0x5c</size>
         <input_file_ref idref="fl-c8"/>
      </object_component>
      <object_component id="oc-95">
         <name>.debug_frame</name>
         <load_address>0x620</load_address>
         <run_address>0x620</run_address>
         <size>0x54</size>
         <input_file_ref idref="fl-c9"/>
      </object_component>
      <object_component id="oc-181">
         <name>.debug_frame</name>
         <load_address>0x674</load_address>
         <run_address>0x674</run_address>
         <size>0x64</size>
         <input_file_ref idref="fl-cb"/>
      </object_component>
      <object_component id="oc-217">
         <name>.debug_frame</name>
         <load_address>0x6d8</load_address>
         <run_address>0x6d8</run_address>
         <size>0x60</size>
         <input_file_ref idref="fl-cb"/>
      </object_component>
      <object_component id="oc-21d">
         <name>.debug_frame</name>
         <load_address>0x738</load_address>
         <run_address>0x738</run_address>
         <size>0x64</size>
         <input_file_ref idref="fl-cb"/>
      </object_component>
      <object_component id="oc-18c">
         <name>.debug_frame</name>
         <load_address>0x79c</load_address>
         <run_address>0x79c</run_address>
         <size>0x70</size>
         <input_file_ref idref="fl-cb"/>
      </object_component>
      <object_component id="oc-224">
         <name>.debug_frame</name>
         <load_address>0x80c</load_address>
         <run_address>0x80c</run_address>
         <size>0x6c</size>
         <input_file_ref idref="fl-cb"/>
      </object_component>
      <object_component id="oc-22a">
         <name>.debug_frame</name>
         <load_address>0x878</load_address>
         <run_address>0x878</run_address>
         <size>0x60</size>
         <input_file_ref idref="fl-cb"/>
      </object_component>
      <object_component id="oc-192">
         <name>.debug_frame</name>
         <load_address>0x8d8</load_address>
         <run_address>0x8d8</run_address>
         <size>0x6c</size>
         <input_file_ref idref="fl-cb"/>
      </object_component>
      <object_component id="oc-198">
         <name>.debug_frame</name>
         <load_address>0x944</load_address>
         <run_address>0x944</run_address>
         <size>0x70</size>
         <input_file_ref idref="fl-cb"/>
      </object_component>
      <object_component id="oc-19e">
         <name>.debug_frame</name>
         <load_address>0x9b4</load_address>
         <run_address>0x9b4</run_address>
         <size>0x70</size>
         <input_file_ref idref="fl-cb"/>
      </object_component>
      <object_component id="oc-127">
         <name>.debug_frame</name>
         <load_address>0xa24</load_address>
         <run_address>0xa24</run_address>
         <size>0x78</size>
         <input_file_ref idref="fl-cb"/>
      </object_component>
      <object_component id="oc-17b">
[...]
            <run_size>0x17</run_size>
            <compression>zero_init</compression>
         </cprec>
      </cptbl>
   </cptbl_list>
   <handler_table>
      <handler_table_name>__TI_handler_table</handler_table_name>
      <handler>
         <index>0x0</index>
         <name>__TI_decompress_lzss</name>
      </handler>
      <handler>
         <index>0x1</index>
         <name>__TI_decompress_none</name>
      </handler>
      <handler>
         <index>0x2</index>
         <name>__TI_zero_init</name>
      </handler>
   </handler_table>
   <symbol_table>
      <symbol id="sm-1">
         <name>WDTCTL_SYM</name>
         <value>0x4000480c</value>
      </symbol>
      <symbol id="sm-2">
         <name>__TI_CINIT_Base</name>
         <value>0x2888</value>
      </symbol>
      <symbol id="sm-3">
         <name>__TI_CINIT_Limit</name>
         <value>0x2898</value>
      </symbol>
      <symbol id="sm-4">
         <name>__TI_Handler_Table_Base</name>
         <value>0x2874</value>
      </symbol>
      <symbol id="sm-5">
         <name>__TI_Handler_Table_Limit</name>
         <value>0x2880</value>
      </symbol>
      <symbol id="sm-6">
         <name>binit</name>
         <value>0xffffffff</value>
      </symbol>
      <symbol id="sm-7">
         <name>__binit__</name>
         <value>0xffffffff</value>
      </symbol>
      <symbol id="sm-8">
         <name>__STACK_SIZE</name>
         <value>0x200</value>
      </symbol>
      <symbol id="sm-9">
         <name>__STACK_END</name>
         <value>0x20010000</value>
      </symbol>
      <symbol id="sm-a">
         <name>__c_args__</name>
         <value>0xffffffff</value>
      </symbol>
      <symbol id="sm-b">
         <name>__TI_pprof_out_hndl</name>
         <value>0xffffffff</value>
      </symbol>
      <symbol id="sm-c">
         <name>__TI_prof_data_start</name>
         <value>0xffffffff</value>
      </symbol>
      <symbol id="sm-d">
         <name>__TI_prof_data_size</name>
         <value>0xffffffff</value>
      </symbol>
      <symbol id="sm-ae">
         <name>time</name>
         <value>0x20000018</value>
      </symbol>
      <symbol id="sm-af">
         <name>now</name>
         <value>0x2000002c</value>
      </symbol>
      <symbol id="sm-b0">
         <name>sysTickDelay_ms</name>
         <value>0xfed</value>
         <object_component_ref idref="oc-6a"/>
      </symbol>
      <symbol id="sm-b1">
         <name>RTC_flag</name>
         <value>0x2000000c</value>
         <object_component_ref idref="oc-b8"/>
      </symbol>
      <symbol id="sm-b2">
         <name>sec</name>
         <value>0x20000008</value>
         <object_component_ref idref="oc-b8"/>
      </symbol>
      <symbol id="sm-b3">
         <name>displayText</name>
         <value>0xd4f</value>
         <object_component_ref idref="oc-6a"/>
      </symbol>
      <symbol id="sm-b4">
         <name>RTC_C_IRQHandler</name>
         <value>0xcb5</value>
         <object_component_ref idref="oc-6a"/>
      </symbol>
      <symbol id="sm-b5">
         <name>sysTickDelay_us</name>
         <value>0x1025</value>
         <object_component_ref idref="oc-6a"/>
      </symbol>
      <symbol id="sm-b6">
         <name>hour</name>
         <value>0x20000000</value>
         <object_component_ref idref="oc-b8"/>
      </symbol>
      <symbol id="sm-b7">
         <name>configRTC</name>
         <value>0xc73</value>
         <object_component_ref idref="oc-6a"/>
      </symbol>
      <symbol id="sm-b8">
         <name>dataWrite</name>
         <value>0xee7</value>
         <object_component_ref idref="oc-6a"/>
      </symbol>
      <symbol id="sm-b9">
         <name>displayAt</name>
         <value>0xb95</value>
         <object_component_ref idref="oc-6a"/>
      </symbol>
      <symbol id="sm-ba">
         <name>main</name>
         <value>0xb71</value>
         <object_component_ref idref="oc-6a"/>
      </symbol>
      <symbol id="sm-bb">
         <name>pulseEnablePin</name>
         <value>0xf7d</value>
         <object_component_ref idref="oc-6a"/>
      </symbol>
      <symbol id="sm-bc">
         <name>commandWrite</name>
         <value>0xeb1</value>
         <object_component_ref idref="oc-6a"/>
      </symbol>
      <symbol id="sm-bd">
         <name>LCD_init</name>
         <value>0xe11</value>
         <object_component_ref idref="oc-6a"/>
      </symbol>
      <symbol id="sm-be">
         <name>min</name>
         <value>0x20000004</value>
         <object_component_ref idref="oc-b8"/>
      </symbol>
      <symbol id="sm-bf">
         <name>pushByte</name>
         <value>0xf1d</value>
         <object_component_ref idref="oc-6a"/>
      </symbol>
      <symbol id="sm-c0">
         <name>pushNibble</name>
         <value>0xf47</value>
         <object_component_ref idref="oc-6a"/>
      </symbol>
      <symbol id="sm-c1">
         <name>SysTick_Init</name>
         <value>0xfc5</value>
         <object_component_ref idref="oc-6a"/>
      </symbol>
      <symbol id="sm-d6">
         <name>Reset_Handler</name>
         <value>0x2737</value>
         <object_component_ref idref="oc-64"/>
      </symbol>
      <symbol id="sm-d7">
         <name>Default_Handler</name>
         <value>0x2743</value>
         <object_component_ref idref="oc-64"/>
      </symbol>
      <symbol id="sm-d8">
         <name>interruptVectors</name>
         <value>0x0</value>
         <object_component_ref idref="oc-23"/>
      </symbol>
      <symbol id="sm-120">
         <name>SystemInit</name>
         <value>0x12dd</value>
         <object_component_ref idref="oc-a2"/>
      </symbol>
      <symbol id="sm-121">
         <name>SystemCoreClockUpdate</name>
         <value>0x1065</value>
         <object_component_ref idref="oc-a2"/>
      </symbol>
      <symbol id="sm-122">
         <name>SystemCoreClock</name>
         <value>0x20000014</value>
         <object_component_ref idref="oc-11c"/>
      </symbol>
      <symbol id="sm-13b">
         <name>__TI_zero_init_nomemset</name>
         <value>0x2705</value>
         <object_component_ref idref="oc-40"/>
      </symbol>
      <symbol id="sm-152">
         <name>__TI_decompress_none</name>
         <value>0x2729</value>
         <object_component_ref idref="oc-1a"/>
      </symbol>
      <symbol id="sm-175">
         <name>__TI_decompress_lzss</name>
         <value>0x230d</value>
         <object_component_ref idref="oc-14"/>
      </symbol>
      <symbol id="sm-188">
         <name>__stack</name>
         <value>0x2000fe00</value>
         <object_component_ref idref="oc-26"/>
      </symbol>
      <symbol id="sm-189">
         <name>_c_int00_noargs</name>
         <value>0x262d</value>
         <object_component_ref idref="oc-52"/>
      </symbol>
      <symbol id="sm-194">
         <name>C$$EXIT</name>
         <value>0x275d</value>
         <object_component_ref idref="oc-de"/>
      </symbol>
      <symbol id="sm-195">
         <name>abort</name>
         <value>0x275d</value>
         <object_component_ref idref="oc-de"/>
      </symbol>
      <symbol id="sm-1be">
         <name>sprintf</name>
         <value>0x25ad</value>
         <object_component_ref idref="oc-af"/>
      </symbol>
      <symbol id="sm-1cc">
         <name>strlen</name>
         <value>0x26f1</value>
         <object_component_ref idref="oc-a9"/>
      </symbol>
      <symbol id="sm-1e7">
         <name>memcpy</name>
         <value>0x1fe7</value>
         <object_component_ref idref="oc-34"/>
      </symbol>
      <symbol id="sm-1e8">
         <name>__aeabi_memcpy</name>
         <value>0x1fe7</value>
         <object_component_ref idref="oc-34"/>
      </symbol>
      <symbol id="sm-1e9">
         <name>__aeabi_memcpy8</name>
         <value>0x1fe7</value>
         <object_component_ref idref="oc-34"/>
      </symbol>
      <symbol id="sm-1ea">
         <name>__aeabi_memcpy4</name>
         <value>0x1fe7</value>
         <object_component_ref idref="oc-34"/>
      </symbol>
      <symbol id="sm-1f9">
         <name>__aeabi_memset</name>
         <value>0x2227</value>
         <object_component_ref idref="oc-8a"/>
      </symbol>
      <symbol id="sm-1fa">
         <name>memset</name>
         <value>0x222d</value>
         <object_component_ref idref="oc-8a"/>
      </symbol>
      <symbol id="sm-1fb">
         <name>__aeabi_memset8</name>
         <value>0x2227</value>
         <object_component_ref idref="oc-8a"/>
      </symbol>
      <symbol id="sm-1fc">
         <name>__aeabi_memset4</name>
         <value>0x2227</value>
         <object_component_ref idref="oc-8a"/>
      </symbol>
      <symbol id="sm-1fd">
         <name>__aeabi_memclr8</name>
         <value>0x2225</value>
         <object_component_ref idref="oc-8a"/>
      </symbol>
      <symbol id="sm-1fe">
         <name>__aeabi_memclr4</name>
         <value>0x2225</value>
         <object_component_ref idref="oc-8a"/>
      </symbol>
      <symbol id="sm-1ff">
         <name>__aeabi_memclr</name>
         <value>0x2225</value>
         <object_component_ref idref="oc-8a"/>
      </symbol>
      <symbol id="sm-227">
         <name>__TI_auto_init_nobinit_nopinit</name>
         <value>0x2569</value>
         <object_component_ref idref="oc-ea"/>
      </symbol>
      <symbol id="sm-231">
         <name>_system_pre_init</name>
         <value>0x2759</value>
         <object_component_ref idref="oc-90"/>
      </symbol>
      <symbol id="sm-397">
         <name>__TI_printfi</name>
         <value>0xe5</value>
         <object_component_ref idref="oc-122"/>
      </symbol>
      <symbol id="sm-3ad">
         <name>atoi</name>
         <value>0x24d5</value>
         <object_component_ref idref="oc-176"/>
      </symbol>
      <symbol id="sm-3b8">
         <name>_ctypes_</name>
         <value>0x2760</value>
         <object_component_ref idref="oc-1e2"/>
      </symbol>
      <symbol id="sm-3c7">
         <name>ltoa</name>
         <value>0x242f</value>
         <object_component_ref idref="oc-202"/>
      </symbol>
      <symbol id="sm-3d7">
         <name>memccpy</name>
         <value>0x2693</value>
         <object_component_ref idref="oc-19f"/>
      </symbol>
      <symbol id="sm-3e7">
         <name>strchr</name>
         <value>0x26c7</value>
         <object_component_ref idref="oc-239"/>
      </symbol>
      <symbol id="sm-400">
         <name>wcslen</name>
         <value>0x2717</value>
         <object_component_ref idref="oc-1a5"/>
      </symbol>
      <symbol id="sm-420">
         <name>frexpl</name>
         <value>0x2375</value>
         <object_component_ref idref="oc-22d"/>
      </symbol>
      <symbol id="sm-421">
         <name>frexp</name>
         <value>0x2375</value>
         <object_component_ref idref="oc-22d"/>
      </symbol>
      <symbol id="sm-43e">
         <name>scalbn</name>
         <value>0x1d29</value>
         <object_component_ref idref="oc-233"/>
      </symbol>
      <symbol id="sm-43f">
         <name>scalbnl</name>
         <value>0x1d29</value>
         <object_component_ref idref="oc-233"/>
      </symbol>
      <symbol id="sm-440">
         <name>ldexpl</name>
         <value>0x1d29</value>
         <object_component_ref idref="oc-233"/>
      </symbol>
      <symbol id="sm-441">
         <name>ldexp</name>
         <value>0x1d29</value>
         <object_component_ref idref="oc-233"/>
      </symbol>
      <symbol id="sm-458">
         <name>__aeabi_dsub</name>
         <value>0x17d9</value>
         <object_component_ref idref="oc-20d"/>
      </symbol>
      <symbol id="sm-459">
         <name>__aeabi_dadd</name>
         <value>0x17e3</value>
         <object_component_ref idref="oc-20d"/>
      </symbol>
      <symbol id="sm-47b">
         <name>__aeabi_cdcmpeq</name>
         <value>0x2119</value>
         <object_component_ref idref="oc-182"/>
      </symbol>
      <symbol id="sm-47c">
         <name>__aeabi_cdcmple</name>
         <value>0x2119</value>
         <object_component_ref idref="oc-182"/>
      </symbol>
      <symbol id="sm-47d">
         <name>__aeabi_cdrcmple</name>
         <value>0x219f</value>
         <object_component_ref idref="oc-1f8"/>
      </symbol>
      <symbol id="sm-491">
         <name>__aeabi_ddiv</name>
         <value>0x1acd</value>
         <object_component_ref idref="oc-1f3"/>
      </symbol>
      <symbol id="sm-49c">
         <name>__aeabi_dmul</name>
         <value>0x1e39</value>
         <object_component_ref idref="oc-1ee"/>
      </symbol>
      <symbol id="sm-4a6">
         <name>__aeabi_d2iz</name>
         <value>0x2521</value>
         <object_component_ref idref="oc-1fd"/>
      </symbol>
      <symbol id="sm-4b0">
         <name>__aeabi_i2d</name>
         <value>0x2665</value>
         <object_component_ref idref="oc-208"/>
      </symbol>
      <symbol id="sm-4bd">
         <name>__aeabi_uldivmod</name>
         <value>0x2083</value>
         <object_component_ref idref="oc-1e7"/>
      </symbol>
      <symbol id="sm-4d3">
         <name>__aeabi_errno_addr</name>
         <value>0x2751</value>
         <object_component_ref idref="oc-1ab"/>
      </symbol>
      <symbol id="sm-4d4">
         <name>errno</name>
         <value>0x20000010</value>
         <object_component_ref idref="oc-249"/>
      </symbol>
      <symbol id="sm-4de">
         <name>copysign</name>
         <value>0x26dd</value>
         <object_component_ref idref="oc-28c"/>
      </symbol>
      <symbol id="sm-4df">
         <name>copysignl</name>
         <value>0x26dd</value>
         <object_component_ref idref="oc-28c"/>
      </symbol>
      <symbol id="sm-4e9">
         <name>__aeabi_idiv0</name>
         <value>0xb43</value>
         <object_component_ref idref="oc-273"/>
      </symbol>
      <symbol id="sm-4ea">
         <name>__aeabi_ldiv0</name>
         <value>0xb43</value>
         <object_component_ref idref="oc-273"/>
      </symbol>
      <symbol id="sm-4eb">
         <name>__TI_static_base__</name>
         <value>0x0</value>
      </symbol>
      <symbol id="sm-4ee">
         <name>__mpu_init</name>
         <value>0x0</value>
      </symbol>
      <symbol id="sm-4ef">
         <name>_system_post_cinit</name>
         <value>0x0</value>
      </symbol>
      <symbol id="sm-4f0">
         <name>NMI_Handler</name>
         <value>0x2743</value>
      </symbol>
      <symbol id="sm-4f1">
         <name>HardFault_Handler</name>
         <value>0x2743</value>
      </symbol>
      <symbol id="sm-4f2">
         <name>MemManage_Handler</name>
         <value>0x2743</value>
      </symbol>
      <symbol id="sm-4f3">
         <name>BusFault_Handler</name>
         <value>0x2743</value>
      </symbol>
      <symbol id="sm-4f4">
         <name>UsageFault_Handler</name>
         <value>0x2743</value>
      </symbol>
      <symbol id="sm-4f5">
         <name>SVC_Handler</name>
         <value>0x2743</value>
      </symbol>
      <symbol id="sm-4f6">
         <name>DebugMon_Handler</name>
         <value>0x2743</value>
      </symbol>
      <symbol id="sm-4f7">
         <name>PendSV_Handler</name>
         <value>0x2743</value>
      </symbol>
      <symbol id="sm-4f8">
         <name>SysTick_Handler</name>
         <value>0x2743</value>
      </symbol>
      <symbol id="sm-4f9">
         <name>PSS_IRQHandler</name>
         <value>0x2743</value>
      </symbol>
      <symbol id="sm-4fa">
         <name>CS_IRQHandler</name>
         <value>0x2743</value>
      </symbol>
      <symbol id="sm-4fb">
         <name>PCM_IRQHandler</name>
         <value>0x2743</value>
      </symbol>
      <symbol id="sm-4fc">
         <name>WDT_A_IRQHandler</name>
         <value>0x2743</value>
      </symbol>
      <symbol id="sm-4fd">
         <name>FPU_IRQHandler</name>
         <value>0x2743</value>
      </symbol>
      <symbol id="sm-4fe">
         <name>FLCTL_IRQHandler</name>
         <value>0x2743</value>
      </symbol>
      <symbol id="sm-4ff">
         <name>COMP_E0_IRQHandler</name>
         <value>0x2743</value>
      </symbol>
      <symbol id="sm-500">
         <name>COMP_E1_IRQHandler</name>
         <value>0x2743</value>
      </symbol>
      <symbol id="sm-501">
         <name>TA0_0_IRQHandler</name>
         <value>0x2743</value>
      </symbol>
      <symbol id="sm-502">
         <name>TA0_N_IRQHandler</name>
         <value>0x2743</value>
      </symbol>
      <symbol id="sm-503">
         <name>TA1_0_IRQHandler</name>
         <value>0x2743</value>
      </symbol>
      <symbol id="sm-504">
         <name>TA1_N_IRQHandler</name>
         <value>0x2743</value>
      </symbol>
      <symbol id="sm-505">
         <name>TA2_0_IRQHandler</name>
         <value>0x2743</value>
      </symbol>
      <symbol id="sm-506">
         <name>TA2_N_IRQHandler</name>
         <value>0x2743</value>
      </symbol>
      <symbol id="sm-507">
         <name>TA3_0_IRQHandler</name>
         <value>0x2743</value>
      </symbol>
      <symbol id="sm-508">
         <name>TA3_N_IRQHandler</name>
         <value>0x2743</value>
      </symbol>
      <symbol id="sm-509">
         <name>EUSCIA0_IRQHandler</name>
         <value>0x2743</value>
      </symbol>
      <symbol id="sm-50a">
         <name>EUSCIA1_IRQHandler</name>
         <value>0x2743</value>
      </symbol>
      <symbol id="sm-50b">
         <name>EUSCIA2_IRQHandler</name>
         <value>0x2743</value>
      </symbol>
      <symbol id="sm-50c">
         <name>EUSCIA3_IRQHandler</name>
         <value>0x2743</value>
      </symbol>
      <symbol id="sm-50d">
         <name>EUSCIB0_IRQHandler</name>
         <value>0x2743</value>
      </symbol>
      <symbol id="sm-50e">
         <name>EUSCIB1_IRQHandler</name>
         <value>0x2743</value>
      </symbol>
      <symbol id="sm-50f">
         <name>EUSCIB2_IRQHandler</name>
         <value>0x2743</value>
      </symbol>
      <symbol id="sm-510">
         <name>EUSCIB3_IRQHandler</name>
         <value>0x2743</value>
      </symbol>
      <symbol id="sm-511">
         <name>ADC14_IRQHandler</name>
         <value>0x2743</value>
      </symbol>
      <symbol id="sm-512">
         <name>T32_INT1_IRQHandler</name>
         <value>0x2743</value>
      </symbol>
      <symbol id="sm-513">
         <name>T32_INT2_IRQHandler</name>
         <value>0x2743</value>
      </symbol>
      <symbol id="sm-514">
         <name>T32_INTC_IRQHandler</name>
         <value>0x2743</value>
      </symbol>
      <symbol id="sm-515">
         <name>AES256_IRQHandler</name>
         <value>0x2743</value>
      </symbol>
      <symbol id="sm-516">
         <name>RTC_C_IRQHandler</name>
         <value>0xcb5</value>
      </symbol>
      <symbol id="sm-517">
         <name>DMA_ERR_IRQHandler</name>
         <value>0x2743</value>
      </symbol>
      <symbol id="sm-518">
         <name>DMA_INT3_IRQHandler</name>
         <value>0x2743</value>
      </symbol>
      <symbol id="sm-519">
         <name>DMA_INT2_IRQHandler</name>
         <value>0x2743</value>
      </symbol>
      <symbol id="sm-51a">
         <name>DMA_INT1_IRQHandler</name>
         <value>0x2743</value>
      </symbol>
      <symbol id="sm-51b">
         <name>DMA_INT0_IRQHandler</name>
         <value>0x2743</value>
      </symbol>
      <symbol id="sm-51c">
         <name>PORT1_IRQHandler</name>
         <value>0x2743</value>
      </symbol>
      <symbol id="sm-51d">
         <name>PORT2_IRQHandler</name>
         <value>0x2743</value>
      </symbol>
      <symbol id="sm-51e">
         <name>PORT3_IRQHandler</name>
         <value>0x2743</value>
      </symbol>
      <symbol id="sm-51f">
         <name>PORT4_IRQHandler</name>
         <value>0x2743</value>
      </symbol>
      <symbol id="sm-520">
         <name>PORT5_IRQHandler</name>
         <value>0x2743</value>
      </symbol>
      <symbol id="sm-521">
         <name>PORT6_IRQHandler</name>
         <value>0x2743</value>
      </symbol>
   </symbol_table>
   <title>Link successful</title>
</link_info>
