******************************************************************************
                  TI ARM Linker Unix v18.1.4                   
******************************************************************************
>> Linked Fri Nov 30 22:16:41 2018

OUTPUT FILE NAME:   <Final Project.out>
ENTRY POINT SYMBOL: "_c_int00_noargs"  address: 000029c1


MEMORY CONFIGURATION

         name            origin    length      used     unused   attr    fill
----------------------  --------  ---------  --------  --------  ----  --------
  MAIN                  00000000   00040000  00002c5d  0003d3a3  R  X
  INFO                  00200000   00004000  00000000  00004000  R  X
  SRAM_CODE             01000000   00010000  00000237  0000fdc9  RW X
  SRAM_DATA             20000000   00010000  00000237  0000fdc9  RW  


SEGMENT ALLOCATION MAP

run origin  load origin   length   init length attrs members
----------  ----------- ---------- ----------- ----- -------
00000000    00000000    00002c60   00002c60    r-x
  00000000    00000000    000000e4   000000e4    r-- .intvecs
  000000e4    000000e4    00002a48   00002a48    r-x .text
  00002b2c    00002b2c    00000101   00000101    r-- .const
  00002c30    00002c30    00000030   00000030    r-- .cinit
20000000    20000000    00000037   00000000    rw-
  20000000    20000000    0000002c   00000000    rw- .data
  2000002c    2000002c    0000000b   00000000    rw- .bss
2000fe00    2000fe00    00000200   00000000    rw-
  2000fe00    2000fe00    00000200   00000000    rw- .stack


SECTION ALLOCATION MAP

 output                                  attributes/
section   page    origin      length       input sections
--------  ----  ----------  ----------   ----------------
.intvecs   0    00000000    000000e4     
                  00000000    000000e4     startup_msp432p401r_ccs.obj (.intvecs:retain)

.text      0    000000e4    00002a48     
                  000000e4    00000a5e     rtsv7M4_T_le_v4SPD16_eabi.lib : _printfi.c.obj (.text:__TI_printfi)
                  00000b42    00000002                                   : div0.asm.obj (.text)
                  00000b44    00000844     main.obj (.text)
                  00001388    00000334     system_msp432p401r.obj (.text)
                  000016bc    00000270     rtsv7M4_T_le_v4SPD16_eabi.lib : _printfi.c.obj (.text:_pconv_a)
                  0000192c    000001d0                                   : _printfi.c.obj (.text:_pconv_g)
                  00001afc    000001b6                                   : fd_add_t2.asm.obj (.text)
                  00001cb2    00000002     --HOLE-- [fill = 0]
                  00001cb4    0000013c                                   : _printfi.c.obj (.text:_pconv_e)
                  00001df0    00000136                                   : fd_div_t2.asm.obj (.text)
                  00001f26    00000002     --HOLE-- [fill = 0]
                  00001f28    00000124                                   : _printfi.c.obj (.text:fcvt)
                  0000204c    00000110                                   : s_scalbn.c.obj (.text:scalbn)
                  0000215c    000000fc                                   : fd_mul_t2.asm.obj (.text)
                  00002258    000000b1                                   : _printfi.c.obj (.text:_ltostr)
                  00002309    00000001     --HOLE-- [fill = 0]
                  0000230a    0000009c                                   : memcpy_t2.asm.obj (.text)
                  000023a6    00000096                                   : ull_div_t2.asm.obj (.text)
                  0000243c    00000086                                   : fd_cmp_t2.asm.obj (.text:__aeabi_cdcmple)
                  000024c2    00000086                                   : fd_cmp_t2.asm.obj (.text:__aeabi_cdrcmple)
                  00002548    0000007a                                   : memset_t2.asm.obj (.text)
                  000025c2    0000006e                                   : _printfi.c.obj (.text:_mcpy)
                  00002630    0000006e                                   : fd_tos_t2.asm.obj (.text)
                  0000269e    00000068                                   : copy_decompress_lzss.c.obj (.text:decompress:lzss:__TI_decompress_lzss)
                  00002706    00000002     --HOLE-- [fill = 0]
                  00002708    00000064                                   : s_frexp.c.obj (.text:frexp)
                  0000276c    00000056                                   : _printfi.c.obj (.text:_pconv_f)
                  000027c2    00000054                                   : ltoa.c.obj (.text:ltoa)
                  00002816    00000052                                   : _printfi.c.obj (.text:_ecpy)
                  00002868    0000004c                                   : atoi.c.obj (.text:atoi)
                  000028b4    00000048                                   : fd_toi_t2.asm.obj (.text)
                  000028fc    00000044                                   : autoinit.c.obj (.text:__TI_auto_init_nobinit_nopinit:__TI_auto_init_nobinit_nopinit)
                  00002940    00000040                                   : sprintf.c.obj (.text:sprintf)
                  00002980    0000003e                                   : _printfi.c.obj (.text:_fcpy)
                  000029be    00000002     --HOLE-- [fill = 0]
                  000029c0    00000038                                   : boot_cortex_m.c.obj (.text:_c_int00_noargs:_c_int00_noargs)
                  000029f8    00000038                                   : fs_tod_t2.asm.obj (.text)
                  00002a30    0000002e                                   : i_tofd_t2.asm.obj (.text)
                  00002a5e    0000001c                                   : memccpy.c.obj (.text:memccpy)
                  00002a7a    00000018                                   : sprintf.c.obj (.text:_outs)
                  00002a92    00000016                                   : strchr.c.obj (.text:strchr)
                  00002aa8    00000014                                   : s_copysign.c.obj (.text:copysign)
                  00002abc    00000014                                   : strlen.c.obj (.text:strlen)
                  00002ad0    00000012                                   : copy_zero_init.c.obj (.text:decompress:ZI:__TI_zero_init_nomemset:__TI_zero_init_nomemset)
                  00002ae2    00000012                                   : wcslen.c.obj (.text:wcslen)
                  00002af4    0000000e                                   : copy_decompress_none.c.obj (.text:decompress:none:__TI_decompress_none)
                  00002b02    0000000e     startup_msp432p401r_ccs.obj (.text)
                  00002b10    0000000a     rtsv7M4_T_le_v4SPD16_eabi.lib : sprintf.c.obj (.text:_outc)
                  00002b1a    00000002     --HOLE-- [fill = 0]
                  00002b1c    00000008                                   : errno.c.obj (.text:__aeabi_errno_addr)
                  00002b24    00000004                                   : pre_init.c.obj (.text:_system_pre_init)
                  00002b28    00000004                                   : exit.c.obj (.text:abort:abort)

.const     0    00002b2c    00000101     
                  00002b2c    00000101     rtsv7M4_T_le_v4SPD16_eabi.lib : ctype.c.obj (.const:.string:_ctypes_)

.cinit     0    00002c30    00000030     
                  00002c30    0000000c     (.cinit..data.load) [load image, compression = lzss]
                  00002c3c    0000000c     (__TI_handler_table)
                  00002c48    00000008     (.cinit..bss.load) [load image, compression = zero_init]
                  00002c50    00000010     (__TI_cinit_table)

.init_array 
*          0    00000000    00000000     UNINITIALIZED

.binit     0    00000000    00000000     

.data      0    20000000    0000002c     UNINITIALIZED
                  20000000    00000024     main.obj (.data)
                  20000024    00000004     rtsv7M4_T_le_v4SPD16_eabi.lib : errno.c.obj (.data)
                  20000028    00000004     system_msp432p401r.obj (.data)

.bss       0    2000002c    0000000b     UNINITIALIZED
                  2000002c    00000004     (.common:tempAr)
                  20000030    00000004     (.common:time)
                  20000034    00000003     (.common:now)

.stack     0    2000fe00    00000200     UNINITIALIZED
                  2000fe00    00000004     rtsv7M4_T_le_v4SPD16_eabi.lib : boot_cortex_m.c.obj (.stack)
                  2000fe04    000001fc     --HOLE--

MODULE SUMMARY

       Module                        code    ro data   rw data
       ------                        ----    -------   -------
    ./
       main.obj                      2116    0         94     
       system_msp432p401r.obj        820     0         8      
       startup_msp432p401r_ccs.obj   14      228       0      
    +--+-----------------------------+-------+---------+---------+
       Total:                        2950    228       102    
                                                              
    /Applications/ti/ccsv8/tools/compiler/ti-cgt-arm_18.1.4.LTS/lib/rtsv7M4_T_le_v4SPD16_eabi.lib
       _printfi.c.obj                4867    0         0      
       fd_add_t2.asm.obj             438     0         0      
       fd_div_t2.asm.obj             310     0         0      
       s_scalbn.c.obj                272     0         0      
       fd_cmp_t2.asm.obj             268     0         0      
       ctype.c.obj                   0       257       0      
       fd_mul_t2.asm.obj             252     0         0      
       memcpy_t2.asm.obj             156     0         0      
       ull_div_t2.asm.obj            150     0         0      
       memset_t2.asm.obj             122     0         0      
       fd_tos_t2.asm.obj             110     0         0      
       copy_decompress_lzss.c.obj    104     0         0      
       s_frexp.c.obj                 100     0         0      
       sprintf.c.obj                 98      0         0      
       ltoa.c.obj                    84      0         0      
       atoi.c.obj                    76      0         0      
       fd_toi_t2.asm.obj             72      0         0      
       autoinit.c.obj                68      0         0      
       boot_cortex_m.c.obj           56      0         0      
       fs_tod_t2.asm.obj             56      0         0      
       i_tofd_t2.asm.obj             46      0         0      
       memccpy.c.obj                 28      0         0      
       strchr.c.obj                  22      0         0      
       s_copysign.c.obj              20      0         0      
       strlen.c.obj                  20      0         0      
       copy_zero_init.c.obj          18      0         0      
       wcslen.c.obj                  18      0         0      
       errno.c.obj                   8       0         8      
       copy_decompress_none.c.obj    14      0         0      
       exit.c.obj                    4       0         0      
       pre_init.c.obj                4       0         0      
       div0.asm.obj                  2       0         0      
    +--+-----------------------------+-------+---------+---------+
       Total:                        7863    257       8      
                                                              
       Stack:                        0       0         1024   
       Linker Generated:             0       48        0      
    +--+-----------------------------+-------+---------+---------+
       Grand Total:                  10813   533       1134   


LINKER GENERATED COPY TABLES

__TI_cinit_table @ 00002c50 records: 2, size/record: 8, table size: 16
	.data: load addr=00002c30, load size=0000000c bytes, run addr=20000000, run size=0000002c bytes, compression=lzss
	.bss: load addr=00002c48, load size=00000008 bytes, run addr=2000002c, run size=0000000b bytes, compression=zero_init


LINKER GENERATED HANDLER TABLE

__TI_handler_table @ 00002c3c records: 3, size/record: 4, table size: 12
	index: 0, handler: __TI_decompress_lzss
	index: 1, handler: __TI_decompress_none
	index: 2, handler: __TI_zero_init


GLOBAL SYMBOLS: SORTED ALPHABETICALLY BY Name 

address   name                          
-------   ----                          
00000cdf  ADC14_IRQHandler              
00000cdf  ADC14_IRQHandler              
00000e55  ADC14init                     
00002b0f  AES256_IRQHandler             
00002b0f  BusFault_Handler              
00002b29  C$$EXIT                       
00002b0f  COMP_E0_IRQHandler            
00002b0f  COMP_E1_IRQHandler            
00002b0f  CS_IRQHandler                 
00002b0f  DMA_ERR_IRQHandler            
00002b0f  DMA_INT0_IRQHandler           
00002b0f  DMA_INT1_IRQHandler           
00002b0f  DMA_INT2_IRQHandler           
00002b0f  DMA_INT3_IRQHandler           
00002b0f  DebugMon_Handler              
00002b0f  Default_Handler               
00002b0f  EUSCIA0_IRQHandler            
00002b0f  EUSCIA1_IRQHandler            
00002b0f  EUSCIA2_IRQHandler            
00002b0f  EUSCIA3_IRQHandler            
00002b0f  EUSCIB0_IRQHandler            
00002b0f  EUSCIB1_IRQHandler            
00002b0f  EUSCIB2_IRQHandler            
00002b0f  EUSCIB3_IRQHandler            
00002b0f  FLCTL_IRQHandler              
00002b0f  FPU_IRQHandler                
00002b0f  HardFault_Handler             
00001169  LCD_init                      
00002b0f  MemManage_Handler             
00002b0f  NMI_Handler                   
00002b0f  PCM_IRQHandler                
00002b0f  PORT1_IRQHandler              
00002b0f  PORT2_IRQHandler              
00002b0f  PORT3_IRQHandler              
00000bb3  PORT4_IRQHandler              
00000bb3  PORT4_IRQHandler              
00002b0f  PORT5_IRQHandler              
00002b0f  PORT6_IRQHandler              
00002b0f  PSS_IRQHandler                
00002b0f  PendSV_Handler                
00000c37  RTC_C_IRQHandler              
00000c37  RTC_C_IRQHandler              
20000014  RTC_flag                      
00002b03  Reset_Handler                 
00002b0f  SVC_Handler                   
00002b0f  SysTick_Handler               
00001305  SysTick_Init                  
20000028  SystemCoreClock               
00001389  SystemCoreClockUpdate         
00001601  SystemInit                    
00000ba1  T32_INT1_IRQHandler           
00000ba1  T32_INT1_IRQHandler           
00002b0f  T32_INT2_IRQHandler           
00002b0f  T32_INTC_IRQHandler           
00002b0f  TA0_0_IRQHandler              
00002b0f  TA0_N_IRQHandler              
00002b0f  TA1_0_IRQHandler              
00002b0f  TA1_N_IRQHandler              
00002b0f  TA2_0_IRQHandler              
00002b0f  TA2_N_IRQHandler              
00002b0f  TA3_0_IRQHandler              
00002b0f  TA3_N_IRQHandler              
00002b0f  UsageFault_Handler            
4000480c  WDTCTL_SYM                    
00002b0f  WDT_A_IRQHandler              
20010000  __STACK_END                   
00000200  __STACK_SIZE                  
00002c50  __TI_CINIT_Base               
00002c60  __TI_CINIT_Limit              
00002c3c  __TI_Handler_Table_Base       
00002c48  __TI_Handler_Table_Limit      
000028fd  __TI_auto_init_nobinit_nopinit
0000269f  __TI_decompress_lzss          
00002af5  __TI_decompress_none          
ffffffff  __TI_pprof_out_hndl           
000000e5  __TI_printfi                  
ffffffff  __TI_prof_data_size           
ffffffff  __TI_prof_data_start          
00000000  __TI_static_base__            
00002ad1  __TI_zero_init_nomemset       
0000243d  __aeabi_cdcmpeq               
0000243d  __aeabi_cdcmple               
000024c3  __aeabi_cdrcmple              
00002631  __aeabi_d2f                   
000028b5  __aeabi_d2iz                  
00001b07  __aeabi_dadd                  
00001df1  __aeabi_ddiv                  
0000215d  __aeabi_dmul                  
00001afd  __aeabi_dsub                  
00002b1d  __aeabi_errno_addr            
000029f9  __aeabi_f2d                   
00002a31  __aeabi_i2d                   
00000b43  __aeabi_idiv0                 
00000b43  __aeabi_ldiv0                 
00002549  __aeabi_memclr                
00002549  __aeabi_memclr4               
00002549  __aeabi_memclr8               
0000230b  __aeabi_memcpy                
0000230b  __aeabi_memcpy4               
0000230b  __aeabi_memcpy8               
0000254b  __aeabi_memset                
0000254b  __aeabi_memset4               
0000254b  __aeabi_memset8               
000023a7  __aeabi_uldivmod              
ffffffff  __binit__                     
ffffffff  __c_args__                    
UNDEFED   __mpu_init                    
2000fe00  __stack                       
000029c1  _c_int00_noargs               
00002b2c  _ctypes_                      
UNDEFED   _system_post_cinit            
00002b25  _system_pre_init              
00002b29  abort                         
00002869  atoi                          
ffffffff  binit                         
00001209  commandWrite                  
00000e07  configRTC                     
00002aa9  copysign                      
00002aa9  copysignl                     
0000123f  dataWrite                     
00000f41  displayAt                     
00001089  displayText                   
20000024  errno                         
00002709  frexp                         
00002709  frexpl                        
20000008  hour                          
00000db7  intButtons                    
00000000  interruptVectors              
0000204d  ldexp                         
0000204d  ldexpl                        
000027c3  ltoa                          
00000b71  main                          
00002a5f  memccpy                       
0000230b  memcpy                        
00002551  memset                        
2000000c  min                           
20000034  now                           
000012d1  pulseEnablePin                
00001275  pushByte                      
0000129f  pushNibble                    
20000020  raw                           
0000204d  scalbn                        
0000204d  scalbnl                       
20000010  sec                           
20000004  setAlarm                      
20000000  setTime                       
00002941  sprintf                       
00002a93  strchr                        
00002abd  strlen                        
00001321  sysTickDelay_ms               
00001347  sysTickDelay_us               
20000018  temp                          
2000002c  tempAr                        
00000eb5  tempT32interrupt              
20000030  time                          
2000001c  voltage                       
00002ae3  wcslen                        


GLOBAL SYMBOLS: SORTED BY Symbol Address 

address   name                          
-------   ----                          
00000000  __TI_static_base__            
00000000  interruptVectors              
000000e5  __TI_printfi                  
00000200  __STACK_SIZE                  
00000b43  __aeabi_idiv0                 
00000b43  __aeabi_ldiv0                 
00000b71  main                          
00000ba1  T32_INT1_IRQHandler           
00000ba1  T32_INT1_IRQHandler           
00000bb3  PORT4_IRQHandler              
00000bb3  PORT4_IRQHandler              
00000c37  RTC_C_IRQHandler              
00000c37  RTC_C_IRQHandler              
00000cdf  ADC14_IRQHandler              
00000cdf  ADC14_IRQHandler              
00000db7  intButtons                    
00000e07  configRTC                     
00000e55  ADC14init                     
00000eb5  tempT32interrupt              
00000f41  displayAt                     
00001089  displayText                   
00001169  LCD_init                      
00001209  commandWrite                  
0000123f  dataWrite                     
00001275  pushByte                      
0000129f  pushNibble                    
000012d1  pulseEnablePin                
00001305  SysTick_Init                  
00001321  sysTickDelay_ms               
00001347  sysTickDelay_us               
00001389  SystemCoreClockUpdate         
00001601  SystemInit                    
00001afd  __aeabi_dsub                  
00001b07  __aeabi_dadd                  
00001df1  __aeabi_ddiv                  
0000204d  ldexp                         
0000204d  ldexpl                        
0000204d  scalbn                        
0000204d  scalbnl                       
0000215d  __aeabi_dmul                  
0000230b  __aeabi_memcpy                
0000230b  __aeabi_memcpy4               
0000230b  __aeabi_memcpy8               
0000230b  memcpy                        
000023a7  __aeabi_uldivmod              
0000243d  __aeabi_cdcmpeq               
0000243d  __aeabi_cdcmple               
000024c3  __aeabi_cdrcmple              
00002549  __aeabi_memclr                
00002549  __aeabi_memclr4               
00002549  __aeabi_memclr8               
0000254b  __aeabi_memset                
0000254b  __aeabi_memset4               
0000254b  __aeabi_memset8               
00002551  memset                        
00002631  __aeabi_d2f                   
0000269f  __TI_decompress_lzss          
00002709  frexp                         
00002709  frexpl                        
000027c3  ltoa                          
00002869  atoi                          
000028b5  __aeabi_d2iz                  
000028fd  __TI_auto_init_nobinit_nopinit
00002941  sprintf                       
000029c1  _c_int00_noargs               
000029f9  __aeabi_f2d                   
00002a31  __aeabi_i2d                   
00002a5f  memccpy                       
00002a93  strchr                        
00002aa9  copysign                      
00002aa9  copysignl                     
00002abd  strlen                        
00002ad1  __TI_zero_init_nomemset       
00002ae3  wcslen                        
00002af5  __TI_decompress_none          
00002b03  Reset_Handler                 
00002b0f  AES256_IRQHandler             
00002b0f  BusFault_Handler              
00002b0f  COMP_E0_IRQHandler            
00002b0f  COMP_E1_IRQHandler            
00002b0f  CS_IRQHandler                 
00002b0f  DMA_ERR_IRQHandler            
00002b0f  DMA_INT0_IRQHandler           
00002b0f  DMA_INT1_IRQHandler           
00002b0f  DMA_INT2_IRQHandler           
00002b0f  DMA_INT3_IRQHandler           
00002b0f  DebugMon_Handler              
00002b0f  Default_Handler               
00002b0f  EUSCIA0_IRQHandler            
00002b0f  EUSCIA1_IRQHandler            
00002b0f  EUSCIA2_IRQHandler            
00002b0f  EUSCIA3_IRQHandler            
00002b0f  EUSCIB0_IRQHandler            
00002b0f  EUSCIB1_IRQHandler            
00002b0f  EUSCIB2_IRQHandler            
00002b0f  EUSCIB3_IRQHandler            
00002b0f  FLCTL_IRQHandler              
00002b0f  FPU_IRQHandler                
00002b0f  HardFault_Handler             
00002b0f  MemManage_Handler             
00002b0f  NMI_Handler                   
00002b0f  PCM_IRQHandler                
00002b0f  PORT1_IRQHandler              
00002b0f  PORT2_IRQHandler              
00002b0f  PORT3_IRQHandler              
00002b0f  PORT5_IRQHandler              
00002b0f  PORT6_IRQHandler              
00002b0f  PSS_IRQHandler                
00002b0f  PendSV_Handler                
00002b0f  SVC_Handler                   
00002b0f  SysTick_Handler               
00002b0f  T32_INT2_IRQHandler           
00002b0f  T32_INTC_IRQHandler           
00002b0f  TA0_0_IRQHandler              
00002b0f  TA0_N_IRQHandler              
00002b0f  TA1_0_IRQHandler              
00002b0f  TA1_N_IRQHandler              
00002b0f  TA2_0_IRQHandler              
00002b0f  TA2_N_IRQHandler              
00002b0f  TA3_0_IRQHandler              
00002b0f  TA3_N_IRQHandler              
00002b0f  UsageFault_Handler            
00002b0f  WDT_A_IRQHandler              
00002b1d  __aeabi_errno_addr            
00002b25  _system_pre_init              
00002b29  C$$EXIT                       
00002b29  abort                         
00002b2c  _ctypes_                      
00002c3c  __TI_Handler_Table_Base       
00002c48  __TI_Handler_Table_Limit      
00002c50  __TI_CINIT_Base               
00002c60  __TI_CINIT_Limit              
20000000  setTime                       
20000004  setAlarm                      
20000008  hour                          
2000000c  min                           
20000010  sec                           
20000014  RTC_flag                      
20000018  temp                          
2000001c  voltage                       
20000020  raw                           
20000024  errno                         
20000028  SystemCoreClock               
2000002c  tempAr                        
20000030  time                          
20000034  now                           
2000fe00  __stack                       
20010000  __STACK_END                   
4000480c  WDTCTL_SYM                    
ffffffff  __TI_pprof_out_hndl           
ffffffff  __TI_prof_data_size           
ffffffff  __TI_prof_data_start          
ffffffff  __binit__                     
ffffffff  __c_args__                    
ffffffff  binit                         
UNDEFED   __mpu_init                    
UNDEFED   _system_post_cinit            

[157 symbols]
