******************************************************************************
                  TI ARM Linker PC v18.1.4                     
******************************************************************************
>> Linked Tue Dec  4 23:25:15 2018

OUTPUT FILE NAME:   <Final Project.out>
ENTRY POINT SYMBOL: "_c_int00_noargs"  address: 00004285


MEMORY CONFIGURATION

         name            origin    length      used     unused   attr    fill
----------------------  --------  ---------  --------  --------  ----  --------
  MAIN                  00000000   00040000  00004815  0003b7eb  R  X
  INFO                  00200000   00004000  00000000  00004000  R  X
  SRAM_CODE             01000000   00010000  00000a7d  0000f583  RW X
  SRAM_DATA             20000000   00010000  00000a7d  0000f583  RW  


SEGMENT ALLOCATION MAP

run origin  load origin   length   init length attrs members
----------  ----------- ---------- ----------- ----- -------
00000000    00000000    00004818   00004818    r-x
  00000000    00000000    000000e4   000000e4    r-- .intvecs
  000000e4    000000e4    00004588   00004588    r-x .text
  0000466c    0000466c    00000101   00000101    r-- .const
  00004770    00004770    000000a8   000000a8    r-- .cinit
20000000    20000000    0000087d   00000000    rw-
  20000000    20000000    00000400   00000000    rw- .sysmem
  20000400    20000400    00000244   00000000    rw- .data
  20000644    20000644    00000239   00000000    rw- .bss
2000fe00    2000fe00    00000200   00000000    rw-
  2000fe00    2000fe00    00000200   00000000    rw- .stack


SECTION ALLOCATION MAP

 output                                  attributes/
section   page    origin      length       input sections
--------  ----  ----------  ----------   ----------------
.intvecs   0    00000000    000000e4     
                  00000000    000000e4     startup_msp432p401r_ccs.obj (.intvecs:retain)

.text      0    000000e4    00004588     
                  000000e4    00001748     main.obj (.text)
                  0000182c    00000a5e     rtsv7M4_T_le_v4SPD16_eabi.lib : _printfi.c.obj (.text:__TI_printfi)
                  0000228a    00000002                                   : _lock.c.obj (.text:_nop)
                  0000228c    00000334     system_msp432p401r.obj (.text)
                  000025c0    00000270     rtsv7M4_T_le_v4SPD16_eabi.lib : _printfi.c.obj (.text:_pconv_a)
                  00002830    000001d0                                   : _printfi.c.obj (.text:_pconv_g)
                  00002a00    000001b6                                   : fd_add_t2.asm.obj (.text)
                  00002bb6    00000002                                   : div0.asm.obj (.text)
                  00002bb8    0000013c                                   : _printfi.c.obj (.text:_pconv_e)
                  00002cf4    00000136                                   : fd_div_t2.asm.obj (.text)
                  00002e2a    00000002     --HOLE-- [fill = 0]
                  00002e2c    00000124                                   : _printfi.c.obj (.text:fcvt)
                  00002f50    00000114                                   : fputs.c.obj (.text:fputs)
                  00003064    00000110                                   : s_scalbn.c.obj (.text:scalbn)
                  00003174    000000fc                                   : fd_mul_t2.asm.obj (.text)
                  00003270    000000dc                                   : setvbuf.c.obj (.text:setvbuf)
                  0000334c    000000d8                                   : memory.c.obj (.text:free)
                  00003424    000000b1                                   : _printfi.c.obj (.text:_ltostr)
                  000034d5    00000001     --HOLE-- [fill = 0]
                  000034d6    0000009c                                   : memcpy_t2.asm.obj (.text)
                  00003572    00000096                                   : ull_div_t2.asm.obj (.text)
                  00003608    0000008c                                   : fputc.c.obj (.text:fputc)
                  00003694    00000086                                   : fd_cmp_t2.asm.obj (.text:__aeabi_cdcmple)
                  0000371a    00000086                                   : fd_cmp_t2.asm.obj (.text:__aeabi_cdrcmple)
                  000037a0    0000007a                                   : memset_t2.asm.obj (.text)
                  0000381a    00000002     --HOLE-- [fill = 0]
                  0000381c    00000078                                   : memory.c.obj (.text:malloc)
                  00003894    00000074                                   : fclose.c.obj (.text:__TI_closefile)
                  00003908    0000006e                                   : _printfi.c.obj (.text:_mcpy)
                  00003976    0000006e                                   : fd_tos_t2.asm.obj (.text)
                  000039e4    00000068                                   : hostlseek.c.obj (.text:HOSTlseek)
                  00003a4c    00000068                                   : hostrename.c.obj (.text:HOSTrename)
                  00003ab4    00000068                                   : copy_decompress_lzss.c.obj (.text:decompress:lzss:__TI_decompress_lzss)
                  00003b1c    00000068                                   : printf.c.obj (.text:printf)
                  00003b84    00000064                                   : s_frexp.c.obj (.text:frexp)
                  00003be8    00000064                                   : fseek.c.obj (.text:fseek)
                  00003c4c    00000062                                   : _io_perm.c.obj (.text:__TI_wrt_ok)
                  00003cae    00000002     --HOLE-- [fill = 0]
                  00003cb0    00000060                                   : hostopen.c.obj (.text:HOSTopen)
                  00003d10    0000005c                                   : close.c.obj (.text:close)
                  00003d6c    00000058                                   : hostread.c.obj (.text:HOSTread)
                  00003dc4    00000058                                   : hostwrite.c.obj (.text:HOSTwrite)
                  00003e1c    00000056                                   : _printfi.c.obj (.text:_pconv_f)
                  00003e72    00000054                                   : ltoa.c.obj (.text:ltoa)
                  00003ec6    00000052                                   : _printfi.c.obj (.text:_ecpy)
                  00003f18    0000004c                                   : fflush.c.obj (.text:__TI_doflush)
                  00003f64    0000004c                                   : atoi.c.obj (.text:atoi)
                  00003fb0    00000048                                   : exit.c.obj (.text:exit)
                  00003ff8    00000048                                   : fd_toi_t2.asm.obj (.text)
                  00004040    00000044                                   : hostclose.c.obj (.text:HOSTclose)
                  00004084    00000044                                   : hostunlink.c.obj (.text:HOSTunlink)
                  000040c8    00000044                                   : autoinit.c.obj (.text:__TI_auto_init_nobinit_nopinit:__TI_auto_init_nobinit_nopinit)
                  0000410c    00000044                                   : getdevice.c.obj (.text:getdevice)
                  00004150    00000040                                   : sprintf.c.obj (.text:sprintf)
                  00004190    00000040                                   : strtok.c.obj (.text:strtok)
                  000041d0    0000003e                                   : _printfi.c.obj (.text:_fcpy)
                  0000420e    00000002     --HOLE-- [fill = 0]
                  00004210    0000003c                                   : memory.c.obj (.text:minsert)
                  0000424c    00000038                                   : trgmsg.c.obj (.text:__TI_writemsg)
                  00004284    00000038                                   : boot_cortex_m.c.obj (.text:_c_int00_noargs:_c_int00_noargs)
                  000042bc    00000038                                   : memory.c.obj (.text:minit)
                  000042f4    00000038                                   : fs_tod_t2.asm.obj (.text)
                  0000432c    00000036                                   : strncpy.c.obj (.text:strncpy)
                  00004362    00000002     --HOLE-- [fill = 0]
                  00004364    00000034                                   : fopen.c.obj (.text:__TI_cleanup)
                  00004398    00000034                                   : trgmsg.c.obj (.text:__TI_readmsg)
                  000043cc    00000030                                   : getdevice.c.obj (.text:finddevice)
                  000043fc    0000002e                                   : i_tofd_t2.asm.obj (.text)
                  0000442a    0000002c                                   : strncmp.c.obj (.text:strncmp)
                  00004456    00000002     --HOLE-- [fill = 0]
                  00004458    0000002c                                   : unlink.c.obj (.text:unlink)
                  00004484    0000002a                                   : strspn.c.obj (.text:strspn)
                  000044ae    00000002     --HOLE-- [fill = 0]
                  000044b0    00000028                                   : lseek.c.obj (.text:lseek)
                  000044d8    00000028                                   : memory.c.obj (.text:mremove)
                  00004500    00000028                                   : write.c.obj (.text:write)
                  00004528    00000024                                   : strcspn.c.obj (.text:strcspn)
                  0000454c    00000020                                   : memchr.c.obj (.text:memchr)
                  0000456c    0000001c                                   : memccpy.c.obj (.text:memccpy)
                  00004588    00000018                                   : sprintf.c.obj (.text:_outs)
                  000045a0    00000018                                   : strcmp.c.obj (.text:strcmp)
                  000045b8    00000016                                   : strchr.c.obj (.text:strchr)
                  000045ce    00000014                                   : s_copysign.c.obj (.text:copysign)
                  000045e2    00000014                                   : strcpy.c.obj (.text:strcpy)
                  000045f6    00000014                                   : strlen.c.obj (.text:strlen)
                  0000460a    00000012                                   : copy_zero_init.c.obj (.text:decompress:ZI:__TI_zero_init_nomemset:__TI_zero_init_nomemset)
                  0000461c    00000012                                   : wcslen.c.obj (.text:wcslen)
                  0000462e    0000000e                                   : copy_decompress_none.c.obj (.text:decompress:none:__TI_decompress_none)
                  0000463c    0000000e     startup_msp432p401r_ccs.obj (.text)
                  0000464a    0000000a     rtsv7M4_T_le_v4SPD16_eabi.lib : sprintf.c.obj (.text:_outc)
                  00004654    00000008                                   : errno.c.obj (.text:__aeabi_errno_addr)
                  0000465c    00000004                                   : printf.c.obj (.text:_outc)
                  00004660    00000004                                   : printf.c.obj (.text:_outs)
                  00004664    00000004                                   : pre_init.c.obj (.text:_system_pre_init)
                  00004668    00000004                                   : exit.c.obj (.text:abort:abort)

.const     0    0000466c    00000101     
                  0000466c    00000101     rtsv7M4_T_le_v4SPD16_eabi.lib : ctype.c.obj (.const:.string:_ctypes_)

.cinit     0    00004770    000000a8     
                  00004770    0000007f     (.cinit..data.load) [load image, compression = lzss]
                  000047ef    00000001     --HOLE-- [fill = 0]
                  000047f0    0000000c     (__TI_handler_table)
                  000047fc    00000004     --HOLE-- [fill = 0]
                  00004800    00000008     (.cinit..bss.load) [load image, compression = zero_init]
                  00004808    00000010     (__TI_cinit_table)

.init_array 
*          0    00000000    00000000     UNINITIALIZED

.binit     0    00000000    00000000     

.sysmem    0    20000000    00000400     UNINITIALIZED
                  20000000    00000008     rtsv7M4_T_le_v4SPD16_eabi.lib : memory.c.obj (.sysmem)
                  20000008    000003f8     --HOLE--

.data      0    20000400    00000244     UNINITIALIZED
                  20000400    000000f0     rtsv7M4_T_le_v4SPD16_eabi.lib : defs.c.obj (.data:_ftable)
                  200004f0    00000078                                   : write.c.obj (.data:_device)
                  20000568    00000050                                   : write.c.obj (.data:_stream)
                  200005b8    0000004d     main.obj (.data)
                  20000605    00000003     --HOLE--
                  20000608    00000010     rtsv7M4_T_le_v4SPD16_eabi.lib : defs.c.obj (.data)
                  20000618    0000000c                                   : exit.c.obj (.data:$O1$$)
                  20000624    0000000c                                   : memory.c.obj (.data:$O1$$)
                  20000630    00000008                                   : _lock.c.obj (.data:$O1$$)
                  20000638    00000004                                   : errno.c.obj (.data)
                  2000063c    00000004                                   : strtok.c.obj (.data)
                  20000640    00000004     system_msp432p401r.obj (.data)

.bss       0    20000644    00000239     UNINITIALIZED
                  20000644    00000120     rtsv7M4_T_le_v4SPD16_eabi.lib : trgmsg.c.obj (.bss:_CIOBUF_)
                  20000764    000000a0     (.common:__TI_tmpnams)
                  20000804    00000064     (.common:INPUT_BUFFER)
                  20000868    00000008     (.common:parmbuf)
                  20000870    00000004     (.common:tempAr)
                  20000874    00000004     (.common:time)
                  20000878    00000003     (.common:now)
                  2000087b    00000002     (.common:alarm)

.stack     0    2000fe00    00000200     UNINITIALIZED
                  2000fe00    00000004     rtsv7M4_T_le_v4SPD16_eabi.lib : boot_cortex_m.c.obj (.stack)
                  2000fe04    000001fc     --HOLE--

MODULE SUMMARY

       Module                        code    ro data   rw data
       ------                        ----    -------   -------
    .\
       main.obj                      5960    0         380    
       system_msp432p401r.obj        820     0         8      
       startup_msp432p401r_ccs.obj   14      228       0      
    +--+-----------------------------+-------+---------+---------+
       Total:                        6794    228       388    
                                                              
    C:\ti\ccsv8\tools\compiler\ti-cgt-arm_18.1.4.LTS\lib\rtsv7M4_T_le_v4SPD16_eabi.lib
       _printfi.c.obj                4867    0         0      
       defs.c.obj                    0       0         832    
       trgmsg.c.obj                  108     0         576    
       memory.c.obj                  492     0         24     
       write.c.obj                   40      0         400    
       fd_add_t2.asm.obj             438     0         0      
       fd_div_t2.asm.obj             310     0         0      
       fputs.c.obj                   276     0         0      
       s_scalbn.c.obj                272     0         0      
       fd_cmp_t2.asm.obj             268     0         0      
       ctype.c.obj                   0       257       0      
       fd_mul_t2.asm.obj             252     0         0      
       setvbuf.c.obj                 220     0         0      
       memcpy_t2.asm.obj             156     0         0      
       ull_div_t2.asm.obj            150     0         0      
       fputc.c.obj                   140     0         0      
       memset_t2.asm.obj             122     0         0      
       fclose.c.obj                  116     0         0      
       getdevice.c.obj               116     0         0      
       hostopen.c.obj                96      0         16     
       printf.c.obj                  112     0         0      
       fd_tos_t2.asm.obj             110     0         0      
       copy_decompress_lzss.c.obj    104     0         0      
       hostlseek.c.obj               104     0         0      
       hostrename.c.obj              104     0         0      
       exit.c.obj                    76      0         24     
       fseek.c.obj                   100     0         0      
       s_frexp.c.obj                 100     0         0      
       _io_perm.c.obj                98      0         0      
       sprintf.c.obj                 98      0         0      
       close.c.obj                   92      0         0      
       hostread.c.obj                88      0         0      
       hostwrite.c.obj               88      0         0      
       ltoa.c.obj                    84      0         0      
       atoi.c.obj                    76      0         0      
       fflush.c.obj                  76      0         0      
       fd_toi_t2.asm.obj             72      0         0      
       strtok.c.obj                  64      0         8      
       autoinit.c.obj                68      0         0      
       hostclose.c.obj               68      0         0      
       hostunlink.c.obj              68      0         0      
       boot_cortex_m.c.obj           56      0         0      
       fs_tod_t2.asm.obj             56      0         0      
       strncpy.c.obj                 54      0         0      
       fopen.c.obj                   52      0         0      
       i_tofd_t2.asm.obj             46      0         0      
       strncmp.c.obj                 44      0         0      
       unlink.c.obj                  44      0         0      
       strspn.c.obj                  42      0         0      
       lseek.c.obj                   40      0         0      
       strcspn.c.obj                 36      0         0      
       memchr.c.obj                  32      0         0      
       memccpy.c.obj                 28      0         0      
       strcmp.c.obj                  24      0         0      
       strchr.c.obj                  22      0         0      
       s_copysign.c.obj              20      0         0      
       strcpy.c.obj                  20      0         0      
       strlen.c.obj                  20      0         0      
       _lock.c.obj                   2       0         16     
       copy_zero_init.c.obj          18      0         0      
       wcslen.c.obj                  18      0         0      
       errno.c.obj                   8       0         8      
       copy_decompress_none.c.obj    14      0         0      
       pre_init.c.obj                4       0         0      
       div0.asm.obj                  2       0         0      
    +--+-----------------------------+-------+---------+---------+
       Total:                        10991   257       1904   
                                                              
       Heap:                         0       0         2048   
       Stack:                        0       0         1024   
       Linker Generated:             0       163       0      
    +--+-----------------------------+-------+---------+---------+
       Grand Total:                  17785   648       5364   


LINKER GENERATED COPY TABLES

__TI_cinit_table @ 00004808 records: 2, size/record: 8, table size: 16
	.data: load addr=00004770, load size=0000007f bytes, run addr=20000400, run size=00000244 bytes, compression=lzss
	.bss: load addr=00004800, load size=00000008 bytes, run addr=20000644, run size=00000239 bytes, compression=zero_init


LINKER GENERATED HANDLER TABLE

__TI_handler_table @ 000047f0 records: 3, size/record: 4, table size: 12
	index: 0, handler: __TI_decompress_lzss
	index: 1, handler: __TI_decompress_none
	index: 2, handler: __TI_zero_init


GLOBAL SYMBOLS: SORTED ALPHABETICALLY BY Name 

address   name                           
-------   ----                           
00000ca9  ADC14_IRQHandler               
00000ca9  ADC14_IRQHandler               
0000120b  ADC14init                      
00004649  AES256_IRQHandler              
200005ec  AMPM                           
200005f0  AMPM2                          
00004649  BusFault_Handler               
00004669  C$$EXIT                        
0000427b  C$$IO$$                        
00004649  COMP_E0_IRQHandler             
00004649  COMP_E1_IRQHandler             
00004649  CS_IRQHandler                  
00004649  DMA_ERR_IRQHandler             
00004649  DMA_INT0_IRQHandler            
00004649  DMA_INT1_IRQHandler            
00004649  DMA_INT2_IRQHandler            
00004649  DMA_INT3_IRQHandler            
00004649  DebugMon_Handler               
00004649  Default_Handler                
0000143d  EUSCIA0_IRQHandler             
0000143d  EUSCIA0_IRQHandler             
00004649  EUSCIA1_IRQHandler             
00004649  EUSCIA2_IRQHandler             
00004649  EUSCIA3_IRQHandler             
00004649  EUSCIB0_IRQHandler             
00004649  EUSCIB1_IRQHandler             
00004649  EUSCIB2_IRQHandler             
00004649  EUSCIB3_IRQHandler             
00004649  FLCTL_IRQHandler               
00004649  FPU_IRQHandler                 
00004041  HOSTclose                      
000039e5  HOSTlseek                      
00003cb1  HOSTopen                       
00003d6d  HOSTread                       
00003a4d  HOSTrename                     
00004085  HOSTunlink                     
00003dc5  HOSTwrite                      
00004649  HardFault_Handler              
20000804  INPUT_BUFFER                   
000015f9  LCD_init                       
200005fc  LCDbrightness                  
00001273  LEDT32interrupt                
0000128d  LED_init                       
00004649  MemManage_Handler              
00004649  NMI_Handler                    
00004649  PCM_IRQHandler                 
0000078d  PORT1_IRQHandler               
0000078d  PORT1_IRQHandler               
00004649  PORT2_IRQHandler               
00004649  PORT3_IRQHandler               
00000815  PORT4_IRQHandler               
00000815  PORT4_IRQHandler               
00004649  PORT5_IRQHandler               
00004649  PORT6_IRQHandler               
00004649  PSS_IRQHandler                 
00004649  PendSV_Handler                 
00000a7d  RTC_C_IRQHandler               
00000a7d  RTC_C_IRQHandler               
200005d8  RTC_flag                       
0000463d  Reset_Handler                  
00004649  SVC_Handler                    
00004649  SysTick_Handler                
000017a9  SysTick_Init                   
20000640  SystemCoreClock                
0000228d  SystemCoreClockUpdate          
00002505  SystemInit                     
00000723  T32_INT1_IRQHandler            
00000723  T32_INT1_IRQHandler            
0000073d  T32_INT2_IRQHandler            
0000073d  T32_INT2_IRQHandler            
00004649  T32_INTC_IRQHandler            
00004649  TA0_0_IRQHandler               
00004649  TA0_N_IRQHandler               
00004649  TA1_0_IRQHandler               
00004649  TA1_N_IRQHandler               
00004649  TA2_0_IRQHandler               
00004649  TA2_N_IRQHandler               
00004649  TA3_0_IRQHandler               
00000e6d  TA3_N_IRQHandler               
00000e6d  TA3_N_IRQHandler               
00004649  UsageFault_Handler             
4000480c  WDTCTL_SYM                     
00004649  WDT_A_IRQHandler               
20000644  __CIOBUF_                      
20010000  __STACK_END                    
00000200  __STACK_SIZE                   
00000400  __SYSMEM_SIZE                  
00004808  __TI_CINIT_Base                
00004818  __TI_CINIT_Limit               
000047f0  __TI_Handler_Table_Base        
000047fc  __TI_Handler_Table_Limit       
000040c9  __TI_auto_init_nobinit_nopinit 
00004365  __TI_cleanup                   
20000618  __TI_cleanup_ptr               
00003895  __TI_closefile                 
00003ab5  __TI_decompress_lzss           
0000462f  __TI_decompress_none           
00003f19  __TI_doflush                   
2000061c  __TI_dtors_ptr                 
20000620  __TI_enable_exit_profile_output
20000608  __TI_ft_end                    
ffffffff  __TI_pprof_out_hndl            
0000182d  __TI_printfi                   
ffffffff  __TI_prof_data_size            
ffffffff  __TI_prof_data_start           
00004399  __TI_readmsg                   
00000000  __TI_static_base__             
20000764  __TI_tmpnams                   
0000424d  __TI_writemsg                  
00003c4d  __TI_wrt_ok                    
0000460b  __TI_zero_init_nomemset        
00003695  __aeabi_cdcmpeq                
00003695  __aeabi_cdcmple                
0000371b  __aeabi_cdrcmple               
00003977  __aeabi_d2f                    
00003ff9  __aeabi_d2iz                   
00002a0b  __aeabi_dadd                   
00002cf5  __aeabi_ddiv                   
00003175  __aeabi_dmul                   
00002a01  __aeabi_dsub                   
00004655  __aeabi_errno_addr             
000042f5  __aeabi_f2d                    
000043fd  __aeabi_i2d                    
00002bb7  __aeabi_idiv0                  
00002bb7  __aeabi_ldiv0                  
000037a1  __aeabi_memclr                 
000037a1  __aeabi_memclr4                
000037a1  __aeabi_memclr8                
000034d7  __aeabi_memcpy                 
000034d7  __aeabi_memcpy4                
000034d7  __aeabi_memcpy8                
000037a3  __aeabi_memset                 
000037a3  __aeabi_memset4                
000037a3  __aeabi_memset8                
20000614  __aeabi_stderr                 
2000060c  __aeabi_stdin                  
20000610  __aeabi_stdout                 
00003573  __aeabi_uldivmod               
ffffffff  __binit__                      
ffffffff  __c_args__                     
UNDEFED   __mpu_init                     
2000fe00  __stack                        
00004285  _c_int00_noargs                
0000466c  _ctypes_                       
200004f0  _device                        
20000400  _ftable                        
20000630  _lock                          
0000228b  _nop                           
20000568  _stream                        
20000000  _sys_memory                    
UNDEFED   _system_post_cinit             
00004665  _system_pre_init               
20000634  _unlock                        
00004669  abort                          
2000087b  alarm                          
200005e0  alarmFlag                      
200005e4  alarmPresses                   
00003f65  atoi                           
ffffffff  binit                          
20000600  blinkFlag                      
00003d11  close                          
00001699  commandWrite                   
000011bd  configRTC                      
000045cf  copysign                       
000045cf  copysignl                      
000016dd  dataWrite                      
00000687  displayAMPM                    
000005f5  displayAlarm                   
00001501  displayAt                      
000006dd  displayHour                    
000006c3  displayMin                     
200005bc  duty                           
20000638  errno                          
00003fb1  exit                           
000002a5  extractTimeSerial              
000043cd  finddevice                     
00003609  fputc                          
00002f51  fputs                          
0000334d  free                           
00003b85  frexp                          
00003b85  frexpl                         
00003be9  fseek                          
0000410d  getdevice                      
000010d5  intAlarm                       
00001031  intBlinkTimerA                 
00001169  intButtons                     
00001091  intLCDBrightness               
00001109  intSpeedButton                 
00000000  interruptVectors               
00003065  ldexp                          
00003065  ldexpl                         
200005f8  lightBrightness                
200005f4  lightsOn                       
000044b1  lseek                          
00003e73  ltoa                           
00000111  main                           
0000381d  malloc                         
0000456d  memccpy                        
0000454d  memchr                         
000034d7  memcpy                         
000037a9  memset                         
000042bd  minit                          
20000878  now                            
20000868  parmbuf                        
00003b1d  printf                         
00001775  pulseEnablePin                 
00001713  pushByte                       
0000173d  pushNibble                     
00003609  putc                           
200005cc  raw                            
200005d0  raw1                           
000013a5  readInput                      
200005b9  read_location                  
00004459  remove                         
00003065  scalbn                         
00003065  scalbnl                        
000012c5  setupSerial                    
00003271  setvbuf                        
200005e8  speed                          
00004151  sprintf                        
20000604  state                          
200005b8  storage_location               
000045b9  strchr                         
000045a1  strcmp                         
000045e3  strcpy                         
00004529  strcspn                        
000045f7  strlen                         
0000442b  strncmp                        
0000432d  strncpy                        
00004485  strspn                         
00004191  strtok                         
000017c5  sysTickDelay_ms                
000017eb  sysTickDelay_us                
20000870  tempAr                         
200005c0  tempC                          
200005c4  tempF                          
0000125d  tempT32interrupt               
20000874  time                           
200005dc  timePresses                    
00000671  toggleAMPM                     
00000645  toggleAMPM2                    
000005a3  toggleAlarm                    
00004459  unlink                         
200005c8  voltage                        
200005d4  voltage1                       
00000593  wakeUpLights                   
0000461d  wcslen                         
00004501  write                          
0000132b  writeOutput                    


GLOBAL SYMBOLS: SORTED BY Symbol Address 

address   name                           
-------   ----                           
00000000  __TI_static_base__             
00000000  interruptVectors               
00000111  main                           
00000200  __STACK_SIZE                   
000002a5  extractTimeSerial              
00000400  __SYSMEM_SIZE                  
00000593  wakeUpLights                   
000005a3  toggleAlarm                    
000005f5  displayAlarm                   
00000645  toggleAMPM2                    
00000671  toggleAMPM                     
00000687  displayAMPM                    
000006c3  displayMin                     
000006dd  displayHour                    
00000723  T32_INT1_IRQHandler            
00000723  T32_INT1_IRQHandler            
0000073d  T32_INT2_IRQHandler            
0000073d  T32_INT2_IRQHandler            
0000078d  PORT1_IRQHandler               
0000078d  PORT1_IRQHandler               
00000815  PORT4_IRQHandler               
00000815  PORT4_IRQHandler               
00000a7d  RTC_C_IRQHandler               
00000a7d  RTC_C_IRQHandler               
00000ca9  ADC14_IRQHandler               
00000ca9  ADC14_IRQHandler               
00000e6d  TA3_N_IRQHandler               
00000e6d  TA3_N_IRQHandler               
00001031  intBlinkTimerA                 
00001091  intLCDBrightness               
000010d5  intAlarm                       
00001109  intSpeedButton                 
00001169  intButtons                     
000011bd  configRTC                      
0000120b  ADC14init                      
0000125d  tempT32interrupt               
00001273  LEDT32interrupt                
0000128d  LED_init                       
000012c5  setupSerial                    
0000132b  writeOutput                    
000013a5  readInput                      
0000143d  EUSCIA0_IRQHandler             
0000143d  EUSCIA0_IRQHandler             
00001501  displayAt                      
000015f9  LCD_init                       
00001699  commandWrite                   
000016dd  dataWrite                      
00001713  pushByte                       
0000173d  pushNibble                     
00001775  pulseEnablePin                 
000017a9  SysTick_Init                   
000017c5  sysTickDelay_ms                
000017eb  sysTickDelay_us                
0000182d  __TI_printfi                   
0000228b  _nop                           
0000228d  SystemCoreClockUpdate          
00002505  SystemInit                     
00002a01  __aeabi_dsub                   
00002a0b  __aeabi_dadd                   
00002bb7  __aeabi_idiv0                  
00002bb7  __aeabi_ldiv0                  
00002cf5  __aeabi_ddiv                   
00002f51  fputs                          
00003065  ldexp                          
00003065  ldexpl                         
00003065  scalbn                         
00003065  scalbnl                        
00003175  __aeabi_dmul                   
00003271  setvbuf                        
0000334d  free                           
000034d7  __aeabi_memcpy                 
000034d7  __aeabi_memcpy4                
000034d7  __aeabi_memcpy8                
000034d7  memcpy                         
00003573  __aeabi_uldivmod               
00003609  fputc                          
00003609  putc                           
00003695  __aeabi_cdcmpeq                
00003695  __aeabi_cdcmple                
0000371b  __aeabi_cdrcmple               
000037a1  __aeabi_memclr                 
000037a1  __aeabi_memclr4                
000037a1  __aeabi_memclr8                
000037a3  __aeabi_memset                 
000037a3  __aeabi_memset4                
000037a3  __aeabi_memset8                
000037a9  memset                         
0000381d  malloc                         
00003895  __TI_closefile                 
00003977  __aeabi_d2f                    
000039e5  HOSTlseek                      
00003a4d  HOSTrename                     
00003ab5  __TI_decompress_lzss           
00003b1d  printf                         
00003b85  frexp                          
00003b85  frexpl                         
00003be9  fseek                          
00003c4d  __TI_wrt_ok                    
00003cb1  HOSTopen                       
00003d11  close                          
00003d6d  HOSTread                       
00003dc5  HOSTwrite                      
00003e73  ltoa                           
00003f19  __TI_doflush                   
00003f65  atoi                           
00003fb1  exit                           
00003ff9  __aeabi_d2iz                   
00004041  HOSTclose                      
00004085  HOSTunlink                     
000040c9  __TI_auto_init_nobinit_nopinit 
0000410d  getdevice                      
00004151  sprintf                        
00004191  strtok                         
0000424d  __TI_writemsg                  
0000427b  C$$IO$$                        
00004285  _c_int00_noargs                
000042bd  minit                          
000042f5  __aeabi_f2d                    
0000432d  strncpy                        
00004365  __TI_cleanup                   
00004399  __TI_readmsg                   
000043cd  finddevice                     
000043fd  __aeabi_i2d                    
0000442b  strncmp                        
00004459  remove                         
00004459  unlink                         
00004485  strspn                         
000044b1  lseek                          
00004501  write                          
00004529  strcspn                        
0000454d  memchr                         
0000456d  memccpy                        
000045a1  strcmp                         
000045b9  strchr                         
000045cf  copysign                       
000045cf  copysignl                      
000045e3  strcpy                         
000045f7  strlen                         
0000460b  __TI_zero_init_nomemset        
0000461d  wcslen                         
0000462f  __TI_decompress_none           
0000463d  Reset_Handler                  
00004649  AES256_IRQHandler              
00004649  BusFault_Handler               
00004649  COMP_E0_IRQHandler             
00004649  COMP_E1_IRQHandler             
00004649  CS_IRQHandler                  
00004649  DMA_ERR_IRQHandler             
00004649  DMA_INT0_IRQHandler            
00004649  DMA_INT1_IRQHandler            
00004649  DMA_INT2_IRQHandler            
00004649  DMA_INT3_IRQHandler            
00004649  DebugMon_Handler               
00004649  Default_Handler                
00004649  EUSCIA1_IRQHandler             
00004649  EUSCIA2_IRQHandler             
00004649  EUSCIA3_IRQHandler             
00004649  EUSCIB0_IRQHandler             
00004649  EUSCIB1_IRQHandler             
00004649  EUSCIB2_IRQHandler             
00004649  EUSCIB3_IRQHandler             
00004649  FLCTL_IRQHandler               
00004649  FPU_IRQHandler                 
00004649  HardFault_Handler              
00004649  MemManage_Handler              
00004649  NMI_Handler                    
00004649  PCM_IRQHandler                 
00004649  PORT2_IRQHandler               
00004649  PORT3_IRQHandler               
00004649  PORT5_IRQHandler               
00004649  PORT6_IRQHandler               
00004649  PSS_IRQHandler                 
00004649  PendSV_Handler                 
00004649  SVC_Handler                    
00004649  SysTick_Handler                
00004649  T32_INTC_IRQHandler            
00004649  TA0_0_IRQHandler               
00004649  TA0_N_IRQHandler               
00004649  TA1_0_IRQHandler               
00004649  TA1_N_IRQHandler               
00004649  TA2_0_IRQHandler               
00004649  TA2_N_IRQHandler               
00004649  TA3_0_IRQHandler               
00004649  UsageFault_Handler             
00004649  WDT_A_IRQHandler               
00004655  __aeabi_errno_addr             
00004665  _system_pre_init               
00004669  C$$EXIT                        
00004669  abort                          
0000466c  _ctypes_                       
000047f0  __TI_Handler_Table_Base        
000047fc  __TI_Handler_Table_Limit       
00004808  __TI_CINIT_Base                
00004818  __TI_CINIT_Limit               
20000000  _sys_memory                    
20000400  _ftable                        
200004f0  _device                        
20000568  _stream                        
200005b8  storage_location               
200005b9  read_location                  
200005bc  duty                           
200005c0  tempC                          
200005c4  tempF                          
200005c8  voltage                        
200005cc  raw                            
200005d0  raw1                           
200005d4  voltage1                       
200005d8  RTC_flag                       
200005dc  timePresses                    
200005e0  alarmFlag                      
200005e4  alarmPresses                   
200005e8  speed                          
200005ec  AMPM                           
200005f0  AMPM2                          
200005f4  lightsOn                       
200005f8  lightBrightness                
200005fc  LCDbrightness                  
20000600  blinkFlag                      
20000604  state                          
20000608  __TI_ft_end                    
2000060c  __aeabi_stdin                  
20000610  __aeabi_stdout                 
20000614  __aeabi_stderr                 
20000618  __TI_cleanup_ptr               
2000061c  __TI_dtors_ptr                 
20000620  __TI_enable_exit_profile_output
20000630  _lock                          
20000634  _unlock                        
20000638  errno                          
20000640  SystemCoreClock                
20000644  __CIOBUF_                      
20000764  __TI_tmpnams                   
20000804  INPUT_BUFFER                   
20000868  parmbuf                        
20000870  tempAr                         
20000874  time                           
20000878  now                            
2000087b  alarm                          
2000fe00  __stack                        
20010000  __STACK_END                    
4000480c  WDTCTL_SYM                     
ffffffff  __TI_pprof_out_hndl            
ffffffff  __TI_prof_data_size            
ffffffff  __TI_prof_data_start           
ffffffff  __binit__                      
ffffffff  __c_args__                     
ffffffff  binit                          
UNDEFED   __mpu_init                     
UNDEFED   _system_post_cinit             

[249 symbols]
