******************************************************************************
                  TI ARM Linker PC v18.1.4                     
******************************************************************************
>> Linked Wed Dec  5 21:32:09 2018

OUTPUT FILE NAME:   <Final Project.out>
ENTRY POINT SYMBOL: "_c_int00_noargs"  address: 00003c89


MEMORY CONFIGURATION

         name            origin    length      used     unused   attr    fill
----------------------  --------  ---------  --------  --------  ----  --------
  MAIN                  00000000   00040000  00003f89  0003c077  R  X
  INFO                  00200000   00004000  00000000  00004000  R  X
  SRAM_CODE             01000000   00010000  000002e3  0000fd1d  RW X
  SRAM_DATA             20000000   00010000  000002e3  0000fd1d  RW  


SEGMENT ALLOCATION MAP

run origin  load origin   length   init length attrs members
----------  ----------- ---------- ----------- ----- -------
00000000    00000000    00003f90   00003f90    r-x
  00000000    00000000    000000e4   000000e4    r-- .intvecs
  000000e4    000000e4    00003d5c   00003d5c    r-x .text
  00003e40    00003e40    00000101   00000101    r-- .const
  00003f48    00003f48    00000048   00000048    r-- .cinit
20000000    20000000    000000e4   00000000    rw-
  20000000    20000000    00000073   00000000    rw- .bss
  20000074    20000074    00000070   00000000    rw- .data
2000fe00    2000fe00    00000200   00000000    rw-
  2000fe00    2000fe00    00000200   00000000    rw- .stack


SECTION ALLOCATION MAP

 output                                  attributes/
section   page    origin      length       input sections
--------  ----  ----------  ----------   ----------------
.intvecs   0    00000000    000000e4     
                  00000000    000000e4     startup_msp432p401r_ccs.obj (.intvecs:retain)

.text      0    000000e4    00003d5c     
                  000000e4    00001ac8     main.obj (.text)
                  00001bac    00000a5e     rtsv7M4_T_le_v4SPD16_eabi.lib : _printfi.c.obj (.text:__TI_printfi)
                  0000260a    00000002                                   : div0.asm.obj (.text)
                  0000260c    00000334     system_msp432p401r.obj (.text)
                  00002940    00000270     rtsv7M4_T_le_v4SPD16_eabi.lib : _printfi.c.obj (.text:_pconv_a)
                  00002bb0    000001d0                                   : _printfi.c.obj (.text:_pconv_g)
                  00002d80    000001b6                                   : fd_add_t2.asm.obj (.text)
                  00002f36    00000002     --HOLE-- [fill = 0]
                  00002f38    0000013c                                   : _printfi.c.obj (.text:_pconv_e)
                  00003074    00000136                                   : fd_div_t2.asm.obj (.text)
                  000031aa    00000002     --HOLE-- [fill = 0]
                  000031ac    00000124                                   : _printfi.c.obj (.text:fcvt)
                  000032d0    00000110                                   : s_scalbn.c.obj (.text:scalbn)
                  000033e0    000000fc                                   : fd_mul_t2.asm.obj (.text)
                  000034dc    000000b1                                   : _printfi.c.obj (.text:_ltostr)
                  0000358d    00000001     --HOLE-- [fill = 0]
                  0000358e    0000009c                                   : memcpy_t2.asm.obj (.text)
                  0000362a    00000096                                   : ull_div_t2.asm.obj (.text)
                  000036c0    00000086                                   : fd_cmp_t2.asm.obj (.text:__aeabi_cdcmple)
                  00003746    00000086                                   : fd_cmp_t2.asm.obj (.text:__aeabi_cdrcmple)
                  000037cc    0000007a                                   : memset_t2.asm.obj (.text)
                  00003846    0000006e                                   : _printfi.c.obj (.text:_mcpy)
                  000038b4    0000006e                                   : fd_tos_t2.asm.obj (.text)
                  00003922    00000068                                   : copy_decompress_lzss.c.obj (.text:decompress:lzss:__TI_decompress_lzss)
                  0000398a    00000002     --HOLE-- [fill = 0]
                  0000398c    00000064                                   : s_frexp.c.obj (.text:frexp)
                  000039f0    00000056                                   : _printfi.c.obj (.text:_pconv_f)
                  00003a46    00000054                                   : ltoa.c.obj (.text:ltoa)
                  00003a9a    00000052                                   : _printfi.c.obj (.text:_ecpy)
                  00003aec    0000004c                                   : atoi.c.obj (.text:atoi)
                  00003b38    00000048                                   : fd_toi_t2.asm.obj (.text)
                  00003b80    00000044                                   : autoinit.c.obj (.text:__TI_auto_init_nobinit_nopinit:__TI_auto_init_nobinit_nopinit)
                  00003bc4    00000044                                   : fd_tou_t2.asm.obj (.text)
                  00003c08    00000040                                   : sprintf.c.obj (.text:sprintf)
                  00003c48    0000003e                                   : _printfi.c.obj (.text:_fcpy)
                  00003c86    00000002     --HOLE-- [fill = 0]
                  00003c88    00000038                                   : boot_cortex_m.c.obj (.text:_c_int00_noargs:_c_int00_noargs)
                  00003cc0    00000038                                   : fs_tod_t2.asm.obj (.text)
                  00003cf8    0000002e                                   : i_tofd_t2.asm.obj (.text)
                  00003d26    0000002c                                   : strncmp.c.obj (.text:strncmp)
                  00003d52    00000020                                   : u_tofd_t2.asm.obj (.text)
                  00003d72    0000001c                                   : memccpy.c.obj (.text:memccpy)
                  00003d8e    00000018                                   : sprintf.c.obj (.text:_outs)
                  00003da6    00000016                                   : strchr.c.obj (.text:strchr)
                  00003dbc    00000014                                   : s_copysign.c.obj (.text:copysign)
                  00003dd0    00000014                                   : strlen.c.obj (.text:strlen)
                  00003de4    00000012                                   : copy_zero_init.c.obj (.text:decompress:ZI:__TI_zero_init_nomemset:__TI_zero_init_nomemset)
                  00003df6    00000012                                   : wcslen.c.obj (.text:wcslen)
                  00003e08    0000000e                                   : copy_decompress_none.c.obj (.text:decompress:none:__TI_decompress_none)
                  00003e16    0000000e     startup_msp432p401r_ccs.obj (.text)
                  00003e24    0000000a     rtsv7M4_T_le_v4SPD16_eabi.lib : sprintf.c.obj (.text:_outc)
                  00003e2e    00000002     --HOLE-- [fill = 0]
                  00003e30    00000008                                   : errno.c.obj (.text:__aeabi_errno_addr)
                  00003e38    00000004                                   : pre_init.c.obj (.text:_system_pre_init)
                  00003e3c    00000004                                   : exit.c.obj (.text:abort:abort)

.const     0    00003e40    00000101     
                  00003e40    00000101     rtsv7M4_T_le_v4SPD16_eabi.lib : ctype.c.obj (.const:.string:_ctypes_)

.cinit     0    00003f48    00000048     
                  00003f48    0000001e     (.cinit..data.load) [load image, compression = lzss]
                  00003f66    00000002     --HOLE-- [fill = 0]
                  00003f68    0000000c     (__TI_handler_table)
                  00003f74    00000004     --HOLE-- [fill = 0]
                  00003f78    00000008     (.cinit..bss.load) [load image, compression = zero_init]
                  00003f80    00000010     (__TI_cinit_table)

.init_array 
*          0    00000000    00000000     UNINITIALIZED

.binit     0    00000000    00000000     

.bss       0    20000000    00000073     UNINITIALIZED
                  20000000    00000064     (.common:INPUT_BUFFER)
                  20000064    00000004     (.common:tempAr)
                  20000068    00000004     (.common:time)
                  2000006c    00000003     (.common:now)
                  2000006f    00000002     (.common:alarm)
                  20000071    00000002     (.common:master)

.data      0    20000074    00000070     UNINITIALIZED
                  20000074    00000065     main.obj (.data)
                  200000d9    00000003     --HOLE--
                  200000dc    00000004     rtsv7M4_T_le_v4SPD16_eabi.lib : errno.c.obj (.data)
                  200000e0    00000004     system_msp432p401r.obj (.data)

.stack     0    2000fe00    00000200     UNINITIALIZED
                  2000fe00    00000004     rtsv7M4_T_le_v4SPD16_eabi.lib : boot_cortex_m.c.obj (.stack)
                  2000fe04    000001fc     --HOLE--

MODULE SUMMARY

       Module                        code    ro data   rw data
       ------                        ----    -------   -------
    .\
       main.obj                      6856    0         432    
       system_msp432p401r.obj        820     0         8      
       startup_msp432p401r_ccs.obj   14      228       0      
    +--+-----------------------------+-------+---------+---------+
       Total:                        7690    228       440    
                                                              
    C:\ti\ccs820\ccsv8\tools\compiler\ti-cgt-arm_18.1.4.LTS\lib\rtsv7M4_T_le_v4SPD16_eabi.lib
       _printfi.c.obj                4867    0         0      
       fd_add_t2.asm.obj             438     0         0      
       fd_div_t2.asm.obj             310     0         0      
       s_scalbn.c.obj                272     0         0      
       fd_cmp_t2.asm.obj             268     0         0      
       ctype.c.obj                   0       257       0      
       fd_mul_t2.asm.obj             252     0         0      
       memcpy_t2.asm.obj             156     0         0      
       ull_div_t2.asm.obj            150     0         0      
       memset_t2.asm.obj             122     0         0      
       fd_tos_t2.asm.obj             110     0         0      
       copy_decompress_lzss.c.obj    104     0         0      
       s_frexp.c.obj                 100     0         0      
       sprintf.c.obj                 98      0         0      
       ltoa.c.obj                    84      0         0      
       atoi.c.obj                    76      0         0      
       fd_toi_t2.asm.obj             72      0         0      
       autoinit.c.obj                68      0         0      
       fd_tou_t2.asm.obj             68      0         0      
       boot_cortex_m.c.obj           56      0         0      
       fs_tod_t2.asm.obj             56      0         0      
       i_tofd_t2.asm.obj             46      0         0      
       strncmp.c.obj                 44      0         0      
       u_tofd_t2.asm.obj             32      0         0      
       memccpy.c.obj                 28      0         0      
       strchr.c.obj                  22      0         0      
       s_copysign.c.obj              20      0         0      
       strlen.c.obj                  20      0         0      
       copy_zero_init.c.obj          18      0         0      
       wcslen.c.obj                  18      0         0      
       errno.c.obj                   8       0         8      
       copy_decompress_none.c.obj    14      0         0      
       exit.c.obj                    4       0         0      
       pre_init.c.obj                4       0         0      
       div0.asm.obj                  2       0         0      
    +--+-----------------------------+-------+---------+---------+
       Total:                        8007    257       8      
                                                              
       Stack:                        0       0         1024   
       Linker Generated:             0       66        0      
    +--+-----------------------------+-------+---------+---------+
       Grand Total:                  15697   551       1472   


LINKER GENERATED COPY TABLES

__TI_cinit_table @ 00003f80 records: 2, size/record: 8, table size: 16
	.data: load addr=00003f48, load size=0000001e bytes, run addr=20000074, run size=00000070 bytes, compression=lzss
	.bss: load addr=00003f78, load size=00000008 bytes, run addr=20000000, run size=00000073 bytes, compression=zero_init


LINKER GENERATED HANDLER TABLE

__TI_handler_table @ 00003f68 records: 3, size/record: 4, table size: 12
	index: 0, handler: __TI_decompress_lzss
	index: 1, handler: __TI_decompress_none
	index: 2, handler: __TI_zero_init


GLOBAL SYMBOLS: SORTED ALPHABETICALLY BY Name 

address   name                          
-------   ----                          
00000fb5  ADC14_IRQHandler              
00000fb5  ADC14_IRQHandler              
00001561  ADC14init                     
00003e23  AES256_IRQHandler             
200000b8  AMPM                          
200000bc  AMPM2                         
00003e23  BusFault_Handler              
00003e3d  C$$EXIT                       
00003e23  COMP_E0_IRQHandler            
00003e23  COMP_E1_IRQHandler            
00003e23  CS_IRQHandler                 
00003e23  DMA_ERR_IRQHandler            
00003e23  DMA_INT0_IRQHandler           
00003e23  DMA_INT1_IRQHandler           
00003e23  DMA_INT2_IRQHandler           
00003e23  DMA_INT3_IRQHandler           
00003e23  DebugMon_Handler              
00003e23  Default_Handler               
000017d1  EUSCIA0_IRQHandler            
000017d1  EUSCIA0_IRQHandler            
00003e23  EUSCIA1_IRQHandler            
00003e23  EUSCIA2_IRQHandler            
00003e23  EUSCIA3_IRQHandler            
00003e23  EUSCIB0_IRQHandler            
00003e23  EUSCIB1_IRQHandler            
00003e23  EUSCIB2_IRQHandler            
00003e23  EUSCIB3_IRQHandler            
00003e23  FLCTL_IRQHandler              
00003e23  FPU_IRQHandler                
00003e23  HardFault_Handler             
20000000  INPUT_BUFFER                  
00001979  LCD_init                      
200000c8  LCDbrightness                 
000015c9  LEDT32interrupt               
000015eb  LED_init                      
00003e23  MemManage_Handler             
00003e23  NMI_Handler                   
00003e23  PCM_IRQHandler                
00000825  PORT1_IRQHandler              
00000825  PORT1_IRQHandler              
00003e23  PORT2_IRQHandler              
00003e23  PORT3_IRQHandler              
0000089d  PORT4_IRQHandler              
0000089d  PORT4_IRQHandler              
00003e23  PORT5_IRQHandler              
00003e23  PORT6_IRQHandler              
00003e23  PSS_IRQHandler                
00003e23  PendSV_Handler                
00000c85  RTC_C_IRQHandler              
00000c85  RTC_C_IRQHandler              
20000094  RTC_flag                      
00003e17  Reset_Handler                 
00003e23  SVC_Handler                   
00003e23  SysTick_Handler               
00001b29  SysTick_Init                  
200000e0  SystemCoreClock               
0000260d  SystemCoreClockUpdate         
00002885  SystemInit                    
000006c3  T32_INT1_IRQHandler           
000006c3  T32_INT1_IRQHandler           
000006ed  T32_INT2_IRQHandler           
000006ed  T32_INT2_IRQHandler           
00003e23  T32_INTC_IRQHandler           
00003e23  TA0_0_IRQHandler              
00003e23  TA0_N_IRQHandler              
00003e23  TA1_0_IRQHandler              
00003e23  TA1_N_IRQHandler              
00003e23  TA2_0_IRQHandler              
00000699  TA2_N_IRQHandler              
00000699  TA2_N_IRQHandler              
00003e23  TA3_0_IRQHandler              
00001161  TA3_N_IRQHandler              
00001161  TA3_N_IRQHandler              
00003e23  UsageFault_Handler            
4000480c  WDTCTL_SYM                    
00003e23  WDT_A_IRQHandler              
20010000  __STACK_END                   
00000200  __STACK_SIZE                  
00003f80  __TI_CINIT_Base               
00003f90  __TI_CINIT_Limit              
00003f68  __TI_Handler_Table_Base       
00003f74  __TI_Handler_Table_Limit      
00003b81  __TI_auto_init_nobinit_nopinit
00003923  __TI_decompress_lzss          
00003e09  __TI_decompress_none          
ffffffff  __TI_pprof_out_hndl           
00001bad  __TI_printfi                  
ffffffff  __TI_prof_data_size           
ffffffff  __TI_prof_data_start          
00000000  __TI_static_base__            
00003de5  __TI_zero_init_nomemset       
000036c1  __aeabi_cdcmpeq               
000036c1  __aeabi_cdcmple               
00003747  __aeabi_cdrcmple              
000038b5  __aeabi_d2f                   
00003b39  __aeabi_d2iz                  
00003bc5  __aeabi_d2uiz                 
00002d8b  __aeabi_dadd                  
00003075  __aeabi_ddiv                  
000033e1  __aeabi_dmul                  
00002d81  __aeabi_dsub                  
00003e31  __aeabi_errno_addr            
00003cc1  __aeabi_f2d                   
00003cf9  __aeabi_i2d                   
0000260b  __aeabi_idiv0                 
0000260b  __aeabi_ldiv0                 
000037cd  __aeabi_memclr                
000037cd  __aeabi_memclr4               
000037cd  __aeabi_memclr8               
0000358f  __aeabi_memcpy                
0000358f  __aeabi_memcpy4               
0000358f  __aeabi_memcpy8               
000037cf  __aeabi_memset                
000037cf  __aeabi_memset4               
000037cf  __aeabi_memset8               
00003d53  __aeabi_ui2d                  
0000362b  __aeabi_uldivmod              
ffffffff  __binit__                     
ffffffff  __c_args__                    
UNDEFED   __mpu_init                    
2000fe00  __stack                       
00003c89  _c_int00_noargs               
00003e40  _ctypes_                      
UNDEFED   _system_post_cinit            
00003e39  _system_pre_init              
00003e3d  abort                         
2000006f  alarm                         
2000009c  alarmFlag                     
200000a4  alarmPresses                  
200000a0  alarmSoundFlag                
00003aed  atoi                          
ffffffff  binit                         
200000cc  blinkFlag                     
00001a19  commandWrite                  
0000150d  configRTC                     
00003dbd  copysign                      
00003dbd  copysignl                     
00001a5d  dataWrite                     
000005fd  displayAMPM                   
00000539  displayAlarm                  
00001885  displayAt                     
0000065f  displayHour                   
00000645  displayMin                    
20000078  duty                          
200000dc  errno                         
0000033d  extractTimeSerial             
0000398d  frexp                         
0000398d  frexpl                        
0000131d  initTASpeaker                 
0000141d  intAlarm                      
00001371  intBlinkTimerA                
000014bd  intButtons                    
000013d9  intLCDBrightness              
00001469  intSpeedButton                
00000000  interruptVectors              
000032d1  ldexp                         
000032d1  ldexpl                        
200000c4  lightBrightness               
200000ac  lightOn                       
200000c0  lightsOn                      
00003a47  ltoa                          
00000111  main                          
20000071  master                        
00003d73  memccpy                       
0000358f  memcpy                        
000037d5  memset                        
2000006c  now                           
00001aef  pulseEnablePin                
00001a93  pushByte                      
00001abd  pushNibble                    
20000088  raw                           
2000008c  raw1                          
0000173d  readInput                     
20000075  read_location                 
200000b0  resetNeeded                   
000032d1  scalbn                        
000032d1  scalbnl                       
00001623  setupSerial                   
200000b4  snoozeFlag                    
200000d0  speakerFlag                   
200000d4  speakerFlag1                  
200000a8  speed                         
00003c09  sprintf                       
200000d8  state                         
20000074  storage_location              
00003da7  strchr                        
00003dd1  strlen                        
00003d27  strncmp                       
00001b45  sysTickDelay_ms               
00001b6b  sysTickDelay_us               
20000064  tempAr                        
2000007c  tempC                         
20000080  tempF                         
000015b3  tempT32interrupt              
20000068  time                          
20000098  timePresses                   
000005e7  toggleAMPM                    
000005af  toggleAMPM2                   
000004e1  toggleAlarm                   
20000084  voltage                       
20000090  voltage1                      
00000499  wakeUpLights                  
00003df7  wcslen                        
000016a5  writeOutput                   


GLOBAL SYMBOLS: SORTED BY Symbol Address 

address   name                          
-------   ----                          
00000000  __TI_static_base__            
00000000  interruptVectors              
00000111  main                          
00000200  __STACK_SIZE                  
0000033d  extractTimeSerial             
00000499  wakeUpLights                  
000004e1  toggleAlarm                   
00000539  displayAlarm                  
000005af  toggleAMPM2                   
000005e7  toggleAMPM                    
000005fd  displayAMPM                   
00000645  displayMin                    
0000065f  displayHour                   
00000699  TA2_N_IRQHandler              
00000699  TA2_N_IRQHandler              
000006c3  T32_INT1_IRQHandler           
000006c3  T32_INT1_IRQHandler           
000006ed  T32_INT2_IRQHandler           
000006ed  T32_INT2_IRQHandler           
00000825  PORT1_IRQHandler              
00000825  PORT1_IRQHandler              
0000089d  PORT4_IRQHandler              
0000089d  PORT4_IRQHandler              
00000c85  RTC_C_IRQHandler              
00000c85  RTC_C_IRQHandler              
00000fb5  ADC14_IRQHandler              
00000fb5  ADC14_IRQHandler              
00001161  TA3_N_IRQHandler              
00001161  TA3_N_IRQHandler              
0000131d  initTASpeaker                 
00001371  intBlinkTimerA                
000013d9  intLCDBrightness              
0000141d  intAlarm                      
00001469  intSpeedButton                
000014bd  intButtons                    
0000150d  configRTC                     
00001561  ADC14init                     
000015b3  tempT32interrupt              
000015c9  LEDT32interrupt               
000015eb  LED_init                      
00001623  setupSerial                   
000016a5  writeOutput                   
0000173d  readInput                     
000017d1  EUSCIA0_IRQHandler            
000017d1  EUSCIA0_IRQHandler            
00001885  displayAt                     
00001979  LCD_init                      
00001a19  commandWrite                  
00001a5d  dataWrite                     
00001a93  pushByte                      
00001abd  pushNibble                    
00001aef  pulseEnablePin                
00001b29  SysTick_Init                  
00001b45  sysTickDelay_ms               
00001b6b  sysTickDelay_us               
00001bad  __TI_printfi                  
0000260b  __aeabi_idiv0                 
0000260b  __aeabi_ldiv0                 
0000260d  SystemCoreClockUpdate         
00002885  SystemInit                    
00002d81  __aeabi_dsub                  
00002d8b  __aeabi_dadd                  
00003075  __aeabi_ddiv                  
000032d1  ldexp                         
000032d1  ldexpl                        
000032d1  scalbn                        
000032d1  scalbnl                       
000033e1  __aeabi_dmul                  
0000358f  __aeabi_memcpy                
0000358f  __aeabi_memcpy4               
0000358f  __aeabi_memcpy8               
0000358f  memcpy                        
0000362b  __aeabi_uldivmod              
000036c1  __aeabi_cdcmpeq               
000036c1  __aeabi_cdcmple               
00003747  __aeabi_cdrcmple              
000037cd  __aeabi_memclr                
000037cd  __aeabi_memclr4               
000037cd  __aeabi_memclr8               
000037cf  __aeabi_memset                
000037cf  __aeabi_memset4               
000037cf  __aeabi_memset8               
000037d5  memset                        
000038b5  __aeabi_d2f                   
00003923  __TI_decompress_lzss          
0000398d  frexp                         
0000398d  frexpl                        
00003a47  ltoa                          
00003aed  atoi                          
00003b39  __aeabi_d2iz                  
00003b81  __TI_auto_init_nobinit_nopinit
00003bc5  __aeabi_d2uiz                 
00003c09  sprintf                       
00003c89  _c_int00_noargs               
00003cc1  __aeabi_f2d                   
00003cf9  __aeabi_i2d                   
00003d27  strncmp                       
00003d53  __aeabi_ui2d                  
00003d73  memccpy                       
00003da7  strchr                        
00003dbd  copysign                      
00003dbd  copysignl                     
00003dd1  strlen                        
00003de5  __TI_zero_init_nomemset       
00003df7  wcslen                        
00003e09  __TI_decompress_none          
00003e17  Reset_Handler                 
00003e23  AES256_IRQHandler             
00003e23  BusFault_Handler              
00003e23  COMP_E0_IRQHandler            
00003e23  COMP_E1_IRQHandler            
00003e23  CS_IRQHandler                 
00003e23  DMA_ERR_IRQHandler            
00003e23  DMA_INT0_IRQHandler           
00003e23  DMA_INT1_IRQHandler           
00003e23  DMA_INT2_IRQHandler           
00003e23  DMA_INT3_IRQHandler           
00003e23  DebugMon_Handler              
00003e23  Default_Handler               
00003e23  EUSCIA1_IRQHandler            
00003e23  EUSCIA2_IRQHandler            
00003e23  EUSCIA3_IRQHandler            
00003e23  EUSCIB0_IRQHandler            
00003e23  EUSCIB1_IRQHandler            
00003e23  EUSCIB2_IRQHandler            
00003e23  EUSCIB3_IRQHandler            
00003e23  FLCTL_IRQHandler              
00003e23  FPU_IRQHandler                
00003e23  HardFault_Handler             
00003e23  MemManage_Handler             
00003e23  NMI_Handler                   
00003e23  PCM_IRQHandler                
00003e23  PORT2_IRQHandler              
00003e23  PORT3_IRQHandler              
00003e23  PORT5_IRQHandler              
00003e23  PORT6_IRQHandler              
00003e23  PSS_IRQHandler                
00003e23  PendSV_Handler                
00003e23  SVC_Handler                   
00003e23  SysTick_Handler               
00003e23  T32_INTC_IRQHandler           
00003e23  TA0_0_IRQHandler              
00003e23  TA0_N_IRQHandler              
00003e23  TA1_0_IRQHandler              
00003e23  TA1_N_IRQHandler              
00003e23  TA2_0_IRQHandler              
00003e23  TA3_0_IRQHandler              
00003e23  UsageFault_Handler            
00003e23  WDT_A_IRQHandler              
00003e31  __aeabi_errno_addr            
00003e39  _system_pre_init              
00003e3d  C$$EXIT                       
00003e3d  abort                         
00003e40  _ctypes_                      
00003f68  __TI_Handler_Table_Base       
00003f74  __TI_Handler_Table_Limit      
00003f80  __TI_CINIT_Base               
00003f90  __TI_CINIT_Limit              
20000000  INPUT_BUFFER                  
20000064  tempAr                        
20000068  time                          
2000006c  now                           
2000006f  alarm                         
20000071  master                        
20000074  storage_location              
20000075  read_location                 
20000078  duty                          
2000007c  tempC                         
20000080  tempF                         
20000084  voltage                       
20000088  raw                           
2000008c  raw1                          
20000090  voltage1                      
20000094  RTC_flag                      
20000098  timePresses                   
2000009c  alarmFlag                     
200000a0  alarmSoundFlag                
200000a4  alarmPresses                  
200000a8  speed                         
200000ac  lightOn                       
200000b0  resetNeeded                   
200000b4  snoozeFlag                    
200000b8  AMPM                          
200000bc  AMPM2                         
200000c0  lightsOn                      
200000c4  lightBrightness               
200000c8  LCDbrightness                 
200000cc  blinkFlag                     
200000d0  speakerFlag                   
200000d4  speakerFlag1                  
200000d8  state                         
200000dc  errno                         
200000e0  SystemCoreClock               
2000fe00  __stack                       
20010000  __STACK_END                   
4000480c  WDTCTL_SYM                    
ffffffff  __TI_pprof_out_hndl           
ffffffff  __TI_prof_data_size           
ffffffff  __TI_prof_data_start          
ffffffff  __binit__                     
ffffffff  __c_args__                    
ffffffff  binit                         
UNDEFED   __mpu_init                    
UNDEFED   _system_post_cinit            

[204 symbols]
