******************************************************************************
                  TI ARM Linker PC v18.1.4                     
******************************************************************************
>> Linked Wed Dec  5 02:12:46 2018

OUTPUT FILE NAME:   <Final Project.out>
ENTRY POINT SYMBOL: "_c_int00_noargs"  address: 000045d1


MEMORY CONFIGURATION

         name            origin    length      used     unused   attr    fill
----------------------  --------  ---------  --------  --------  ----  --------
  MAIN                  00000000   00040000  00004b81  0003b47f  R  X
  INFO                  00200000   00004000  00000000  00004000  R  X
  SRAM_CODE             01000000   00010000  00000a83  0000f57d  RW X
  SRAM_DATA             20000000   00010000  00000a83  0000f57d  RW  


SEGMENT ALLOCATION MAP

run origin  load origin   length   init length attrs members
----------  ----------- ---------- ----------- ----- -------
00000000    00000000    00004b88   00004b88    r-x
  00000000    00000000    000000e4   000000e4    r-- .intvecs
  000000e4    000000e4    000048f4   000048f4    r-x .text
  000049d8    000049d8    00000101   00000101    r-- .const
  00004ae0    00004ae0    000000a8   000000a8    r-- .cinit
20000000    20000000    00000883   00000000    rw-
  20000000    20000000    00000400   00000000    rw- .sysmem
  20000400    20000400    00000248   00000000    rw- .data
  20000648    20000648    0000023b   00000000    rw- .bss
2000fe00    2000fe00    00000200   00000000    rw-
  2000fe00    2000fe00    00000200   00000000    rw- .stack


SECTION ALLOCATION MAP

 output                                  attributes/
section   page    origin      length       input sections
--------  ----  ----------  ----------   ----------------
.intvecs   0    00000000    000000e4     
                  00000000    000000e4     startup_msp432p401r_ccs.obj (.intvecs:retain)

.text      0    000000e4    000048f4     
                  000000e4    00001a50     main.obj (.text)
                  00001b34    00000a5e     rtsv7M4_T_le_v4SPD16_eabi.lib : _printfi.c.obj (.text:__TI_printfi)
                  00002592    00000002                                   : _lock.c.obj (.text:_nop)
                  00002594    00000334     system_msp432p401r.obj (.text)
                  000028c8    00000270     rtsv7M4_T_le_v4SPD16_eabi.lib : _printfi.c.obj (.text:_pconv_a)
                  00002b38    000001d0                                   : _printfi.c.obj (.text:_pconv_g)
                  00002d08    000001b6                                   : fd_add_t2.asm.obj (.text)
                  00002ebe    00000002                                   : div0.asm.obj (.text)
                  00002ec0    0000013c                                   : _printfi.c.obj (.text:_pconv_e)
                  00002ffc    00000136                                   : fd_div_t2.asm.obj (.text)
                  00003132    00000002     --HOLE-- [fill = 0]
                  00003134    00000124                                   : _printfi.c.obj (.text:fcvt)
                  00003258    00000114                                   : fputs.c.obj (.text:fputs)
                  0000336c    00000110                                   : s_scalbn.c.obj (.text:scalbn)
                  0000347c    000000fc                                   : fd_mul_t2.asm.obj (.text)
                  00003578    000000dc                                   : setvbuf.c.obj (.text:setvbuf)
                  00003654    000000d8                                   : memory.c.obj (.text:free)
                  0000372c    000000b1                                   : _printfi.c.obj (.text:_ltostr)
                  000037dd    00000001     --HOLE-- [fill = 0]
                  000037de    0000009c                                   : memcpy_t2.asm.obj (.text)
                  0000387a    00000096                                   : ull_div_t2.asm.obj (.text)
                  00003910    0000008c                                   : fputc.c.obj (.text:fputc)
                  0000399c    00000086                                   : fd_cmp_t2.asm.obj (.text:__aeabi_cdcmple)
                  00003a22    00000086                                   : fd_cmp_t2.asm.obj (.text:__aeabi_cdrcmple)
                  00003aa8    0000007a                                   : memset_t2.asm.obj (.text)
                  00003b22    00000002     --HOLE-- [fill = 0]
                  00003b24    00000078                                   : memory.c.obj (.text:malloc)
                  00003b9c    00000074                                   : fclose.c.obj (.text:__TI_closefile)
                  00003c10    0000006e                                   : _printfi.c.obj (.text:_mcpy)
                  00003c7e    0000006e                                   : fd_tos_t2.asm.obj (.text)
                  00003cec    00000068                                   : hostlseek.c.obj (.text:HOSTlseek)
                  00003d54    00000068                                   : hostrename.c.obj (.text:HOSTrename)
                  00003dbc    00000068                                   : copy_decompress_lzss.c.obj (.text:decompress:lzss:__TI_decompress_lzss)
                  00003e24    00000068                                   : printf.c.obj (.text:printf)
                  00003e8c    00000064                                   : s_frexp.c.obj (.text:frexp)
                  00003ef0    00000064                                   : fseek.c.obj (.text:fseek)
                  00003f54    00000062                                   : _io_perm.c.obj (.text:__TI_wrt_ok)
                  00003fb6    00000002     --HOLE-- [fill = 0]
                  00003fb8    00000060                                   : hostopen.c.obj (.text:HOSTopen)
                  00004018    0000005c                                   : close.c.obj (.text:close)
                  00004074    00000058                                   : hostread.c.obj (.text:HOSTread)
                  000040cc    00000058                                   : hostwrite.c.obj (.text:HOSTwrite)
                  00004124    00000056                                   : _printfi.c.obj (.text:_pconv_f)
                  0000417a    00000054                                   : ltoa.c.obj (.text:ltoa)
                  000041ce    00000052                                   : _printfi.c.obj (.text:_ecpy)
                  00004220    0000004c                                   : fflush.c.obj (.text:__TI_doflush)
                  0000426c    0000004c                                   : atoi.c.obj (.text:atoi)
                  000042b8    00000048                                   : exit.c.obj (.text:exit)
                  00004300    00000048                                   : fd_toi_t2.asm.obj (.text)
                  00004348    00000044                                   : hostclose.c.obj (.text:HOSTclose)
                  0000438c    00000044                                   : hostunlink.c.obj (.text:HOSTunlink)
                  000043d0    00000044                                   : autoinit.c.obj (.text:__TI_auto_init_nobinit_nopinit:__TI_auto_init_nobinit_nopinit)
                  00004414    00000044                                   : getdevice.c.obj (.text:getdevice)
                  00004458    00000044                                   : fd_tou_t2.asm.obj (.text)
                  0000449c    00000040                                   : sprintf.c.obj (.text:sprintf)
                  000044dc    00000040                                   : strtok.c.obj (.text:strtok)
                  0000451c    0000003e                                   : _printfi.c.obj (.text:_fcpy)
                  0000455a    00000002     --HOLE-- [fill = 0]
                  0000455c    0000003c                                   : memory.c.obj (.text:minsert)
                  00004598    00000038                                   : trgmsg.c.obj (.text:__TI_writemsg)
                  000045d0    00000038                                   : boot_cortex_m.c.obj (.text:_c_int00_noargs:_c_int00_noargs)
                  00004608    00000038                                   : memory.c.obj (.text:minit)
                  00004640    00000038                                   : fs_tod_t2.asm.obj (.text)
                  00004678    00000036                                   : strncpy.c.obj (.text:strncpy)
                  000046ae    00000002     --HOLE-- [fill = 0]
                  000046b0    00000034                                   : fopen.c.obj (.text:__TI_cleanup)
                  000046e4    00000034                                   : trgmsg.c.obj (.text:__TI_readmsg)
                  00004718    00000030                                   : getdevice.c.obj (.text:finddevice)
                  00004748    0000002e                                   : i_tofd_t2.asm.obj (.text)
                  00004776    0000002c                                   : strncmp.c.obj (.text:strncmp)
                  000047a2    00000002     --HOLE-- [fill = 0]
                  000047a4    0000002c                                   : unlink.c.obj (.text:unlink)
                  000047d0    0000002a                                   : strspn.c.obj (.text:strspn)
                  000047fa    00000002     --HOLE-- [fill = 0]
                  000047fc    00000028                                   : lseek.c.obj (.text:lseek)
                  00004824    00000028                                   : memory.c.obj (.text:mremove)
                  0000484c    00000028                                   : write.c.obj (.text:write)
                  00004874    00000024                                   : strcspn.c.obj (.text:strcspn)
                  00004898    00000020                                   : memchr.c.obj (.text:memchr)
                  000048b8    00000020                                   : u_tofd_t2.asm.obj (.text)
                  000048d8    0000001c                                   : memccpy.c.obj (.text:memccpy)
                  000048f4    00000018                                   : sprintf.c.obj (.text:_outs)
                  0000490c    00000018                                   : strcmp.c.obj (.text:strcmp)
                  00004924    00000016                                   : strchr.c.obj (.text:strchr)
                  0000493a    00000014                                   : s_copysign.c.obj (.text:copysign)
                  0000494e    00000014                                   : strcpy.c.obj (.text:strcpy)
                  00004962    00000014                                   : strlen.c.obj (.text:strlen)
                  00004976    00000012                                   : copy_zero_init.c.obj (.text:decompress:ZI:__TI_zero_init_nomemset:__TI_zero_init_nomemset)
                  00004988    00000012                                   : wcslen.c.obj (.text:wcslen)
                  0000499a    0000000e                                   : copy_decompress_none.c.obj (.text:decompress:none:__TI_decompress_none)
                  000049a8    0000000e     startup_msp432p401r_ccs.obj (.text)
                  000049b6    0000000a     rtsv7M4_T_le_v4SPD16_eabi.lib : sprintf.c.obj (.text:_outc)
                  000049c0    00000008                                   : errno.c.obj (.text:__aeabi_errno_addr)
                  000049c8    00000004                                   : printf.c.obj (.text:_outc)
                  000049cc    00000004                                   : printf.c.obj (.text:_outs)
                  000049d0    00000004                                   : pre_init.c.obj (.text:_system_pre_init)
                  000049d4    00000004                                   : exit.c.obj (.text:abort:abort)

.const     0    000049d8    00000101     
                  000049d8    00000101     rtsv7M4_T_le_v4SPD16_eabi.lib : ctype.c.obj (.const:.string:_ctypes_)

.cinit     0    00004ae0    000000a8     
                  00004ae0    00000080     (.cinit..data.load) [load image, compression = lzss]
                  00004b60    0000000c     (__TI_handler_table)
                  00004b6c    00000004     --HOLE-- [fill = 0]
                  00004b70    00000008     (.cinit..bss.load) [load image, compression = zero_init]
                  00004b78    00000010     (__TI_cinit_table)

.init_array 
*          0    00000000    00000000     UNINITIALIZED

.binit     0    00000000    00000000     

.sysmem    0    20000000    00000400     UNINITIALIZED
                  20000000    00000008     rtsv7M4_T_le_v4SPD16_eabi.lib : memory.c.obj (.sysmem)
                  20000008    000003f8     --HOLE--

.data      0    20000400    00000248     UNINITIALIZED
                  20000400    000000f0     rtsv7M4_T_le_v4SPD16_eabi.lib : defs.c.obj (.data:_ftable)
                  200004f0    00000078                                   : write.c.obj (.data:_device)
                  20000568    00000051     main.obj (.data)
                  200005b9    00000003     --HOLE--
                  200005bc    00000050     rtsv7M4_T_le_v4SPD16_eabi.lib : write.c.obj (.data:_stream)
                  2000060c    00000010                                   : defs.c.obj (.data)
                  2000061c    0000000c                                   : exit.c.obj (.data:$O1$$)
                  20000628    0000000c                                   : memory.c.obj (.data:$O1$$)
                  20000634    00000008                                   : _lock.c.obj (.data:$O1$$)
                  2000063c    00000004                                   : errno.c.obj (.data)
                  20000640    00000004                                   : strtok.c.obj (.data)
                  20000644    00000004     system_msp432p401r.obj (.data)

.bss       0    20000648    0000023b     UNINITIALIZED
                  20000648    00000120     rtsv7M4_T_le_v4SPD16_eabi.lib : trgmsg.c.obj (.bss:_CIOBUF_)
                  20000768    000000a0     (.common:__TI_tmpnams)
                  20000808    00000064     (.common:INPUT_BUFFER)
                  2000086c    00000008     (.common:parmbuf)
                  20000874    00000004     (.common:tempAr)
                  20000878    00000004     (.common:time)
                  2000087c    00000003     (.common:now)
                  2000087f    00000002     (.common:alarm)
                  20000881    00000002     (.common:master)

.stack     0    2000fe00    00000200     UNINITIALIZED
                  2000fe00    00000004     rtsv7M4_T_le_v4SPD16_eabi.lib : boot_cortex_m.c.obj (.stack)
                  2000fe04    000001fc     --HOLE--

MODULE SUMMARY

       Module                        code    ro data   rw data
       ------                        ----    -------   -------
    .\
       main.obj                      6736    0         392    
       system_msp432p401r.obj        820     0         8      
       startup_msp432p401r_ccs.obj   14      228       0      
    +--+-----------------------------+-------+---------+---------+
       Total:                        7570    228       400    
                                                              
    C:\ti\ccs820\ccsv8\tools\compiler\ti-cgt-arm_18.1.4.LTS\lib\rtsv7M4_T_le_v4SPD16_eabi.lib
       _printfi.c.obj                4867    0         0      
       defs.c.obj                    0       0         832    
       trgmsg.c.obj                  108     0         576    
       memory.c.obj                  492     0         24     
       write.c.obj                   40      0         400    
       fd_add_t2.asm.obj             438     0         0      
       fd_div_t2.asm.obj             310     0         0      
       fputs.c.obj                   276     0         0      
       s_scalbn.c.obj                272     0         0      
       fd_cmp_t2.asm.obj             268     0         0      
       ctype.c.obj                   0       257       0      
       fd_mul_t2.asm.obj             252     0         0      
       setvbuf.c.obj                 220     0         0      
       memcpy_t2.asm.obj             156     0         0      
       ull_div_t2.asm.obj            150     0         0      
       fputc.c.obj                   140     0         0      
       memset_t2.asm.obj             122     0         0      
       fclose.c.obj                  116     0         0      
       getdevice.c.obj               116     0         0      
       hostopen.c.obj                96      0         16     
       printf.c.obj                  112     0         0      
       fd_tos_t2.asm.obj             110     0         0      
       copy_decompress_lzss.c.obj    104     0         0      
       hostlseek.c.obj               104     0         0      
       hostrename.c.obj              104     0         0      
       exit.c.obj                    76      0         24     
       fseek.c.obj                   100     0         0      
       s_frexp.c.obj                 100     0         0      
       _io_perm.c.obj                98      0         0      
       sprintf.c.obj                 98      0         0      
       close.c.obj                   92      0         0      
       hostread.c.obj                88      0         0      
       hostwrite.c.obj               88      0         0      
       ltoa.c.obj                    84      0         0      
       atoi.c.obj                    76      0         0      
       fflush.c.obj                  76      0         0      
       fd_toi_t2.asm.obj             72      0         0      
       strtok.c.obj                  64      0         8      
       autoinit.c.obj                68      0         0      
       fd_tou_t2.asm.obj             68      0         0      
       hostclose.c.obj               68      0         0      
       hostunlink.c.obj              68      0         0      
       boot_cortex_m.c.obj           56      0         0      
       fs_tod_t2.asm.obj             56      0         0      
       strncpy.c.obj                 54      0         0      
       fopen.c.obj                   52      0         0      
       i_tofd_t2.asm.obj             46      0         0      
       strncmp.c.obj                 44      0         0      
       unlink.c.obj                  44      0         0      
       strspn.c.obj                  42      0         0      
       lseek.c.obj                   40      0         0      
       strcspn.c.obj                 36      0         0      
       memchr.c.obj                  32      0         0      
       u_tofd_t2.asm.obj             32      0         0      
       memccpy.c.obj                 28      0         0      
       strcmp.c.obj                  24      0         0      
       strchr.c.obj                  22      0         0      
       s_copysign.c.obj              20      0         0      
       strcpy.c.obj                  20      0         0      
       strlen.c.obj                  20      0         0      
       _lock.c.obj                   2       0         16     
       copy_zero_init.c.obj          18      0         0      
       wcslen.c.obj                  18      0         0      
       errno.c.obj                   8       0         8      
       copy_decompress_none.c.obj    14      0         0      
       pre_init.c.obj                4       0         0      
       div0.asm.obj                  2       0         0      
    +--+-----------------------------+-------+---------+---------+
       Total:                        11091   257       1904   
                                                              
       Heap:                         0       0         2048   
       Stack:                        0       0         1024   
       Linker Generated:             0       164       0      
    +--+-----------------------------+-------+---------+---------+
       Grand Total:                  18661   649       5376   


LINKER GENERATED COPY TABLES

__TI_cinit_table @ 00004b78 records: 2, size/record: 8, table size: 16
	.data: load addr=00004ae0, load size=00000080 bytes, run addr=20000400, run size=00000248 bytes, compression=lzss
	.bss: load addr=00004b70, load size=00000008 bytes, run addr=20000648, run size=0000023b bytes, compression=zero_init


LINKER GENERATED HANDLER TABLE

__TI_handler_table @ 00004b60 records: 3, size/record: 4, table size: 12
	index: 0, handler: __TI_decompress_lzss
	index: 1, handler: __TI_decompress_none
	index: 2, handler: __TI_zero_init


GLOBAL SYMBOLS: SORTED ALPHABETICALLY BY Name 

address   name                           
-------   ----                           
00000f89  ADC14_IRQHandler               
00000f89  ADC14_IRQHandler               
000014ff  ADC14init                      
000049b5  AES256_IRQHandler              
200005a0  AMPM                           
200005a4  AMPM2                          
000049b5  BusFault_Handler               
000049d5  C$$EXIT                        
000045c7  C$$IO$$                        
000049b5  COMP_E0_IRQHandler             
000049b5  COMP_E1_IRQHandler             
000049b5  CS_IRQHandler                  
000049b5  DMA_ERR_IRQHandler             
000049b5  DMA_INT0_IRQHandler            
000049b5  DMA_INT1_IRQHandler            
000049b5  DMA_INT2_IRQHandler            
000049b5  DMA_INT3_IRQHandler            
000049b5  DebugMon_Handler               
000049b5  Default_Handler                
00001751  EUSCIA0_IRQHandler             
00001751  EUSCIA0_IRQHandler             
000049b5  EUSCIA1_IRQHandler             
000049b5  EUSCIA2_IRQHandler             
000049b5  EUSCIA3_IRQHandler             
000049b5  EUSCIB0_IRQHandler             
000049b5  EUSCIB1_IRQHandler             
000049b5  EUSCIB2_IRQHandler             
000049b5  EUSCIB3_IRQHandler             
000049b5  FLCTL_IRQHandler               
000049b5  FPU_IRQHandler                 
00004349  HOSTclose                      
00003ced  HOSTlseek                      
00003fb9  HOSTopen                       
00004075  HOSTread                       
00003d55  HOSTrename                     
0000438d  HOSTunlink                     
000040cd  HOSTwrite                      
000049b5  HardFault_Handler              
20000808  INPUT_BUFFER                   
00001901  LCD_init                       
200005b0  LCDbrightness                  
0000156d  LEDT32interrupt                
0000158f  LED_init                       
000049b5  MemManage_Handler              
000049b5  NMI_Handler                    
000049b5  PCM_IRQHandler                 
00000965  PORT1_IRQHandler               
00000965  PORT1_IRQHandler               
000049b5  PORT2_IRQHandler               
000049b5  PORT3_IRQHandler               
000009e1  PORT4_IRQHandler               
000009e1  PORT4_IRQHandler               
000049b5  PORT5_IRQHandler               
000049b5  PORT6_IRQHandler               
000049b5  PSS_IRQHandler                 
000049b5  PendSV_Handler                 
00000d49  RTC_C_IRQHandler               
00000d49  RTC_C_IRQHandler               
20000588  RTC_flag                       
000049a9  Reset_Handler                  
000049b5  SVC_Handler                    
000049b5  SysTick_Handler                
00001ab1  SysTick_Init                   
20000644  SystemCoreClock                
00002595  SystemCoreClockUpdate          
0000280d  SystemInit                     
00000813  T32_INT1_IRQHandler            
00000813  T32_INT1_IRQHandler            
00000841  T32_INT2_IRQHandler            
00000841  T32_INT2_IRQHandler            
000049b5  T32_INTC_IRQHandler            
000049b5  TA0_0_IRQHandler               
000049b5  TA0_N_IRQHandler               
000049b5  TA1_0_IRQHandler               
000049b5  TA1_N_IRQHandler               
000049b5  TA2_0_IRQHandler               
000049b5  TA2_N_IRQHandler               
000049b5  TA3_0_IRQHandler               
00001159  TA3_N_IRQHandler               
00001159  TA3_N_IRQHandler               
000049b5  UsageFault_Handler             
4000480c  WDTCTL_SYM                     
000049b5  WDT_A_IRQHandler               
20000648  __CIOBUF_                      
20010000  __STACK_END                    
00000200  __STACK_SIZE                   
00000400  __SYSMEM_SIZE                  
00004b78  __TI_CINIT_Base                
00004b88  __TI_CINIT_Limit               
00004b60  __TI_Handler_Table_Base        
00004b6c  __TI_Handler_Table_Limit       
000043d1  __TI_auto_init_nobinit_nopinit 
000046b1  __TI_cleanup                   
2000061c  __TI_cleanup_ptr               
00003b9d  __TI_closefile                 
00003dbd  __TI_decompress_lzss           
0000499b  __TI_decompress_none           
00004221  __TI_doflush                   
20000620  __TI_dtors_ptr                 
20000624  __TI_enable_exit_profile_output
2000060c  __TI_ft_end                    
ffffffff  __TI_pprof_out_hndl            
00001b35  __TI_printfi                   
ffffffff  __TI_prof_data_size            
ffffffff  __TI_prof_data_start           
000046e5  __TI_readmsg                   
00000000  __TI_static_base__             
20000768  __TI_tmpnams                   
00004599  __TI_writemsg                  
00003f55  __TI_wrt_ok                    
00004977  __TI_zero_init_nomemset        
0000399d  __aeabi_cdcmpeq                
0000399d  __aeabi_cdcmple                
00003a23  __aeabi_cdrcmple               
00003c7f  __aeabi_d2f                    
00004301  __aeabi_d2iz                   
00004459  __aeabi_d2uiz                  
00002d13  __aeabi_dadd                   
00002ffd  __aeabi_ddiv                   
0000347d  __aeabi_dmul                   
00002d09  __aeabi_dsub                   
000049c1  __aeabi_errno_addr             
00004641  __aeabi_f2d                    
00004749  __aeabi_i2d                    
00002ebf  __aeabi_idiv0                  
00002ebf  __aeabi_ldiv0                  
00003aa9  __aeabi_memclr                 
00003aa9  __aeabi_memclr4                
00003aa9  __aeabi_memclr8                
000037df  __aeabi_memcpy                 
000037df  __aeabi_memcpy4                
000037df  __aeabi_memcpy8                
00003aab  __aeabi_memset                 
00003aab  __aeabi_memset4                
00003aab  __aeabi_memset8                
20000618  __aeabi_stderr                 
20000610  __aeabi_stdin                  
20000614  __aeabi_stdout                 
000048b9  __aeabi_ui2d                   
0000387b  __aeabi_uldivmod               
ffffffff  __binit__                      
ffffffff  __c_args__                     
UNDEFED   __mpu_init                     
2000fe00  __stack                        
000045d1  _c_int00_noargs                
000049d8  _ctypes_                       
200004f0  _device                        
20000400  _ftable                        
20000634  _lock                          
00002593  _nop                           
200005bc  _stream                        
20000000  _sys_memory                    
UNDEFED   _system_post_cinit             
000049d1  _system_pre_init               
20000638  _unlock                        
000049d5  abort                          
2000087f  alarm                          
20000590  alarmFlag                      
20000598  alarmPresses                   
20000594  alarmSoundFlag                 
0000426d  atoi                           
ffffffff  binit                          
200005b4  blinkFlag                      
00004019  close                          
000019a1  commandWrite                   
000014b1  configRTC                      
0000493b  copysign                       
0000493b  copysignl                      
000019e5  dataWrite                      
00000771  displayAMPM                    
000006b9  displayAlarm                   
00001809  displayAt                      
000007d9  displayHour                    
000007a7  displayMin                     
2000056c  duty                           
2000063c  errno                          
000042b9  exit                           
00000349  extractTimeSerial              
00004719  finddevice                     
00003911  fputc                          
00003259  fputs                          
00003655  free                           
00003e8d  frexp                          
00003e8d  frexpl                         
00003ef1  fseek                          
00004415  getdevice                      
000013c1  intAlarm                       
00001315  intBlinkTimerA                 
0000145d  intButtons                     
00001375  intLCDBrightness               
000013fb  intSpeedButton                 
00000000  interruptVectors               
0000336d  ldexp                          
0000336d  ldexpl                         
200005ac  lightBrightness                
200005a8  lightsOn                       
000047fd  lseek                          
0000417b  ltoa                           
00000111  main                           
00003b25  malloc                         
20000881  master                         
000048d9  memccpy                        
00004899  memchr                         
000037df  memcpy                         
00003ab1  memset                         
00004609  minit                          
2000087c  now                            
2000086c  parmbuf                        
00003e25  printf                         
00001a77  pulseEnablePin                 
00001a1b  pushByte                       
00001a45  pushNibble                     
00003911  putc                           
2000057c  raw                            
20000580  raw1                           
000016a9  readInput                      
20000569  read_location                  
000047a5  remove                         
0000336d  scalbn                         
0000336d  scalbnl                        
000015c7  setupSerial                    
00003579  setvbuf                        
2000059c  speed                          
0000449d  sprintf                        
200005b8  state                          
20000568  storage_location               
00004925  strchr                         
0000490d  strcmp                         
0000494f  strcpy                         
00004875  strcspn                        
00004963  strlen                         
00004777  strncmp                        
00004679  strncpy                        
000047d1  strspn                         
000044dd  strtok                         
00001acd  sysTickDelay_ms                
00001af3  sysTickDelay_us                
20000874  tempAr                         
20000570  tempC                          
20000574  tempF                          
00001551  tempT32interrupt               
20000878  time                           
2000058c  timePresses                    
00000751  toggleAMPM                     
00000725  toggleAMPM2                    
0000066f  toggleAlarm                    
000047a5  unlink                         
20000578  voltage                        
20000584  voltage1                       
00000661  wakeUpLights                   
00004989  wcslen                         
0000484d  write                          
0000162d  writeOutput                    


GLOBAL SYMBOLS: SORTED BY Symbol Address 

address   name                           
-------   ----                           
00000000  __TI_static_base__             
00000000  interruptVectors               
00000111  main                           
00000200  __STACK_SIZE                   
00000349  extractTimeSerial              
00000400  __SYSMEM_SIZE                  
00000661  wakeUpLights                   
0000066f  toggleAlarm                    
000006b9  displayAlarm                   
00000725  toggleAMPM2                    
00000751  toggleAMPM                     
00000771  displayAMPM                    
000007a7  displayMin                     
000007d9  displayHour                    
00000813  T32_INT1_IRQHandler            
00000813  T32_INT1_IRQHandler            
00000841  T32_INT2_IRQHandler            
00000841  T32_INT2_IRQHandler            
00000965  PORT1_IRQHandler               
00000965  PORT1_IRQHandler               
000009e1  PORT4_IRQHandler               
000009e1  PORT4_IRQHandler               
00000d49  RTC_C_IRQHandler               
00000d49  RTC_C_IRQHandler               
00000f89  ADC14_IRQHandler               
00000f89  ADC14_IRQHandler               
00001159  TA3_N_IRQHandler               
00001159  TA3_N_IRQHandler               
00001315  intBlinkTimerA                 
00001375  intLCDBrightness               
000013c1  intAlarm                       
000013fb  intSpeedButton                 
0000145d  intButtons                     
000014b1  configRTC                      
000014ff  ADC14init                      
00001551  tempT32interrupt               
0000156d  LEDT32interrupt                
0000158f  LED_init                       
000015c7  setupSerial                    
0000162d  writeOutput                    
000016a9  readInput                      
00001751  EUSCIA0_IRQHandler             
00001751  EUSCIA0_IRQHandler             
00001809  displayAt                      
00001901  LCD_init                       
000019a1  commandWrite                   
000019e5  dataWrite                      
00001a1b  pushByte                       
00001a45  pushNibble                     
00001a77  pulseEnablePin                 
00001ab1  SysTick_Init                   
00001acd  sysTickDelay_ms                
00001af3  sysTickDelay_us                
00001b35  __TI_printfi                   
00002593  _nop                           
00002595  SystemCoreClockUpdate          
0000280d  SystemInit                     
00002d09  __aeabi_dsub                   
00002d13  __aeabi_dadd                   
00002ebf  __aeabi_idiv0                  
00002ebf  __aeabi_ldiv0                  
00002ffd  __aeabi_ddiv                   
00003259  fputs                          
0000336d  ldexp                          
0000336d  ldexpl                         
0000336d  scalbn                         
0000336d  scalbnl                        
0000347d  __aeabi_dmul                   
00003579  setvbuf                        
00003655  free                           
000037df  __aeabi_memcpy                 
000037df  __aeabi_memcpy4                
000037df  __aeabi_memcpy8                
000037df  memcpy                         
0000387b  __aeabi_uldivmod               
00003911  fputc                          
00003911  putc                           
0000399d  __aeabi_cdcmpeq                
0000399d  __aeabi_cdcmple                
00003a23  __aeabi_cdrcmple               
00003aa9  __aeabi_memclr                 
00003aa9  __aeabi_memclr4                
00003aa9  __aeabi_memclr8                
00003aab  __aeabi_memset                 
00003aab  __aeabi_memset4                
00003aab  __aeabi_memset8                
00003ab1  memset                         
00003b25  malloc                         
00003b9d  __TI_closefile                 
00003c7f  __aeabi_d2f                    
00003ced  HOSTlseek                      
00003d55  HOSTrename                     
00003dbd  __TI_decompress_lzss           
00003e25  printf                         
00003e8d  frexp                          
00003e8d  frexpl                         
00003ef1  fseek                          
00003f55  __TI_wrt_ok                    
00003fb9  HOSTopen                       
00004019  close                          
00004075  HOSTread                       
000040cd  HOSTwrite                      
0000417b  ltoa                           
00004221  __TI_doflush                   
0000426d  atoi                           
000042b9  exit                           
00004301  __aeabi_d2iz                   
00004349  HOSTclose                      
0000438d  HOSTunlink                     
000043d1  __TI_auto_init_nobinit_nopinit 
00004415  getdevice                      
00004459  __aeabi_d2uiz                  
0000449d  sprintf                        
000044dd  strtok                         
00004599  __TI_writemsg                  
000045c7  C$$IO$$                        
000045d1  _c_int00_noargs                
00004609  minit                          
00004641  __aeabi_f2d                    
00004679  strncpy                        
000046b1  __TI_cleanup                   
000046e5  __TI_readmsg                   
00004719  finddevice                     
00004749  __aeabi_i2d                    
00004777  strncmp                        
000047a5  remove                         
000047a5  unlink                         
000047d1  strspn                         
000047fd  lseek                          
0000484d  write                          
00004875  strcspn                        
00004899  memchr                         
000048b9  __aeabi_ui2d                   
000048d9  memccpy                        
0000490d  strcmp                         
00004925  strchr                         
0000493b  copysign                       
0000493b  copysignl                      
0000494f  strcpy                         
00004963  strlen                         
00004977  __TI_zero_init_nomemset        
00004989  wcslen                         
0000499b  __TI_decompress_none           
000049a9  Reset_Handler                  
000049b5  AES256_IRQHandler              
000049b5  BusFault_Handler               
000049b5  COMP_E0_IRQHandler             
000049b5  COMP_E1_IRQHandler             
000049b5  CS_IRQHandler                  
000049b5  DMA_ERR_IRQHandler             
000049b5  DMA_INT0_IRQHandler            
000049b5  DMA_INT1_IRQHandler            
000049b5  DMA_INT2_IRQHandler            
000049b5  DMA_INT3_IRQHandler            
000049b5  DebugMon_Handler               
000049b5  Default_Handler                
000049b5  EUSCIA1_IRQHandler             
000049b5  EUSCIA2_IRQHandler             
000049b5  EUSCIA3_IRQHandler             
000049b5  EUSCIB0_IRQHandler             
000049b5  EUSCIB1_IRQHandler             
000049b5  EUSCIB2_IRQHandler             
000049b5  EUSCIB3_IRQHandler             
000049b5  FLCTL_IRQHandler               
000049b5  FPU_IRQHandler                 
000049b5  HardFault_Handler              
000049b5  MemManage_Handler              
000049b5  NMI_Handler                    
000049b5  PCM_IRQHandler                 
000049b5  PORT2_IRQHandler               
000049b5  PORT3_IRQHandler               
000049b5  PORT5_IRQHandler               
000049b5  PORT6_IRQHandler               
000049b5  PSS_IRQHandler                 
000049b5  PendSV_Handler                 
000049b5  SVC_Handler                    
000049b5  SysTick_Handler                
000049b5  T32_INTC_IRQHandler            
000049b5  TA0_0_IRQHandler               
000049b5  TA0_N_IRQHandler               
000049b5  TA1_0_IRQHandler               
000049b5  TA1_N_IRQHandler               
000049b5  TA2_0_IRQHandler               
000049b5  TA2_N_IRQHandler               
000049b5  TA3_0_IRQHandler               
000049b5  UsageFault_Handler             
000049b5  WDT_A_IRQHandler               
000049c1  __aeabi_errno_addr             
000049d1  _system_pre_init               
000049d5  C$$EXIT                        
000049d5  abort                          
000049d8  _ctypes_                       
00004b60  __TI_Handler_Table_Base        
00004b6c  __TI_Handler_Table_Limit       
00004b78  __TI_CINIT_Base                
00004b88  __TI_CINIT_Limit               
20000000  _sys_memory                    
20000400  _ftable                        
200004f0  _device                        
20000568  storage_location               
20000569  read_location                  
2000056c  duty                           
20000570  tempC                          
20000574  tempF                          
20000578  voltage                        
2000057c  raw                            
20000580  raw1                           
20000584  voltage1                       
20000588  RTC_flag                       
2000058c  timePresses                    
20000590  alarmFlag                      
20000594  alarmSoundFlag                 
20000598  alarmPresses                   
2000059c  speed                          
200005a0  AMPM                           
200005a4  AMPM2                          
200005a8  lightsOn                       
200005ac  lightBrightness                
200005b0  LCDbrightness                  
200005b4  blinkFlag                      
200005b8  state                          
200005bc  _stream                        
2000060c  __TI_ft_end                    
20000610  __aeabi_stdin                  
20000614  __aeabi_stdout                 
20000618  __aeabi_stderr                 
2000061c  __TI_cleanup_ptr               
20000620  __TI_dtors_ptr                 
20000624  __TI_enable_exit_profile_output
20000634  _lock                          
20000638  _unlock                        
2000063c  errno                          
20000644  SystemCoreClock                
20000648  __CIOBUF_                      
20000768  __TI_tmpnams                   
20000808  INPUT_BUFFER                   
2000086c  parmbuf                        
20000874  tempAr                         
20000878  time                           
2000087c  now                            
2000087f  alarm                          
20000881  master                         
2000fe00  __stack                        
20010000  __STACK_END                    
4000480c  WDTCTL_SYM                     
ffffffff  __TI_pprof_out_hndl            
ffffffff  __TI_prof_data_size            
ffffffff  __TI_prof_data_start           
ffffffff  __binit__                      
ffffffff  __c_args__                     
ffffffff  binit                          
UNDEFED   __mpu_init                     
UNDEFED   _system_post_cinit             

[253 symbols]
