******************************************************************************
                  TI ARM Linker PC v18.1.4                     
******************************************************************************
>> Linked Tue Dec  4 01:51:27 2018

OUTPUT FILE NAME:   <Final Project.out>
ENTRY POINT SYMBOL: "_c_int00_noargs"  address: 00003239


MEMORY CONFIGURATION

         name            origin    length      used     unused   attr    fill
----------------------  --------  ---------  --------  --------  ----  --------
  MAIN                  00000000   00040000  000034e5  0003cb1b  R  X
  INFO                  00200000   00004000  00000000  00004000  R  X
  SRAM_CODE             01000000   00010000  00000259  0000fda7  RW X
  SRAM_DATA             20000000   00010000  00000259  0000fda7  RW  


SEGMENT ALLOCATION MAP

run origin  load origin   length   init length attrs members
----------  ----------- ---------- ----------- ----- -------
00000000    00000000    000034e8   000034e8    r-x
  00000000    00000000    000000e4   000000e4    r-- .intvecs
  000000e4    000000e4    000032c0   000032c0    r-x .text
  000033a4    000033a4    00000101   00000101    r-- .const
  000034a8    000034a8    00000040   00000040    r-- .cinit
20000000    20000000    00000059   00000000    rw-
  20000000    20000000    0000004c   00000000    rw- .data
  2000004c    2000004c    0000000d   00000000    rw- .bss
2000fe00    2000fe00    00000200   00000000    rw-
  2000fe00    2000fe00    00000200   00000000    rw- .stack


SECTION ALLOCATION MAP

 output                                  attributes/
section   page    origin      length       input sections
--------  ----  ----------  ----------   ----------------
.intvecs   0    00000000    000000e4     
                  00000000    000000e4     startup_msp432p401r_ccs.obj (.intvecs:retain)

.text      0    000000e4    000032c0     
                  000000e4    000010bc     main.obj (.text)
                  000011a0    00000a5e     rtsv7M4_T_le_v4SPD16_eabi.lib : _printfi.c.obj (.text:__TI_printfi)
                  00001bfe    00000002                                   : div0.asm.obj (.text)
                  00001c00    00000334     system_msp432p401r.obj (.text)
                  00001f34    00000270     rtsv7M4_T_le_v4SPD16_eabi.lib : _printfi.c.obj (.text:_pconv_a)
                  000021a4    000001d0                                   : _printfi.c.obj (.text:_pconv_g)
                  00002374    000001b6                                   : fd_add_t2.asm.obj (.text)
                  0000252a    00000002     --HOLE-- [fill = 0]
                  0000252c    0000013c                                   : _printfi.c.obj (.text:_pconv_e)
                  00002668    00000136                                   : fd_div_t2.asm.obj (.text)
                  0000279e    00000002     --HOLE-- [fill = 0]
                  000027a0    00000124                                   : _printfi.c.obj (.text:fcvt)
                  000028c4    00000110                                   : s_scalbn.c.obj (.text:scalbn)
                  000029d4    000000fc                                   : fd_mul_t2.asm.obj (.text)
                  00002ad0    000000b1                                   : _printfi.c.obj (.text:_ltostr)
                  00002b81    00000001     --HOLE-- [fill = 0]
                  00002b82    0000009c                                   : memcpy_t2.asm.obj (.text)
                  00002c1e    00000096                                   : ull_div_t2.asm.obj (.text)
                  00002cb4    00000086                                   : fd_cmp_t2.asm.obj (.text:__aeabi_cdcmple)
                  00002d3a    00000086                                   : fd_cmp_t2.asm.obj (.text:__aeabi_cdrcmple)
                  00002dc0    0000007a                                   : memset_t2.asm.obj (.text)
                  00002e3a    0000006e                                   : _printfi.c.obj (.text:_mcpy)
                  00002ea8    0000006e                                   : fd_tos_t2.asm.obj (.text)
                  00002f16    00000068                                   : copy_decompress_lzss.c.obj (.text:decompress:lzss:__TI_decompress_lzss)
                  00002f7e    00000002     --HOLE-- [fill = 0]
                  00002f80    00000064                                   : s_frexp.c.obj (.text:frexp)
                  00002fe4    00000056                                   : _printfi.c.obj (.text:_pconv_f)
                  0000303a    00000054                                   : ltoa.c.obj (.text:ltoa)
                  0000308e    00000052                                   : _printfi.c.obj (.text:_ecpy)
                  000030e0    0000004c                                   : atoi.c.obj (.text:atoi)
                  0000312c    00000048                                   : fd_toi_t2.asm.obj (.text)
                  00003174    00000044                                   : autoinit.c.obj (.text:__TI_auto_init_nobinit_nopinit:__TI_auto_init_nobinit_nopinit)
                  000031b8    00000040                                   : sprintf.c.obj (.text:sprintf)
                  000031f8    0000003e                                   : _printfi.c.obj (.text:_fcpy)
                  00003236    00000002     --HOLE-- [fill = 0]
                  00003238    00000038                                   : boot_cortex_m.c.obj (.text:_c_int00_noargs:_c_int00_noargs)
                  00003270    00000038                                   : fs_tod_t2.asm.obj (.text)
                  000032a8    0000002e                                   : i_tofd_t2.asm.obj (.text)
                  000032d6    0000001c                                   : memccpy.c.obj (.text:memccpy)
                  000032f2    00000018                                   : sprintf.c.obj (.text:_outs)
                  0000330a    00000016                                   : strchr.c.obj (.text:strchr)
                  00003320    00000014                                   : s_copysign.c.obj (.text:copysign)
                  00003334    00000014                                   : strlen.c.obj (.text:strlen)
                  00003348    00000012                                   : copy_zero_init.c.obj (.text:decompress:ZI:__TI_zero_init_nomemset:__TI_zero_init_nomemset)
                  0000335a    00000012                                   : wcslen.c.obj (.text:wcslen)
                  0000336c    0000000e                                   : copy_decompress_none.c.obj (.text:decompress:none:__TI_decompress_none)
                  0000337a    0000000e     startup_msp432p401r_ccs.obj (.text)
                  00003388    0000000a     rtsv7M4_T_le_v4SPD16_eabi.lib : sprintf.c.obj (.text:_outc)
                  00003392    00000002     --HOLE-- [fill = 0]
                  00003394    00000008                                   : errno.c.obj (.text:__aeabi_errno_addr)
                  0000339c    00000004                                   : pre_init.c.obj (.text:_system_pre_init)
                  000033a0    00000004                                   : exit.c.obj (.text:abort:abort)

.const     0    000033a4    00000101     
                  000033a4    00000101     rtsv7M4_T_le_v4SPD16_eabi.lib : ctype.c.obj (.const:.string:_ctypes_)

.cinit     0    000034a8    00000040     
                  000034a8    00000016     (.cinit..data.load) [load image, compression = lzss]
                  000034be    00000002     --HOLE-- [fill = 0]
                  000034c0    0000000c     (__TI_handler_table)
                  000034cc    00000004     --HOLE-- [fill = 0]
                  000034d0    00000008     (.cinit..bss.load) [load image, compression = zero_init]
                  000034d8    00000010     (__TI_cinit_table)

.init_array 
*          0    00000000    00000000     UNINITIALIZED

.binit     0    00000000    00000000     

.data      0    20000000    0000004c     UNINITIALIZED
                  20000000    00000044     main.obj (.data)
                  20000044    00000004     rtsv7M4_T_le_v4SPD16_eabi.lib : errno.c.obj (.data)
                  20000048    00000004     system_msp432p401r.obj (.data)

.bss       0    2000004c    0000000d     UNINITIALIZED
                  2000004c    00000004     (.common:tempAr)
                  20000050    00000004     (.common:time)
                  20000054    00000003     (.common:now)
                  20000057    00000002     (.common:alarm)

.stack     0    2000fe00    00000200     UNINITIALIZED
                  2000fe00    00000004     rtsv7M4_T_le_v4SPD16_eabi.lib : boot_cortex_m.c.obj (.stack)
                  2000fe04    000001fc     --HOLE--

MODULE SUMMARY

       Module                        code    ro data   rw data
       ------                        ----    -------   -------
    .\
       main.obj                      4284    0         162    
       system_msp432p401r.obj        820     0         8      
       startup_msp432p401r_ccs.obj   14      228       0      
    +--+-----------------------------+-------+---------+---------+
       Total:                        5118    228       170    
                                                              
    C:\ti\ccs820\ccsv8\tools\compiler\ti-cgt-arm_18.1.4.LTS\lib\rtsv7M4_T_le_v4SPD16_eabi.lib
       _printfi.c.obj                4867    0         0      
       fd_add_t2.asm.obj             438     0         0      
       fd_div_t2.asm.obj             310     0         0      
       s_scalbn.c.obj                272     0         0      
       fd_cmp_t2.asm.obj             268     0         0      
       ctype.c.obj                   0       257       0      
       fd_mul_t2.asm.obj             252     0         0      
       memcpy_t2.asm.obj             156     0         0      
       ull_div_t2.asm.obj            150     0         0      
       memset_t2.asm.obj             122     0         0      
       fd_tos_t2.asm.obj             110     0         0      
       copy_decompress_lzss.c.obj    104     0         0      
       s_frexp.c.obj                 100     0         0      
       sprintf.c.obj                 98      0         0      
       ltoa.c.obj                    84      0         0      
       atoi.c.obj                    76      0         0      
       fd_toi_t2.asm.obj             72      0         0      
       autoinit.c.obj                68      0         0      
       boot_cortex_m.c.obj           56      0         0      
       fs_tod_t2.asm.obj             56      0         0      
       i_tofd_t2.asm.obj             46      0         0      
       memccpy.c.obj                 28      0         0      
       strchr.c.obj                  22      0         0      
       s_copysign.c.obj              20      0         0      
       strlen.c.obj                  20      0         0      
       copy_zero_init.c.obj          18      0         0      
       wcslen.c.obj                  18      0         0      
       errno.c.obj                   8       0         8      
       copy_decompress_none.c.obj    14      0         0      
       exit.c.obj                    4       0         0      
       pre_init.c.obj                4       0         0      
       div0.asm.obj                  2       0         0      
    +--+-----------------------------+-------+---------+---------+
       Total:                        7863    257       8      
                                                              
       Stack:                        0       0         1024   
       Linker Generated:             0       58        0      
    +--+-----------------------------+-------+---------+---------+
       Grand Total:                  12981   543       1202   


LINKER GENERATED COPY TABLES

__TI_cinit_table @ 000034d8 records: 2, size/record: 8, table size: 16
	.data: load addr=000034a8, load size=00000016 bytes, run addr=20000000, run size=0000004c bytes, compression=lzss
	.bss: load addr=000034d0, load size=00000008 bytes, run addr=2000004c, run size=0000000d bytes, compression=zero_init


LINKER GENERATED HANDLER TABLE

__TI_handler_table @ 000034c0 records: 3, size/record: 4, table size: 12
	index: 0, handler: __TI_decompress_lzss
	index: 1, handler: __TI_decompress_none
	index: 2, handler: __TI_zero_init


GLOBAL SYMBOLS: SORTED ALPHABETICALLY BY Name 

address   name                          
-------   ----                          
00000785  ADC14_IRQHandler              
00000785  ADC14_IRQHandler              
00000cf1  ADC14init                     
00003387  AES256_IRQHandler             
2000002c  AMPM                          
20000030  AMPM2                         
00003387  BusFault_Handler              
000033a1  C$$EXIT                       
00003387  COMP_E0_IRQHandler            
00003387  COMP_E1_IRQHandler            
00003387  CS_IRQHandler                 
00003387  DMA_ERR_IRQHandler            
00003387  DMA_INT0_IRQHandler           
00003387  DMA_INT1_IRQHandler           
00003387  DMA_INT2_IRQHandler           
00003387  DMA_INT3_IRQHandler           
00003387  DebugMon_Handler              
00003387  Default_Handler               
00003387  EUSCIA0_IRQHandler            
00003387  EUSCIA1_IRQHandler            
00003387  EUSCIA2_IRQHandler            
00003387  EUSCIA3_IRQHandler            
00003387  EUSCIB0_IRQHandler            
00003387  EUSCIB1_IRQHandler            
00003387  EUSCIB2_IRQHandler            
00003387  EUSCIB3_IRQHandler            
00003387  FLCTL_IRQHandler              
00003387  FPU_IRQHandler                
00003387  HardFault_Handler             
00000f05  LCD_init                      
2000003c  LCDbrightness                 
00000d59  LEDT32interrupt               
00000d75  LED_init                      
00003387  MemManage_Handler             
00003387  NMI_Handler                   
00003387  PCM_IRQHandler                
00000355  PORT1_IRQHandler              
00000355  PORT1_IRQHandler              
00003387  PORT2_IRQHandler              
00003387  PORT3_IRQHandler              
000003f5  PORT4_IRQHandler              
000003f5  PORT4_IRQHandler              
00003387  PORT5_IRQHandler              
00003387  PORT6_IRQHandler              
00003387  PSS_IRQHandler                
00003387  PendSV_Handler                
0000062d  RTC_C_IRQHandler              
0000062d  RTC_C_IRQHandler              
20000018  RTC_flag                      
0000337b  Reset_Handler                 
00003387  SVC_Handler                   
00003387  SysTick_Handler               
0000111d  SysTick_Init                  
20000048  SystemCoreClock               
00001c01  SystemCoreClockUpdate         
00001e79  SystemInit                    
000002fd  T32_INT1_IRQHandler           
000002fd  T32_INT1_IRQHandler           
0000030f  T32_INT2_IRQHandler           
0000030f  T32_INT2_IRQHandler           
00003387  T32_INTC_IRQHandler           
00003387  TA0_0_IRQHandler              
00003387  TA0_N_IRQHandler              
00003387  TA1_0_IRQHandler              
00003387  TA1_N_IRQHandler              
00003387  TA2_0_IRQHandler              
00003387  TA2_N_IRQHandler              
00003387  TA3_0_IRQHandler              
0000095d  TA3_N_IRQHandler              
0000095d  TA3_N_IRQHandler              
00003387  UsageFault_Handler            
4000480c  WDTCTL_SYM                    
00003387  WDT_A_IRQHandler              
20010000  __STACK_END                   
00000200  __STACK_SIZE                  
000034d8  __TI_CINIT_Base               
000034e8  __TI_CINIT_Limit              
000034c0  __TI_Handler_Table_Base       
000034cc  __TI_Handler_Table_Limit      
00003175  __TI_auto_init_nobinit_nopinit
00002f17  __TI_decompress_lzss          
0000336d  __TI_decompress_none          
ffffffff  __TI_pprof_out_hndl           
000011a1  __TI_printfi                  
ffffffff  __TI_prof_data_size           
ffffffff  __TI_prof_data_start          
00000000  __TI_static_base__            
00003349  __TI_zero_init_nomemset       
00002cb5  __aeabi_cdcmpeq               
00002cb5  __aeabi_cdcmple               
00002d3b  __aeabi_cdrcmple              
00002ea9  __aeabi_d2f                   
0000312d  __aeabi_d2iz                  
0000237f  __aeabi_dadd                  
00002669  __aeabi_ddiv                  
000029d5  __aeabi_dmul                  
00002375  __aeabi_dsub                  
00003395  __aeabi_errno_addr            
00003271  __aeabi_f2d                   
000032a9  __aeabi_i2d                   
00001bff  __aeabi_idiv0                 
00001bff  __aeabi_ldiv0                 
00002dc1  __aeabi_memclr                
00002dc1  __aeabi_memclr4               
00002dc1  __aeabi_memclr8               
00002b83  __aeabi_memcpy                
00002b83  __aeabi_memcpy4               
00002b83  __aeabi_memcpy8               
00002dc3  __aeabi_memset                
00002dc3  __aeabi_memset4               
00002dc3  __aeabi_memset8               
00002c1f  __aeabi_uldivmod              
ffffffff  __binit__                     
ffffffff  __c_args__                    
UNDEFED   __mpu_init                    
2000fe00  __stack                       
00003239  _c_int00_noargs               
000033a4  _ctypes_                      
UNDEFED   _system_post_cinit            
0000339d  _system_pre_init              
000033a1  abort                         
20000057  alarm                         
20000020  alarmFlag                     
20000024  alarmPresses                  
000030e1  atoi                          
ffffffff  binit                         
20000040  blinkFlag                     
00000fc1  commandWrite                  
00000ca5  configRTC                     
00003321  copysign                      
00003321  copysignl                     
00001011  dataWrite                     
00000273  displayAMPM                   
000001e1  displayAlarm                  
00000dd5  displayAt                     
000002c3  displayHour                   
000002a9  displayMin                    
20000044  errno                         
00002f81  frexp                         
00002f81  frexpl                        
00000bbd  intAlarm                      
00000b19  intBlinkTimerA                
00000c4d  intButtons                    
00000b79  intLCDBrightness              
00000bf1  intSpeedButton                
00000000  interruptVectors              
000028c5  ldexp                         
000028c5  ldexpl                        
20000038  lightBrightness               
20000034  lightsOn                      
0000303b  ltoa                          
00000111  main                          
000032d7  memccpy                       
00002b83  memcpy                        
00002dc9  memset                        
20000054  now                           
000010e9  pulseEnablePin                
00001069  pushByte                      
000010b1  pushNibble                    
2000000c  raw                           
20000010  raw1                          
000028c5  scalbn                        
000028c5  scalbnl                       
20000028  speed                         
000031b9  sprintf                       
0000330b  strchr                        
00003335  strlen                        
00001139  sysTickDelay_ms               
0000115f  sysTickDelay_us               
2000004c  tempAr                        
20000000  tempC                         
20000004  tempF                         
00000d43  tempT32interrupt              
20000050  time                          
2000001c  timePresses                   
0000025d  toggleAMPM                    
00000231  toggleAMPM2                   
0000019d  toggleAlarm                   
20000008  voltage                       
20000014  voltage1                      
00000191  wakeUpLights                  
0000335b  wcslen                        


GLOBAL SYMBOLS: SORTED BY Symbol Address 

address   name                          
-------   ----                          
00000000  __TI_static_base__            
00000000  interruptVectors              
00000111  main                          
00000191  wakeUpLights                  
0000019d  toggleAlarm                   
000001e1  displayAlarm                  
00000200  __STACK_SIZE                  
00000231  toggleAMPM2                   
0000025d  toggleAMPM                    
00000273  displayAMPM                   
000002a9  displayMin                    
000002c3  displayHour                   
000002fd  T32_INT1_IRQHandler           
000002fd  T32_INT1_IRQHandler           
0000030f  T32_INT2_IRQHandler           
0000030f  T32_INT2_IRQHandler           
00000355  PORT1_IRQHandler              
00000355  PORT1_IRQHandler              
000003f5  PORT4_IRQHandler              
000003f5  PORT4_IRQHandler              
0000062d  RTC_C_IRQHandler              
0000062d  RTC_C_IRQHandler              
00000785  ADC14_IRQHandler              
00000785  ADC14_IRQHandler              
0000095d  TA3_N_IRQHandler              
0000095d  TA3_N_IRQHandler              
00000b19  intBlinkTimerA                
00000b79  intLCDBrightness              
00000bbd  intAlarm                      
00000bf1  intSpeedButton                
00000c4d  intButtons                    
00000ca5  configRTC                     
00000cf1  ADC14init                     
00000d43  tempT32interrupt              
00000d59  LEDT32interrupt               
00000d75  LED_init                      
00000dd5  displayAt                     
00000f05  LCD_init                      
00000fc1  commandWrite                  
00001011  dataWrite                     
00001069  pushByte                      
000010b1  pushNibble                    
000010e9  pulseEnablePin                
0000111d  SysTick_Init                  
00001139  sysTickDelay_ms               
0000115f  sysTickDelay_us               
000011a1  __TI_printfi                  
00001bff  __aeabi_idiv0                 
00001bff  __aeabi_ldiv0                 
00001c01  SystemCoreClockUpdate         
00001e79  SystemInit                    
00002375  __aeabi_dsub                  
0000237f  __aeabi_dadd                  
00002669  __aeabi_ddiv                  
000028c5  ldexp                         
000028c5  ldexpl                        
000028c5  scalbn                        
000028c5  scalbnl                       
000029d5  __aeabi_dmul                  
00002b83  __aeabi_memcpy                
00002b83  __aeabi_memcpy4               
00002b83  __aeabi_memcpy8               
00002b83  memcpy                        
00002c1f  __aeabi_uldivmod              
00002cb5  __aeabi_cdcmpeq               
00002cb5  __aeabi_cdcmple               
00002d3b  __aeabi_cdrcmple              
00002dc1  __aeabi_memclr                
00002dc1  __aeabi_memclr4               
00002dc1  __aeabi_memclr8               
00002dc3  __aeabi_memset                
00002dc3  __aeabi_memset4               
00002dc3  __aeabi_memset8               
00002dc9  memset                        
00002ea9  __aeabi_d2f                   
00002f17  __TI_decompress_lzss          
00002f81  frexp                         
00002f81  frexpl                        
0000303b  ltoa                          
000030e1  atoi                          
0000312d  __aeabi_d2iz                  
00003175  __TI_auto_init_nobinit_nopinit
000031b9  sprintf                       
00003239  _c_int00_noargs               
00003271  __aeabi_f2d                   
000032a9  __aeabi_i2d                   
000032d7  memccpy                       
0000330b  strchr                        
00003321  copysign                      
00003321  copysignl                     
00003335  strlen                        
00003349  __TI_zero_init_nomemset       
0000335b  wcslen                        
0000336d  __TI_decompress_none          
0000337b  Reset_Handler                 
00003387  AES256_IRQHandler             
00003387  BusFault_Handler              
00003387  COMP_E0_IRQHandler            
00003387  COMP_E1_IRQHandler            
00003387  CS_IRQHandler                 
00003387  DMA_ERR_IRQHandler            
00003387  DMA_INT0_IRQHandler           
00003387  DMA_INT1_IRQHandler           
00003387  DMA_INT2_IRQHandler           
00003387  DMA_INT3_IRQHandler           
00003387  DebugMon_Handler              
00003387  Default_Handler               
00003387  EUSCIA0_IRQHandler            
00003387  EUSCIA1_IRQHandler            
00003387  EUSCIA2_IRQHandler            
00003387  EUSCIA3_IRQHandler            
00003387  EUSCIB0_IRQHandler            
00003387  EUSCIB1_IRQHandler            
00003387  EUSCIB2_IRQHandler            
00003387  EUSCIB3_IRQHandler            
00003387  FLCTL_IRQHandler              
00003387  FPU_IRQHandler                
00003387  HardFault_Handler             
00003387  MemManage_Handler             
00003387  NMI_Handler                   
00003387  PCM_IRQHandler                
00003387  PORT2_IRQHandler              
00003387  PORT3_IRQHandler              
00003387  PORT5_IRQHandler              
00003387  PORT6_IRQHandler              
00003387  PSS_IRQHandler                
00003387  PendSV_Handler                
00003387  SVC_Handler                   
00003387  SysTick_Handler               
00003387  T32_INTC_IRQHandler           
00003387  TA0_0_IRQHandler              
00003387  TA0_N_IRQHandler              
00003387  TA1_0_IRQHandler              
00003387  TA1_N_IRQHandler              
00003387  TA2_0_IRQHandler              
00003387  TA2_N_IRQHandler              
00003387  TA3_0_IRQHandler              
00003387  UsageFault_Handler            
00003387  WDT_A_IRQHandler              
00003395  __aeabi_errno_addr            
0000339d  _system_pre_init              
000033a1  C$$EXIT                       
000033a1  abort                         
000033a4  _ctypes_                      
000034c0  __TI_Handler_Table_Base       
000034cc  __TI_Handler_Table_Limit      
000034d8  __TI_CINIT_Base               
000034e8  __TI_CINIT_Limit              
20000000  tempC                         
20000004  tempF                         
20000008  voltage                       
2000000c  raw                           
20000010  raw1                          
20000014  voltage1                      
20000018  RTC_flag                      
2000001c  timePresses                   
20000020  alarmFlag                     
20000024  alarmPresses                  
20000028  speed                         
2000002c  AMPM                          
20000030  AMPM2                         
20000034  lightsOn                      
20000038  lightBrightness               
2000003c  LCDbrightness                 
20000040  blinkFlag                     
20000044  errno                         
20000048  SystemCoreClock               
2000004c  tempAr                        
20000050  time                          
20000054  now                           
20000057  alarm                         
2000fe00  __stack                       
20010000  __STACK_END                   
4000480c  WDTCTL_SYM                    
ffffffff  __TI_pprof_out_hndl           
ffffffff  __TI_prof_data_size           
ffffffff  __TI_prof_data_start          
ffffffff  __binit__                     
ffffffff  __c_args__                    
ffffffff  binit                         
UNDEFED   __mpu_init                    
UNDEFED   _system_post_cinit            

[182 symbols]
